ARM GAS  C:\Users\Henry\AppData\Local\Temp\ccx5ktoa.s 			page 1


   1              		.syntax unified
   2              		.cpu cortex-m3
   3              		.fpu softvfp
   4              		.eabi_attribute 20, 1
   5              		.eabi_attribute 21, 1
   6              		.eabi_attribute 23, 3
   7              		.eabi_attribute 24, 1
   8              		.eabi_attribute 25, 1
   9              		.eabi_attribute 26, 1
  10              		.eabi_attribute 30, 1
  11              		.eabi_attribute 34, 1
  12              		.eabi_attribute 18, 4
  13              		.thumb
  14              		.syntax unified
  15              		.file	"cymetadata.c"
  16              		.text
  17              	.Ltext0:
  18              		.cfi_sections	.debug_frame
  19              		.global	cy_metadata
  20              		.global	cy_meta_flashprotect
  21              		.global	cy_meta_wonvl
  22              		.global	cy_meta_custnvl
  23              		.global	cy_meta_configecc
  24              		.section	.cyconfigecc,"a",%progbits
  25              		.align	2
  26              		.type	cy_meta_configecc, %object
  27              		.size	cy_meta_configecc, 752
  28              	cy_meta_configecc:
  29 0000 02       		.byte	2
  30 0001 52       		.byte	82
  31 0002 00       		.byte	0
  32 0003 40       		.byte	64
  33 0004 03       		.byte	3
  34 0005 64       		.byte	100
  35 0006 00       		.byte	0
  36 0007 40       		.byte	64
  37 0008 5F       		.byte	95
  38 0009 00       		.byte	0
  39 000a 01       		.byte	1
  40 000b 40       		.byte	64
  41 000c 39       		.byte	57
  42 000d 01       		.byte	1
  43 000e 01       		.byte	1
  44 000f 40       		.byte	64
  45 0010 6B       		.byte	107
  46 0011 02       		.byte	2
  47 0012 01       		.byte	1
  48 0013 40       		.byte	64
  49 0014 3D       		.byte	61
  50 0015 03       		.byte	3
  51 0016 01       		.byte	1
  52 0017 40       		.byte	64
  53 0018 06       		.byte	6
  54 0019 05       		.byte	5
  55 001a 01       		.byte	1
  56 001b 40       		.byte	64
  57 001c 04       		.byte	4
ARM GAS  C:\Users\Henry\AppData\Local\Temp\ccx5ktoa.s 			page 2


  58 001d 41       		.byte	65
  59 001e 01       		.byte	1
  60 001f 40       		.byte	64
  61 0020 04       		.byte	4
  62 0021 42       		.byte	66
  63 0022 01       		.byte	1
  64 0023 40       		.byte	64
  65 0024 02       		.byte	2
  66 0025 50       		.byte	80
  67 0026 01       		.byte	1
  68 0027 40       		.byte	64
  69 0028 01       		.byte	1
  70 0029 10       		.byte	16
  71 002a 04       		.byte	4
  72 002b 08       		.byte	8
  73 002c 80       		.byte	-128
  74 002d 38       		.byte	56
  75 002e 81       		.byte	-127
  76 002f 72       		.byte	114
  77 0030 82       		.byte	-126
  78 0031 0F       		.byte	15
  79 0032 02       		.byte	2
  80 0033 02       		.byte	2
  81 0034 04       		.byte	4
  82 0035 08       		.byte	8
  83 0036 06       		.byte	6
  84 0037 04       		.byte	4
  85 0038 0A       		.byte	10
  86 0039 02       		.byte	2
  87 003a 0C       		.byte	12
  88 003b 08       		.byte	8
  89 003c 0E       		.byte	14
  90 003d 04       		.byte	4
  91 003e 10       		.byte	16
  92 003f 01       		.byte	1
  93 0040 14       		.byte	20
  94 0041 0C       		.byte	12
  95 0042 17       		.byte	23
  96 0043 01       		.byte	1
  97 0044 18       		.byte	24
  98 0045 0C       		.byte	12
  99 0046 23       		.byte	35
 100 0047 01       		.byte	1
 101 0048 24       		.byte	36
 102 0049 01       		.byte	1
 103 004a 28       		.byte	40
 104 004b 01       		.byte	1
 105 004c 30       		.byte	48
 106 004d 04       		.byte	4
 107 004e 32       		.byte	50
 108 004f 02       		.byte	2
 109 0050 34       		.byte	52
 110 0051 08       		.byte	8
 111 0052 35       		.byte	53
 112 0053 01       		.byte	1
 113 0054 36       		.byte	54
 114 0055 01       		.byte	1
ARM GAS  C:\Users\Henry\AppData\Local\Temp\ccx5ktoa.s 			page 3


 115 0056 38       		.byte	56
 116 0057 02       		.byte	2
 117 0058 3E       		.byte	62
 118 0059 14       		.byte	20
 119 005a 3F       		.byte	63
 120 005b 10       		.byte	16
 121 005c 40       		.byte	64
 122 005d 21       		.byte	33
 123 005e 41       		.byte	65
 124 005f 03       		.byte	3
 125 0060 42       		.byte	66
 126 0061 05       		.byte	5
 127 0062 44       		.byte	68
 128 0063 04       		.byte	4
 129 0064 45       		.byte	69
 130 0065 0C       		.byte	12
 131 0066 47       		.byte	71
 132 0067 0E       		.byte	14
 133 0068 48       		.byte	72
 134 0069 11       		.byte	17
 135 006a 49       		.byte	73
 136 006b FF       		.byte	-1
 137 006c 4A       		.byte	74
 138 006d FF       		.byte	-1
 139 006e 4B       		.byte	75
 140 006f FF       		.byte	-1
 141 0070 4C       		.byte	76
 142 0071 62       		.byte	98
 143 0072 4D       		.byte	77
 144 0073 A0       		.byte	-96
 145 0074 4E       		.byte	78
 146 0075 F0       		.byte	-16
 147 0076 4F       		.byte	79
 148 0077 41       		.byte	65
 149 0078 50       		.byte	80
 150 0079 0C       		.byte	12
 151 007a 54       		.byte	84
 152 007b 18       		.byte	24
 153 007c 58       		.byte	88
 154 007d 04       		.byte	4
 155 007e 59       		.byte	89
 156 007f 04       		.byte	4
 157 0080 5A       		.byte	90
 158 0081 04       		.byte	4
 159 0082 5B       		.byte	91
 160 0083 04       		.byte	4
 161 0084 5F       		.byte	95
 162 0085 01       		.byte	1
 163 0086 66       		.byte	102
 164 0087 40       		.byte	64
 165 0088 67       		.byte	103
 166 0089 02       		.byte	2
 167 008a 69       		.byte	105
 168 008b 10       		.byte	16
 169 008c 6A       		.byte	106
 170 008d 30       		.byte	48
 171 008e 6B       		.byte	107
ARM GAS  C:\Users\Henry\AppData\Local\Temp\ccx5ktoa.s 			page 4


 172 008f 10       		.byte	16
 173 0090 6D       		.byte	109
 174 0091 10       		.byte	16
 175 0092 6E       		.byte	110
 176 0093 10       		.byte	16
 177 0094 6F       		.byte	111
 178 0095 12       		.byte	18
 179 0096 80       		.byte	-128
 180 0097 22       		.byte	34
 181 0098 81       		.byte	-127
 182 0099 10       		.byte	16
 183 009a 84       		.byte	-124
 184 009b 0C       		.byte	12
 185 009c 85       		.byte	-123
 186 009d 27       		.byte	39
 187 009e 86       		.byte	-122
 188 009f 73       		.byte	115
 189 00a0 87       		.byte	-121
 190 00a1 18       		.byte	24
 191 00a2 88       		.byte	-120
 192 00a3 33       		.byte	51
 193 00a4 89       		.byte	-119
 194 00a5 3C       		.byte	60
 195 00a6 8B       		.byte	-117
 196 00a7 02       		.byte	2
 197 00a8 8D       		.byte	-115
 198 00a9 1C       		.byte	28
 199 00aa 8E       		.byte	-114
 200 00ab 73       		.byte	115
 201 00ac 8F       		.byte	-113
 202 00ad 21       		.byte	33
 203 00ae 93       		.byte	-109
 204 00af 80       		.byte	-128
 205 00b0 94       		.byte	-108
 206 00b1 7F       		.byte	127
 207 00b2 95       		.byte	-107
 208 00b3 08       		.byte	8
 209 00b4 98       		.byte	-104
 210 00b5 73       		.byte	115
 211 00b6 99       		.byte	-103
 212 00b7 18       		.byte	24
 213 00b8 9A       		.byte	-102
 214 00b9 0C       		.byte	12
 215 00ba 9C       		.byte	-100
 216 00bb 11       		.byte	17
 217 00bc 9F       		.byte	-97
 218 00bd 04       		.byte	4
 219 00be A0       		.byte	-96
 220 00bf 08       		.byte	8
 221 00c0 A1       		.byte	-95
 222 00c1 3F       		.byte	63
 223 00c2 A4       		.byte	-92
 224 00c3 04       		.byte	4
 225 00c4 A5       		.byte	-91
 226 00c5 04       		.byte	4
 227 00c6 A7       		.byte	-89
 228 00c7 80       		.byte	-128
ARM GAS  C:\Users\Henry\AppData\Local\Temp\ccx5ktoa.s 			page 5


 229 00c8 A8       		.byte	-88
 230 00c9 0C       		.byte	12
 231 00ca AB       		.byte	-85
 232 00cb 40       		.byte	64
 233 00cc AC       		.byte	-84
 234 00cd 0F       		.byte	15
 235 00ce AE       		.byte	-82
 236 00cf 70       		.byte	112
 237 00d0 AF       		.byte	-81
 238 00d1 23       		.byte	35
 239 00d2 B0       		.byte	-80
 240 00d3 4C       		.byte	76
 241 00d4 B1       		.byte	-79
 242 00d5 C0       		.byte	-64
 243 00d6 B4       		.byte	-76
 244 00d7 0F       		.byte	15
 245 00d8 B5       		.byte	-75
 246 00d9 1F       		.byte	31
 247 00da B6       		.byte	-74
 248 00db 30       		.byte	48
 249 00dc B7       		.byte	-73
 250 00dd 38       		.byte	56
 251 00de BA       		.byte	-70
 252 00df 2A       		.byte	42
 253 00e0 BB       		.byte	-69
 254 00e1 20       		.byte	32
 255 00e2 BF       		.byte	-65
 256 00e3 01       		.byte	1
 257 00e4 D6       		.byte	-42
 258 00e5 02       		.byte	2
 259 00e6 D7       		.byte	-41
 260 00e7 12       		.byte	18
 261 00e8 D8       		.byte	-40
 262 00e9 04       		.byte	4
 263 00ea D9       		.byte	-39
 264 00eb 04       		.byte	4
 265 00ec DB       		.byte	-37
 266 00ed 04       		.byte	4
 267 00ee DF       		.byte	-33
 268 00ef 01       		.byte	1
 269 00f0 00       		.byte	0
 270 00f1 A2       		.byte	-94
 271 00f2 02       		.byte	2
 272 00f3 A1       		.byte	-95
 273 00f4 04       		.byte	4
 274 00f5 08       		.byte	8
 275 00f6 05       		.byte	5
 276 00f7 A2       		.byte	-94
 277 00f8 09       		.byte	9
 278 00f9 28       		.byte	40
 279 00fa 0A       		.byte	10
 280 00fb 40       		.byte	64
 281 00fc 0D       		.byte	13
 282 00fd 28       		.byte	40
 283 00fe 0F       		.byte	15
 284 00ff 02       		.byte	2
 285 0100 10       		.byte	16
ARM GAS  C:\Users\Henry\AppData\Local\Temp\ccx5ktoa.s 			page 6


 286 0101 08       		.byte	8
 287 0102 11       		.byte	17
 288 0103 04       		.byte	4
 289 0104 16       		.byte	22
 290 0105 01       		.byte	1
 291 0106 17       		.byte	23
 292 0107 1A       		.byte	26
 293 0108 18       		.byte	24
 294 0109 01       		.byte	1
 295 010a 19       		.byte	25
 296 010b 89       		.byte	-119
 297 010c 1A       		.byte	26
 298 010d 04       		.byte	4
 299 010e 1C       		.byte	28
 300 010f 88       		.byte	-120
 301 0110 1D       		.byte	29
 302 0111 28       		.byte	40
 303 0112 1E       		.byte	30
 304 0113 01       		.byte	1
 305 0114 23       		.byte	35
 306 0115 04       		.byte	4
 307 0116 24       		.byte	36
 308 0117 48       		.byte	72
 309 0118 26       		.byte	38
 310 0119 A0       		.byte	-96
 311 011a 29       		.byte	41
 312 011b 01       		.byte	1
 313 011c 2D       		.byte	45
 314 011d A0       		.byte	-96
 315 011e 2F       		.byte	47
 316 011f 68       		.byte	104
 317 0120 32       		.byte	50
 318 0121 08       		.byte	8
 319 0122 35       		.byte	53
 320 0123 02       		.byte	2
 321 0124 37       		.byte	55
 322 0125 59       		.byte	89
 323 0126 3C       		.byte	60
 324 0127 88       		.byte	-120
 325 0128 3E       		.byte	62
 326 0129 02       		.byte	2
 327 012a 3F       		.byte	63
 328 012b 20       		.byte	32
 329 012c 40       		.byte	64
 330 012d 41       		.byte	65
 331 012e 41       		.byte	65
 332 012f 28       		.byte	40
 333 0130 42       		.byte	66
 334 0131 20       		.byte	32
 335 0132 48       		.byte	72
 336 0133 11       		.byte	17
 337 0134 52       		.byte	82
 338 0135 08       		.byte	8
 339 0136 5A       		.byte	90
 340 0137 01       		.byte	1
 341 0138 5E       		.byte	94
 342 0139 04       		.byte	4
ARM GAS  C:\Users\Henry\AppData\Local\Temp\ccx5ktoa.s 			page 7


 343 013a 61       		.byte	97
 344 013b 40       		.byte	64
 345 013c 63       		.byte	99
 346 013d 04       		.byte	4
 347 013e 6C       		.byte	108
 348 013f 08       		.byte	8
 349 0140 6D       		.byte	109
 350 0141 24       		.byte	36
 351 0142 6E       		.byte	110
 352 0143 40       		.byte	64
 353 0144 6F       		.byte	111
 354 0145 04       		.byte	4
 355 0146 76       		.byte	118
 356 0147 02       		.byte	2
 357 0148 77       		.byte	119
 358 0149 1A       		.byte	26
 359 014a 7A       		.byte	122
 360 014b 20       		.byte	32
 361 014c 7B       		.byte	123
 362 014d 10       		.byte	16
 363 014e C0       		.byte	-64
 364 014f FF       		.byte	-1
 365 0150 C2       		.byte	-62
 366 0151 EE       		.byte	-18
 367 0152 C4       		.byte	-60
 368 0153 F6       		.byte	-10
 369 0154 CA       		.byte	-54
 370 0155 F1       		.byte	-15
 371 0156 CC       		.byte	-52
 372 0157 F2       		.byte	-14
 373 0158 CE       		.byte	-50
 374 0159 F0       		.byte	-16
 375 015a D0       		.byte	-48
 376 015b 0F       		.byte	15
 377 015c D2       		.byte	-46
 378 015d 08       		.byte	8
 379 015e D6       		.byte	-42
 380 015f 41       		.byte	65
 381 0160 D8       		.byte	-40
 382 0161 0C       		.byte	12
 383 0162 00       		.byte	0
 384 0163 40       		.byte	64
 385 0164 01       		.byte	1
 386 0165 10       		.byte	16
 387 0166 02       		.byte	2
 388 0167 20       		.byte	32
 389 0168 05       		.byte	5
 390 0169 0C       		.byte	12
 391 016a 06       		.byte	6
 392 016b 15       		.byte	21
 393 016c 08       		.byte	8
 394 016d 13       		.byte	19
 395 016e 09       		.byte	9
 396 016f 0C       		.byte	12
 397 0170 0A       		.byte	10
 398 0171 0C       		.byte	12
 399 0172 0C       		.byte	12
ARM GAS  C:\Users\Henry\AppData\Local\Temp\ccx5ktoa.s 			page 8


 400 0173 13       		.byte	19
 401 0174 0E       		.byte	14
 402 0175 04       		.byte	4
 403 0176 10       		.byte	16
 404 0177 0A       		.byte	10
 405 0178 11       		.byte	17
 406 0179 08       		.byte	8
 407 017a 12       		.byte	18
 408 017b 14       		.byte	20
 409 017c 13       		.byte	19
 410 017d 04       		.byte	4
 411 017e 14       		.byte	20
 412 017f 20       		.byte	32
 413 0180 16       		.byte	22
 414 0181 C0       		.byte	-64
 415 0182 18       		.byte	24
 416 0183 03       		.byte	3
 417 0184 1A       		.byte	26
 418 0185 14       		.byte	20
 419 0186 1E       		.byte	30
 420 0187 08       		.byte	8
 421 0188 20       		.byte	32
 422 0189 80       		.byte	-128
 423 018a 22       		.byte	34
 424 018b 20       		.byte	32
 425 018c 24       		.byte	36
 426 018d E0       		.byte	-32
 427 018e 25       		.byte	37
 428 018f 04       		.byte	4
 429 0190 27       		.byte	39
 430 0191 09       		.byte	9
 431 0192 28       		.byte	40
 432 0193 E0       		.byte	-32
 433 0194 29       		.byte	41
 434 0195 02       		.byte	2
 435 0196 30       		.byte	48
 436 0197 10       		.byte	16
 437 0198 31       		.byte	49
 438 0199 01       		.byte	1
 439 019a 32       		.byte	50
 440 019b E0       		.byte	-32
 441 019c 33       		.byte	51
 442 019d 02       		.byte	2
 443 019e 34       		.byte	52
 444 019f 0F       		.byte	15
 445 01a0 35       		.byte	53
 446 01a1 10       		.byte	16
 447 01a2 37       		.byte	55
 448 01a3 0C       		.byte	12
 449 01a4 3A       		.byte	58
 450 01a5 20       		.byte	32
 451 01a6 3E       		.byte	62
 452 01a7 01       		.byte	1
 453 01a8 3F       		.byte	63
 454 01a9 14       		.byte	20
 455 01aa 40       		.byte	64
 456 01ab 32       		.byte	50
ARM GAS  C:\Users\Henry\AppData\Local\Temp\ccx5ktoa.s 			page 9


 457 01ac 41       		.byte	65
 458 01ad 01       		.byte	1
 459 01ae 45       		.byte	69
 460 01af 0C       		.byte	12
 461 01b0 46       		.byte	70
 462 01b1 B0       		.byte	-80
 463 01b2 47       		.byte	71
 464 01b3 E0       		.byte	-32
 465 01b4 48       		.byte	72
 466 01b5 29       		.byte	41
 467 01b6 49       		.byte	73
 468 01b7 FF       		.byte	-1
 469 01b8 4A       		.byte	74
 470 01b9 FF       		.byte	-1
 471 01ba 4B       		.byte	75
 472 01bb FF       		.byte	-1
 473 01bc 4E       		.byte	78
 474 01bd F0       		.byte	-16
 475 01be 4F       		.byte	79
 476 01bf 44       		.byte	68
 477 01c0 50       		.byte	80
 478 01c1 0C       		.byte	12
 479 01c2 54       		.byte	84
 480 01c3 01       		.byte	1
 481 01c4 58       		.byte	88
 482 01c5 04       		.byte	4
 483 01c6 59       		.byte	89
 484 01c7 04       		.byte	4
 485 01c8 5A       		.byte	90
 486 01c9 04       		.byte	4
 487 01ca 5B       		.byte	91
 488 01cb 04       		.byte	4
 489 01cc 5F       		.byte	95
 490 01cd 01       		.byte	1
 491 01ce 66       		.byte	102
 492 01cf C0       		.byte	-64
 493 01d0 6A       		.byte	106
 494 01d1 40       		.byte	64
 495 01d2 6B       		.byte	107
 496 01d3 02       		.byte	2
 497 01d4 84       		.byte	-124
 498 01d5 10       		.byte	16
 499 01d6 85       		.byte	-123
 500 01d7 80       		.byte	-128
 501 01d8 86       		.byte	-122
 502 01d9 AC       		.byte	-84
 503 01da 87       		.byte	-121
 504 01db 13       		.byte	19
 505 01dc 8C       		.byte	-116
 506 01dd 0C       		.byte	12
 507 01de 8E       		.byte	-114
 508 01df 71       		.byte	113
 509 01e0 93       		.byte	-109
 510 01e1 0C       		.byte	12
 511 01e2 94       		.byte	-108
 512 01e3 DC       		.byte	-36
 513 01e4 95       		.byte	-107
ARM GAS  C:\Users\Henry\AppData\Local\Temp\ccx5ktoa.s 			page 10


 514 01e5 2C       		.byte	44
 515 01e6 96       		.byte	-106
 516 01e7 22       		.byte	34
 517 01e8 97       		.byte	-105
 518 01e9 43       		.byte	67
 519 01ea 9A       		.byte	-102
 520 01eb 03       		.byte	3
 521 01ec 9C       		.byte	-100
 522 01ed 09       		.byte	9
 523 01ee 9E       		.byte	-98
 524 01ef D0       		.byte	-48
 525 01f0 9F       		.byte	-97
 526 01f1 08       		.byte	8
 527 01f2 A0       		.byte	-96
 528 01f3 10       		.byte	16
 529 01f4 A1       		.byte	-95
 530 01f5 71       		.byte	113
 531 01f6 A2       		.byte	-94
 532 01f7 40       		.byte	64
 533 01f8 A3       		.byte	-93
 534 01f9 0E       		.byte	14
 535 01fa A4       		.byte	-92
 536 01fb 14       		.byte	20
 537 01fc A9       		.byte	-87
 538 01fd 71       		.byte	113
 539 01fe AA       		.byte	-86
 540 01ff 20       		.byte	32
 541 0200 AB       		.byte	-85
 542 0201 06       		.byte	6
 543 0202 B0       		.byte	-80
 544 0203 E0       		.byte	-32
 545 0204 B1       		.byte	-79
 546 0205 C0       		.byte	-64
 547 0206 B3       		.byte	-77
 548 0207 0F       		.byte	15
 549 0208 B4       		.byte	-76
 550 0209 1F       		.byte	31
 551 020a B5       		.byte	-75
 552 020b 30       		.byte	48
 553 020c B9       		.byte	-71
 554 020d 22       		.byte	34
 555 020e BA       		.byte	-70
 556 020f 02       		.byte	2
 557 0210 BB       		.byte	-69
 558 0211 08       		.byte	8
 559 0212 BF       		.byte	-65
 560 0213 10       		.byte	16
 561 0214 C0       		.byte	-64
 562 0215 02       		.byte	2
 563 0216 C6       		.byte	-58
 564 0217 04       		.byte	4
 565 0218 C9       		.byte	-55
 566 0219 FF       		.byte	-1
 567 021a CA       		.byte	-54
 568 021b 07       		.byte	7
 569 021c CB       		.byte	-53
 570 021d FF       		.byte	-1
ARM GAS  C:\Users\Henry\AppData\Local\Temp\ccx5ktoa.s 			page 11


 571 021e CC       		.byte	-52
 572 021f 40       		.byte	64
 573 0220 CD       		.byte	-51
 574 0221 20       		.byte	32
 575 0222 CE       		.byte	-50
 576 0223 F0       		.byte	-16
 577 0224 CF       		.byte	-49
 578 0225 05       		.byte	5
 579 0226 D0       		.byte	-48
 580 0227 08       		.byte	8
 581 0228 D8       		.byte	-40
 582 0229 04       		.byte	4
 583 022a D9       		.byte	-39
 584 022b 04       		.byte	4
 585 022c DA       		.byte	-38
 586 022d 04       		.byte	4
 587 022e DF       		.byte	-33
 588 022f 01       		.byte	1
 589 0230 E0       		.byte	-32
 590 0231 40       		.byte	64
 591 0232 E1       		.byte	-31
 592 0233 A8       		.byte	-88
 593 0234 E2       		.byte	-30
 594 0235 40       		.byte	64
 595 0236 E3       		.byte	-29
 596 0237 20       		.byte	32
 597 0238 00       		.byte	0
 598 0239 44       		.byte	68
 599 023a 04       		.byte	4
 600 023b 48       		.byte	72
 601 023c 05       		.byte	5
 602 023d 12       		.byte	18
 603 023e 09       		.byte	9
 604 023f 08       		.byte	8
 605 0240 0A       		.byte	10
 606 0241 07       		.byte	7
 607 0242 0C       		.byte	12
 608 0243 01       		.byte	1
 609 0244 0E       		.byte	14
 610 0245 11       		.byte	17
 611 0246 0F       		.byte	15
 612 0247 08       		.byte	8
 613 0248 10       		.byte	16
 614 0249 A0       		.byte	-96
 615 024a 12       		.byte	18
 616 024b 04       		.byte	4
 617 024c 16       		.byte	22
 618 024d 08       		.byte	8
 619 024e 17       		.byte	23
 620 024f 05       		.byte	5
 621 0250 18       		.byte	24
 622 0251 40       		.byte	64
 623 0252 19       		.byte	25
 624 0253 21       		.byte	33
 625 0254 1A       		.byte	26
 626 0255 04       		.byte	4
 627 0256 1C       		.byte	28
ARM GAS  C:\Users\Henry\AppData\Local\Temp\ccx5ktoa.s 			page 12


 628 0257 04       		.byte	4
 629 0258 1D       		.byte	29
 630 0259 10       		.byte	16
 631 025a 1E       		.byte	30
 632 025b 50       		.byte	80
 633 025c 1F       		.byte	31
 634 025d 08       		.byte	8
 635 025e 21       		.byte	33
 636 025f 18       		.byte	24
 637 0260 22       		.byte	34
 638 0261 01       		.byte	1
 639 0262 26       		.byte	38
 640 0263 04       		.byte	4
 641 0264 27       		.byte	39
 642 0265 49       		.byte	73
 643 0266 29       		.byte	41
 644 0267 11       		.byte	17
 645 0268 2A       		.byte	42
 646 0269 21       		.byte	33
 647 026a 2D       		.byte	45
 648 026b 20       		.byte	32
 649 026c 2F       		.byte	47
 650 026d 20       		.byte	32
 651 026e 30       		.byte	48
 652 026f 80       		.byte	-128
 653 0270 31       		.byte	49
 654 0271 08       		.byte	8
 655 0272 32       		.byte	50
 656 0273 01       		.byte	1
 657 0274 37       		.byte	55
 658 0275 01       		.byte	1
 659 0276 38       		.byte	56
 660 0277 08       		.byte	8
 661 0278 3C       		.byte	60
 662 0279 01       		.byte	1
 663 027a 3D       		.byte	61
 664 027b 24       		.byte	36
 665 027c 3E       		.byte	62
 666 027d 0A       		.byte	10
 667 027e 41       		.byte	65
 668 027f 10       		.byte	16
 669 0280 46       		.byte	70
 670 0281 25       		.byte	37
 671 0282 4F       		.byte	79
 672 0283 08       		.byte	8
 673 0284 50       		.byte	80
 674 0285 84       		.byte	-124
 675 0286 52       		.byte	82
 676 0287 04       		.byte	4
 677 0288 54       		.byte	84
 678 0289 20       		.byte	32
 679 028a 56       		.byte	86
 680 028b 02       		.byte	2
 681 028c 5C       		.byte	92
 682 028d 21       		.byte	33
 683 028e 5E       		.byte	94
 684 028f 40       		.byte	64
ARM GAS  C:\Users\Henry\AppData\Local\Temp\ccx5ktoa.s 			page 13


 685 0290 5F       		.byte	95
 686 0291 08       		.byte	8
 687 0292 91       		.byte	-111
 688 0293 04       		.byte	4
 689 0294 9B       		.byte	-101
 690 0295 04       		.byte	4
 691 0296 9F       		.byte	-97
 692 0297 41       		.byte	65
 693 0298 A1       		.byte	-95
 694 0299 10       		.byte	16
 695 029a A7       		.byte	-89
 696 029b 29       		.byte	41
 697 029c AD       		.byte	-83
 698 029d 48       		.byte	72
 699 029e AE       		.byte	-82
 700 029f 20       		.byte	32
 701 02a0 AF       		.byte	-81
 702 02a1 40       		.byte	64
 703 02a2 C0       		.byte	-64
 704 02a3 F5       		.byte	-11
 705 02a4 C2       		.byte	-62
 706 02a5 F7       		.byte	-9
 707 02a6 C4       		.byte	-60
 708 02a7 7E       		.byte	126
 709 02a8 CA       		.byte	-54
 710 02a9 65       		.byte	101
 711 02aa CC       		.byte	-52
 712 02ab 8B       		.byte	-117
 713 02ac CE       		.byte	-50
 714 02ad E2       		.byte	-30
 715 02ae D0       		.byte	-48
 716 02af 74       		.byte	116
 717 02b0 D6       		.byte	-42
 718 02b1 F0       		.byte	-16
 719 02b2 AA       		.byte	-86
 720 02b3 04       		.byte	4
 721 02b4 AC       		.byte	-84
 722 02b5 01       		.byte	1
 723 02b6 AD       		.byte	-83
 724 02b7 0A       		.byte	10
 725 02b8 AF       		.byte	-81
 726 02b9 21       		.byte	33
 727 02ba B4       		.byte	-76
 728 02bb 20       		.byte	32
 729 02bc B7       		.byte	-73
 730 02bd 04       		.byte	4
 731 02be 06       		.byte	6
 732 02bf 02       		.byte	2
 733 02c0 63       		.byte	99
 734 02c1 08       		.byte	8
 735 02c2 C0       		.byte	-64
 736 02c3 80       		.byte	-128
 737 02c4 D8       		.byte	-40
 738 02c5 40       		.byte	64
 739 02c6 AB       		.byte	-85
 740 02c7 04       		.byte	4
 741 02c8 AE       		.byte	-82
ARM GAS  C:\Users\Henry\AppData\Local\Temp\ccx5ktoa.s 			page 14


 742 02c9 02       		.byte	2
 743 02ca EC       		.byte	-20
 744 02cb 10       		.byte	16
 745 02cc EE       		.byte	-18
 746 02cd 20       		.byte	32
 747 02ce 00       		.byte	0
 748 02cf 01       		.byte	1
 749 02d0 08       		.byte	8
 750 02d1 01       		.byte	1
 751 02d2 00       		.byte	0
 752 02d3 00       		.byte	0
 753 02d4 10       		.byte	16
 754 02d5 00       		.byte	0
 755 02d6 08       		.byte	8
 756 02d7 10       		.byte	16
 757 02d8 10       		.byte	16
 758 02d9 00       		.byte	0
 759 02da 10       		.byte	16
 760 02db 00       		.byte	0
 761 02dc 00       		.byte	0
 762 02dd 00       		.byte	0
 763 02de 00       		.byte	0
 764 02df 00       		.byte	0
 765 02e0 00       		.byte	0
 766 02e1 0B       		.byte	11
 767 02e2 0B       		.byte	11
 768 02e3 00       		.byte	0
 769 02e4 00       		.byte	0
 770 02e5 00       		.byte	0
 771 02e6 00       		.byte	0
 772 02e7 00       		.byte	0
 773 02e8 00       		.byte	0
 774 02e9 7F       		.byte	127
 775 02ea 7F       		.byte	127
 776 02eb 00       		.byte	0
 777 02ec 00       		.byte	0
 778 02ed 00       		.byte	0
 779 02ee 00       		.byte	0
 780 02ef 00       		.byte	0
 781              		.section	.cywolatch,"a",%progbits
 782              		.align	2
 783              		.type	cy_meta_wonvl, %object
 784              		.size	cy_meta_wonvl, 4
 785              	cy_meta_wonvl:
 786 0000 BC       		.byte	-68
 787 0001 90       		.byte	-112
 788 0002 AC       		.byte	-84
 789 0003 AF       		.byte	-81
 790              		.section	.cycustnvl,"a",%progbits
 791              		.align	2
 792              		.type	cy_meta_custnvl, %object
 793              		.size	cy_meta_custnvl, 4
 794              	cy_meta_custnvl:
 795 0000 00       		.byte	0
 796 0001 00       		.byte	0
 797 0002 40       		.byte	64
 798 0003 05       		.byte	5
ARM GAS  C:\Users\Henry\AppData\Local\Temp\ccx5ktoa.s 			page 15


 799              		.section	.cymeta,"a",%progbits
 800              		.align	2
 801              		.type	cy_metadata, %object
 802              		.size	cy_metadata, 12
 803              	cy_metadata:
 804 0000 00       		.byte	0
 805 0001 01       		.byte	1
 806 0002 2E       		.byte	46
 807 0003 12       		.byte	18
 808 0004 30       		.byte	48
 809 0005 69       		.byte	105
 810 0006 00       		.byte	0
 811 0007 01       		.byte	1
 812 0008 00       		.byte	0
 813 0009 00       		.byte	0
 814 000a 00       		.byte	0
 815 000b 00       		.byte	0
 816              		.section	.cyflashprotect,"a",%progbits
 817              		.align	2
 818              		.type	cy_meta_flashprotect, %object
 819              		.size	cy_meta_flashprotect, 256
 820              	cy_meta_flashprotect:
 821 0000 00000000 		.space	256
 821      00000000 
 821      00000000 
 821      00000000 
 821      00000000 
 822              		.text
 823              	.Letext0:
 824              		.file 1 "c:\\program files (x86)\\cypress\\psoc creator\\4.4\\psoc creator\\import\\gnu\\arm\\5.4.
 825              		.file 2 "c:\\program files (x86)\\cypress\\psoc creator\\4.4\\psoc creator\\import\\gnu\\arm\\5.4.
 826              		.file 3 "Generated_Source\\PSoC5\\cymetadata.c"
 827              		.section	.debug_info,"",%progbits
 828              	.Ldebug_info0:
 829 0000 31010000 		.4byte	0x131
 830 0004 0400     		.2byte	0x4
 831 0006 00000000 		.4byte	.Ldebug_abbrev0
 832 000a 04       		.byte	0x4
 833 000b 01       		.uleb128 0x1
 834 000c 5E000000 		.4byte	.LASF17
 835 0010 0C       		.byte	0xc
 836 0011 B8010000 		.4byte	.LASF18
 837 0015 0A000000 		.4byte	.LASF19
 838 0019 00000000 		.4byte	.Ldebug_line0
 839 001d 02       		.uleb128 0x2
 840 001e 01       		.byte	0x1
 841 001f 06       		.byte	0x6
 842 0020 AC010000 		.4byte	.LASF0
 843 0024 03       		.uleb128 0x3
 844 0025 00000000 		.4byte	.LASF9
 845 0029 01       		.byte	0x1
 846 002a 1D       		.byte	0x1d
 847 002b 2F000000 		.4byte	0x2f
 848 002f 02       		.uleb128 0x2
 849 0030 01       		.byte	0x1
 850 0031 08       		.byte	0x8
 851 0032 50000000 		.4byte	.LASF1
ARM GAS  C:\Users\Henry\AppData\Local\Temp\ccx5ktoa.s 			page 16


 852 0036 02       		.uleb128 0x2
 853 0037 02       		.byte	0x2
 854 0038 05       		.byte	0x5
 855 0039 99010000 		.4byte	.LASF2
 856 003d 02       		.uleb128 0x2
 857 003e 02       		.byte	0x2
 858 003f 07       		.byte	0x7
 859 0040 FE000000 		.4byte	.LASF3
 860 0044 02       		.uleb128 0x2
 861 0045 04       		.byte	0x4
 862 0046 05       		.byte	0x5
 863 0047 A3010000 		.4byte	.LASF4
 864 004b 02       		.uleb128 0x2
 865 004c 04       		.byte	0x4
 866 004d 07       		.byte	0x7
 867 004e EC000000 		.4byte	.LASF5
 868 0052 02       		.uleb128 0x2
 869 0053 08       		.byte	0x8
 870 0054 05       		.byte	0x5
 871 0055 8B010000 		.4byte	.LASF6
 872 0059 02       		.uleb128 0x2
 873 005a 08       		.byte	0x8
 874 005b 07       		.byte	0x7
 875 005c 40010000 		.4byte	.LASF7
 876 0060 04       		.uleb128 0x4
 877 0061 04       		.byte	0x4
 878 0062 05       		.byte	0x5
 879 0063 696E7400 		.ascii	"int\000"
 880 0067 02       		.uleb128 0x2
 881 0068 04       		.byte	0x4
 882 0069 07       		.byte	0x7
 883 006a 33010000 		.4byte	.LASF8
 884 006e 03       		.uleb128 0x3
 885 006f 57010000 		.4byte	.LASF10
 886 0073 02       		.byte	0x2
 887 0074 18       		.byte	0x18
 888 0075 24000000 		.4byte	0x24
 889 0079 05       		.uleb128 0x5
 890 007a 91000000 		.4byte	0x91
 891 007e 8A000000 		.4byte	0x8a
 892 0082 06       		.uleb128 0x6
 893 0083 8A000000 		.4byte	0x8a
 894 0087 EF02     		.2byte	0x2ef
 895 0089 00       		.byte	0
 896 008a 02       		.uleb128 0x2
 897 008b 04       		.byte	0x4
 898 008c 07       		.byte	0x7
 899 008d 82010000 		.4byte	.LASF11
 900 0091 07       		.uleb128 0x7
 901 0092 6E000000 		.4byte	0x6e
 902 0096 08       		.uleb128 0x8
 903 0097 21010000 		.4byte	.LASF12
 904 009b 03       		.byte	0x3
 905 009c 1F       		.byte	0x1f
 906 009d A7000000 		.4byte	0xa7
 907 00a1 05       		.uleb128 0x5
 908 00a2 03       		.byte	0x3
ARM GAS  C:\Users\Henry\AppData\Local\Temp\ccx5ktoa.s 			page 17


 909 00a3 00000000 		.4byte	cy_meta_configecc
 910 00a7 07       		.uleb128 0x7
 911 00a8 79000000 		.4byte	0x79
 912 00ac 05       		.uleb128 0x5
 913 00ad 91000000 		.4byte	0x91
 914 00b1 BC000000 		.4byte	0xbc
 915 00b5 09       		.uleb128 0x9
 916 00b6 8A000000 		.4byte	0x8a
 917 00ba 03       		.byte	0x3
 918 00bb 00       		.byte	0
 919 00bc 08       		.uleb128 0x8
 920 00bd 11010000 		.4byte	.LASF13
 921 00c1 03       		.byte	0x3
 922 00c2 8A       		.byte	0x8a
 923 00c3 CD000000 		.4byte	0xcd
 924 00c7 05       		.uleb128 0x5
 925 00c8 03       		.byte	0x3
 926 00c9 00000000 		.4byte	cy_meta_custnvl
 927 00cd 07       		.uleb128 0x7
 928 00ce AC000000 		.4byte	0xac
 929 00d2 08       		.uleb128 0x8
 930 00d3 74010000 		.4byte	.LASF14
 931 00d7 03       		.byte	0x3
 932 00d8 98       		.byte	0x98
 933 00d9 E3000000 		.4byte	0xe3
 934 00dd 05       		.uleb128 0x5
 935 00de 03       		.byte	0x3
 936 00df 00000000 		.4byte	cy_meta_wonvl
 937 00e3 07       		.uleb128 0x7
 938 00e4 AC000000 		.4byte	0xac
 939 00e8 05       		.uleb128 0x5
 940 00e9 91000000 		.4byte	0x91
 941 00ed F8000000 		.4byte	0xf8
 942 00f1 09       		.uleb128 0x9
 943 00f2 8A000000 		.4byte	0x8a
 944 00f6 FF       		.byte	0xff
 945 00f7 00       		.byte	0
 946 00f8 08       		.uleb128 0x8
 947 00f9 5F010000 		.4byte	.LASF15
 948 00fd 03       		.byte	0x3
 949 00fe A6       		.byte	0xa6
 950 00ff 09010000 		.4byte	0x109
 951 0103 05       		.uleb128 0x5
 952 0104 03       		.byte	0x3
 953 0105 00000000 		.4byte	cy_meta_flashprotect
 954 0109 07       		.uleb128 0x7
 955 010a E8000000 		.4byte	0xe8
 956 010e 05       		.uleb128 0x5
 957 010f 91000000 		.4byte	0x91
 958 0113 1E010000 		.4byte	0x11e
 959 0117 09       		.uleb128 0x9
 960 0118 8A000000 		.4byte	0x8a
 961 011c 0B       		.byte	0xb
 962 011d 00       		.byte	0
 963 011e 08       		.uleb128 0x8
 964 011f 44000000 		.4byte	.LASF16
 965 0123 03       		.byte	0x3
ARM GAS  C:\Users\Henry\AppData\Local\Temp\ccx5ktoa.s 			page 18


 966 0124 D3       		.byte	0xd3
 967 0125 2F010000 		.4byte	0x12f
 968 0129 05       		.uleb128 0x5
 969 012a 03       		.byte	0x3
 970 012b 00000000 		.4byte	cy_metadata
 971 012f 07       		.uleb128 0x7
 972 0130 0E010000 		.4byte	0x10e
 973 0134 00       		.byte	0
 974              		.section	.debug_abbrev,"",%progbits
 975              	.Ldebug_abbrev0:
 976 0000 01       		.uleb128 0x1
 977 0001 11       		.uleb128 0x11
 978 0002 01       		.byte	0x1
 979 0003 25       		.uleb128 0x25
 980 0004 0E       		.uleb128 0xe
 981 0005 13       		.uleb128 0x13
 982 0006 0B       		.uleb128 0xb
 983 0007 03       		.uleb128 0x3
 984 0008 0E       		.uleb128 0xe
 985 0009 1B       		.uleb128 0x1b
 986 000a 0E       		.uleb128 0xe
 987 000b 10       		.uleb128 0x10
 988 000c 17       		.uleb128 0x17
 989 000d 00       		.byte	0
 990 000e 00       		.byte	0
 991 000f 02       		.uleb128 0x2
 992 0010 24       		.uleb128 0x24
 993 0011 00       		.byte	0
 994 0012 0B       		.uleb128 0xb
 995 0013 0B       		.uleb128 0xb
 996 0014 3E       		.uleb128 0x3e
 997 0015 0B       		.uleb128 0xb
 998 0016 03       		.uleb128 0x3
 999 0017 0E       		.uleb128 0xe
 1000 0018 00       		.byte	0
 1001 0019 00       		.byte	0
 1002 001a 03       		.uleb128 0x3
 1003 001b 16       		.uleb128 0x16
 1004 001c 00       		.byte	0
 1005 001d 03       		.uleb128 0x3
 1006 001e 0E       		.uleb128 0xe
 1007 001f 3A       		.uleb128 0x3a
 1008 0020 0B       		.uleb128 0xb
 1009 0021 3B       		.uleb128 0x3b
 1010 0022 0B       		.uleb128 0xb
 1011 0023 49       		.uleb128 0x49
 1012 0024 13       		.uleb128 0x13
 1013 0025 00       		.byte	0
 1014 0026 00       		.byte	0
 1015 0027 04       		.uleb128 0x4
 1016 0028 24       		.uleb128 0x24
 1017 0029 00       		.byte	0
 1018 002a 0B       		.uleb128 0xb
 1019 002b 0B       		.uleb128 0xb
 1020 002c 3E       		.uleb128 0x3e
 1021 002d 0B       		.uleb128 0xb
 1022 002e 03       		.uleb128 0x3
ARM GAS  C:\Users\Henry\AppData\Local\Temp\ccx5ktoa.s 			page 19


 1023 002f 08       		.uleb128 0x8
 1024 0030 00       		.byte	0
 1025 0031 00       		.byte	0
 1026 0032 05       		.uleb128 0x5
 1027 0033 01       		.uleb128 0x1
 1028 0034 01       		.byte	0x1
 1029 0035 49       		.uleb128 0x49
 1030 0036 13       		.uleb128 0x13
 1031 0037 01       		.uleb128 0x1
 1032 0038 13       		.uleb128 0x13
 1033 0039 00       		.byte	0
 1034 003a 00       		.byte	0
 1035 003b 06       		.uleb128 0x6
 1036 003c 21       		.uleb128 0x21
 1037 003d 00       		.byte	0
 1038 003e 49       		.uleb128 0x49
 1039 003f 13       		.uleb128 0x13
 1040 0040 2F       		.uleb128 0x2f
 1041 0041 05       		.uleb128 0x5
 1042 0042 00       		.byte	0
 1043 0043 00       		.byte	0
 1044 0044 07       		.uleb128 0x7
 1045 0045 26       		.uleb128 0x26
 1046 0046 00       		.byte	0
 1047 0047 49       		.uleb128 0x49
 1048 0048 13       		.uleb128 0x13
 1049 0049 00       		.byte	0
 1050 004a 00       		.byte	0
 1051 004b 08       		.uleb128 0x8
 1052 004c 34       		.uleb128 0x34
 1053 004d 00       		.byte	0
 1054 004e 03       		.uleb128 0x3
 1055 004f 0E       		.uleb128 0xe
 1056 0050 3A       		.uleb128 0x3a
 1057 0051 0B       		.uleb128 0xb
 1058 0052 3B       		.uleb128 0x3b
 1059 0053 0B       		.uleb128 0xb
 1060 0054 49       		.uleb128 0x49
 1061 0055 13       		.uleb128 0x13
 1062 0056 3F       		.uleb128 0x3f
 1063 0057 19       		.uleb128 0x19
 1064 0058 02       		.uleb128 0x2
 1065 0059 18       		.uleb128 0x18
 1066 005a 00       		.byte	0
 1067 005b 00       		.byte	0
 1068 005c 09       		.uleb128 0x9
 1069 005d 21       		.uleb128 0x21
 1070 005e 00       		.byte	0
 1071 005f 49       		.uleb128 0x49
 1072 0060 13       		.uleb128 0x13
 1073 0061 2F       		.uleb128 0x2f
 1074 0062 0B       		.uleb128 0xb
 1075 0063 00       		.byte	0
 1076 0064 00       		.byte	0
 1077 0065 00       		.byte	0
 1078              		.section	.debug_aranges,"",%progbits
 1079 0000 14000000 		.4byte	0x14
ARM GAS  C:\Users\Henry\AppData\Local\Temp\ccx5ktoa.s 			page 20


 1080 0004 0200     		.2byte	0x2
 1081 0006 00000000 		.4byte	.Ldebug_info0
 1082 000a 04       		.byte	0x4
 1083 000b 00       		.byte	0
 1084 000c 0000     		.2byte	0
 1085 000e 0000     		.2byte	0
 1086 0010 00000000 		.4byte	0
 1087 0014 00000000 		.4byte	0
 1088              		.section	.debug_line,"",%progbits
 1089              	.Ldebug_line0:
 1090 0000 3D010000 		.section	.debug_str,"MS",%progbits,1
 1090      02003701 
 1090      00000201 
 1090      FB0E0D00 
 1090      01010101 
 1091              	.LASF9:
 1092 0000 5F5F7569 		.ascii	"__uint8_t\000"
 1092      6E74385F 
 1092      7400
 1093              	.LASF19:
 1094 000a 433A5C55 		.ascii	"C:\\Users\\Henry\\Documents\\PSoC Creator\\Serial\\"
 1094      73657273 
 1094      5C48656E 
 1094      72795C44 
 1094      6F63756D 
 1095 0037 456D6973 		.ascii	"Emisor.cydsn\000"
 1095      6F722E63 
 1095      7964736E 
 1095      00
 1096              	.LASF16:
 1097 0044 63795F6D 		.ascii	"cy_metadata\000"
 1097      65746164 
 1097      61746100 
 1098              	.LASF1:
 1099 0050 756E7369 		.ascii	"unsigned char\000"
 1099      676E6564 
 1099      20636861 
 1099      7200
 1100              	.LASF17:
 1101 005e 474E5520 		.ascii	"GNU C11 5.4.1 20160609 (release) [ARM/embedded-5-br"
 1101      43313120 
 1101      352E342E 
 1101      31203230 
 1101      31363036 
 1102 0091 616E6368 		.ascii	"anch revision 237715] -mcpu=cortex-m3 -mthumb -g -O"
 1102      20726576 
 1102      6973696F 
 1102      6E203233 
 1102      37373135 
 1103 00c4 67202D66 		.ascii	"g -ffunction-sections -ffat-lto-objects\000"
 1103      66756E63 
 1103      74696F6E 
 1103      2D736563 
 1103      74696F6E 
 1104              	.LASF5:
 1105 00ec 6C6F6E67 		.ascii	"long unsigned int\000"
 1105      20756E73 
ARM GAS  C:\Users\Henry\AppData\Local\Temp\ccx5ktoa.s 			page 21


 1105      69676E65 
 1105      6420696E 
 1105      7400
 1106              	.LASF3:
 1107 00fe 73686F72 		.ascii	"short unsigned int\000"
 1107      7420756E 
 1107      7369676E 
 1107      65642069 
 1107      6E7400
 1108              	.LASF13:
 1109 0111 63795F6D 		.ascii	"cy_meta_custnvl\000"
 1109      6574615F 
 1109      63757374 
 1109      6E766C00 
 1110              	.LASF12:
 1111 0121 63795F6D 		.ascii	"cy_meta_configecc\000"
 1111      6574615F 
 1111      636F6E66 
 1111      69676563 
 1111      6300
 1112              	.LASF8:
 1113 0133 756E7369 		.ascii	"unsigned int\000"
 1113      676E6564 
 1113      20696E74 
 1113      00
 1114              	.LASF7:
 1115 0140 6C6F6E67 		.ascii	"long long unsigned int\000"
 1115      206C6F6E 
 1115      6720756E 
 1115      7369676E 
 1115      65642069 
 1116              	.LASF10:
 1117 0157 75696E74 		.ascii	"uint8_t\000"
 1117      385F7400 
 1118              	.LASF15:
 1119 015f 63795F6D 		.ascii	"cy_meta_flashprotect\000"
 1119      6574615F 
 1119      666C6173 
 1119      6870726F 
 1119      74656374 
 1120              	.LASF14:
 1121 0174 63795F6D 		.ascii	"cy_meta_wonvl\000"
 1121      6574615F 
 1121      776F6E76 
 1121      6C00
 1122              	.LASF11:
 1123 0182 73697A65 		.ascii	"sizetype\000"
 1123      74797065 
 1123      00
 1124              	.LASF6:
 1125 018b 6C6F6E67 		.ascii	"long long int\000"
 1125      206C6F6E 
 1125      6720696E 
 1125      7400
 1126              	.LASF2:
 1127 0199 73686F72 		.ascii	"short int\000"
 1127      7420696E 
ARM GAS  C:\Users\Henry\AppData\Local\Temp\ccx5ktoa.s 			page 22


 1127      7400
 1128              	.LASF4:
 1129 01a3 6C6F6E67 		.ascii	"long int\000"
 1129      20696E74 
 1129      00
 1130              	.LASF0:
 1131 01ac 7369676E 		.ascii	"signed char\000"
 1131      65642063 
 1131      68617200 
 1132              	.LASF18:
 1133 01b8 47656E65 		.ascii	"Generated_Source\\PSoC5\\cymetadata.c\000"
 1133      72617465 
 1133      645F536F 
 1133      75726365 
 1133      5C50536F 
 1134              		.ident	"GCC: (GNU Tools for ARM Embedded Processors) 5.4.1 20160609 (release) [ARM/embedded-5-bran
