ARM GAS  C:\Users\Henry\AppData\Local\Temp\ccMTPJCs.s 			page 1


   1              		.syntax unified
   2              		.cpu cortex-m3
   3              		.fpu softvfp
   4              		.eabi_attribute 20, 1
   5              		.eabi_attribute 21, 1
   6              		.eabi_attribute 23, 3
   7              		.eabi_attribute 24, 1
   8              		.eabi_attribute 25, 1
   9              		.eabi_attribute 26, 1
  10              		.eabi_attribute 30, 1
  11              		.eabi_attribute 34, 1
  12              		.eabi_attribute 18, 4
  13              		.thumb
  14              		.syntax unified
  15              		.file	"main.c"
  16              		.text
  17              	.Ltext0:
  18              		.cfi_sections	.debug_frame
  19              		.section	.text.main,"ax",%progbits
  20              		.align	2
  21              		.global	main
  22              		.thumb
  23              		.thumb_func
  24              		.type	main, %function
  25              	main:
  26              	.LFB63:
  27              		.file 1 "main.c"
   1:main.c        **** /* ========================================
   2:main.c        ****  *
   3:main.c        ****  * Copyright YOUR COMPANY, THE YEAR
   4:main.c        ****  * All Rights Reserved
   5:main.c        ****  * UNPUBLISHED, LICENSED SOFTWARE.
   6:main.c        ****  *
   7:main.c        ****  * CONFIDENTIAL AND PROPRIETARY INFORMATION
   8:main.c        ****  * WHICH IS THE PROPERTY OF your company.
   9:main.c        ****  *
  10:main.c        ****  * ========================================
  11:main.c        **** */
  12:main.c        **** #include "project.h"
  13:main.c        **** 
  14:main.c        **** int main(void)
  15:main.c        **** {
  28              		.loc 1 15 0
  29              		.cfi_startproc
  30              		@ Volatile: function does not return.
  31              		@ args = 0, pretend = 0, frame = 0
  32              		@ frame_needed = 0, uses_anonymous_args = 0
  33 0000 08B5     		push	{r3, lr}
  34              		.cfi_def_cfa_offset 8
  35              		.cfi_offset 3, -8
  36              		.cfi_offset 14, -4
  16:main.c        ****     CyGlobalIntEnable; /* Enable global interrupts. */
  37              		.loc 1 16 0
  38              		.syntax unified
  39              	@ 16 "main.c" 1
  40 0002 62B6     		CPSIE   i
  41              	@ 0 "" 2
ARM GAS  C:\Users\Henry\AppData\Local\Temp\ccMTPJCs.s 			page 2


  42              		.thumb
  43              		.syntax unified
  44              	.L2:
  17:main.c        **** 
  18:main.c        ****     /* Place your initialization/startup code here (e.g. MyInst_Start()) */
  19:main.c        **** 
  20:main.c        ****     for(;;)
  21:main.c        ****     {
  22:main.c        ****         /* Place your application code here. */
  23:main.c        ****         if(BOTON_Read()==1){
  45              		.loc 1 23 0
  46 0004 FFF7FEFF 		bl	BOTON_Read
  47              	.LVL0:
  48 0008 0128     		cmp	r0, #1
  49 000a 06D1     		bne	.L3
  24:main.c        ****             LED_Write(1);
  50              		.loc 1 24 0
  51 000c FFF7FEFF 		bl	LED_Write
  52              	.LVL1:
  53              	.L4:
  25:main.c        ****             while(BOTON_Read()==1){}
  54              		.loc 1 25 0 discriminator 1
  55 0010 FFF7FEFF 		bl	BOTON_Read
  56              	.LVL2:
  57 0014 0128     		cmp	r0, #1
  58 0016 FBD0     		beq	.L4
  59 0018 F4E7     		b	.L2
  60              	.L3:
  26:main.c        ****         }
  27:main.c        ****         else{
  28:main.c        ****             LED_Write(0);
  61              		.loc 1 28 0
  62 001a 0020     		movs	r0, #0
  63 001c FFF7FEFF 		bl	LED_Write
  64              	.LVL3:
  65 0020 F0E7     		b	.L2
  66              		.cfi_endproc
  67              	.LFE63:
  68              		.size	main, .-main
  69 0022 00BF     		.text
  70              	.Letext0:
  71              		.file 2 "c:\\program files (x86)\\cypress\\psoc creator\\4.4\\psoc creator\\import\\gnu\\arm\\5.4.
  72              		.file 3 "c:\\program files (x86)\\cypress\\psoc creator\\4.4\\psoc creator\\import\\gnu\\arm\\5.4.
  73              		.file 4 "Generated_Source\\PSoC5/BOTON.h"
  74              		.file 5 "Generated_Source\\PSoC5/LED.h"
  75              		.file 6 "Generated_Source\\PSoC5/core_cm3.h"
  76              		.section	.debug_info,"",%progbits
  77              	.Ldebug_info0:
  78 0000 0C010000 		.4byte	0x10c
  79 0004 0400     		.2byte	0x4
  80 0006 00000000 		.4byte	.Ldebug_abbrev0
  81 000a 04       		.byte	0x4
  82 000b 01       		.uleb128 0x1
  83 000c 6B000000 		.4byte	.LASF18
  84 0010 0C       		.byte	0xc
  85 0011 54000000 		.4byte	.LASF19
  86 0015 00000000 		.4byte	.LASF20
ARM GAS  C:\Users\Henry\AppData\Local\Temp\ccMTPJCs.s 			page 3


  87 0019 00000000 		.4byte	.Ldebug_ranges0+0
  88 001d 00000000 		.4byte	0
  89 0021 00000000 		.4byte	.Ldebug_line0
  90 0025 02       		.uleb128 0x2
  91 0026 01       		.byte	0x1
  92 0027 06       		.byte	0x6
  93 0028 6A010000 		.4byte	.LASF0
  94 002c 02       		.uleb128 0x2
  95 002d 01       		.byte	0x1
  96 002e 08       		.byte	0x8
  97 002f 2C010000 		.4byte	.LASF1
  98 0033 02       		.uleb128 0x2
  99 0034 02       		.byte	0x2
 100 0035 05       		.byte	0x5
 101 0036 92010000 		.4byte	.LASF2
 102 003a 02       		.uleb128 0x2
 103 003b 02       		.byte	0x2
 104 003c 07       		.byte	0x7
 105 003d 34000000 		.4byte	.LASF3
 106 0041 03       		.uleb128 0x3
 107 0042 82010000 		.4byte	.LASF9
 108 0046 02       		.byte	0x2
 109 0047 3F       		.byte	0x3f
 110 0048 4C000000 		.4byte	0x4c
 111 004c 02       		.uleb128 0x2
 112 004d 04       		.byte	0x4
 113 004e 05       		.byte	0x5
 114 004f 3F010000 		.4byte	.LASF4
 115 0053 02       		.uleb128 0x2
 116 0054 04       		.byte	0x4
 117 0055 07       		.byte	0x7
 118 0056 03010000 		.4byte	.LASF5
 119 005a 02       		.uleb128 0x2
 120 005b 08       		.byte	0x8
 121 005c 05       		.byte	0x5
 122 005d 4F010000 		.4byte	.LASF6
 123 0061 02       		.uleb128 0x2
 124 0062 08       		.byte	0x8
 125 0063 07       		.byte	0x7
 126 0064 15010000 		.4byte	.LASF7
 127 0068 04       		.uleb128 0x4
 128 0069 04       		.byte	0x4
 129 006a 05       		.byte	0x5
 130 006b 696E7400 		.ascii	"int\000"
 131 006f 02       		.uleb128 0x2
 132 0070 04       		.byte	0x4
 133 0071 07       		.byte	0x7
 134 0072 47000000 		.4byte	.LASF8
 135 0076 03       		.uleb128 0x3
 136 0077 9C010000 		.4byte	.LASF10
 137 007b 03       		.byte	0x3
 138 007c 2C       		.byte	0x2c
 139 007d 41000000 		.4byte	0x41
 140 0081 02       		.uleb128 0x2
 141 0082 04       		.byte	0x4
 142 0083 04       		.byte	0x4
 143 0084 8C010000 		.4byte	.LASF11
ARM GAS  C:\Users\Henry\AppData\Local\Temp\ccMTPJCs.s 			page 4


 144 0088 02       		.uleb128 0x2
 145 0089 08       		.byte	0x8
 146 008a 04       		.byte	0x4
 147 008b 48010000 		.4byte	.LASF12
 148 008f 02       		.uleb128 0x2
 149 0090 01       		.byte	0x1
 150 0091 08       		.byte	0x8
 151 0092 3A010000 		.4byte	.LASF13
 152 0096 02       		.uleb128 0x2
 153 0097 04       		.byte	0x4
 154 0098 07       		.byte	0x7
 155 0099 A4010000 		.4byte	.LASF14
 156 009d 02       		.uleb128 0x2
 157 009e 08       		.byte	0x8
 158 009f 04       		.byte	0x4
 159 00a0 76010000 		.4byte	.LASF15
 160 00a4 05       		.uleb128 0x5
 161 00a5 66000000 		.4byte	.LASF21
 162 00a9 01       		.byte	0x1
 163 00aa 0E       		.byte	0xe
 164 00ab 68000000 		.4byte	0x68
 165 00af 00000000 		.4byte	.LFB63
 166 00b3 22000000 		.4byte	.LFE63-.LFB63
 167 00b7 01       		.uleb128 0x1
 168 00b8 9C       		.byte	0x9c
 169 00b9 E8000000 		.4byte	0xe8
 170 00bd 06       		.uleb128 0x6
 171 00be 08000000 		.4byte	.LVL0
 172 00c2 F9000000 		.4byte	0xf9
 173 00c6 06       		.uleb128 0x6
 174 00c7 10000000 		.4byte	.LVL1
 175 00cb 04010000 		.4byte	0x104
 176 00cf 06       		.uleb128 0x6
 177 00d0 14000000 		.4byte	.LVL2
 178 00d4 F9000000 		.4byte	0xf9
 179 00d8 07       		.uleb128 0x7
 180 00d9 20000000 		.4byte	.LVL3
 181 00dd 04010000 		.4byte	0x104
 182 00e1 08       		.uleb128 0x8
 183 00e2 01       		.uleb128 0x1
 184 00e3 50       		.byte	0x50
 185 00e4 01       		.uleb128 0x1
 186 00e5 30       		.byte	0x30
 187 00e6 00       		.byte	0
 188 00e7 00       		.byte	0
 189 00e8 09       		.uleb128 0x9
 190 00e9 5D010000 		.4byte	.LASF22
 191 00ed 06       		.byte	0x6
 192 00ee 1207     		.2byte	0x712
 193 00f0 F4000000 		.4byte	0xf4
 194 00f4 0A       		.uleb128 0xa
 195 00f5 76000000 		.4byte	0x76
 196 00f9 0B       		.uleb128 0xb
 197 00fa 5B000000 		.4byte	.LASF16
 198 00fe 5B000000 		.4byte	.LASF16
 199 0102 04       		.byte	0x4
 200 0103 29       		.byte	0x29
ARM GAS  C:\Users\Henry\AppData\Local\Temp\ccMTPJCs.s 			page 5


 201 0104 0B       		.uleb128 0xb
 202 0105 F9000000 		.4byte	.LASF17
 203 0109 F9000000 		.4byte	.LASF17
 204 010d 05       		.byte	0x5
 205 010e 26       		.byte	0x26
 206 010f 00       		.byte	0
 207              		.section	.debug_abbrev,"",%progbits
 208              	.Ldebug_abbrev0:
 209 0000 01       		.uleb128 0x1
 210 0001 11       		.uleb128 0x11
 211 0002 01       		.byte	0x1
 212 0003 25       		.uleb128 0x25
 213 0004 0E       		.uleb128 0xe
 214 0005 13       		.uleb128 0x13
 215 0006 0B       		.uleb128 0xb
 216 0007 03       		.uleb128 0x3
 217 0008 0E       		.uleb128 0xe
 218 0009 1B       		.uleb128 0x1b
 219 000a 0E       		.uleb128 0xe
 220 000b 55       		.uleb128 0x55
 221 000c 17       		.uleb128 0x17
 222 000d 11       		.uleb128 0x11
 223 000e 01       		.uleb128 0x1
 224 000f 10       		.uleb128 0x10
 225 0010 17       		.uleb128 0x17
 226 0011 00       		.byte	0
 227 0012 00       		.byte	0
 228 0013 02       		.uleb128 0x2
 229 0014 24       		.uleb128 0x24
 230 0015 00       		.byte	0
 231 0016 0B       		.uleb128 0xb
 232 0017 0B       		.uleb128 0xb
 233 0018 3E       		.uleb128 0x3e
 234 0019 0B       		.uleb128 0xb
 235 001a 03       		.uleb128 0x3
 236 001b 0E       		.uleb128 0xe
 237 001c 00       		.byte	0
 238 001d 00       		.byte	0
 239 001e 03       		.uleb128 0x3
 240 001f 16       		.uleb128 0x16
 241 0020 00       		.byte	0
 242 0021 03       		.uleb128 0x3
 243 0022 0E       		.uleb128 0xe
 244 0023 3A       		.uleb128 0x3a
 245 0024 0B       		.uleb128 0xb
 246 0025 3B       		.uleb128 0x3b
 247 0026 0B       		.uleb128 0xb
 248 0027 49       		.uleb128 0x49
 249 0028 13       		.uleb128 0x13
 250 0029 00       		.byte	0
 251 002a 00       		.byte	0
 252 002b 04       		.uleb128 0x4
 253 002c 24       		.uleb128 0x24
 254 002d 00       		.byte	0
 255 002e 0B       		.uleb128 0xb
 256 002f 0B       		.uleb128 0xb
 257 0030 3E       		.uleb128 0x3e
ARM GAS  C:\Users\Henry\AppData\Local\Temp\ccMTPJCs.s 			page 6


 258 0031 0B       		.uleb128 0xb
 259 0032 03       		.uleb128 0x3
 260 0033 08       		.uleb128 0x8
 261 0034 00       		.byte	0
 262 0035 00       		.byte	0
 263 0036 05       		.uleb128 0x5
 264 0037 2E       		.uleb128 0x2e
 265 0038 01       		.byte	0x1
 266 0039 3F       		.uleb128 0x3f
 267 003a 19       		.uleb128 0x19
 268 003b 03       		.uleb128 0x3
 269 003c 0E       		.uleb128 0xe
 270 003d 3A       		.uleb128 0x3a
 271 003e 0B       		.uleb128 0xb
 272 003f 3B       		.uleb128 0x3b
 273 0040 0B       		.uleb128 0xb
 274 0041 27       		.uleb128 0x27
 275 0042 19       		.uleb128 0x19
 276 0043 49       		.uleb128 0x49
 277 0044 13       		.uleb128 0x13
 278 0045 8701     		.uleb128 0x87
 279 0047 19       		.uleb128 0x19
 280 0048 11       		.uleb128 0x11
 281 0049 01       		.uleb128 0x1
 282 004a 12       		.uleb128 0x12
 283 004b 06       		.uleb128 0x6
 284 004c 40       		.uleb128 0x40
 285 004d 18       		.uleb128 0x18
 286 004e 9742     		.uleb128 0x2117
 287 0050 19       		.uleb128 0x19
 288 0051 01       		.uleb128 0x1
 289 0052 13       		.uleb128 0x13
 290 0053 00       		.byte	0
 291 0054 00       		.byte	0
 292 0055 06       		.uleb128 0x6
 293 0056 898201   		.uleb128 0x4109
 294 0059 00       		.byte	0
 295 005a 11       		.uleb128 0x11
 296 005b 01       		.uleb128 0x1
 297 005c 31       		.uleb128 0x31
 298 005d 13       		.uleb128 0x13
 299 005e 00       		.byte	0
 300 005f 00       		.byte	0
 301 0060 07       		.uleb128 0x7
 302 0061 898201   		.uleb128 0x4109
 303 0064 01       		.byte	0x1
 304 0065 11       		.uleb128 0x11
 305 0066 01       		.uleb128 0x1
 306 0067 31       		.uleb128 0x31
 307 0068 13       		.uleb128 0x13
 308 0069 00       		.byte	0
 309 006a 00       		.byte	0
 310 006b 08       		.uleb128 0x8
 311 006c 8A8201   		.uleb128 0x410a
 312 006f 00       		.byte	0
 313 0070 02       		.uleb128 0x2
 314 0071 18       		.uleb128 0x18
ARM GAS  C:\Users\Henry\AppData\Local\Temp\ccMTPJCs.s 			page 7


 315 0072 9142     		.uleb128 0x2111
 316 0074 18       		.uleb128 0x18
 317 0075 00       		.byte	0
 318 0076 00       		.byte	0
 319 0077 09       		.uleb128 0x9
 320 0078 34       		.uleb128 0x34
 321 0079 00       		.byte	0
 322 007a 03       		.uleb128 0x3
 323 007b 0E       		.uleb128 0xe
 324 007c 3A       		.uleb128 0x3a
 325 007d 0B       		.uleb128 0xb
 326 007e 3B       		.uleb128 0x3b
 327 007f 05       		.uleb128 0x5
 328 0080 49       		.uleb128 0x49
 329 0081 13       		.uleb128 0x13
 330 0082 3F       		.uleb128 0x3f
 331 0083 19       		.uleb128 0x19
 332 0084 3C       		.uleb128 0x3c
 333 0085 19       		.uleb128 0x19
 334 0086 00       		.byte	0
 335 0087 00       		.byte	0
 336 0088 0A       		.uleb128 0xa
 337 0089 35       		.uleb128 0x35
 338 008a 00       		.byte	0
 339 008b 49       		.uleb128 0x49
 340 008c 13       		.uleb128 0x13
 341 008d 00       		.byte	0
 342 008e 00       		.byte	0
 343 008f 0B       		.uleb128 0xb
 344 0090 2E       		.uleb128 0x2e
 345 0091 00       		.byte	0
 346 0092 3F       		.uleb128 0x3f
 347 0093 19       		.uleb128 0x19
 348 0094 3C       		.uleb128 0x3c
 349 0095 19       		.uleb128 0x19
 350 0096 6E       		.uleb128 0x6e
 351 0097 0E       		.uleb128 0xe
 352 0098 03       		.uleb128 0x3
 353 0099 0E       		.uleb128 0xe
 354 009a 3A       		.uleb128 0x3a
 355 009b 0B       		.uleb128 0xb
 356 009c 3B       		.uleb128 0x3b
 357 009d 0B       		.uleb128 0xb
 358 009e 00       		.byte	0
 359 009f 00       		.byte	0
 360 00a0 00       		.byte	0
 361              		.section	.debug_aranges,"",%progbits
 362 0000 1C000000 		.4byte	0x1c
 363 0004 0200     		.2byte	0x2
 364 0006 00000000 		.4byte	.Ldebug_info0
 365 000a 04       		.byte	0x4
 366 000b 00       		.byte	0
 367 000c 0000     		.2byte	0
 368 000e 0000     		.2byte	0
 369 0010 00000000 		.4byte	.LFB63
 370 0014 22000000 		.4byte	.LFE63-.LFB63
 371 0018 00000000 		.4byte	0
ARM GAS  C:\Users\Henry\AppData\Local\Temp\ccMTPJCs.s 			page 8


 372 001c 00000000 		.4byte	0
 373              		.section	.debug_ranges,"",%progbits
 374              	.Ldebug_ranges0:
 375 0000 00000000 		.4byte	.LFB63
 376 0004 22000000 		.4byte	.LFE63
 377 0008 00000000 		.4byte	0
 378 000c 00000000 		.4byte	0
 379              		.section	.debug_line,"",%progbits
 380              	.Ldebug_line0:
 381 0000 71010000 		.section	.debug_str,"MS",%progbits,1
 381      02005301 
 381      00000201 
 381      FB0E0D00 
 381      01010101 
 382              	.LASF20:
 383 0000 433A5C55 		.ascii	"C:\\Users\\Henry\\Documents\\PSoC Creator\\Ej1\\Ej2"
 383      73657273 
 383      5C48656E 
 383      72795C44 
 383      6F63756D 
 384 002d 2E637964 		.ascii	".cydsn\000"
 384      736E00
 385              	.LASF3:
 386 0034 73686F72 		.ascii	"short unsigned int\000"
 386      7420756E 
 386      7369676E 
 386      65642069 
 386      6E7400
 387              	.LASF8:
 388 0047 756E7369 		.ascii	"unsigned int\000"
 388      676E6564 
 388      20696E74 
 388      00
 389              	.LASF19:
 390 0054 6D61696E 		.ascii	"main.c\000"
 390      2E6300
 391              	.LASF16:
 392 005b 424F544F 		.ascii	"BOTON_Read\000"
 392      4E5F5265 
 392      616400
 393              	.LASF21:
 394 0066 6D61696E 		.ascii	"main\000"
 394      00
 395              	.LASF18:
 396 006b 474E5520 		.ascii	"GNU C11 5.4.1 20160609 (release) [ARM/embedded-5-br"
 396      43313120 
 396      352E342E 
 396      31203230 
 396      31363036 
 397 009e 616E6368 		.ascii	"anch revision 237715] -mcpu=cortex-m3 -mthumb -g -O"
 397      20726576 
 397      6973696F 
 397      6E203233 
 397      37373135 
 398 00d1 67202D66 		.ascii	"g -ffunction-sections -ffat-lto-objects\000"
 398      66756E63 
 398      74696F6E 
ARM GAS  C:\Users\Henry\AppData\Local\Temp\ccMTPJCs.s 			page 9


 398      2D736563 
 398      74696F6E 
 399              	.LASF17:
 400 00f9 4C45445F 		.ascii	"LED_Write\000"
 400      57726974 
 400      6500
 401              	.LASF5:
 402 0103 6C6F6E67 		.ascii	"long unsigned int\000"
 402      20756E73 
 402      69676E65 
 402      6420696E 
 402      7400
 403              	.LASF7:
 404 0115 6C6F6E67 		.ascii	"long long unsigned int\000"
 404      206C6F6E 
 404      6720756E 
 404      7369676E 
 404      65642069 
 405              	.LASF1:
 406 012c 756E7369 		.ascii	"unsigned char\000"
 406      676E6564 
 406      20636861 
 406      7200
 407              	.LASF13:
 408 013a 63686172 		.ascii	"char\000"
 408      00
 409              	.LASF4:
 410 013f 6C6F6E67 		.ascii	"long int\000"
 410      20696E74 
 410      00
 411              	.LASF12:
 412 0148 646F7562 		.ascii	"double\000"
 412      6C6500
 413              	.LASF6:
 414 014f 6C6F6E67 		.ascii	"long long int\000"
 414      206C6F6E 
 414      6720696E 
 414      7400
 415              	.LASF22:
 416 015d 49544D5F 		.ascii	"ITM_RxBuffer\000"
 416      52784275 
 416      66666572 
 416      00
 417              	.LASF0:
 418 016a 7369676E 		.ascii	"signed char\000"
 418      65642063 
 418      68617200 
 419              	.LASF15:
 420 0176 6C6F6E67 		.ascii	"long double\000"
 420      20646F75 
 420      626C6500 
 421              	.LASF9:
 422 0182 5F5F696E 		.ascii	"__int32_t\000"
 422      7433325F 
 422      7400
 423              	.LASF11:
 424 018c 666C6F61 		.ascii	"float\000"
ARM GAS  C:\Users\Henry\AppData\Local\Temp\ccMTPJCs.s 			page 10


 424      7400
 425              	.LASF2:
 426 0192 73686F72 		.ascii	"short int\000"
 426      7420696E 
 426      7400
 427              	.LASF10:
 428 019c 696E7433 		.ascii	"int32_t\000"
 428      325F7400 
 429              	.LASF14:
 430 01a4 73697A65 		.ascii	"sizetype\000"
 430      74797065 
 430      00
 431              		.ident	"GCC: (GNU Tools for ARM Embedded Processors) 5.4.1 20160609 (release) [ARM/embedded-5-bran
