ARM GAS  C:\Users\Henry\AppData\Local\Temp\ccZhhx9F.s 			page 1


   1              		.syntax unified
   2              		.cpu cortex-m3
   3              		.fpu softvfp
   4              		.eabi_attribute 20, 1
   5              		.eabi_attribute 21, 1
   6              		.eabi_attribute 23, 3
   7              		.eabi_attribute 24, 1
   8              		.eabi_attribute 25, 1
   9              		.eabi_attribute 26, 1
  10              		.eabi_attribute 30, 1
  11              		.eabi_attribute 34, 1
  12              		.eabi_attribute 18, 4
  13              		.thumb
  14              		.syntax unified
  15              		.file	"cymetadata.c"
  16              		.text
  17              	.Ltext0:
  18              		.cfi_sections	.debug_frame
  19              		.global	cy_metadata
  20              		.global	cy_meta_flashprotect
  21              		.global	cy_meta_wonvl
  22              		.global	cy_meta_custnvl
  23              		.global	cy_meta_configecc
  24              		.section	.cyconfigecc,"a",%progbits
  25              		.align	2
  26              		.type	cy_meta_configecc, %object
  27              		.size	cy_meta_configecc, 88
  28              	cy_meta_configecc:
  29 0000 01       		.byte	1
  30 0001 07       		.byte	7
  31 0002 01       		.byte	1
  32 0003 40       		.byte	64
  33 0004 01       		.byte	1
  34 0005 09       		.byte	9
  35 0006 01       		.byte	1
  36 0007 40       		.byte	64
  37 0008 02       		.byte	2
  38 0009 40       		.byte	64
  39 000a 01       		.byte	1
  40 000b 40       		.byte	64
  41 000c 01       		.byte	1
  42 000d 41       		.byte	65
  43 000e 01       		.byte	1
  44 000f 40       		.byte	64
  45 0010 01       		.byte	1
  46 0011 42       		.byte	66
  47 0012 01       		.byte	1
  48 0013 40       		.byte	64
  49 0014 02       		.byte	2
  50 0015 43       		.byte	67
  51 0016 01       		.byte	1
  52 0017 40       		.byte	64
  53 0018 02       		.byte	2
  54 0019 46       		.byte	70
  55 001a 01       		.byte	1
  56 001b 40       		.byte	64
  57 001c 01       		.byte	1
ARM GAS  C:\Users\Henry\AppData\Local\Temp\ccZhhx9F.s 			page 2


  58 001d 47       		.byte	71
  59 001e 01       		.byte	1
  60 001f 40       		.byte	64
  61 0020 01       		.byte	1
  62 0021 51       		.byte	81
  63 0022 01       		.byte	1
  64 0023 40       		.byte	64
  65 0024 EE       		.byte	-18
  66 0025 04       		.byte	4
  67 0026 EE       		.byte	-18
  68 0027 04       		.byte	4
  69 0028 33       		.byte	51
  70 0029 20       		.byte	32
  71 002a CC       		.byte	-52
  72 002b 10       		.byte	16
  73 002c A7       		.byte	-89
  74 002d 20       		.byte	32
  75 002e A7       		.byte	-89
  76 002f 20       		.byte	32
  77 0030 AB       		.byte	-85
  78 0031 20       		.byte	32
  79 0032 EE       		.byte	-18
  80 0033 20       		.byte	32
  81 0034 1B       		.byte	27
  82 0035 04       		.byte	4
  83 0036 C6       		.byte	-58
  84 0037 08       		.byte	8
  85 0038 AB       		.byte	-85
  86 0039 04       		.byte	4
  87 003a 00       		.byte	0
  88 003b 03       		.byte	3
  89 003c 00       		.byte	0
  90 003d 0B       		.byte	11
  91 003e 0B       		.byte	11
  92 003f 00       		.byte	0
  93 0040 00       		.byte	0
  94 0041 00       		.byte	0
  95 0042 00       		.byte	0
  96 0043 00       		.byte	0
  97 0044 00       		.byte	0
  98 0045 7F       		.byte	127
  99 0046 7F       		.byte	127
 100 0047 00       		.byte	0
 101 0048 00       		.byte	0
 102 0049 00       		.byte	0
 103 004a 00       		.byte	0
 104 004b 00       		.byte	0
 105 004c 00       		.byte	0
 106 004d 00       		.byte	0
 107 004e 00       		.byte	0
 108 004f 00       		.byte	0
 109 0050 00       		.byte	0
 110 0051 00       		.byte	0
 111 0052 20       		.byte	32
 112 0053 00       		.byte	0
 113 0054 0E       		.byte	14
 114 0055 00       		.byte	0
ARM GAS  C:\Users\Henry\AppData\Local\Temp\ccZhhx9F.s 			page 3


 115 0056 18       		.byte	24
 116 0057 01       		.byte	1
 117              		.section	.cywolatch,"a",%progbits
 118              		.align	2
 119              		.type	cy_meta_wonvl, %object
 120              		.size	cy_meta_wonvl, 4
 121              	cy_meta_wonvl:
 122 0000 BC       		.byte	-68
 123 0001 90       		.byte	-112
 124 0002 AC       		.byte	-84
 125 0003 AF       		.byte	-81
 126              		.section	.cycustnvl,"a",%progbits
 127              		.align	2
 128              		.type	cy_meta_custnvl, %object
 129              		.size	cy_meta_custnvl, 4
 130              	cy_meta_custnvl:
 131 0000 00       		.byte	0
 132 0001 00       		.byte	0
 133 0002 40       		.byte	64
 134 0003 05       		.byte	5
 135              		.section	.cymeta,"a",%progbits
 136              		.align	2
 137              		.type	cy_metadata, %object
 138              		.size	cy_metadata, 12
 139              	cy_metadata:
 140 0000 00       		.byte	0
 141 0001 01       		.byte	1
 142 0002 2E       		.byte	46
 143 0003 12       		.byte	18
 144 0004 30       		.byte	48
 145 0005 69       		.byte	105
 146 0006 00       		.byte	0
 147 0007 01       		.byte	1
 148 0008 00       		.byte	0
 149 0009 00       		.byte	0
 150 000a 00       		.byte	0
 151 000b 00       		.byte	0
 152              		.section	.cyflashprotect,"a",%progbits
 153              		.align	2
 154              		.type	cy_meta_flashprotect, %object
 155              		.size	cy_meta_flashprotect, 256
 156              	cy_meta_flashprotect:
 157 0000 00000000 		.space	256
 157      00000000 
 157      00000000 
 157      00000000 
 157      00000000 
 158              		.text
 159              	.Letext0:
 160              		.file 1 "c:\\program files (x86)\\cypress\\psoc creator\\4.4\\psoc creator\\import\\gnu\\arm\\5.4.
 161              		.file 2 "c:\\program files (x86)\\cypress\\psoc creator\\4.4\\psoc creator\\import\\gnu\\arm\\5.4.
 162              		.file 3 "Generated_Source\\PSoC5\\cymetadata.c"
 163              		.section	.debug_info,"",%progbits
 164              	.Ldebug_info0:
 165 0000 30010000 		.4byte	0x130
 166 0004 0400     		.2byte	0x4
 167 0006 00000000 		.4byte	.Ldebug_abbrev0
ARM GAS  C:\Users\Henry\AppData\Local\Temp\ccZhhx9F.s 			page 4


 168 000a 04       		.byte	0x4
 169 000b 01       		.uleb128 0x1
 170 000c 24000000 		.4byte	.LASF17
 171 0010 0C       		.byte	0xc
 172 0011 B2010000 		.4byte	.LASF18
 173 0015 5F010000 		.4byte	.LASF19
 174 0019 00000000 		.4byte	.Ldebug_line0
 175 001d 02       		.uleb128 0x2
 176 001e 01       		.byte	0x1
 177 001f 06       		.byte	0x6
 178 0020 A6010000 		.4byte	.LASF0
 179 0024 03       		.uleb128 0x3
 180 0025 00000000 		.4byte	.LASF9
 181 0029 01       		.byte	0x1
 182 002a 1D       		.byte	0x1d
 183 002b 2F000000 		.4byte	0x2f
 184 002f 02       		.uleb128 0x2
 185 0030 01       		.byte	0x1
 186 0031 08       		.byte	0x8
 187 0032 16000000 		.4byte	.LASF1
 188 0036 02       		.uleb128 0x2
 189 0037 02       		.byte	0x2
 190 0038 05       		.byte	0x5
 191 0039 93010000 		.4byte	.LASF2
 192 003d 02       		.uleb128 0x2
 193 003e 02       		.byte	0x2
 194 003f 07       		.byte	0x7
 195 0040 C4000000 		.4byte	.LASF3
 196 0044 02       		.uleb128 0x2
 197 0045 04       		.byte	0x4
 198 0046 05       		.byte	0x5
 199 0047 9D010000 		.4byte	.LASF4
 200 004b 02       		.uleb128 0x2
 201 004c 04       		.byte	0x4
 202 004d 07       		.byte	0x7
 203 004e B2000000 		.4byte	.LASF5
 204 0052 02       		.uleb128 0x2
 205 0053 08       		.byte	0x8
 206 0054 05       		.byte	0x5
 207 0055 51010000 		.4byte	.LASF6
 208 0059 02       		.uleb128 0x2
 209 005a 08       		.byte	0x8
 210 005b 07       		.byte	0x7
 211 005c 06010000 		.4byte	.LASF7
 212 0060 04       		.uleb128 0x4
 213 0061 04       		.byte	0x4
 214 0062 05       		.byte	0x5
 215 0063 696E7400 		.ascii	"int\000"
 216 0067 02       		.uleb128 0x2
 217 0068 04       		.byte	0x4
 218 0069 07       		.byte	0x7
 219 006a F9000000 		.4byte	.LASF8
 220 006e 03       		.uleb128 0x3
 221 006f 1D010000 		.4byte	.LASF10
 222 0073 02       		.byte	0x2
 223 0074 18       		.byte	0x18
 224 0075 24000000 		.4byte	0x24
ARM GAS  C:\Users\Henry\AppData\Local\Temp\ccZhhx9F.s 			page 5


 225 0079 05       		.uleb128 0x5
 226 007a 90000000 		.4byte	0x90
 227 007e 89000000 		.4byte	0x89
 228 0082 06       		.uleb128 0x6
 229 0083 89000000 		.4byte	0x89
 230 0087 57       		.byte	0x57
 231 0088 00       		.byte	0
 232 0089 02       		.uleb128 0x2
 233 008a 04       		.byte	0x4
 234 008b 07       		.byte	0x7
 235 008c 48010000 		.4byte	.LASF11
 236 0090 07       		.uleb128 0x7
 237 0091 6E000000 		.4byte	0x6e
 238 0095 08       		.uleb128 0x8
 239 0096 E7000000 		.4byte	.LASF12
 240 009a 03       		.byte	0x3
 241 009b 1F       		.byte	0x1f
 242 009c A6000000 		.4byte	0xa6
 243 00a0 05       		.uleb128 0x5
 244 00a1 03       		.byte	0x3
 245 00a2 00000000 		.4byte	cy_meta_configecc
 246 00a6 07       		.uleb128 0x7
 247 00a7 79000000 		.4byte	0x79
 248 00ab 05       		.uleb128 0x5
 249 00ac 90000000 		.4byte	0x90
 250 00b0 BB000000 		.4byte	0xbb
 251 00b4 06       		.uleb128 0x6
 252 00b5 89000000 		.4byte	0x89
 253 00b9 03       		.byte	0x3
 254 00ba 00       		.byte	0
 255 00bb 08       		.uleb128 0x8
 256 00bc D7000000 		.4byte	.LASF13
 257 00c0 03       		.byte	0x3
 258 00c1 37       		.byte	0x37
 259 00c2 CC000000 		.4byte	0xcc
 260 00c6 05       		.uleb128 0x5
 261 00c7 03       		.byte	0x3
 262 00c8 00000000 		.4byte	cy_meta_custnvl
 263 00cc 07       		.uleb128 0x7
 264 00cd AB000000 		.4byte	0xab
 265 00d1 08       		.uleb128 0x8
 266 00d2 3A010000 		.4byte	.LASF14
 267 00d6 03       		.byte	0x3
 268 00d7 45       		.byte	0x45
 269 00d8 E2000000 		.4byte	0xe2
 270 00dc 05       		.uleb128 0x5
 271 00dd 03       		.byte	0x3
 272 00de 00000000 		.4byte	cy_meta_wonvl
 273 00e2 07       		.uleb128 0x7
 274 00e3 AB000000 		.4byte	0xab
 275 00e7 05       		.uleb128 0x5
 276 00e8 90000000 		.4byte	0x90
 277 00ec F7000000 		.4byte	0xf7
 278 00f0 06       		.uleb128 0x6
 279 00f1 89000000 		.4byte	0x89
 280 00f5 FF       		.byte	0xff
 281 00f6 00       		.byte	0
ARM GAS  C:\Users\Henry\AppData\Local\Temp\ccZhhx9F.s 			page 6


 282 00f7 08       		.uleb128 0x8
 283 00f8 25010000 		.4byte	.LASF15
 284 00fc 03       		.byte	0x3
 285 00fd 53       		.byte	0x53
 286 00fe 08010000 		.4byte	0x108
 287 0102 05       		.uleb128 0x5
 288 0103 03       		.byte	0x3
 289 0104 00000000 		.4byte	cy_meta_flashprotect
 290 0108 07       		.uleb128 0x7
 291 0109 E7000000 		.4byte	0xe7
 292 010d 05       		.uleb128 0x5
 293 010e 90000000 		.4byte	0x90
 294 0112 1D010000 		.4byte	0x11d
 295 0116 06       		.uleb128 0x6
 296 0117 89000000 		.4byte	0x89
 297 011b 0B       		.byte	0xb
 298 011c 00       		.byte	0
 299 011d 08       		.uleb128 0x8
 300 011e 0A000000 		.4byte	.LASF16
 301 0122 03       		.byte	0x3
 302 0123 80       		.byte	0x80
 303 0124 2E010000 		.4byte	0x12e
 304 0128 05       		.uleb128 0x5
 305 0129 03       		.byte	0x3
 306 012a 00000000 		.4byte	cy_metadata
 307 012e 07       		.uleb128 0x7
 308 012f 0D010000 		.4byte	0x10d
 309 0133 00       		.byte	0
 310              		.section	.debug_abbrev,"",%progbits
 311              	.Ldebug_abbrev0:
 312 0000 01       		.uleb128 0x1
 313 0001 11       		.uleb128 0x11
 314 0002 01       		.byte	0x1
 315 0003 25       		.uleb128 0x25
 316 0004 0E       		.uleb128 0xe
 317 0005 13       		.uleb128 0x13
 318 0006 0B       		.uleb128 0xb
 319 0007 03       		.uleb128 0x3
 320 0008 0E       		.uleb128 0xe
 321 0009 1B       		.uleb128 0x1b
 322 000a 0E       		.uleb128 0xe
 323 000b 10       		.uleb128 0x10
 324 000c 17       		.uleb128 0x17
 325 000d 00       		.byte	0
 326 000e 00       		.byte	0
 327 000f 02       		.uleb128 0x2
 328 0010 24       		.uleb128 0x24
 329 0011 00       		.byte	0
 330 0012 0B       		.uleb128 0xb
 331 0013 0B       		.uleb128 0xb
 332 0014 3E       		.uleb128 0x3e
 333 0015 0B       		.uleb128 0xb
 334 0016 03       		.uleb128 0x3
 335 0017 0E       		.uleb128 0xe
 336 0018 00       		.byte	0
 337 0019 00       		.byte	0
 338 001a 03       		.uleb128 0x3
ARM GAS  C:\Users\Henry\AppData\Local\Temp\ccZhhx9F.s 			page 7


 339 001b 16       		.uleb128 0x16
 340 001c 00       		.byte	0
 341 001d 03       		.uleb128 0x3
 342 001e 0E       		.uleb128 0xe
 343 001f 3A       		.uleb128 0x3a
 344 0020 0B       		.uleb128 0xb
 345 0021 3B       		.uleb128 0x3b
 346 0022 0B       		.uleb128 0xb
 347 0023 49       		.uleb128 0x49
 348 0024 13       		.uleb128 0x13
 349 0025 00       		.byte	0
 350 0026 00       		.byte	0
 351 0027 04       		.uleb128 0x4
 352 0028 24       		.uleb128 0x24
 353 0029 00       		.byte	0
 354 002a 0B       		.uleb128 0xb
 355 002b 0B       		.uleb128 0xb
 356 002c 3E       		.uleb128 0x3e
 357 002d 0B       		.uleb128 0xb
 358 002e 03       		.uleb128 0x3
 359 002f 08       		.uleb128 0x8
 360 0030 00       		.byte	0
 361 0031 00       		.byte	0
 362 0032 05       		.uleb128 0x5
 363 0033 01       		.uleb128 0x1
 364 0034 01       		.byte	0x1
 365 0035 49       		.uleb128 0x49
 366 0036 13       		.uleb128 0x13
 367 0037 01       		.uleb128 0x1
 368 0038 13       		.uleb128 0x13
 369 0039 00       		.byte	0
 370 003a 00       		.byte	0
 371 003b 06       		.uleb128 0x6
 372 003c 21       		.uleb128 0x21
 373 003d 00       		.byte	0
 374 003e 49       		.uleb128 0x49
 375 003f 13       		.uleb128 0x13
 376 0040 2F       		.uleb128 0x2f
 377 0041 0B       		.uleb128 0xb
 378 0042 00       		.byte	0
 379 0043 00       		.byte	0
 380 0044 07       		.uleb128 0x7
 381 0045 26       		.uleb128 0x26
 382 0046 00       		.byte	0
 383 0047 49       		.uleb128 0x49
 384 0048 13       		.uleb128 0x13
 385 0049 00       		.byte	0
 386 004a 00       		.byte	0
 387 004b 08       		.uleb128 0x8
 388 004c 34       		.uleb128 0x34
 389 004d 00       		.byte	0
 390 004e 03       		.uleb128 0x3
 391 004f 0E       		.uleb128 0xe
 392 0050 3A       		.uleb128 0x3a
 393 0051 0B       		.uleb128 0xb
 394 0052 3B       		.uleb128 0x3b
 395 0053 0B       		.uleb128 0xb
ARM GAS  C:\Users\Henry\AppData\Local\Temp\ccZhhx9F.s 			page 8


 396 0054 49       		.uleb128 0x49
 397 0055 13       		.uleb128 0x13
 398 0056 3F       		.uleb128 0x3f
 399 0057 19       		.uleb128 0x19
 400 0058 02       		.uleb128 0x2
 401 0059 18       		.uleb128 0x18
 402 005a 00       		.byte	0
 403 005b 00       		.byte	0
 404 005c 00       		.byte	0
 405              		.section	.debug_aranges,"",%progbits
 406 0000 14000000 		.4byte	0x14
 407 0004 0200     		.2byte	0x2
 408 0006 00000000 		.4byte	.Ldebug_info0
 409 000a 04       		.byte	0x4
 410 000b 00       		.byte	0
 411 000c 0000     		.2byte	0
 412 000e 0000     		.2byte	0
 413 0010 00000000 		.4byte	0
 414 0014 00000000 		.4byte	0
 415              		.section	.debug_line,"",%progbits
 416              	.Ldebug_line0:
 417 0000 3D010000 		.section	.debug_str,"MS",%progbits,1
 417      02003701 
 417      00000201 
 417      FB0E0D00 
 417      01010101 
 418              	.LASF9:
 419 0000 5F5F7569 		.ascii	"__uint8_t\000"
 419      6E74385F 
 419      7400
 420              	.LASF16:
 421 000a 63795F6D 		.ascii	"cy_metadata\000"
 421      65746164 
 421      61746100 
 422              	.LASF1:
 423 0016 756E7369 		.ascii	"unsigned char\000"
 423      676E6564 
 423      20636861 
 423      7200
 424              	.LASF17:
 425 0024 474E5520 		.ascii	"GNU C11 5.4.1 20160609 (release) [ARM/embedded-5-br"
 425      43313120 
 425      352E342E 
 425      31203230 
 425      31363036 
 426 0057 616E6368 		.ascii	"anch revision 237715] -mcpu=cortex-m3 -mthumb -g -O"
 426      20726576 
 426      6973696F 
 426      6E203233 
 426      37373135 
 427 008a 67202D66 		.ascii	"g -ffunction-sections -ffat-lto-objects\000"
 427      66756E63 
 427      74696F6E 
 427      2D736563 
 427      74696F6E 
 428              	.LASF5:
 429 00b2 6C6F6E67 		.ascii	"long unsigned int\000"
ARM GAS  C:\Users\Henry\AppData\Local\Temp\ccZhhx9F.s 			page 9


 429      20756E73 
 429      69676E65 
 429      6420696E 
 429      7400
 430              	.LASF3:
 431 00c4 73686F72 		.ascii	"short unsigned int\000"
 431      7420756E 
 431      7369676E 
 431      65642069 
 431      6E7400
 432              	.LASF13:
 433 00d7 63795F6D 		.ascii	"cy_meta_custnvl\000"
 433      6574615F 
 433      63757374 
 433      6E766C00 
 434              	.LASF12:
 435 00e7 63795F6D 		.ascii	"cy_meta_configecc\000"
 435      6574615F 
 435      636F6E66 
 435      69676563 
 435      6300
 436              	.LASF8:
 437 00f9 756E7369 		.ascii	"unsigned int\000"
 437      676E6564 
 437      20696E74 
 437      00
 438              	.LASF7:
 439 0106 6C6F6E67 		.ascii	"long long unsigned int\000"
 439      206C6F6E 
 439      6720756E 
 439      7369676E 
 439      65642069 
 440              	.LASF10:
 441 011d 75696E74 		.ascii	"uint8_t\000"
 441      385F7400 
 442              	.LASF15:
 443 0125 63795F6D 		.ascii	"cy_meta_flashprotect\000"
 443      6574615F 
 443      666C6173 
 443      6870726F 
 443      74656374 
 444              	.LASF14:
 445 013a 63795F6D 		.ascii	"cy_meta_wonvl\000"
 445      6574615F 
 445      776F6E76 
 445      6C00
 446              	.LASF11:
 447 0148 73697A65 		.ascii	"sizetype\000"
 447      74797065 
 447      00
 448              	.LASF6:
 449 0151 6C6F6E67 		.ascii	"long long int\000"
 449      206C6F6E 
 449      6720696E 
 449      7400
 450              	.LASF19:
 451 015f 433A5C55 		.ascii	"C:\\Users\\Henry\\Documents\\PSoC Creator\\Ej1\\Ej3"
ARM GAS  C:\Users\Henry\AppData\Local\Temp\ccZhhx9F.s 			page 10


 451      73657273 
 451      5C48656E 
 451      72795C44 
 451      6F63756D 
 452 018c 2E637964 		.ascii	".cydsn\000"
 452      736E00
 453              	.LASF2:
 454 0193 73686F72 		.ascii	"short int\000"
 454      7420696E 
 454      7400
 455              	.LASF4:
 456 019d 6C6F6E67 		.ascii	"long int\000"
 456      20696E74 
 456      00
 457              	.LASF0:
 458 01a6 7369676E 		.ascii	"signed char\000"
 458      65642063 
 458      68617200 
 459              	.LASF18:
 460 01b2 47656E65 		.ascii	"Generated_Source\\PSoC5\\cymetadata.c\000"
 460      72617465 
 460      645F536F 
 460      75726365 
 460      5C50536F 
 461              		.ident	"GCC: (GNU Tools for ARM Embedded Processors) 5.4.1 20160609 (release) [ARM/embedded-5-bran
