ARM GAS  C:\Users\Henry\AppData\Local\Temp\ccwPsjb1.s 			page 1


   1              		.syntax unified
   2              		.cpu cortex-m3
   3              		.fpu softvfp
   4              		.eabi_attribute 20, 1
   5              		.eabi_attribute 21, 1
   6              		.eabi_attribute 23, 3
   7              		.eabi_attribute 24, 1
   8              		.eabi_attribute 25, 1
   9              		.eabi_attribute 26, 1
  10              		.eabi_attribute 30, 1
  11              		.eabi_attribute 34, 1
  12              		.eabi_attribute 18, 4
  13              		.thumb
  14              		.syntax unified
  15              		.file	"cyfitter_cfg.c"
  16              		.text
  17              	.Ltext0:
  18              		.cfi_sections	.debug_frame
  19              		.section	.text.CyClockStartupError,"ax",%progbits
  20              		.align	2
  21              		.thumb
  22              		.thumb_func
  23              		.type	CyClockStartupError, %function
  24              	CyClockStartupError:
  25              	.LFB3:
  26              		.file 1 "Generated_Source\\PSoC5\\cyfitter_cfg.c"
   1:Generated_Source\PSoC5/cyfitter_cfg.c **** 
   2:Generated_Source\PSoC5/cyfitter_cfg.c **** /*******************************************************************************
   3:Generated_Source\PSoC5/cyfitter_cfg.c **** * File Name: cyfitter_cfg.c
   4:Generated_Source\PSoC5/cyfitter_cfg.c **** * 
   5:Generated_Source\PSoC5/cyfitter_cfg.c **** * PSoC Creator  4.4
   6:Generated_Source\PSoC5/cyfitter_cfg.c **** *
   7:Generated_Source\PSoC5/cyfitter_cfg.c **** * Description:
   8:Generated_Source\PSoC5/cyfitter_cfg.c **** * This file contains device initialization code.
   9:Generated_Source\PSoC5/cyfitter_cfg.c **** * Except for the user defined sections in CyClockStartupError(), this file should not be modified.
  10:Generated_Source\PSoC5/cyfitter_cfg.c **** * This file is automatically generated by PSoC Creator.
  11:Generated_Source\PSoC5/cyfitter_cfg.c **** *
  12:Generated_Source\PSoC5/cyfitter_cfg.c **** ********************************************************************************
  13:Generated_Source\PSoC5/cyfitter_cfg.c **** * Copyright (c) 2007-2020 Cypress Semiconductor.  All rights reserved.
  14:Generated_Source\PSoC5/cyfitter_cfg.c **** * You may use this file only in accordance with the license, terms, conditions, 
  15:Generated_Source\PSoC5/cyfitter_cfg.c **** * disclaimers, and limitations in the end user license agreement accompanying 
  16:Generated_Source\PSoC5/cyfitter_cfg.c **** * the software package with which this file was provided.
  17:Generated_Source\PSoC5/cyfitter_cfg.c **** ********************************************************************************/
  18:Generated_Source\PSoC5/cyfitter_cfg.c **** 
  19:Generated_Source\PSoC5/cyfitter_cfg.c **** #include <string.h>
  20:Generated_Source\PSoC5/cyfitter_cfg.c **** #include "cytypes.h"
  21:Generated_Source\PSoC5/cyfitter_cfg.c **** #include "cydevice_trm.h"
  22:Generated_Source\PSoC5/cyfitter_cfg.c **** #include "cyfitter.h"
  23:Generated_Source\PSoC5/cyfitter_cfg.c **** #include "CyLib.h"
  24:Generated_Source\PSoC5/cyfitter_cfg.c **** #include "cyfitter_cfg.h"
  25:Generated_Source\PSoC5/cyfitter_cfg.c **** #include "cyapicallbacks.h"
  26:Generated_Source\PSoC5/cyfitter_cfg.c **** 
  27:Generated_Source\PSoC5/cyfitter_cfg.c **** #define CY_NEED_CYCLOCKSTARTUPERROR 1
  28:Generated_Source\PSoC5/cyfitter_cfg.c **** 
  29:Generated_Source\PSoC5/cyfitter_cfg.c **** 
  30:Generated_Source\PSoC5/cyfitter_cfg.c **** #if defined(__GNUC__) || defined(__ARMCC_VERSION)
  31:Generated_Source\PSoC5/cyfitter_cfg.c ****     #define CYPACKED 
ARM GAS  C:\Users\Henry\AppData\Local\Temp\ccwPsjb1.s 			page 2


  32:Generated_Source\PSoC5/cyfitter_cfg.c ****     #define CYPACKED_ATTR __attribute__ ((packed))
  33:Generated_Source\PSoC5/cyfitter_cfg.c ****     #define CYALIGNED __attribute__ ((aligned))
  34:Generated_Source\PSoC5/cyfitter_cfg.c ****     #define CY_CFG_UNUSED __attribute__ ((unused))
  35:Generated_Source\PSoC5/cyfitter_cfg.c ****     #ifndef CY_CFG_SECTION
  36:Generated_Source\PSoC5/cyfitter_cfg.c ****         #define CY_CFG_SECTION __attribute__ ((section(".psocinit")))
  37:Generated_Source\PSoC5/cyfitter_cfg.c ****     #endif
  38:Generated_Source\PSoC5/cyfitter_cfg.c ****     
  39:Generated_Source\PSoC5/cyfitter_cfg.c ****     #if defined(__ARMCC_VERSION)
  40:Generated_Source\PSoC5/cyfitter_cfg.c ****         #define CY_CFG_MEMORY_BARRIER() __memory_changed()
  41:Generated_Source\PSoC5/cyfitter_cfg.c ****     #else
  42:Generated_Source\PSoC5/cyfitter_cfg.c ****         #define CY_CFG_MEMORY_BARRIER() __sync_synchronize()
  43:Generated_Source\PSoC5/cyfitter_cfg.c ****     #endif
  44:Generated_Source\PSoC5/cyfitter_cfg.c ****     
  45:Generated_Source\PSoC5/cyfitter_cfg.c **** #elif defined(__ICCARM__)
  46:Generated_Source\PSoC5/cyfitter_cfg.c ****     #include <intrinsics.h>
  47:Generated_Source\PSoC5/cyfitter_cfg.c **** 
  48:Generated_Source\PSoC5/cyfitter_cfg.c ****     #define CYPACKED __packed
  49:Generated_Source\PSoC5/cyfitter_cfg.c ****     #define CYPACKED_ATTR 
  50:Generated_Source\PSoC5/cyfitter_cfg.c ****     #define CYALIGNED _Pragma("data_alignment=4")
  51:Generated_Source\PSoC5/cyfitter_cfg.c ****     #define CY_CFG_UNUSED _Pragma("diag_suppress=Pe177")
  52:Generated_Source\PSoC5/cyfitter_cfg.c ****     #define CY_CFG_SECTION _Pragma("location=\".psocinit\"")
  53:Generated_Source\PSoC5/cyfitter_cfg.c ****     
  54:Generated_Source\PSoC5/cyfitter_cfg.c ****     #define CY_CFG_MEMORY_BARRIER() __DMB()
  55:Generated_Source\PSoC5/cyfitter_cfg.c ****     
  56:Generated_Source\PSoC5/cyfitter_cfg.c **** #else
  57:Generated_Source\PSoC5/cyfitter_cfg.c ****     #error Unsupported toolchain
  58:Generated_Source\PSoC5/cyfitter_cfg.c **** #endif
  59:Generated_Source\PSoC5/cyfitter_cfg.c **** 
  60:Generated_Source\PSoC5/cyfitter_cfg.c **** #ifndef CYCODE
  61:Generated_Source\PSoC5/cyfitter_cfg.c ****     #define CYCODE
  62:Generated_Source\PSoC5/cyfitter_cfg.c **** #endif
  63:Generated_Source\PSoC5/cyfitter_cfg.c **** #ifndef CYDATA
  64:Generated_Source\PSoC5/cyfitter_cfg.c ****     #define CYDATA
  65:Generated_Source\PSoC5/cyfitter_cfg.c **** #endif
  66:Generated_Source\PSoC5/cyfitter_cfg.c **** #ifndef CYFAR
  67:Generated_Source\PSoC5/cyfitter_cfg.c ****     #define CYFAR
  68:Generated_Source\PSoC5/cyfitter_cfg.c **** #endif
  69:Generated_Source\PSoC5/cyfitter_cfg.c **** #ifndef CYXDATA
  70:Generated_Source\PSoC5/cyfitter_cfg.c ****     #define CYXDATA
  71:Generated_Source\PSoC5/cyfitter_cfg.c **** #endif
  72:Generated_Source\PSoC5/cyfitter_cfg.c **** 
  73:Generated_Source\PSoC5/cyfitter_cfg.c **** 
  74:Generated_Source\PSoC5/cyfitter_cfg.c **** CY_CFG_UNUSED
  75:Generated_Source\PSoC5/cyfitter_cfg.c **** static void CYMEMZERO(void *s, size_t n);
  76:Generated_Source\PSoC5/cyfitter_cfg.c **** CY_CFG_UNUSED
  77:Generated_Source\PSoC5/cyfitter_cfg.c **** static void CYMEMZERO(void *s, size_t n)
  78:Generated_Source\PSoC5/cyfitter_cfg.c **** {
  79:Generated_Source\PSoC5/cyfitter_cfg.c **** 	(void)memset(s, 0, n);
  80:Generated_Source\PSoC5/cyfitter_cfg.c **** }
  81:Generated_Source\PSoC5/cyfitter_cfg.c **** CY_CFG_UNUSED
  82:Generated_Source\PSoC5/cyfitter_cfg.c **** static void CYCONFIGCPY(void *dest, const void *src, size_t n);
  83:Generated_Source\PSoC5/cyfitter_cfg.c **** CY_CFG_UNUSED
  84:Generated_Source\PSoC5/cyfitter_cfg.c **** static void CYCONFIGCPY(void *dest, const void *src, size_t n)
  85:Generated_Source\PSoC5/cyfitter_cfg.c **** {
  86:Generated_Source\PSoC5/cyfitter_cfg.c **** 	(void)memcpy(dest, src, n);
  87:Generated_Source\PSoC5/cyfitter_cfg.c **** }
  88:Generated_Source\PSoC5/cyfitter_cfg.c **** CY_CFG_UNUSED
ARM GAS  C:\Users\Henry\AppData\Local\Temp\ccwPsjb1.s 			page 3


  89:Generated_Source\PSoC5/cyfitter_cfg.c **** static void CYCONFIGCPYCODE(void *dest, const void *src, size_t n);
  90:Generated_Source\PSoC5/cyfitter_cfg.c **** CY_CFG_UNUSED
  91:Generated_Source\PSoC5/cyfitter_cfg.c **** static void CYCONFIGCPYCODE(void *dest, const void *src, size_t n)
  92:Generated_Source\PSoC5/cyfitter_cfg.c **** {
  93:Generated_Source\PSoC5/cyfitter_cfg.c **** 	(void)memcpy(dest, src, n);
  94:Generated_Source\PSoC5/cyfitter_cfg.c **** }
  95:Generated_Source\PSoC5/cyfitter_cfg.c **** 
  96:Generated_Source\PSoC5/cyfitter_cfg.c **** 
  97:Generated_Source\PSoC5/cyfitter_cfg.c **** 
  98:Generated_Source\PSoC5/cyfitter_cfg.c **** 
  99:Generated_Source\PSoC5/cyfitter_cfg.c **** /* Clock startup error codes                                                   */
 100:Generated_Source\PSoC5/cyfitter_cfg.c **** #define CYCLOCKSTART_NO_ERROR    0u
 101:Generated_Source\PSoC5/cyfitter_cfg.c **** #define CYCLOCKSTART_XTAL_ERROR  1u
 102:Generated_Source\PSoC5/cyfitter_cfg.c **** #define CYCLOCKSTART_32KHZ_ERROR 2u
 103:Generated_Source\PSoC5/cyfitter_cfg.c **** #define CYCLOCKSTART_PLL_ERROR   3u
 104:Generated_Source\PSoC5/cyfitter_cfg.c **** #define CYCLOCKSTART_FLL_ERROR   4u
 105:Generated_Source\PSoC5/cyfitter_cfg.c **** #define CYCLOCKSTART_WCO_ERROR   5u
 106:Generated_Source\PSoC5/cyfitter_cfg.c **** 
 107:Generated_Source\PSoC5/cyfitter_cfg.c **** 
 108:Generated_Source\PSoC5/cyfitter_cfg.c **** #ifdef CY_NEED_CYCLOCKSTARTUPERROR
 109:Generated_Source\PSoC5/cyfitter_cfg.c **** /*******************************************************************************
 110:Generated_Source\PSoC5/cyfitter_cfg.c **** * Function Name: CyClockStartupError
 111:Generated_Source\PSoC5/cyfitter_cfg.c **** ********************************************************************************
 112:Generated_Source\PSoC5/cyfitter_cfg.c **** * Summary:
 113:Generated_Source\PSoC5/cyfitter_cfg.c **** *  If an error is encountered during clock configuration (crystal startup error,
 114:Generated_Source\PSoC5/cyfitter_cfg.c **** *  PLL lock error, etc.), the system will end up here.  Unless reimplemented by
 115:Generated_Source\PSoC5/cyfitter_cfg.c **** *  the customer, this function will stop in an infinite loop.
 116:Generated_Source\PSoC5/cyfitter_cfg.c **** *
 117:Generated_Source\PSoC5/cyfitter_cfg.c **** * Parameters:
 118:Generated_Source\PSoC5/cyfitter_cfg.c **** *   void
 119:Generated_Source\PSoC5/cyfitter_cfg.c **** *
 120:Generated_Source\PSoC5/cyfitter_cfg.c **** * Return:
 121:Generated_Source\PSoC5/cyfitter_cfg.c **** *   void
 122:Generated_Source\PSoC5/cyfitter_cfg.c **** *
 123:Generated_Source\PSoC5/cyfitter_cfg.c **** *******************************************************************************/
 124:Generated_Source\PSoC5/cyfitter_cfg.c **** CY_CFG_UNUSED
 125:Generated_Source\PSoC5/cyfitter_cfg.c **** static void CyClockStartupError(uint8 errorCode);
 126:Generated_Source\PSoC5/cyfitter_cfg.c **** CY_CFG_UNUSED
 127:Generated_Source\PSoC5/cyfitter_cfg.c **** static void CyClockStartupError(uint8 errorCode)
 128:Generated_Source\PSoC5/cyfitter_cfg.c **** {
  27              		.loc 1 128 0
  28              		.cfi_startproc
  29              		@ Volatile: function does not return.
  30              		@ args = 0, pretend = 0, frame = 0
  31              		@ frame_needed = 0, uses_anonymous_args = 0
  32              		@ link register save eliminated.
  33              	.LVL0:
  34              	.L2:
  35 0000 FEE7     		b	.L2
  36              		.cfi_endproc
  37              	.LFE3:
  38              		.size	CyClockStartupError, .-CyClockStartupError
  39 0002 00BF     		.section	.text.AnalogSetDefault,"ax",%progbits
  40              		.align	2
  41              		.thumb
  42              		.thumb_func
  43              		.type	AnalogSetDefault, %function
ARM GAS  C:\Users\Henry\AppData\Local\Temp\ccwPsjb1.s 			page 4


  44              	AnalogSetDefault:
  45              	.LFB5:
 129:Generated_Source\PSoC5/cyfitter_cfg.c ****     /* To remove the compiler warning if errorCode not used.                */
 130:Generated_Source\PSoC5/cyfitter_cfg.c ****     errorCode = errorCode;
 131:Generated_Source\PSoC5/cyfitter_cfg.c **** 
 132:Generated_Source\PSoC5/cyfitter_cfg.c ****     /* If we have a clock startup error (bad MHz crystal, PLL lock, etc.),  */
 133:Generated_Source\PSoC5/cyfitter_cfg.c ****     /* we will end up here to allow the customer to implement something to  */
 134:Generated_Source\PSoC5/cyfitter_cfg.c ****     /* deal with the clock condition.                                       */
 135:Generated_Source\PSoC5/cyfitter_cfg.c **** 
 136:Generated_Source\PSoC5/cyfitter_cfg.c **** #ifdef CY_CFG_CLOCK_STARTUP_ERROR_CALLBACK
 137:Generated_Source\PSoC5/cyfitter_cfg.c ****     CY_CFG_Clock_Startup_ErrorCallback();
 138:Generated_Source\PSoC5/cyfitter_cfg.c **** #else
 139:Generated_Source\PSoC5/cyfitter_cfg.c ****     /*  If not using CY_CFG_CLOCK_STARTUP_ERROR_CALLBACK, place your clock startup code here. */
 140:Generated_Source\PSoC5/cyfitter_cfg.c ****     /* `#START CyClockStartupError` */
 141:Generated_Source\PSoC5/cyfitter_cfg.c **** 
 142:Generated_Source\PSoC5/cyfitter_cfg.c **** 
 143:Generated_Source\PSoC5/cyfitter_cfg.c **** 
 144:Generated_Source\PSoC5/cyfitter_cfg.c ****     /* `#END` */
 145:Generated_Source\PSoC5/cyfitter_cfg.c **** 
 146:Generated_Source\PSoC5/cyfitter_cfg.c ****     while(1) {}
 147:Generated_Source\PSoC5/cyfitter_cfg.c **** #endif /* CY_CFG_CLOCK_STARTUP_ERROR_CALLBACK */
 148:Generated_Source\PSoC5/cyfitter_cfg.c **** }
 149:Generated_Source\PSoC5/cyfitter_cfg.c **** #endif
 150:Generated_Source\PSoC5/cyfitter_cfg.c **** 
 151:Generated_Source\PSoC5/cyfitter_cfg.c **** /* IOPINS0_1 Address: CYREG_PRT1_DM0 Size (bytes): 8 */
 152:Generated_Source\PSoC5/cyfitter_cfg.c **** #define BS_IOPINS0_1_VAL ((const uint8 CYFAR *)0x48000000u)
 153:Generated_Source\PSoC5/cyfitter_cfg.c **** 
 154:Generated_Source\PSoC5/cyfitter_cfg.c **** 
 155:Generated_Source\PSoC5/cyfitter_cfg.c **** /*******************************************************************************
 156:Generated_Source\PSoC5/cyfitter_cfg.c **** * Function Name: ClockSetup
 157:Generated_Source\PSoC5/cyfitter_cfg.c **** ********************************************************************************
 158:Generated_Source\PSoC5/cyfitter_cfg.c **** *
 159:Generated_Source\PSoC5/cyfitter_cfg.c **** * Summary:
 160:Generated_Source\PSoC5/cyfitter_cfg.c **** *  Performs the initialization of all of the clocks in the device based on the
 161:Generated_Source\PSoC5/cyfitter_cfg.c **** *  settings in the Clock tab of the DWR.  This includes enabling the requested
 162:Generated_Source\PSoC5/cyfitter_cfg.c **** *  clocks and setting the necessary dividers to produce the desired frequency. 
 163:Generated_Source\PSoC5/cyfitter_cfg.c **** *
 164:Generated_Source\PSoC5/cyfitter_cfg.c **** * Parameters:
 165:Generated_Source\PSoC5/cyfitter_cfg.c **** *  void
 166:Generated_Source\PSoC5/cyfitter_cfg.c **** *
 167:Generated_Source\PSoC5/cyfitter_cfg.c **** * Return:
 168:Generated_Source\PSoC5/cyfitter_cfg.c **** *  void
 169:Generated_Source\PSoC5/cyfitter_cfg.c **** *
 170:Generated_Source\PSoC5/cyfitter_cfg.c **** *******************************************************************************/
 171:Generated_Source\PSoC5/cyfitter_cfg.c **** static void ClockSetup(void);
 172:Generated_Source\PSoC5/cyfitter_cfg.c **** static void ClockSetup(void)
 173:Generated_Source\PSoC5/cyfitter_cfg.c **** {
 174:Generated_Source\PSoC5/cyfitter_cfg.c **** 	uint32 timeout;
 175:Generated_Source\PSoC5/cyfitter_cfg.c **** 	uint8 pllLock;
 176:Generated_Source\PSoC5/cyfitter_cfg.c **** 
 177:Generated_Source\PSoC5/cyfitter_cfg.c **** 
 178:Generated_Source\PSoC5/cyfitter_cfg.c **** 	/* Configure ILO based on settings from Clock DWR */
 179:Generated_Source\PSoC5/cyfitter_cfg.c **** 	CY_SET_XTND_REG8((void CYFAR *)(CYREG_SLOWCLK_ILO_CR0), 0x02u);
 180:Generated_Source\PSoC5/cyfitter_cfg.c **** 	CY_SET_XTND_REG8((void CYFAR *)(CYREG_CLKDIST_CR), 0x08u);
 181:Generated_Source\PSoC5/cyfitter_cfg.c **** 
 182:Generated_Source\PSoC5/cyfitter_cfg.c **** 	/* Configure IMO based on settings from Clock DWR */
 183:Generated_Source\PSoC5/cyfitter_cfg.c **** 	CY_SET_XTND_REG8((void CYFAR *)(CYREG_FASTCLK_IMO_CR), 0x03u);
ARM GAS  C:\Users\Henry\AppData\Local\Temp\ccwPsjb1.s 			page 5


 184:Generated_Source\PSoC5/cyfitter_cfg.c **** 	CY_SET_XTND_REG8((void CYFAR *)(CYREG_IMO_TR1), (CY_GET_XTND_REG8((void CYFAR *)CYREG_FLSHID_CUST_
 185:Generated_Source\PSoC5/cyfitter_cfg.c **** 
 186:Generated_Source\PSoC5/cyfitter_cfg.c **** 	/* Configure PLL based on settings from Clock DWR */
 187:Generated_Source\PSoC5/cyfitter_cfg.c **** 	CY_SET_XTND_REG16((void CYFAR *)(CYREG_FASTCLK_PLL_P), 0x0008u);
 188:Generated_Source\PSoC5/cyfitter_cfg.c **** 	CY_SET_XTND_REG16((void CYFAR *)(CYREG_FASTCLK_PLL_CFG0), 0x1251u);
 189:Generated_Source\PSoC5/cyfitter_cfg.c **** 	/* Wait up to 250us for the PLL to lock */
 190:Generated_Source\PSoC5/cyfitter_cfg.c **** 	pllLock = 0u;
 191:Generated_Source\PSoC5/cyfitter_cfg.c **** 	for (timeout = 250u / 10u; (timeout > 0u) && (pllLock != 0x03u); timeout--)
 192:Generated_Source\PSoC5/cyfitter_cfg.c **** 	{ 
 193:Generated_Source\PSoC5/cyfitter_cfg.c **** 		pllLock = 0x03u & ((uint8)((uint8)pllLock << 1) | ((CY_GET_XTND_REG8((void CYFAR *)CYREG_FASTCLK_
 194:Generated_Source\PSoC5/cyfitter_cfg.c **** 		CyDelayCycles(10u * 48u); /* Delay 10us based on 48MHz clock */
 195:Generated_Source\PSoC5/cyfitter_cfg.c **** 	}
 196:Generated_Source\PSoC5/cyfitter_cfg.c **** 	/* If we ran out of time the PLL didn't lock so go to the error function */
 197:Generated_Source\PSoC5/cyfitter_cfg.c **** 	if (timeout == 0u)
 198:Generated_Source\PSoC5/cyfitter_cfg.c **** 	{
 199:Generated_Source\PSoC5/cyfitter_cfg.c **** 		CyClockStartupError(CYCLOCKSTART_PLL_ERROR);
 200:Generated_Source\PSoC5/cyfitter_cfg.c **** 	}
 201:Generated_Source\PSoC5/cyfitter_cfg.c **** 
 202:Generated_Source\PSoC5/cyfitter_cfg.c **** 	/* Configure Bus/Master Clock based on settings from Clock DWR */
 203:Generated_Source\PSoC5/cyfitter_cfg.c **** 	CY_SET_XTND_REG16((void CYFAR *)(CYREG_CLKDIST_MSTR0), 0x0100u);
 204:Generated_Source\PSoC5/cyfitter_cfg.c **** 	CY_SET_XTND_REG8((void CYFAR *)(CYREG_CLKDIST_MSTR0), 0x07u);
 205:Generated_Source\PSoC5/cyfitter_cfg.c **** 	CY_SET_XTND_REG8((void CYFAR *)(CYREG_CLKDIST_BCFG0), 0x00u);
 206:Generated_Source\PSoC5/cyfitter_cfg.c **** 	CY_SET_XTND_REG8((void CYFAR *)(CYREG_CLKDIST_BCFG2), 0x48u);
 207:Generated_Source\PSoC5/cyfitter_cfg.c **** 	CY_SET_XTND_REG8((void CYFAR *)(CYREG_CLKDIST_MSTR0), 0x00u);
 208:Generated_Source\PSoC5/cyfitter_cfg.c **** 	CY_SET_XTND_REG8((void CYFAR *)(CYREG_CLKDIST_LD), 0x02u);
 209:Generated_Source\PSoC5/cyfitter_cfg.c **** }
 210:Generated_Source\PSoC5/cyfitter_cfg.c **** 
 211:Generated_Source\PSoC5/cyfitter_cfg.c **** 
 212:Generated_Source\PSoC5/cyfitter_cfg.c **** /* Analog API Functions */
 213:Generated_Source\PSoC5/cyfitter_cfg.c **** 
 214:Generated_Source\PSoC5/cyfitter_cfg.c **** 
 215:Generated_Source\PSoC5/cyfitter_cfg.c **** /*******************************************************************************
 216:Generated_Source\PSoC5/cyfitter_cfg.c **** * Function Name: AnalogSetDefault
 217:Generated_Source\PSoC5/cyfitter_cfg.c **** ********************************************************************************
 218:Generated_Source\PSoC5/cyfitter_cfg.c **** *
 219:Generated_Source\PSoC5/cyfitter_cfg.c **** * Summary:
 220:Generated_Source\PSoC5/cyfitter_cfg.c **** *  Sets up the analog portions of the chip to default values based on chip
 221:Generated_Source\PSoC5/cyfitter_cfg.c **** *  configuration options from the project.
 222:Generated_Source\PSoC5/cyfitter_cfg.c **** *
 223:Generated_Source\PSoC5/cyfitter_cfg.c **** * Parameters:
 224:Generated_Source\PSoC5/cyfitter_cfg.c **** *  void
 225:Generated_Source\PSoC5/cyfitter_cfg.c **** *
 226:Generated_Source\PSoC5/cyfitter_cfg.c **** * Return:
 227:Generated_Source\PSoC5/cyfitter_cfg.c **** *  void
 228:Generated_Source\PSoC5/cyfitter_cfg.c **** *
 229:Generated_Source\PSoC5/cyfitter_cfg.c **** *******************************************************************************/
 230:Generated_Source\PSoC5/cyfitter_cfg.c **** static void AnalogSetDefault(void);
 231:Generated_Source\PSoC5/cyfitter_cfg.c **** static void AnalogSetDefault(void)
 232:Generated_Source\PSoC5/cyfitter_cfg.c **** {
  46              		.loc 1 232 0
  47              		.cfi_startproc
  48              		@ args = 0, pretend = 0, frame = 0
  49              		@ frame_needed = 0, uses_anonymous_args = 0
  50              		@ link register save eliminated.
 233:Generated_Source\PSoC5/cyfitter_cfg.c **** 	uint8 bg_xover_inl_trim = CY_GET_XTND_REG8((void CYFAR *)(CYREG_FLSHID_MFG_CFG_BG_XOVER_INL_TRIM +
  51              		.loc 1 233 0
  52 0000 064B     		ldr	r3, .L4
ARM GAS  C:\Users\Henry\AppData\Local\Temp\ccwPsjb1.s 			page 6


  53 0002 1B78     		ldrb	r3, [r3]	@ zero_extendqisi2
  54 0004 DBB2     		uxtb	r3, r3
  55              	.LVL1:
 234:Generated_Source\PSoC5/cyfitter_cfg.c **** 	CY_SET_XTND_REG8((void CYFAR *)(CYREG_BG_DFT0), (bg_xover_inl_trim & 0x07u));
  56              		.loc 1 234 0
  57 0006 03F00701 		and	r1, r3, #7
  58 000a 054A     		ldr	r2, .L4+4
  59 000c 1170     		strb	r1, [r2]
 235:Generated_Source\PSoC5/cyfitter_cfg.c **** 	CY_SET_XTND_REG8((void CYFAR *)(CYREG_BG_DFT1), ((bg_xover_inl_trim >> 4) & 0x0Fu));
  60              		.loc 1 235 0
  61 000e 1B09     		lsrs	r3, r3, #4
  62              	.LVL2:
  63 0010 0132     		adds	r2, r2, #1
  64 0012 1370     		strb	r3, [r2]
 236:Generated_Source\PSoC5/cyfitter_cfg.c **** 	CY_SET_XTND_REG8((void CYFAR *)CYREG_PUMP_CR0, 0x44u);
  65              		.loc 1 236 0
  66 0014 4422     		movs	r2, #68
  67 0016 034B     		ldr	r3, .L4+8
  68 0018 1A70     		strb	r2, [r3]
  69 001a 7047     		bx	lr
  70              	.L5:
  71              		.align	2
  72              	.L4:
  73 001c CF010049 		.word	1224737231
  74 0020 6E580040 		.word	1073764462
  75 0024 76580040 		.word	1073764470
  76              		.cfi_endproc
  77              	.LFE5:
  78              		.size	AnalogSetDefault, .-AnalogSetDefault
  79              		.section	.text.CYMEMZERO,"ax",%progbits
  80              		.align	2
  81              		.thumb
  82              		.thumb_func
  83              		.type	CYMEMZERO, %function
  84              	CYMEMZERO:
  85              	.LFB0:
  78:Generated_Source\PSoC5/cyfitter_cfg.c **** 	(void)memset(s, 0, n);
  86              		.loc 1 78 0
  87              		.cfi_startproc
  88              		@ args = 0, pretend = 0, frame = 0
  89              		@ frame_needed = 0, uses_anonymous_args = 0
  90              	.LVL3:
  91 0000 08B5     		push	{r3, lr}
  92              		.cfi_def_cfa_offset 8
  93              		.cfi_offset 3, -8
  94              		.cfi_offset 14, -4
  79:Generated_Source\PSoC5/cyfitter_cfg.c **** }
  95              		.loc 1 79 0
  96 0002 0A46     		mov	r2, r1
  97 0004 0021     		movs	r1, #0
  98              	.LVL4:
  99 0006 FFF7FEFF 		bl	memset
 100              	.LVL5:
 101 000a 08BD     		pop	{r3, pc}
 102              		.cfi_endproc
 103              	.LFE0:
 104              		.size	CYMEMZERO, .-CYMEMZERO
ARM GAS  C:\Users\Henry\AppData\Local\Temp\ccwPsjb1.s 			page 7


 105              		.section	.text.ClockSetup,"ax",%progbits
 106              		.align	2
 107              		.thumb
 108              		.thumb_func
 109              		.type	ClockSetup, %function
 110              	ClockSetup:
 111              	.LFB4:
 173:Generated_Source\PSoC5/cyfitter_cfg.c **** 	uint32 timeout;
 112              		.loc 1 173 0
 113              		.cfi_startproc
 114              		@ args = 0, pretend = 0, frame = 0
 115              		@ frame_needed = 0, uses_anonymous_args = 0
 116 0000 38B5     		push	{r3, r4, r5, lr}
 117              		.cfi_def_cfa_offset 16
 118              		.cfi_offset 3, -16
 119              		.cfi_offset 4, -12
 120              		.cfi_offset 5, -8
 121              		.cfi_offset 14, -4
 179:Generated_Source\PSoC5/cyfitter_cfg.c **** 	CY_SET_XTND_REG8((void CYFAR *)(CYREG_CLKDIST_CR), 0x08u);
 122              		.loc 1 179 0
 123 0002 0222     		movs	r2, #2
 124 0004 1E4B     		ldr	r3, .L14
 125 0006 1A70     		strb	r2, [r3]
 180:Generated_Source\PSoC5/cyfitter_cfg.c **** 
 126              		.loc 1 180 0
 127 0008 0822     		movs	r2, #8
 128 000a 4FF04023 		mov	r3, #1073758208
 129 000e 1A70     		strb	r2, [r3]
 183:Generated_Source\PSoC5/cyfitter_cfg.c **** 	CY_SET_XTND_REG8((void CYFAR *)(CYREG_IMO_TR1), (CY_GET_XTND_REG8((void CYFAR *)CYREG_FLSHID_CUST_
 130              		.loc 1 183 0
 131 0010 0321     		movs	r1, #3
 132 0012 03F50073 		add	r3, r3, #512
 133 0016 1970     		strb	r1, [r3]
 184:Generated_Source\PSoC5/cyfitter_cfg.c **** 
 134              		.loc 1 184 0
 135 0018 1A4B     		ldr	r3, .L14+4
 136 001a 1B78     		ldrb	r3, [r3]	@ zero_extendqisi2
 137 001c DBB2     		uxtb	r3, r3
 138 001e 1A49     		ldr	r1, .L14+8
 139 0020 0B70     		strb	r3, [r1]
 187:Generated_Source\PSoC5/cyfitter_cfg.c **** 	CY_SET_XTND_REG16((void CYFAR *)(CYREG_FASTCLK_PLL_CFG0), 0x1251u);
 140              		.loc 1 187 0
 141 0022 1A4B     		ldr	r3, .L14+12
 142 0024 1A80     		strh	r2, [r3]	@ movhi
 188:Generated_Source\PSoC5/cyfitter_cfg.c **** 	/* Wait up to 250us for the PLL to lock */
 143              		.loc 1 188 0
 144 0026 41F25122 		movw	r2, #4689
 145 002a 023B     		subs	r3, r3, #2
 146 002c 1A80     		strh	r2, [r3]	@ movhi
 147              	.LVL6:
 190:Generated_Source\PSoC5/cyfitter_cfg.c **** 	for (timeout = 250u / 10u; (timeout > 0u) && (pllLock != 0x03u); timeout--)
 148              		.loc 1 190 0
 149 002e 0024     		movs	r4, #0
 191:Generated_Source\PSoC5/cyfitter_cfg.c **** 	{ 
 150              		.loc 1 191 0
 151 0030 1925     		movs	r5, #25
 152 0032 0CE0     		b	.L9
ARM GAS  C:\Users\Henry\AppData\Local\Temp\ccwPsjb1.s 			page 8


 153              	.LVL7:
 154              	.L11:
 193:Generated_Source\PSoC5/cyfitter_cfg.c **** 		CyDelayCycles(10u * 48u); /* Delay 10us based on 48MHz clock */
 155              		.loc 1 193 0 discriminator 4
 156 0034 164B     		ldr	r3, .L14+16
 157 0036 1B78     		ldrb	r3, [r3]	@ zero_extendqisi2
 158 0038 03F00103 		and	r3, r3, #1
 159 003c 43EA4404 		orr	r4, r3, r4, lsl #1
 160              	.LVL8:
 161 0040 04F00304 		and	r4, r4, #3
 162              	.LVL9:
 194:Generated_Source\PSoC5/cyfitter_cfg.c **** 	}
 163              		.loc 1 194 0 discriminator 4
 164 0044 4FF4F070 		mov	r0, #480
 165 0048 FFF7FEFF 		bl	CyDelayCycles
 166              	.LVL10:
 191:Generated_Source\PSoC5/cyfitter_cfg.c **** 	{ 
 167              		.loc 1 191 0 discriminator 4
 168 004c 013D     		subs	r5, r5, #1
 169              	.LVL11:
 170              	.L9:
 191:Generated_Source\PSoC5/cyfitter_cfg.c **** 	{ 
 171              		.loc 1 191 0 is_stmt 0 discriminator 1
 172 004e 0DB1     		cbz	r5, .L10
 191:Generated_Source\PSoC5/cyfitter_cfg.c **** 	{ 
 173              		.loc 1 191 0 discriminator 3
 174 0050 032C     		cmp	r4, #3
 175 0052 EFD1     		bne	.L11
 176              	.L10:
 197:Generated_Source\PSoC5/cyfitter_cfg.c **** 	{
 177              		.loc 1 197 0 is_stmt 1
 178 0054 15B9     		cbnz	r5, .L12
 199:Generated_Source\PSoC5/cyfitter_cfg.c **** 	}
 179              		.loc 1 199 0
 180 0056 0320     		movs	r0, #3
 181 0058 FFF7FEFF 		bl	CyClockStartupError
 182              	.LVL12:
 183              	.L12:
 203:Generated_Source\PSoC5/cyfitter_cfg.c **** 	CY_SET_XTND_REG8((void CYFAR *)(CYREG_CLKDIST_MSTR0), 0x07u);
 184              		.loc 1 203 0
 185 005c 0D4B     		ldr	r3, .L14+20
 186 005e 4FF48072 		mov	r2, #256
 187 0062 1A80     		strh	r2, [r3]	@ movhi
 204:Generated_Source\PSoC5/cyfitter_cfg.c **** 	CY_SET_XTND_REG8((void CYFAR *)(CYREG_CLKDIST_BCFG0), 0x00u);
 188              		.loc 1 204 0
 189 0064 0722     		movs	r2, #7
 190 0066 1A70     		strb	r2, [r3]
 205:Generated_Source\PSoC5/cyfitter_cfg.c **** 	CY_SET_XTND_REG8((void CYFAR *)(CYREG_CLKDIST_BCFG2), 0x48u);
 191              		.loc 1 205 0
 192 0068 0022     		movs	r2, #0
 193 006a 0B49     		ldr	r1, .L14+24
 194 006c 0A70     		strb	r2, [r1]
 206:Generated_Source\PSoC5/cyfitter_cfg.c **** 	CY_SET_XTND_REG8((void CYFAR *)(CYREG_CLKDIST_MSTR0), 0x00u);
 195              		.loc 1 206 0
 196 006e 4820     		movs	r0, #72
 197 0070 0231     		adds	r1, r1, #2
 198 0072 0870     		strb	r0, [r1]
ARM GAS  C:\Users\Henry\AppData\Local\Temp\ccwPsjb1.s 			page 9


 207:Generated_Source\PSoC5/cyfitter_cfg.c **** 	CY_SET_XTND_REG8((void CYFAR *)(CYREG_CLKDIST_LD), 0x02u);
 199              		.loc 1 207 0
 200 0074 1A70     		strb	r2, [r3]
 208:Generated_Source\PSoC5/cyfitter_cfg.c **** }
 201              		.loc 1 208 0
 202 0076 0222     		movs	r2, #2
 203 0078 033B     		subs	r3, r3, #3
 204 007a 1A70     		strb	r2, [r3]
 205 007c 38BD     		pop	{r3, r4, r5, pc}
 206              	.LVL13:
 207              	.L15:
 208 007e 00BF     		.align	2
 209              	.L14:
 210 0080 00430040 		.word	1073758976
 211 0084 08010049 		.word	1224737032
 212 0088 A1460040 		.word	1073759905
 213 008c 22420040 		.word	1073758754
 214 0090 25420040 		.word	1073758757
 215 0094 04400040 		.word	1073758212
 216 0098 06400040 		.word	1073758214
 217              		.cfi_endproc
 218              	.LFE4:
 219              		.size	ClockSetup, .-ClockSetup
 220              		.section	.text.CYCONFIGCPY,"ax",%progbits
 221              		.align	2
 222              		.thumb
 223              		.thumb_func
 224              		.type	CYCONFIGCPY, %function
 225              	CYCONFIGCPY:
 226              	.LFB1:
  85:Generated_Source\PSoC5/cyfitter_cfg.c **** 	(void)memcpy(dest, src, n);
 227              		.loc 1 85 0
 228              		.cfi_startproc
 229              		@ args = 0, pretend = 0, frame = 0
 230              		@ frame_needed = 0, uses_anonymous_args = 0
 231              	.LVL14:
 232 0000 08B5     		push	{r3, lr}
 233              		.cfi_def_cfa_offset 8
 234              		.cfi_offset 3, -8
 235              		.cfi_offset 14, -4
  86:Generated_Source\PSoC5/cyfitter_cfg.c **** }
 236              		.loc 1 86 0
 237 0002 FFF7FEFF 		bl	memcpy
 238              	.LVL15:
 239 0006 08BD     		pop	{r3, pc}
 240              		.cfi_endproc
 241              	.LFE1:
 242              		.size	CYCONFIGCPY, .-CYCONFIGCPY
 243              		.section	.text.SetAnalogRoutingPumps,"ax",%progbits
 244              		.align	2
 245              		.global	SetAnalogRoutingPumps
 246              		.thumb
 247              		.thumb_func
 248              		.type	SetAnalogRoutingPumps, %function
 249              	SetAnalogRoutingPumps:
 250              	.LFB6:
 237:Generated_Source\PSoC5/cyfitter_cfg.c **** }
ARM GAS  C:\Users\Henry\AppData\Local\Temp\ccwPsjb1.s 			page 10


 238:Generated_Source\PSoC5/cyfitter_cfg.c **** 
 239:Generated_Source\PSoC5/cyfitter_cfg.c **** 
 240:Generated_Source\PSoC5/cyfitter_cfg.c **** /*******************************************************************************
 241:Generated_Source\PSoC5/cyfitter_cfg.c **** * Function Name: SetAnalogRoutingPumps
 242:Generated_Source\PSoC5/cyfitter_cfg.c **** ********************************************************************************
 243:Generated_Source\PSoC5/cyfitter_cfg.c **** *
 244:Generated_Source\PSoC5/cyfitter_cfg.c **** * Summary:
 245:Generated_Source\PSoC5/cyfitter_cfg.c **** * Enables or disables the analog pumps feeding analog routing switches.
 246:Generated_Source\PSoC5/cyfitter_cfg.c **** * Intended to be called at startup, based on the Vdda system configuration;
 247:Generated_Source\PSoC5/cyfitter_cfg.c **** * may be called during operation when the user informs us that the Vdda voltage
 248:Generated_Source\PSoC5/cyfitter_cfg.c **** * crossed the pump threshold.
 249:Generated_Source\PSoC5/cyfitter_cfg.c **** *
 250:Generated_Source\PSoC5/cyfitter_cfg.c **** * Parameters:
 251:Generated_Source\PSoC5/cyfitter_cfg.c **** *  enabled - 1 to enable the pumps, 0 to disable the pumps
 252:Generated_Source\PSoC5/cyfitter_cfg.c **** *
 253:Generated_Source\PSoC5/cyfitter_cfg.c **** * Return:
 254:Generated_Source\PSoC5/cyfitter_cfg.c **** *  void
 255:Generated_Source\PSoC5/cyfitter_cfg.c **** *
 256:Generated_Source\PSoC5/cyfitter_cfg.c **** *******************************************************************************/
 257:Generated_Source\PSoC5/cyfitter_cfg.c **** void SetAnalogRoutingPumps(uint8 enabled)
 258:Generated_Source\PSoC5/cyfitter_cfg.c **** {
 251              		.loc 1 258 0
 252              		.cfi_startproc
 253              		@ args = 0, pretend = 0, frame = 0
 254              		@ frame_needed = 0, uses_anonymous_args = 0
 255              		@ link register save eliminated.
 256              	.LVL16:
 259:Generated_Source\PSoC5/cyfitter_cfg.c **** 	uint8 regValue = CY_GET_XTND_REG8((void CYFAR *)CYREG_PUMP_CR0);
 257              		.loc 1 259 0
 258 0000 024A     		ldr	r2, .L19
 259 0002 1378     		ldrb	r3, [r2]	@ zero_extendqisi2
 260 0004 DBB2     		uxtb	r3, r3
 261              	.LVL17:
 260:Generated_Source\PSoC5/cyfitter_cfg.c **** 	if (enabled != 0u)
 261:Generated_Source\PSoC5/cyfitter_cfg.c **** 	{
 262:Generated_Source\PSoC5/cyfitter_cfg.c **** 		regValue |= 0x00u;
 263:Generated_Source\PSoC5/cyfitter_cfg.c **** 	}
 264:Generated_Source\PSoC5/cyfitter_cfg.c **** 	else
 265:Generated_Source\PSoC5/cyfitter_cfg.c **** 	{
 266:Generated_Source\PSoC5/cyfitter_cfg.c **** 		regValue &= (uint8)~0x00u;
 267:Generated_Source\PSoC5/cyfitter_cfg.c **** 	}
 268:Generated_Source\PSoC5/cyfitter_cfg.c **** 	CY_SET_XTND_REG8((void CYFAR *)CYREG_PUMP_CR0, regValue);
 262              		.loc 1 268 0
 263 0006 1370     		strb	r3, [r2]
 264 0008 7047     		bx	lr
 265              	.L20:
 266 000a 00BF     		.align	2
 267              	.L19:
 268 000c 76580040 		.word	1073764470
 269              		.cfi_endproc
 270              	.LFE6:
 271              		.size	SetAnalogRoutingPumps, .-SetAnalogRoutingPumps
 272              		.section	.text.cyfitter_cfg,"ax",%progbits
 273              		.align	2
 274              		.global	cyfitter_cfg
 275              		.thumb
 276              		.thumb_func
ARM GAS  C:\Users\Henry\AppData\Local\Temp\ccwPsjb1.s 			page 11


 277              		.type	cyfitter_cfg, %function
 278              	cyfitter_cfg:
 279              	.LFB7:
 269:Generated_Source\PSoC5/cyfitter_cfg.c **** }
 270:Generated_Source\PSoC5/cyfitter_cfg.c **** 
 271:Generated_Source\PSoC5/cyfitter_cfg.c **** 
 272:Generated_Source\PSoC5/cyfitter_cfg.c **** 
 273:Generated_Source\PSoC5/cyfitter_cfg.c **** 
 274:Generated_Source\PSoC5/cyfitter_cfg.c **** /*******************************************************************************
 275:Generated_Source\PSoC5/cyfitter_cfg.c **** * Function Name: cyfitter_cfg
 276:Generated_Source\PSoC5/cyfitter_cfg.c **** ********************************************************************************
 277:Generated_Source\PSoC5/cyfitter_cfg.c **** * Summary:
 278:Generated_Source\PSoC5/cyfitter_cfg.c **** *  This function is called by the start-up code for the selected device. It
 279:Generated_Source\PSoC5/cyfitter_cfg.c **** *  performs all of the necessary device configuration based on the design
 280:Generated_Source\PSoC5/cyfitter_cfg.c **** *  settings.  This includes settings from the Design Wide Resources (DWR) such
 281:Generated_Source\PSoC5/cyfitter_cfg.c **** *  as Clocks and Pins as well as any component configuration that is necessary.
 282:Generated_Source\PSoC5/cyfitter_cfg.c **** *
 283:Generated_Source\PSoC5/cyfitter_cfg.c **** * Parameters:
 284:Generated_Source\PSoC5/cyfitter_cfg.c **** *   void
 285:Generated_Source\PSoC5/cyfitter_cfg.c **** *
 286:Generated_Source\PSoC5/cyfitter_cfg.c **** * Return:
 287:Generated_Source\PSoC5/cyfitter_cfg.c **** *   void
 288:Generated_Source\PSoC5/cyfitter_cfg.c **** *
 289:Generated_Source\PSoC5/cyfitter_cfg.c **** *******************************************************************************/
 290:Generated_Source\PSoC5/cyfitter_cfg.c **** 
 291:Generated_Source\PSoC5/cyfitter_cfg.c **** void cyfitter_cfg(void)
 292:Generated_Source\PSoC5/cyfitter_cfg.c **** {
 280              		.loc 1 292 0
 281              		.cfi_startproc
 282              		@ args = 0, pretend = 0, frame = 0
 283              		@ frame_needed = 0, uses_anonymous_args = 0
 284 0000 38B5     		push	{r3, r4, r5, lr}
 285              		.cfi_def_cfa_offset 16
 286              		.cfi_offset 3, -16
 287              		.cfi_offset 4, -12
 288              		.cfi_offset 5, -8
 289              		.cfi_offset 14, -4
 293:Generated_Source\PSoC5/cyfitter_cfg.c **** #ifdef CYGlobalIntDisable
 294:Generated_Source\PSoC5/cyfitter_cfg.c **** 	/* Disable interrupts by default. Let user enable if/when they want. */
 295:Generated_Source\PSoC5/cyfitter_cfg.c **** 	CYGlobalIntDisable
 290              		.loc 1 295 0
 291              		.syntax unified
 292              	@ 295 "Generated_Source\PSoC5\cyfitter_cfg.c" 1
 293 0002 72B6     		CPSID   i
 294              	@ 0 "" 2
 296:Generated_Source\PSoC5/cyfitter_cfg.c **** #endif
 297:Generated_Source\PSoC5/cyfitter_cfg.c **** 
 298:Generated_Source\PSoC5/cyfitter_cfg.c **** 	/* Enable/Disable Debug functionality based on settings from System DWR */
 299:Generated_Source\PSoC5/cyfitter_cfg.c **** 	CY_SET_XTND_REG8((void CYFAR *)CYREG_MLOGIC_DEBUG, (CY_GET_XTND_REG8((void CYFAR *)CYREG_MLOGIC_DE
 295              		.loc 1 299 0
 296              		.thumb
 297              		.syntax unified
 298 0004 1E4A     		ldr	r2, .L25
 299 0006 1378     		ldrb	r3, [r2]	@ zero_extendqisi2
 300 0008 43F00403 		orr	r3, r3, #4
 301 000c 1370     		strb	r3, [r2]
 302              	.LVL18:
ARM GAS  C:\Users\Henry\AppData\Local\Temp\ccwPsjb1.s 			page 12


 303              	.LBB2:
 300:Generated_Source\PSoC5/cyfitter_cfg.c **** 
 301:Generated_Source\PSoC5/cyfitter_cfg.c **** 	{
 302:Generated_Source\PSoC5/cyfitter_cfg.c **** 
 303:Generated_Source\PSoC5/cyfitter_cfg.c **** 		CYPACKED typedef struct {
 304:Generated_Source\PSoC5/cyfitter_cfg.c **** 			void CYFAR *address;
 305:Generated_Source\PSoC5/cyfitter_cfg.c **** 			uint16 size;
 306:Generated_Source\PSoC5/cyfitter_cfg.c **** 		} CYPACKED_ATTR cfg_memset_t;
 307:Generated_Source\PSoC5/cyfitter_cfg.c **** 
 308:Generated_Source\PSoC5/cyfitter_cfg.c **** 		static const cfg_memset_t CYCODE cfg_memset_list[] = {
 309:Generated_Source\PSoC5/cyfitter_cfg.c **** 			/* address, size */
 310:Generated_Source\PSoC5/cyfitter_cfg.c **** 			{(void CYFAR *)(CYREG_PRT0_DR), 16u},
 311:Generated_Source\PSoC5/cyfitter_cfg.c **** 			{(void CYFAR *)(CYREG_PRT2_DR), 80u},
 312:Generated_Source\PSoC5/cyfitter_cfg.c **** 			{(void CYFAR *)(CYREG_PRT12_DR), 16u},
 313:Generated_Source\PSoC5/cyfitter_cfg.c **** 			{(void CYFAR *)(CYREG_PRT15_DR), 16u},
 314:Generated_Source\PSoC5/cyfitter_cfg.c **** 			{(void CYFAR *)(CYDEV_UCFG_B0_P0_U0_BASE), 4096u},
 315:Generated_Source\PSoC5/cyfitter_cfg.c **** 			{(void CYFAR *)(CYDEV_UCFG_B1_P2_U0_BASE), 2048u},
 316:Generated_Source\PSoC5/cyfitter_cfg.c **** 			{(void CYFAR *)(CYDEV_UCFG_DSI0_BASE), 2560u},
 317:Generated_Source\PSoC5/cyfitter_cfg.c **** 			{(void CYFAR *)(CYDEV_UCFG_DSI12_BASE), 512u},
 318:Generated_Source\PSoC5/cyfitter_cfg.c **** 			{(void CYFAR *)(CYREG_BCTL0_MDCLK_EN), 32u},
 319:Generated_Source\PSoC5/cyfitter_cfg.c **** 		};
 320:Generated_Source\PSoC5/cyfitter_cfg.c **** 
 321:Generated_Source\PSoC5/cyfitter_cfg.c **** 		uint8 CYDATA i;
 322:Generated_Source\PSoC5/cyfitter_cfg.c **** 
 323:Generated_Source\PSoC5/cyfitter_cfg.c **** 		/* Zero out critical memory blocks before beginning configuration */
 324:Generated_Source\PSoC5/cyfitter_cfg.c **** 		for (i = 0u; i < (sizeof(cfg_memset_list)/sizeof(cfg_memset_list[0])); i++)
 304              		.loc 1 324 0
 305 000e 0024     		movs	r4, #0
 306 0010 0CE0     		b	.L22
 307              	.LVL19:
 308              	.L23:
 309              	.LBB3:
 325:Generated_Source\PSoC5/cyfitter_cfg.c **** 		{
 326:Generated_Source\PSoC5/cyfitter_cfg.c **** 			const cfg_memset_t CYCODE * CYDATA ms = &cfg_memset_list[i];
 327:Generated_Source\PSoC5/cyfitter_cfg.c **** 			CYMEMZERO(ms->address, (size_t)(uint32)(ms->size));
 310              		.loc 1 327 0 discriminator 3
 311 0012 1C4D     		ldr	r5, .L25+4
 312 0014 6300     		lsls	r3, r4, #1
 313 0016 1919     		adds	r1, r3, r4
 314 0018 4A00     		lsls	r2, r1, #1
 315 001a 1146     		mov	r1, r2
 316 001c 2A44     		add	r2, r2, r5
 317 001e 0846     		mov	r0, r1
 318 0020 9188     		ldrh	r1, [r2, #4]
 319 0022 2858     		ldr	r0, [r5, r0]	@ unaligned
 320 0024 FFF7FEFF 		bl	CYMEMZERO
 321              	.LVL20:
 322              	.LBE3:
 324:Generated_Source\PSoC5/cyfitter_cfg.c **** 		{
 323              		.loc 1 324 0 discriminator 3
 324 0028 0134     		adds	r4, r4, #1
 325              	.LVL21:
 326 002a E4B2     		uxtb	r4, r4
 327              	.LVL22:
 328              	.L22:
 324:Generated_Source\PSoC5/cyfitter_cfg.c **** 		{
 329              		.loc 1 324 0 is_stmt 0 discriminator 1
ARM GAS  C:\Users\Henry\AppData\Local\Temp\ccwPsjb1.s 			page 13


 330 002c 082C     		cmp	r4, #8
 331 002e F0D9     		bls	.L23
 328:Generated_Source\PSoC5/cyfitter_cfg.c **** 		}
 329:Generated_Source\PSoC5/cyfitter_cfg.c **** 
 330:Generated_Source\PSoC5/cyfitter_cfg.c **** 		/* Enable digital routing */
 331:Generated_Source\PSoC5/cyfitter_cfg.c **** 		CY_SET_XTND_REG8((void CYFAR *)CYREG_BCTL0_BANK_CTL, CY_GET_XTND_REG8((void CYFAR *)CYREG_BCTL0_B
 332              		.loc 1 331 0 is_stmt 1
 333 0030 154A     		ldr	r2, .L25+8
 334 0032 1378     		ldrb	r3, [r2]	@ zero_extendqisi2
 335 0034 43F00203 		orr	r3, r3, #2
 336 0038 1370     		strb	r3, [r2]
 332:Generated_Source\PSoC5/cyfitter_cfg.c **** 		CY_SET_XTND_REG8((void CYFAR *)CYREG_BCTL1_BANK_CTL, CY_GET_XTND_REG8((void CYFAR *)CYREG_BCTL1_B
 337              		.loc 1 332 0
 338 003a 1032     		adds	r2, r2, #16
 339 003c 1378     		ldrb	r3, [r2]	@ zero_extendqisi2
 340 003e 43F00203 		orr	r3, r3, #2
 341 0042 1370     		strb	r3, [r2]
 342              	.LBE2:
 333:Generated_Source\PSoC5/cyfitter_cfg.c **** 	}
 334:Generated_Source\PSoC5/cyfitter_cfg.c **** 
 335:Generated_Source\PSoC5/cyfitter_cfg.c **** 
 336:Generated_Source\PSoC5/cyfitter_cfg.c **** 	/* Perform second pass device configuration. These items must be configured in specific order afte
 337:Generated_Source\PSoC5/cyfitter_cfg.c **** 	CYCONFIGCPY((void CYFAR *)(CYREG_PRT1_DM0), (const void CYFAR *)(BS_IOPINS0_1_VAL), 8u);
 343              		.loc 1 337 0
 344 0044 0822     		movs	r2, #8
 345 0046 4FF09041 		mov	r1, #1207959552
 346 004a 1048     		ldr	r0, .L25+12
 347 004c FFF7FEFF 		bl	CYCONFIGCPY
 348              	.LVL23:
 338:Generated_Source\PSoC5/cyfitter_cfg.c **** 	/* Switch Boost to the precision bandgap reference from its internal reference */
 339:Generated_Source\PSoC5/cyfitter_cfg.c **** 	CY_SET_REG8((void CYXDATA *)CYREG_BOOST_CR2, (CY_GET_REG8((void CYXDATA *)CYREG_BOOST_CR2) | 0x08u
 349              		.loc 1 339 0
 350 0050 0F4A     		ldr	r2, .L25+16
 351 0052 1378     		ldrb	r3, [r2]	@ zero_extendqisi2
 352 0054 43F00803 		orr	r3, r3, #8
 353 0058 1370     		strb	r3, [r2]
 340:Generated_Source\PSoC5/cyfitter_cfg.c **** 
 341:Generated_Source\PSoC5/cyfitter_cfg.c **** 	/* Set Flash Cycles based on max possible frequency in case a glitch occurs during ClockSetup(). *
 342:Generated_Source\PSoC5/cyfitter_cfg.c **** 	CY_SET_XTND_REG8((void CYFAR *)(CYREG_CACHE_CC_CTL), (((CYDEV_INSTRUCT_CACHE_ENABLED) != 0) ? 0x61
 354              		.loc 1 342 0
 355 005a 0E4C     		ldr	r4, .L25+20
 356              	.LVL24:
 357 005c 6123     		movs	r3, #97
 358 005e 2370     		strb	r3, [r4]
 343:Generated_Source\PSoC5/cyfitter_cfg.c **** 	/* Setup clocks based on selections from Clock DWR */
 344:Generated_Source\PSoC5/cyfitter_cfg.c **** 	ClockSetup();
 359              		.loc 1 344 0
 360 0060 FFF7FEFF 		bl	ClockSetup
 361              	.LVL25:
 345:Generated_Source\PSoC5/cyfitter_cfg.c **** 	/* Set Flash Cycles based on newly configured 24.00MHz Bus Clock. */
 346:Generated_Source\PSoC5/cyfitter_cfg.c **** 	CY_SET_XTND_REG8((void CYFAR *)(CYREG_CACHE_CC_CTL), (((CYDEV_INSTRUCT_CACHE_ENABLED) != 0) ? 0x81
 362              		.loc 1 346 0
 363 0064 8123     		movs	r3, #129
 364 0066 2370     		strb	r3, [r4]
 347:Generated_Source\PSoC5/cyfitter_cfg.c **** 	CY_SET_XTND_REG8((void CYFAR *)(CYREG_PANTHER_WAITPIPE), 0x01u);
 365              		.loc 1 347 0
 366 0068 0122     		movs	r2, #1
ARM GAS  C:\Users\Henry\AppData\Local\Temp\ccwPsjb1.s 			page 14


 367 006a 0B4B     		ldr	r3, .L25+24
 368 006c 1A70     		strb	r2, [r3]
 348:Generated_Source\PSoC5/cyfitter_cfg.c **** 
 349:Generated_Source\PSoC5/cyfitter_cfg.c **** 	/* Perform basic analog initialization to defaults */
 350:Generated_Source\PSoC5/cyfitter_cfg.c **** 	AnalogSetDefault();
 369              		.loc 1 350 0
 370 006e FFF7FEFF 		bl	AnalogSetDefault
 371              	.LVL26:
 351:Generated_Source\PSoC5/cyfitter_cfg.c **** 
 352:Generated_Source\PSoC5/cyfitter_cfg.c **** 	/* Configure alternate active mode */
 353:Generated_Source\PSoC5/cyfitter_cfg.c **** 	CYCONFIGCPY((void CYFAR *)CYDEV_PM_STBY_BASE, (const void CYFAR *)CYDEV_PM_ACT_BASE, 14u);
 372              		.loc 1 353 0
 373 0072 0E22     		movs	r2, #14
 374 0074 0949     		ldr	r1, .L25+28
 375 0076 0A48     		ldr	r0, .L25+32
 376 0078 FFF7FEFF 		bl	CYCONFIGCPY
 377              	.LVL27:
 378 007c 38BD     		pop	{r3, r4, r5, pc}
 379              	.L26:
 380 007e 00BF     		.align	2
 381              	.L25:
 382 0080 E8460040 		.word	1073759976
 383 0084 00000000 		.word	.LANCHOR0
 384 0088 03500140 		.word	1073827843
 385 008c 12510040 		.word	1073762578
 386 0090 22430040 		.word	1073759010
 387 0094 00480040 		.word	1073760256
 388 0098 04000840 		.word	1074266116
 389 009c A0430040 		.word	1073759136
 390 00a0 B0430040 		.word	1073759152
 391              		.cfi_endproc
 392              	.LFE7:
 393              		.size	cyfitter_cfg, .-cyfitter_cfg
 394              		.section	.rodata
 395              		.align	2
 396              		.set	.LANCHOR0,. + 0
 397              		.type	cfg_memset_list.4992, %object
 398              		.size	cfg_memset_list.4992, 54
 399              	cfg_memset_list.4992:
 400 0000 00510040 		.word	1073762560
 401 0004 1000     		.short	16
 402 0006 20510040 		.4byte	1073762592
 403 000a 5000     		.short	80
 404 000c C0510040 		.word	1073762752
 405 0010 1000     		.short	16
 406 0012 F0510040 		.4byte	1073762800
 407 0016 1000     		.short	16
 408 0018 00000140 		.word	1073807360
 409 001c 0010     		.short	4096
 410 001e 00140140 		.4byte	1073812480
 411 0022 0008     		.short	2048
 412 0024 00400140 		.word	1073823744
 413 0028 000A     		.short	2560
 414 002a 004C0140 		.4byte	1073826816
 415 002e 0002     		.short	512
 416 0030 00500140 		.word	1073827840
 417 0034 2000     		.short	32
ARM GAS  C:\Users\Henry\AppData\Local\Temp\ccwPsjb1.s 			page 15


 418              		.text
 419              	.Letext0:
 420              		.file 2 "c:\\program files (x86)\\cypress\\psoc creator\\4.4\\psoc creator\\import\\gnu\\arm\\5.4.
 421              		.file 3 "Generated_Source\\PSoC5\\cytypes.h"
 422              		.file 4 "Generated_Source\\PSoC5\\CyLib.h"
 423              		.section	.debug_info,"",%progbits
 424              	.Ldebug_info0:
 425 0000 A8030000 		.4byte	0x3a8
 426 0004 0400     		.2byte	0x4
 427 0006 00000000 		.4byte	.Ldebug_abbrev0
 428 000a 04       		.byte	0x4
 429 000b 01       		.uleb128 0x1
 430 000c 8E000000 		.4byte	.LASF39
 431 0010 0C       		.byte	0xc
 432 0011 1E020000 		.4byte	.LASF40
 433 0015 C6010000 		.4byte	.LASF41
 434 0019 00000000 		.4byte	.Ldebug_ranges0+0
 435 001d 00000000 		.4byte	0
 436 0021 00000000 		.4byte	.Ldebug_line0
 437 0025 02       		.uleb128 0x2
 438 0026 04       		.byte	0x4
 439 0027 05       		.byte	0x5
 440 0028 696E7400 		.ascii	"int\000"
 441 002c 03       		.uleb128 0x3
 442 002d 14000000 		.4byte	.LASF12
 443 0031 02       		.byte	0x2
 444 0032 D8       		.byte	0xd8
 445 0033 37000000 		.4byte	0x37
 446 0037 04       		.uleb128 0x4
 447 0038 04       		.byte	0x4
 448 0039 07       		.byte	0x7
 449 003a 9A010000 		.4byte	.LASF0
 450 003e 04       		.uleb128 0x4
 451 003f 08       		.byte	0x8
 452 0040 05       		.byte	0x5
 453 0041 10020000 		.4byte	.LASF1
 454 0045 04       		.uleb128 0x4
 455 0046 08       		.byte	0x8
 456 0047 04       		.byte	0x4
 457 0048 6B020000 		.4byte	.LASF2
 458 004c 04       		.uleb128 0x4
 459 004d 01       		.byte	0x1
 460 004e 06       		.byte	0x6
 461 004f 89020000 		.4byte	.LASF3
 462 0053 04       		.uleb128 0x4
 463 0054 01       		.byte	0x1
 464 0055 08       		.byte	0x8
 465 0056 59010000 		.4byte	.LASF4
 466 005a 04       		.uleb128 0x4
 467 005b 02       		.byte	0x2
 468 005c 05       		.byte	0x5
 469 005d 4B020000 		.4byte	.LASF5
 470 0061 04       		.uleb128 0x4
 471 0062 02       		.byte	0x2
 472 0063 07       		.byte	0x7
 473 0064 4F000000 		.4byte	.LASF6
 474 0068 04       		.uleb128 0x4
ARM GAS  C:\Users\Henry\AppData\Local\Temp\ccwPsjb1.s 			page 16


 475 0069 04       		.byte	0x4
 476 006a 05       		.byte	0x5
 477 006b 5D020000 		.4byte	.LASF7
 478 006f 04       		.uleb128 0x4
 479 0070 04       		.byte	0x4
 480 0071 07       		.byte	0x7
 481 0072 21010000 		.4byte	.LASF8
 482 0076 04       		.uleb128 0x4
 483 0077 08       		.byte	0x8
 484 0078 07       		.byte	0x7
 485 0079 AF010000 		.4byte	.LASF9
 486 007d 04       		.uleb128 0x4
 487 007e 04       		.byte	0x4
 488 007f 07       		.byte	0x7
 489 0080 07020000 		.4byte	.LASF10
 490 0084 05       		.uleb128 0x5
 491 0085 04       		.byte	0x4
 492 0086 04       		.uleb128 0x4
 493 0087 01       		.byte	0x1
 494 0088 08       		.byte	0x8
 495 0089 66020000 		.4byte	.LASF11
 496 008d 06       		.uleb128 0x6
 497 008e 33010000 		.4byte	.LASF13
 498 0092 03       		.byte	0x3
 499 0093 E801     		.2byte	0x1e8
 500 0095 53000000 		.4byte	0x53
 501 0099 06       		.uleb128 0x6
 502 009a 82010000 		.4byte	.LASF14
 503 009e 03       		.byte	0x3
 504 009f E901     		.2byte	0x1e9
 505 00a1 61000000 		.4byte	0x61
 506 00a5 06       		.uleb128 0x6
 507 00a6 93010000 		.4byte	.LASF15
 508 00aa 03       		.byte	0x3
 509 00ab EA01     		.2byte	0x1ea
 510 00ad 6F000000 		.4byte	0x6f
 511 00b1 04       		.uleb128 0x4
 512 00b2 04       		.byte	0x4
 513 00b3 04       		.byte	0x4
 514 00b4 6A000000 		.4byte	.LASF16
 515 00b8 04       		.uleb128 0x4
 516 00b9 08       		.byte	0x8
 517 00ba 04       		.byte	0x4
 518 00bb 6E010000 		.4byte	.LASF17
 519 00bf 06       		.uleb128 0x6
 520 00c0 1C010000 		.4byte	.LASF18
 521 00c4 03       		.byte	0x3
 522 00c5 9202     		.2byte	0x292
 523 00c7 CB000000 		.4byte	0xcb
 524 00cb 07       		.uleb128 0x7
 525 00cc 8D000000 		.4byte	0x8d
 526 00d0 06       		.uleb128 0x6
 527 00d1 00000000 		.4byte	.LASF19
 528 00d5 03       		.byte	0x3
 529 00d6 9302     		.2byte	0x293
 530 00d8 DC000000 		.4byte	0xdc
 531 00dc 07       		.uleb128 0x7
ARM GAS  C:\Users\Henry\AppData\Local\Temp\ccwPsjb1.s 			page 17


 532 00dd 99000000 		.4byte	0x99
 533 00e1 08       		.uleb128 0x8
 534 00e2 70000000 		.4byte	.LASF42
 535 00e6 01       		.byte	0x1
 536 00e7 7F       		.byte	0x7f
 537 00e8 00000000 		.4byte	.LFB3
 538 00ec 02000000 		.4byte	.LFE3-.LFB3
 539 00f0 01       		.uleb128 0x1
 540 00f1 9C       		.byte	0x9c
 541 00f2 04010000 		.4byte	0x104
 542 00f6 09       		.uleb128 0x9
 543 00f7 89010000 		.4byte	.LASF22
 544 00fb 01       		.byte	0x1
 545 00fc 7F       		.byte	0x7f
 546 00fd 8D000000 		.4byte	0x8d
 547 0101 01       		.uleb128 0x1
 548 0102 50       		.byte	0x50
 549 0103 00       		.byte	0
 550 0104 0A       		.uleb128 0xa
 551 0105 1B000000 		.4byte	.LASF20
 552 0109 01       		.byte	0x1
 553 010a E7       		.byte	0xe7
 554 010b 00000000 		.4byte	.LFB5
 555 010f 28000000 		.4byte	.LFE5-.LFB5
 556 0113 01       		.uleb128 0x1
 557 0114 9C       		.byte	0x9c
 558 0115 29010000 		.4byte	0x129
 559 0119 0B       		.uleb128 0xb
 560 011a 77020000 		.4byte	.LASF24
 561 011e 01       		.byte	0x1
 562 011f E9       		.byte	0xe9
 563 0120 8D000000 		.4byte	0x8d
 564 0124 00000000 		.4byte	.LLST0
 565 0128 00       		.byte	0
 566 0129 0A       		.uleb128 0xa
 567 012a 39010000 		.4byte	.LASF21
 568 012e 01       		.byte	0x1
 569 012f 4D       		.byte	0x4d
 570 0130 00000000 		.4byte	.LFB0
 571 0134 0C000000 		.4byte	.LFE0-.LFB0
 572 0138 01       		.uleb128 0x1
 573 0139 9C       		.byte	0x9c
 574 013a 76010000 		.4byte	0x176
 575 013e 0C       		.uleb128 0xc
 576 013f 7300     		.ascii	"s\000"
 577 0141 01       		.byte	0x1
 578 0142 4D       		.byte	0x4d
 579 0143 84000000 		.4byte	0x84
 580 0147 13000000 		.4byte	.LLST1
 581 014b 0C       		.uleb128 0xc
 582 014c 6E00     		.ascii	"n\000"
 583 014e 01       		.byte	0x1
 584 014f 4D       		.byte	0x4d
 585 0150 2C000000 		.4byte	0x2c
 586 0154 34000000 		.4byte	.LLST2
 587 0158 0D       		.uleb128 0xd
 588 0159 0A000000 		.4byte	.LVL5
ARM GAS  C:\Users\Henry\AppData\Local\Temp\ccwPsjb1.s 			page 18


 589 015d 8E030000 		.4byte	0x38e
 590 0161 0E       		.uleb128 0xe
 591 0162 01       		.uleb128 0x1
 592 0163 50       		.byte	0x50
 593 0164 03       		.uleb128 0x3
 594 0165 F3       		.byte	0xf3
 595 0166 01       		.uleb128 0x1
 596 0167 50       		.byte	0x50
 597 0168 0E       		.uleb128 0xe
 598 0169 01       		.uleb128 0x1
 599 016a 51       		.byte	0x51
 600 016b 01       		.uleb128 0x1
 601 016c 30       		.byte	0x30
 602 016d 0E       		.uleb128 0xe
 603 016e 01       		.uleb128 0x1
 604 016f 52       		.byte	0x52
 605 0170 03       		.uleb128 0x3
 606 0171 F3       		.byte	0xf3
 607 0172 01       		.uleb128 0x1
 608 0173 51       		.byte	0x51
 609 0174 00       		.byte	0
 610 0175 00       		.byte	0
 611 0176 0A       		.uleb128 0xa
 612 0177 44000000 		.4byte	.LASF23
 613 017b 01       		.byte	0x1
 614 017c AC       		.byte	0xac
 615 017d 00000000 		.4byte	.LFB4
 616 0181 9C000000 		.4byte	.LFE4-.LFB4
 617 0185 01       		.uleb128 0x1
 618 0186 9C       		.byte	0x9c
 619 0187 CE010000 		.4byte	0x1ce
 620 018b 0B       		.uleb128 0xb
 621 018c 2C000000 		.4byte	.LASF25
 622 0190 01       		.byte	0x1
 623 0191 AE       		.byte	0xae
 624 0192 A5000000 		.4byte	0xa5
 625 0196 60000000 		.4byte	.LLST3
 626 019a 0B       		.uleb128 0xb
 627 019b 62000000 		.4byte	.LASF26
 628 019f 01       		.byte	0x1
 629 01a0 AF       		.byte	0xaf
 630 01a1 8D000000 		.4byte	0x8d
 631 01a5 7F000000 		.4byte	.LLST4
 632 01a9 0F       		.uleb128 0xf
 633 01aa 4C000000 		.4byte	.LVL10
 634 01ae 97030000 		.4byte	0x397
 635 01b2 BE010000 		.4byte	0x1be
 636 01b6 0E       		.uleb128 0xe
 637 01b7 01       		.uleb128 0x1
 638 01b8 50       		.byte	0x50
 639 01b9 03       		.uleb128 0x3
 640 01ba 0A       		.byte	0xa
 641 01bb E001     		.2byte	0x1e0
 642 01bd 00       		.byte	0
 643 01be 0D       		.uleb128 0xd
 644 01bf 5C000000 		.4byte	.LVL12
 645 01c3 E1000000 		.4byte	0xe1
ARM GAS  C:\Users\Henry\AppData\Local\Temp\ccwPsjb1.s 			page 19


 646 01c7 0E       		.uleb128 0xe
 647 01c8 01       		.uleb128 0x1
 648 01c9 50       		.byte	0x50
 649 01ca 01       		.uleb128 0x1
 650 01cb 33       		.byte	0x33
 651 01cc 00       		.byte	0
 652 01cd 00       		.byte	0
 653 01ce 0A       		.uleb128 0xa
 654 01cf 9E020000 		.4byte	.LASF27
 655 01d3 01       		.byte	0x1
 656 01d4 54       		.byte	0x54
 657 01d5 00000000 		.4byte	.LFB1
 658 01d9 08000000 		.4byte	.LFE1-.LFB1
 659 01dd 01       		.uleb128 0x1
 660 01de 9C       		.byte	0x9c
 661 01df 2E020000 		.4byte	0x22e
 662 01e3 10       		.uleb128 0x10
 663 01e4 84000000 		.4byte	.LASF28
 664 01e8 01       		.byte	0x1
 665 01e9 54       		.byte	0x54
 666 01ea 84000000 		.4byte	0x84
 667 01ee A9000000 		.4byte	.LLST5
 668 01f2 0C       		.uleb128 0xc
 669 01f3 73726300 		.ascii	"src\000"
 670 01f7 01       		.byte	0x1
 671 01f8 54       		.byte	0x54
 672 01f9 2E020000 		.4byte	0x22e
 673 01fd CA000000 		.4byte	.LLST6
 674 0201 0C       		.uleb128 0xc
 675 0202 6E00     		.ascii	"n\000"
 676 0204 01       		.byte	0x1
 677 0205 54       		.byte	0x54
 678 0206 2C000000 		.4byte	0x2c
 679 020a EB000000 		.4byte	.LLST7
 680 020e 0D       		.uleb128 0xd
 681 020f 06000000 		.4byte	.LVL15
 682 0213 A2030000 		.4byte	0x3a2
 683 0217 0E       		.uleb128 0xe
 684 0218 01       		.uleb128 0x1
 685 0219 50       		.byte	0x50
 686 021a 03       		.uleb128 0x3
 687 021b F3       		.byte	0xf3
 688 021c 01       		.uleb128 0x1
 689 021d 50       		.byte	0x50
 690 021e 0E       		.uleb128 0xe
 691 021f 01       		.uleb128 0x1
 692 0220 51       		.byte	0x51
 693 0221 03       		.uleb128 0x3
 694 0222 F3       		.byte	0xf3
 695 0223 01       		.uleb128 0x1
 696 0224 51       		.byte	0x51
 697 0225 0E       		.uleb128 0xe
 698 0226 01       		.uleb128 0x1
 699 0227 52       		.byte	0x52
 700 0228 03       		.uleb128 0x3
 701 0229 F3       		.byte	0xf3
 702 022a 01       		.uleb128 0x1
ARM GAS  C:\Users\Henry\AppData\Local\Temp\ccwPsjb1.s 			page 20


 703 022b 52       		.byte	0x52
 704 022c 00       		.byte	0
 705 022d 00       		.byte	0
 706 022e 11       		.uleb128 0x11
 707 022f 04       		.byte	0x4
 708 0230 34020000 		.4byte	0x234
 709 0234 12       		.uleb128 0x12
 710 0235 13       		.uleb128 0x13
 711 0236 43010000 		.4byte	.LASF31
 712 023a 01       		.byte	0x1
 713 023b 0101     		.2byte	0x101
 714 023d 00000000 		.4byte	.LFB6
 715 0241 10000000 		.4byte	.LFE6-.LFB6
 716 0245 01       		.uleb128 0x1
 717 0246 9C       		.byte	0x9c
 718 0247 68020000 		.4byte	0x268
 719 024b 14       		.uleb128 0x14
 720 024c 55020000 		.4byte	.LASF29
 721 0250 01       		.byte	0x1
 722 0251 0101     		.2byte	0x101
 723 0253 8D000000 		.4byte	0x8d
 724 0257 01       		.uleb128 0x1
 725 0258 50       		.byte	0x50
 726 0259 15       		.uleb128 0x15
 727 025a 95020000 		.4byte	.LASF30
 728 025e 01       		.byte	0x1
 729 025f 0301     		.2byte	0x103
 730 0261 8D000000 		.4byte	0x8d
 731 0265 01       		.uleb128 0x1
 732 0266 53       		.byte	0x53
 733 0267 00       		.byte	0
 734 0268 13       		.uleb128 0x13
 735 0269 75010000 		.4byte	.LASF32
 736 026d 01       		.byte	0x1
 737 026e 2301     		.2byte	0x123
 738 0270 00000000 		.4byte	.LFB7
 739 0274 A4000000 		.4byte	.LFE7-.LFB7
 740 0278 01       		.uleb128 0x1
 741 0279 9C       		.byte	0x9c
 742 027a 8E030000 		.4byte	0x38e
 743 027e 16       		.uleb128 0x16
 744 027f 0E000000 		.4byte	.LBB2
 745 0283 36000000 		.4byte	.LBE2-.LBB2
 746 0287 37030000 		.4byte	0x337
 747 028b 17       		.uleb128 0x17
 748 028c 06       		.byte	0x6
 749 028d 01       		.byte	0x1
 750 028e 2F01     		.2byte	0x12f
 751 0290 AF020000 		.4byte	0x2af
 752 0294 18       		.uleb128 0x18
 753 0295 A7010000 		.4byte	.LASF33
 754 0299 01       		.byte	0x1
 755 029a 3001     		.2byte	0x130
 756 029c 84000000 		.4byte	0x84
 757 02a0 00       		.byte	0
 758 02a1 18       		.uleb128 0x18
 759 02a2 89000000 		.4byte	.LASF34
ARM GAS  C:\Users\Henry\AppData\Local\Temp\ccwPsjb1.s 			page 21


 760 02a6 01       		.byte	0x1
 761 02a7 3101     		.2byte	0x131
 762 02a9 99000000 		.4byte	0x99
 763 02ad 04       		.byte	0x4
 764 02ae 00       		.byte	0
 765 02af 06       		.uleb128 0x6
 766 02b0 FA010000 		.4byte	.LASF35
 767 02b4 01       		.byte	0x1
 768 02b5 3201     		.2byte	0x132
 769 02b7 8B020000 		.4byte	0x28b
 770 02bb 19       		.uleb128 0x19
 771 02bc CB020000 		.4byte	0x2cb
 772 02c0 CB020000 		.4byte	0x2cb
 773 02c4 1A       		.uleb128 0x1a
 774 02c5 7D000000 		.4byte	0x7d
 775 02c9 08       		.byte	0x8
 776 02ca 00       		.byte	0
 777 02cb 1B       		.uleb128 0x1b
 778 02cc AF020000 		.4byte	0x2af
 779 02d0 15       		.uleb128 0x15
 780 02d1 34000000 		.4byte	.LASF36
 781 02d5 01       		.byte	0x1
 782 02d6 3401     		.2byte	0x134
 783 02d8 E2020000 		.4byte	0x2e2
 784 02dc 05       		.uleb128 0x5
 785 02dd 03       		.byte	0x3
 786 02de 00000000 		.4byte	cfg_memset_list.4992
 787 02e2 1B       		.uleb128 0x1b
 788 02e3 BB020000 		.4byte	0x2bb
 789 02e7 1C       		.uleb128 0x1c
 790 02e8 6900     		.ascii	"i\000"
 791 02ea 01       		.byte	0x1
 792 02eb 4101     		.2byte	0x141
 793 02ed 8D000000 		.4byte	0x8d
 794 02f1 0C010000 		.4byte	.LLST8
 795 02f5 1D       		.uleb128 0x1d
 796 02f6 12000000 		.4byte	.LBB3
 797 02fa 16000000 		.4byte	.LBE3-.LBB3
 798 02fe 1C       		.uleb128 0x1c
 799 02ff 6D7300   		.ascii	"ms\000"
 800 0302 01       		.byte	0x1
 801 0303 4601     		.2byte	0x146
 802 0305 0D030000 		.4byte	0x30d
 803 0309 36010000 		.4byte	.LLST9
 804 030d 11       		.uleb128 0x11
 805 030e 04       		.byte	0x4
 806 030f CB020000 		.4byte	0x2cb
 807 0313 0D       		.uleb128 0xd
 808 0314 28000000 		.4byte	.LVL20
 809 0318 29010000 		.4byte	0x129
 810 031c 0E       		.uleb128 0xe
 811 031d 01       		.uleb128 0x1
 812 031e 51       		.byte	0x51
 813 031f 14       		.uleb128 0x14
 814 0320 74       		.byte	0x74
 815 0321 00       		.sleb128 0
 816 0322 31       		.byte	0x31
ARM GAS  C:\Users\Henry\AppData\Local\Temp\ccwPsjb1.s 			page 22


 817 0323 24       		.byte	0x24
 818 0324 74       		.byte	0x74
 819 0325 00       		.sleb128 0
 820 0326 22       		.byte	0x22
 821 0327 31       		.byte	0x31
 822 0328 24       		.byte	0x24
 823 0329 75       		.byte	0x75
 824 032a 00       		.sleb128 0
 825 032b 22       		.byte	0x22
 826 032c 23       		.byte	0x23
 827 032d 04       		.uleb128 0x4
 828 032e 94       		.byte	0x94
 829 032f 02       		.byte	0x2
 830 0330 0A       		.byte	0xa
 831 0331 FFFF     		.2byte	0xffff
 832 0333 1A       		.byte	0x1a
 833 0334 00       		.byte	0
 834 0335 00       		.byte	0
 835 0336 00       		.byte	0
 836 0337 0F       		.uleb128 0xf
 837 0338 50000000 		.4byte	.LVL23
 838 033c CE010000 		.4byte	0x1ce
 839 0340 5A030000 		.4byte	0x35a
 840 0344 0E       		.uleb128 0xe
 841 0345 01       		.uleb128 0x1
 842 0346 50       		.byte	0x50
 843 0347 05       		.uleb128 0x5
 844 0348 0C       		.byte	0xc
 845 0349 12510040 		.4byte	0x40005112
 846 034d 0E       		.uleb128 0xe
 847 034e 01       		.uleb128 0x1
 848 034f 51       		.byte	0x51
 849 0350 03       		.uleb128 0x3
 850 0351 42       		.byte	0x42
 851 0352 4A       		.byte	0x4a
 852 0353 24       		.byte	0x24
 853 0354 0E       		.uleb128 0xe
 854 0355 01       		.uleb128 0x1
 855 0356 52       		.byte	0x52
 856 0357 01       		.uleb128 0x1
 857 0358 38       		.byte	0x38
 858 0359 00       		.byte	0
 859 035a 1E       		.uleb128 0x1e
 860 035b 64000000 		.4byte	.LVL25
 861 035f 76010000 		.4byte	0x176
 862 0363 1E       		.uleb128 0x1e
 863 0364 72000000 		.4byte	.LVL26
 864 0368 04010000 		.4byte	0x104
 865 036c 0D       		.uleb128 0xd
 866 036d 7C000000 		.4byte	.LVL27
 867 0371 CE010000 		.4byte	0x1ce
 868 0375 0E       		.uleb128 0xe
 869 0376 01       		.uleb128 0x1
 870 0377 50       		.byte	0x50
 871 0378 05       		.uleb128 0x5
 872 0379 0C       		.byte	0xc
 873 037a B0430040 		.4byte	0x400043b0
ARM GAS  C:\Users\Henry\AppData\Local\Temp\ccwPsjb1.s 			page 23


 874 037e 0E       		.uleb128 0xe
 875 037f 01       		.uleb128 0x1
 876 0380 51       		.byte	0x51
 877 0381 05       		.uleb128 0x5
 878 0382 0C       		.byte	0xc
 879 0383 A0430040 		.4byte	0x400043a0
 880 0387 0E       		.uleb128 0xe
 881 0388 01       		.uleb128 0x1
 882 0389 52       		.byte	0x52
 883 038a 01       		.uleb128 0x1
 884 038b 3E       		.byte	0x3e
 885 038c 00       		.byte	0
 886 038d 00       		.byte	0
 887 038e 1F       		.uleb128 0x1f
 888 038f 67010000 		.4byte	.LASF37
 889 0393 67010000 		.4byte	.LASF37
 890 0397 20       		.uleb128 0x20
 891 0398 06000000 		.4byte	.LASF43
 892 039c 06000000 		.4byte	.LASF43
 893 03a0 04       		.byte	0x4
 894 03a1 79       		.byte	0x79
 895 03a2 1F       		.uleb128 0x1f
 896 03a3 44020000 		.4byte	.LASF38
 897 03a7 44020000 		.4byte	.LASF38
 898 03ab 00       		.byte	0
 899              		.section	.debug_abbrev,"",%progbits
 900              	.Ldebug_abbrev0:
 901 0000 01       		.uleb128 0x1
 902 0001 11       		.uleb128 0x11
 903 0002 01       		.byte	0x1
 904 0003 25       		.uleb128 0x25
 905 0004 0E       		.uleb128 0xe
 906 0005 13       		.uleb128 0x13
 907 0006 0B       		.uleb128 0xb
 908 0007 03       		.uleb128 0x3
 909 0008 0E       		.uleb128 0xe
 910 0009 1B       		.uleb128 0x1b
 911 000a 0E       		.uleb128 0xe
 912 000b 55       		.uleb128 0x55
 913 000c 17       		.uleb128 0x17
 914 000d 11       		.uleb128 0x11
 915 000e 01       		.uleb128 0x1
 916 000f 10       		.uleb128 0x10
 917 0010 17       		.uleb128 0x17
 918 0011 00       		.byte	0
 919 0012 00       		.byte	0
 920 0013 02       		.uleb128 0x2
 921 0014 24       		.uleb128 0x24
 922 0015 00       		.byte	0
 923 0016 0B       		.uleb128 0xb
 924 0017 0B       		.uleb128 0xb
 925 0018 3E       		.uleb128 0x3e
 926 0019 0B       		.uleb128 0xb
 927 001a 03       		.uleb128 0x3
 928 001b 08       		.uleb128 0x8
 929 001c 00       		.byte	0
 930 001d 00       		.byte	0
ARM GAS  C:\Users\Henry\AppData\Local\Temp\ccwPsjb1.s 			page 24


 931 001e 03       		.uleb128 0x3
 932 001f 16       		.uleb128 0x16
 933 0020 00       		.byte	0
 934 0021 03       		.uleb128 0x3
 935 0022 0E       		.uleb128 0xe
 936 0023 3A       		.uleb128 0x3a
 937 0024 0B       		.uleb128 0xb
 938 0025 3B       		.uleb128 0x3b
 939 0026 0B       		.uleb128 0xb
 940 0027 49       		.uleb128 0x49
 941 0028 13       		.uleb128 0x13
 942 0029 00       		.byte	0
 943 002a 00       		.byte	0
 944 002b 04       		.uleb128 0x4
 945 002c 24       		.uleb128 0x24
 946 002d 00       		.byte	0
 947 002e 0B       		.uleb128 0xb
 948 002f 0B       		.uleb128 0xb
 949 0030 3E       		.uleb128 0x3e
 950 0031 0B       		.uleb128 0xb
 951 0032 03       		.uleb128 0x3
 952 0033 0E       		.uleb128 0xe
 953 0034 00       		.byte	0
 954 0035 00       		.byte	0
 955 0036 05       		.uleb128 0x5
 956 0037 0F       		.uleb128 0xf
 957 0038 00       		.byte	0
 958 0039 0B       		.uleb128 0xb
 959 003a 0B       		.uleb128 0xb
 960 003b 00       		.byte	0
 961 003c 00       		.byte	0
 962 003d 06       		.uleb128 0x6
 963 003e 16       		.uleb128 0x16
 964 003f 00       		.byte	0
 965 0040 03       		.uleb128 0x3
 966 0041 0E       		.uleb128 0xe
 967 0042 3A       		.uleb128 0x3a
 968 0043 0B       		.uleb128 0xb
 969 0044 3B       		.uleb128 0x3b
 970 0045 05       		.uleb128 0x5
 971 0046 49       		.uleb128 0x49
 972 0047 13       		.uleb128 0x13
 973 0048 00       		.byte	0
 974 0049 00       		.byte	0
 975 004a 07       		.uleb128 0x7
 976 004b 35       		.uleb128 0x35
 977 004c 00       		.byte	0
 978 004d 49       		.uleb128 0x49
 979 004e 13       		.uleb128 0x13
 980 004f 00       		.byte	0
 981 0050 00       		.byte	0
 982 0051 08       		.uleb128 0x8
 983 0052 2E       		.uleb128 0x2e
 984 0053 01       		.byte	0x1
 985 0054 03       		.uleb128 0x3
 986 0055 0E       		.uleb128 0xe
 987 0056 3A       		.uleb128 0x3a
ARM GAS  C:\Users\Henry\AppData\Local\Temp\ccwPsjb1.s 			page 25


 988 0057 0B       		.uleb128 0xb
 989 0058 3B       		.uleb128 0x3b
 990 0059 0B       		.uleb128 0xb
 991 005a 27       		.uleb128 0x27
 992 005b 19       		.uleb128 0x19
 993 005c 8701     		.uleb128 0x87
 994 005e 19       		.uleb128 0x19
 995 005f 11       		.uleb128 0x11
 996 0060 01       		.uleb128 0x1
 997 0061 12       		.uleb128 0x12
 998 0062 06       		.uleb128 0x6
 999 0063 40       		.uleb128 0x40
 1000 0064 18       		.uleb128 0x18
 1001 0065 9742     		.uleb128 0x2117
 1002 0067 19       		.uleb128 0x19
 1003 0068 01       		.uleb128 0x1
 1004 0069 13       		.uleb128 0x13
 1005 006a 00       		.byte	0
 1006 006b 00       		.byte	0
 1007 006c 09       		.uleb128 0x9
 1008 006d 05       		.uleb128 0x5
 1009 006e 00       		.byte	0
 1010 006f 03       		.uleb128 0x3
 1011 0070 0E       		.uleb128 0xe
 1012 0071 3A       		.uleb128 0x3a
 1013 0072 0B       		.uleb128 0xb
 1014 0073 3B       		.uleb128 0x3b
 1015 0074 0B       		.uleb128 0xb
 1016 0075 49       		.uleb128 0x49
 1017 0076 13       		.uleb128 0x13
 1018 0077 02       		.uleb128 0x2
 1019 0078 18       		.uleb128 0x18
 1020 0079 00       		.byte	0
 1021 007a 00       		.byte	0
 1022 007b 0A       		.uleb128 0xa
 1023 007c 2E       		.uleb128 0x2e
 1024 007d 01       		.byte	0x1
 1025 007e 03       		.uleb128 0x3
 1026 007f 0E       		.uleb128 0xe
 1027 0080 3A       		.uleb128 0x3a
 1028 0081 0B       		.uleb128 0xb
 1029 0082 3B       		.uleb128 0x3b
 1030 0083 0B       		.uleb128 0xb
 1031 0084 27       		.uleb128 0x27
 1032 0085 19       		.uleb128 0x19
 1033 0086 11       		.uleb128 0x11
 1034 0087 01       		.uleb128 0x1
 1035 0088 12       		.uleb128 0x12
 1036 0089 06       		.uleb128 0x6
 1037 008a 40       		.uleb128 0x40
 1038 008b 18       		.uleb128 0x18
 1039 008c 9742     		.uleb128 0x2117
 1040 008e 19       		.uleb128 0x19
 1041 008f 01       		.uleb128 0x1
 1042 0090 13       		.uleb128 0x13
 1043 0091 00       		.byte	0
 1044 0092 00       		.byte	0
ARM GAS  C:\Users\Henry\AppData\Local\Temp\ccwPsjb1.s 			page 26


 1045 0093 0B       		.uleb128 0xb
 1046 0094 34       		.uleb128 0x34
 1047 0095 00       		.byte	0
 1048 0096 03       		.uleb128 0x3
 1049 0097 0E       		.uleb128 0xe
 1050 0098 3A       		.uleb128 0x3a
 1051 0099 0B       		.uleb128 0xb
 1052 009a 3B       		.uleb128 0x3b
 1053 009b 0B       		.uleb128 0xb
 1054 009c 49       		.uleb128 0x49
 1055 009d 13       		.uleb128 0x13
 1056 009e 02       		.uleb128 0x2
 1057 009f 17       		.uleb128 0x17
 1058 00a0 00       		.byte	0
 1059 00a1 00       		.byte	0
 1060 00a2 0C       		.uleb128 0xc
 1061 00a3 05       		.uleb128 0x5
 1062 00a4 00       		.byte	0
 1063 00a5 03       		.uleb128 0x3
 1064 00a6 08       		.uleb128 0x8
 1065 00a7 3A       		.uleb128 0x3a
 1066 00a8 0B       		.uleb128 0xb
 1067 00a9 3B       		.uleb128 0x3b
 1068 00aa 0B       		.uleb128 0xb
 1069 00ab 49       		.uleb128 0x49
 1070 00ac 13       		.uleb128 0x13
 1071 00ad 02       		.uleb128 0x2
 1072 00ae 17       		.uleb128 0x17
 1073 00af 00       		.byte	0
 1074 00b0 00       		.byte	0
 1075 00b1 0D       		.uleb128 0xd
 1076 00b2 898201   		.uleb128 0x4109
 1077 00b5 01       		.byte	0x1
 1078 00b6 11       		.uleb128 0x11
 1079 00b7 01       		.uleb128 0x1
 1080 00b8 31       		.uleb128 0x31
 1081 00b9 13       		.uleb128 0x13
 1082 00ba 00       		.byte	0
 1083 00bb 00       		.byte	0
 1084 00bc 0E       		.uleb128 0xe
 1085 00bd 8A8201   		.uleb128 0x410a
 1086 00c0 00       		.byte	0
 1087 00c1 02       		.uleb128 0x2
 1088 00c2 18       		.uleb128 0x18
 1089 00c3 9142     		.uleb128 0x2111
 1090 00c5 18       		.uleb128 0x18
 1091 00c6 00       		.byte	0
 1092 00c7 00       		.byte	0
 1093 00c8 0F       		.uleb128 0xf
 1094 00c9 898201   		.uleb128 0x4109
 1095 00cc 01       		.byte	0x1
 1096 00cd 11       		.uleb128 0x11
 1097 00ce 01       		.uleb128 0x1
 1098 00cf 31       		.uleb128 0x31
 1099 00d0 13       		.uleb128 0x13
 1100 00d1 01       		.uleb128 0x1
 1101 00d2 13       		.uleb128 0x13
ARM GAS  C:\Users\Henry\AppData\Local\Temp\ccwPsjb1.s 			page 27


 1102 00d3 00       		.byte	0
 1103 00d4 00       		.byte	0
 1104 00d5 10       		.uleb128 0x10
 1105 00d6 05       		.uleb128 0x5
 1106 00d7 00       		.byte	0
 1107 00d8 03       		.uleb128 0x3
 1108 00d9 0E       		.uleb128 0xe
 1109 00da 3A       		.uleb128 0x3a
 1110 00db 0B       		.uleb128 0xb
 1111 00dc 3B       		.uleb128 0x3b
 1112 00dd 0B       		.uleb128 0xb
 1113 00de 49       		.uleb128 0x49
 1114 00df 13       		.uleb128 0x13
 1115 00e0 02       		.uleb128 0x2
 1116 00e1 17       		.uleb128 0x17
 1117 00e2 00       		.byte	0
 1118 00e3 00       		.byte	0
 1119 00e4 11       		.uleb128 0x11
 1120 00e5 0F       		.uleb128 0xf
 1121 00e6 00       		.byte	0
 1122 00e7 0B       		.uleb128 0xb
 1123 00e8 0B       		.uleb128 0xb
 1124 00e9 49       		.uleb128 0x49
 1125 00ea 13       		.uleb128 0x13
 1126 00eb 00       		.byte	0
 1127 00ec 00       		.byte	0
 1128 00ed 12       		.uleb128 0x12
 1129 00ee 26       		.uleb128 0x26
 1130 00ef 00       		.byte	0
 1131 00f0 00       		.byte	0
 1132 00f1 00       		.byte	0
 1133 00f2 13       		.uleb128 0x13
 1134 00f3 2E       		.uleb128 0x2e
 1135 00f4 01       		.byte	0x1
 1136 00f5 3F       		.uleb128 0x3f
 1137 00f6 19       		.uleb128 0x19
 1138 00f7 03       		.uleb128 0x3
 1139 00f8 0E       		.uleb128 0xe
 1140 00f9 3A       		.uleb128 0x3a
 1141 00fa 0B       		.uleb128 0xb
 1142 00fb 3B       		.uleb128 0x3b
 1143 00fc 05       		.uleb128 0x5
 1144 00fd 27       		.uleb128 0x27
 1145 00fe 19       		.uleb128 0x19
 1146 00ff 11       		.uleb128 0x11
 1147 0100 01       		.uleb128 0x1
 1148 0101 12       		.uleb128 0x12
 1149 0102 06       		.uleb128 0x6
 1150 0103 40       		.uleb128 0x40
 1151 0104 18       		.uleb128 0x18
 1152 0105 9742     		.uleb128 0x2117
 1153 0107 19       		.uleb128 0x19
 1154 0108 01       		.uleb128 0x1
 1155 0109 13       		.uleb128 0x13
 1156 010a 00       		.byte	0
 1157 010b 00       		.byte	0
 1158 010c 14       		.uleb128 0x14
ARM GAS  C:\Users\Henry\AppData\Local\Temp\ccwPsjb1.s 			page 28


 1159 010d 05       		.uleb128 0x5
 1160 010e 00       		.byte	0
 1161 010f 03       		.uleb128 0x3
 1162 0110 0E       		.uleb128 0xe
 1163 0111 3A       		.uleb128 0x3a
 1164 0112 0B       		.uleb128 0xb
 1165 0113 3B       		.uleb128 0x3b
 1166 0114 05       		.uleb128 0x5
 1167 0115 49       		.uleb128 0x49
 1168 0116 13       		.uleb128 0x13
 1169 0117 02       		.uleb128 0x2
 1170 0118 18       		.uleb128 0x18
 1171 0119 00       		.byte	0
 1172 011a 00       		.byte	0
 1173 011b 15       		.uleb128 0x15
 1174 011c 34       		.uleb128 0x34
 1175 011d 00       		.byte	0
 1176 011e 03       		.uleb128 0x3
 1177 011f 0E       		.uleb128 0xe
 1178 0120 3A       		.uleb128 0x3a
 1179 0121 0B       		.uleb128 0xb
 1180 0122 3B       		.uleb128 0x3b
 1181 0123 05       		.uleb128 0x5
 1182 0124 49       		.uleb128 0x49
 1183 0125 13       		.uleb128 0x13
 1184 0126 02       		.uleb128 0x2
 1185 0127 18       		.uleb128 0x18
 1186 0128 00       		.byte	0
 1187 0129 00       		.byte	0
 1188 012a 16       		.uleb128 0x16
 1189 012b 0B       		.uleb128 0xb
 1190 012c 01       		.byte	0x1
 1191 012d 11       		.uleb128 0x11
 1192 012e 01       		.uleb128 0x1
 1193 012f 12       		.uleb128 0x12
 1194 0130 06       		.uleb128 0x6
 1195 0131 01       		.uleb128 0x1
 1196 0132 13       		.uleb128 0x13
 1197 0133 00       		.byte	0
 1198 0134 00       		.byte	0
 1199 0135 17       		.uleb128 0x17
 1200 0136 13       		.uleb128 0x13
 1201 0137 01       		.byte	0x1
 1202 0138 0B       		.uleb128 0xb
 1203 0139 0B       		.uleb128 0xb
 1204 013a 3A       		.uleb128 0x3a
 1205 013b 0B       		.uleb128 0xb
 1206 013c 3B       		.uleb128 0x3b
 1207 013d 05       		.uleb128 0x5
 1208 013e 01       		.uleb128 0x1
 1209 013f 13       		.uleb128 0x13
 1210 0140 00       		.byte	0
 1211 0141 00       		.byte	0
 1212 0142 18       		.uleb128 0x18
 1213 0143 0D       		.uleb128 0xd
 1214 0144 00       		.byte	0
 1215 0145 03       		.uleb128 0x3
ARM GAS  C:\Users\Henry\AppData\Local\Temp\ccwPsjb1.s 			page 29


 1216 0146 0E       		.uleb128 0xe
 1217 0147 3A       		.uleb128 0x3a
 1218 0148 0B       		.uleb128 0xb
 1219 0149 3B       		.uleb128 0x3b
 1220 014a 05       		.uleb128 0x5
 1221 014b 49       		.uleb128 0x49
 1222 014c 13       		.uleb128 0x13
 1223 014d 38       		.uleb128 0x38
 1224 014e 0B       		.uleb128 0xb
 1225 014f 00       		.byte	0
 1226 0150 00       		.byte	0
 1227 0151 19       		.uleb128 0x19
 1228 0152 01       		.uleb128 0x1
 1229 0153 01       		.byte	0x1
 1230 0154 49       		.uleb128 0x49
 1231 0155 13       		.uleb128 0x13
 1232 0156 01       		.uleb128 0x1
 1233 0157 13       		.uleb128 0x13
 1234 0158 00       		.byte	0
 1235 0159 00       		.byte	0
 1236 015a 1A       		.uleb128 0x1a
 1237 015b 21       		.uleb128 0x21
 1238 015c 00       		.byte	0
 1239 015d 49       		.uleb128 0x49
 1240 015e 13       		.uleb128 0x13
 1241 015f 2F       		.uleb128 0x2f
 1242 0160 0B       		.uleb128 0xb
 1243 0161 00       		.byte	0
 1244 0162 00       		.byte	0
 1245 0163 1B       		.uleb128 0x1b
 1246 0164 26       		.uleb128 0x26
 1247 0165 00       		.byte	0
 1248 0166 49       		.uleb128 0x49
 1249 0167 13       		.uleb128 0x13
 1250 0168 00       		.byte	0
 1251 0169 00       		.byte	0
 1252 016a 1C       		.uleb128 0x1c
 1253 016b 34       		.uleb128 0x34
 1254 016c 00       		.byte	0
 1255 016d 03       		.uleb128 0x3
 1256 016e 08       		.uleb128 0x8
 1257 016f 3A       		.uleb128 0x3a
 1258 0170 0B       		.uleb128 0xb
 1259 0171 3B       		.uleb128 0x3b
 1260 0172 05       		.uleb128 0x5
 1261 0173 49       		.uleb128 0x49
 1262 0174 13       		.uleb128 0x13
 1263 0175 02       		.uleb128 0x2
 1264 0176 17       		.uleb128 0x17
 1265 0177 00       		.byte	0
 1266 0178 00       		.byte	0
 1267 0179 1D       		.uleb128 0x1d
 1268 017a 0B       		.uleb128 0xb
 1269 017b 01       		.byte	0x1
 1270 017c 11       		.uleb128 0x11
 1271 017d 01       		.uleb128 0x1
 1272 017e 12       		.uleb128 0x12
ARM GAS  C:\Users\Henry\AppData\Local\Temp\ccwPsjb1.s 			page 30


 1273 017f 06       		.uleb128 0x6
 1274 0180 00       		.byte	0
 1275 0181 00       		.byte	0
 1276 0182 1E       		.uleb128 0x1e
 1277 0183 898201   		.uleb128 0x4109
 1278 0186 00       		.byte	0
 1279 0187 11       		.uleb128 0x11
 1280 0188 01       		.uleb128 0x1
 1281 0189 31       		.uleb128 0x31
 1282 018a 13       		.uleb128 0x13
 1283 018b 00       		.byte	0
 1284 018c 00       		.byte	0
 1285 018d 1F       		.uleb128 0x1f
 1286 018e 2E       		.uleb128 0x2e
 1287 018f 00       		.byte	0
 1288 0190 3F       		.uleb128 0x3f
 1289 0191 19       		.uleb128 0x19
 1290 0192 3C       		.uleb128 0x3c
 1291 0193 19       		.uleb128 0x19
 1292 0194 6E       		.uleb128 0x6e
 1293 0195 0E       		.uleb128 0xe
 1294 0196 03       		.uleb128 0x3
 1295 0197 0E       		.uleb128 0xe
 1296 0198 00       		.byte	0
 1297 0199 00       		.byte	0
 1298 019a 20       		.uleb128 0x20
 1299 019b 2E       		.uleb128 0x2e
 1300 019c 00       		.byte	0
 1301 019d 3F       		.uleb128 0x3f
 1302 019e 19       		.uleb128 0x19
 1303 019f 3C       		.uleb128 0x3c
 1304 01a0 19       		.uleb128 0x19
 1305 01a1 6E       		.uleb128 0x6e
 1306 01a2 0E       		.uleb128 0xe
 1307 01a3 03       		.uleb128 0x3
 1308 01a4 0E       		.uleb128 0xe
 1309 01a5 3A       		.uleb128 0x3a
 1310 01a6 0B       		.uleb128 0xb
 1311 01a7 3B       		.uleb128 0x3b
 1312 01a8 0B       		.uleb128 0xb
 1313 01a9 00       		.byte	0
 1314 01aa 00       		.byte	0
 1315 01ab 00       		.byte	0
 1316              		.section	.debug_loc,"",%progbits
 1317              	.Ldebug_loc0:
 1318              	.LLST0:
 1319 0000 06000000 		.4byte	.LVL1
 1320 0004 10000000 		.4byte	.LVL2
 1321 0008 0100     		.2byte	0x1
 1322 000a 53       		.byte	0x53
 1323 000b 00000000 		.4byte	0
 1324 000f 00000000 		.4byte	0
 1325              	.LLST1:
 1326 0013 00000000 		.4byte	.LVL3
 1327 0017 09000000 		.4byte	.LVL5-1
 1328 001b 0100     		.2byte	0x1
 1329 001d 50       		.byte	0x50
ARM GAS  C:\Users\Henry\AppData\Local\Temp\ccwPsjb1.s 			page 31


 1330 001e 09000000 		.4byte	.LVL5-1
 1331 0022 0C000000 		.4byte	.LFE0
 1332 0026 0400     		.2byte	0x4
 1333 0028 F3       		.byte	0xf3
 1334 0029 01       		.uleb128 0x1
 1335 002a 50       		.byte	0x50
 1336 002b 9F       		.byte	0x9f
 1337 002c 00000000 		.4byte	0
 1338 0030 00000000 		.4byte	0
 1339              	.LLST2:
 1340 0034 00000000 		.4byte	.LVL3
 1341 0038 06000000 		.4byte	.LVL4
 1342 003c 0100     		.2byte	0x1
 1343 003e 51       		.byte	0x51
 1344 003f 06000000 		.4byte	.LVL4
 1345 0043 09000000 		.4byte	.LVL5-1
 1346 0047 0100     		.2byte	0x1
 1347 0049 52       		.byte	0x52
 1348 004a 09000000 		.4byte	.LVL5-1
 1349 004e 0C000000 		.4byte	.LFE0
 1350 0052 0400     		.2byte	0x4
 1351 0054 F3       		.byte	0xf3
 1352 0055 01       		.uleb128 0x1
 1353 0056 51       		.byte	0x51
 1354 0057 9F       		.byte	0x9f
 1355 0058 00000000 		.4byte	0
 1356 005c 00000000 		.4byte	0
 1357              	.LLST3:
 1358 0060 2E000000 		.4byte	.LVL6
 1359 0064 34000000 		.4byte	.LVL7
 1360 0068 0200     		.2byte	0x2
 1361 006a 49       		.byte	0x49
 1362 006b 9F       		.byte	0x9f
 1363 006c 34000000 		.4byte	.LVL7
 1364 0070 7E000000 		.4byte	.LVL13
 1365 0074 0100     		.2byte	0x1
 1366 0076 55       		.byte	0x55
 1367 0077 00000000 		.4byte	0
 1368 007b 00000000 		.4byte	0
 1369              	.LLST4:
 1370 007f 2E000000 		.4byte	.LVL6
 1371 0083 34000000 		.4byte	.LVL7
 1372 0087 0200     		.2byte	0x2
 1373 0089 30       		.byte	0x30
 1374 008a 9F       		.byte	0x9f
 1375 008b 34000000 		.4byte	.LVL7
 1376 008f 40000000 		.4byte	.LVL8
 1377 0093 0100     		.2byte	0x1
 1378 0095 54       		.byte	0x54
 1379 0096 44000000 		.4byte	.LVL9
 1380 009a 7E000000 		.4byte	.LVL13
 1381 009e 0100     		.2byte	0x1
 1382 00a0 54       		.byte	0x54
 1383 00a1 00000000 		.4byte	0
 1384 00a5 00000000 		.4byte	0
 1385              	.LLST5:
 1386 00a9 00000000 		.4byte	.LVL14
ARM GAS  C:\Users\Henry\AppData\Local\Temp\ccwPsjb1.s 			page 32


 1387 00ad 05000000 		.4byte	.LVL15-1
 1388 00b1 0100     		.2byte	0x1
 1389 00b3 50       		.byte	0x50
 1390 00b4 05000000 		.4byte	.LVL15-1
 1391 00b8 08000000 		.4byte	.LFE1
 1392 00bc 0400     		.2byte	0x4
 1393 00be F3       		.byte	0xf3
 1394 00bf 01       		.uleb128 0x1
 1395 00c0 50       		.byte	0x50
 1396 00c1 9F       		.byte	0x9f
 1397 00c2 00000000 		.4byte	0
 1398 00c6 00000000 		.4byte	0
 1399              	.LLST6:
 1400 00ca 00000000 		.4byte	.LVL14
 1401 00ce 05000000 		.4byte	.LVL15-1
 1402 00d2 0100     		.2byte	0x1
 1403 00d4 51       		.byte	0x51
 1404 00d5 05000000 		.4byte	.LVL15-1
 1405 00d9 08000000 		.4byte	.LFE1
 1406 00dd 0400     		.2byte	0x4
 1407 00df F3       		.byte	0xf3
 1408 00e0 01       		.uleb128 0x1
 1409 00e1 51       		.byte	0x51
 1410 00e2 9F       		.byte	0x9f
 1411 00e3 00000000 		.4byte	0
 1412 00e7 00000000 		.4byte	0
 1413              	.LLST7:
 1414 00eb 00000000 		.4byte	.LVL14
 1415 00ef 05000000 		.4byte	.LVL15-1
 1416 00f3 0100     		.2byte	0x1
 1417 00f5 52       		.byte	0x52
 1418 00f6 05000000 		.4byte	.LVL15-1
 1419 00fa 08000000 		.4byte	.LFE1
 1420 00fe 0400     		.2byte	0x4
 1421 0100 F3       		.byte	0xf3
 1422 0101 01       		.uleb128 0x1
 1423 0102 52       		.byte	0x52
 1424 0103 9F       		.byte	0x9f
 1425 0104 00000000 		.4byte	0
 1426 0108 00000000 		.4byte	0
 1427              	.LLST8:
 1428 010c 0E000000 		.4byte	.LVL18
 1429 0110 12000000 		.4byte	.LVL19
 1430 0114 0200     		.2byte	0x2
 1431 0116 30       		.byte	0x30
 1432 0117 9F       		.byte	0x9f
 1433 0118 12000000 		.4byte	.LVL19
 1434 011c 2A000000 		.4byte	.LVL21
 1435 0120 0100     		.2byte	0x1
 1436 0122 54       		.byte	0x54
 1437 0123 2C000000 		.4byte	.LVL22
 1438 0127 5C000000 		.4byte	.LVL24
 1439 012b 0100     		.2byte	0x1
 1440 012d 54       		.byte	0x54
 1441 012e 00000000 		.4byte	0
 1442 0132 00000000 		.4byte	0
 1443              	.LLST9:
ARM GAS  C:\Users\Henry\AppData\Local\Temp\ccwPsjb1.s 			page 33


 1444 0136 12000000 		.4byte	.LVL19
 1445 013a 2A000000 		.4byte	.LVL21
 1446 013e 0B00     		.2byte	0xb
 1447 0140 74       		.byte	0x74
 1448 0141 00       		.sleb128 0
 1449 0142 36       		.byte	0x36
 1450 0143 1E       		.byte	0x1e
 1451 0144 03       		.byte	0x3
 1452 0145 00000000 		.4byte	cfg_memset_list.4992
 1453 0149 22       		.byte	0x22
 1454 014a 9F       		.byte	0x9f
 1455 014b 2A000000 		.4byte	.LVL21
 1456 014f 2C000000 		.4byte	.LVL22
 1457 0153 0B00     		.2byte	0xb
 1458 0155 74       		.byte	0x74
 1459 0156 7F       		.sleb128 -1
 1460 0157 36       		.byte	0x36
 1461 0158 1E       		.byte	0x1e
 1462 0159 03       		.byte	0x3
 1463 015a 00000000 		.4byte	cfg_memset_list.4992
 1464 015e 22       		.byte	0x22
 1465 015f 9F       		.byte	0x9f
 1466 0160 00000000 		.4byte	0
 1467 0164 00000000 		.4byte	0
 1468              		.section	.debug_aranges,"",%progbits
 1469 0000 4C000000 		.4byte	0x4c
 1470 0004 0200     		.2byte	0x2
 1471 0006 00000000 		.4byte	.Ldebug_info0
 1472 000a 04       		.byte	0x4
 1473 000b 00       		.byte	0
 1474 000c 0000     		.2byte	0
 1475 000e 0000     		.2byte	0
 1476 0010 00000000 		.4byte	.LFB3
 1477 0014 02000000 		.4byte	.LFE3-.LFB3
 1478 0018 00000000 		.4byte	.LFB5
 1479 001c 28000000 		.4byte	.LFE5-.LFB5
 1480 0020 00000000 		.4byte	.LFB0
 1481 0024 0C000000 		.4byte	.LFE0-.LFB0
 1482 0028 00000000 		.4byte	.LFB4
 1483 002c 9C000000 		.4byte	.LFE4-.LFB4
 1484 0030 00000000 		.4byte	.LFB1
 1485 0034 08000000 		.4byte	.LFE1-.LFB1
 1486 0038 00000000 		.4byte	.LFB6
 1487 003c 10000000 		.4byte	.LFE6-.LFB6
 1488 0040 00000000 		.4byte	.LFB7
 1489 0044 A4000000 		.4byte	.LFE7-.LFB7
 1490 0048 00000000 		.4byte	0
 1491 004c 00000000 		.4byte	0
 1492              		.section	.debug_ranges,"",%progbits
 1493              	.Ldebug_ranges0:
 1494 0000 00000000 		.4byte	.LFB3
 1495 0004 02000000 		.4byte	.LFE3
 1496 0008 00000000 		.4byte	.LFB5
 1497 000c 28000000 		.4byte	.LFE5
 1498 0010 00000000 		.4byte	.LFB0
 1499 0014 0C000000 		.4byte	.LFE0
 1500 0018 00000000 		.4byte	.LFB4
ARM GAS  C:\Users\Henry\AppData\Local\Temp\ccwPsjb1.s 			page 34


 1501 001c 9C000000 		.4byte	.LFE4
 1502 0020 00000000 		.4byte	.LFB1
 1503 0024 08000000 		.4byte	.LFE1
 1504 0028 00000000 		.4byte	.LFB6
 1505 002c 10000000 		.4byte	.LFE6
 1506 0030 00000000 		.4byte	.LFB7
 1507 0034 A4000000 		.4byte	.LFE7
 1508 0038 00000000 		.4byte	0
 1509 003c 00000000 		.4byte	0
 1510              		.section	.debug_line,"",%progbits
 1511              	.Ldebug_line0:
 1512 0000 A1010000 		.section	.debug_str,"MS",%progbits,1
 1512      0200D600 
 1512      00000201 
 1512      FB0E0D00 
 1512      01010101 
 1513              	.LASF19:
 1514 0000 72656731 		.ascii	"reg16\000"
 1514      3600
 1515              	.LASF43:
 1516 0006 43794465 		.ascii	"CyDelayCycles\000"
 1516      6C617943 
 1516      79636C65 
 1516      7300
 1517              	.LASF12:
 1518 0014 73697A65 		.ascii	"size_t\000"
 1518      5F7400
 1519              	.LASF20:
 1520 001b 416E616C 		.ascii	"AnalogSetDefault\000"
 1520      6F675365 
 1520      74446566 
 1520      61756C74 
 1520      00
 1521              	.LASF25:
 1522 002c 74696D65 		.ascii	"timeout\000"
 1522      6F757400 
 1523              	.LASF36:
 1524 0034 6366675F 		.ascii	"cfg_memset_list\000"
 1524      6D656D73 
 1524      65745F6C 
 1524      69737400 
 1525              	.LASF23:
 1526 0044 436C6F63 		.ascii	"ClockSetup\000"
 1526      6B536574 
 1526      757000
 1527              	.LASF6:
 1528 004f 73686F72 		.ascii	"short unsigned int\000"
 1528      7420756E 
 1528      7369676E 
 1528      65642069 
 1528      6E7400
 1529              	.LASF26:
 1530 0062 706C6C4C 		.ascii	"pllLock\000"
 1530      6F636B00 
 1531              	.LASF16:
 1532 006a 666C6F61 		.ascii	"float\000"
 1532      7400
ARM GAS  C:\Users\Henry\AppData\Local\Temp\ccwPsjb1.s 			page 35


 1533              	.LASF42:
 1534 0070 4379436C 		.ascii	"CyClockStartupError\000"
 1534      6F636B53 
 1534      74617274 
 1534      75704572 
 1534      726F7200 
 1535              	.LASF28:
 1536 0084 64657374 		.ascii	"dest\000"
 1536      00
 1537              	.LASF34:
 1538 0089 73697A65 		.ascii	"size\000"
 1538      00
 1539              	.LASF39:
 1540 008e 474E5520 		.ascii	"GNU C11 5.4.1 20160609 (release) [ARM/embedded-5-br"
 1540      43313120 
 1540      352E342E 
 1540      31203230 
 1540      31363036 
 1541 00c1 616E6368 		.ascii	"anch revision 237715] -mcpu=cortex-m3 -mthumb -g -O"
 1541      20726576 
 1541      6973696F 
 1541      6E203233 
 1541      37373135 
 1542 00f4 67202D66 		.ascii	"g -ffunction-sections -ffat-lto-objects\000"
 1542      66756E63 
 1542      74696F6E 
 1542      2D736563 
 1542      74696F6E 
 1543              	.LASF18:
 1544 011c 72656738 		.ascii	"reg8\000"
 1544      00
 1545              	.LASF8:
 1546 0121 6C6F6E67 		.ascii	"long unsigned int\000"
 1546      20756E73 
 1546      69676E65 
 1546      6420696E 
 1546      7400
 1547              	.LASF13:
 1548 0133 75696E74 		.ascii	"uint8\000"
 1548      3800
 1549              	.LASF21:
 1550 0139 43594D45 		.ascii	"CYMEMZERO\000"
 1550      4D5A4552 
 1550      4F00
 1551              	.LASF31:
 1552 0143 53657441 		.ascii	"SetAnalogRoutingPumps\000"
 1552      6E616C6F 
 1552      67526F75 
 1552      74696E67 
 1552      50756D70 
 1553              	.LASF4:
 1554 0159 756E7369 		.ascii	"unsigned char\000"
 1554      676E6564 
 1554      20636861 
 1554      7200
 1555              	.LASF37:
 1556 0167 6D656D73 		.ascii	"memset\000"
ARM GAS  C:\Users\Henry\AppData\Local\Temp\ccwPsjb1.s 			page 36


 1556      657400
 1557              	.LASF17:
 1558 016e 646F7562 		.ascii	"double\000"
 1558      6C6500
 1559              	.LASF32:
 1560 0175 63796669 		.ascii	"cyfitter_cfg\000"
 1560      74746572 
 1560      5F636667 
 1560      00
 1561              	.LASF14:
 1562 0182 75696E74 		.ascii	"uint16\000"
 1562      313600
 1563              	.LASF22:
 1564 0189 6572726F 		.ascii	"errorCode\000"
 1564      72436F64 
 1564      6500
 1565              	.LASF15:
 1566 0193 75696E74 		.ascii	"uint32\000"
 1566      333200
 1567              	.LASF0:
 1568 019a 756E7369 		.ascii	"unsigned int\000"
 1568      676E6564 
 1568      20696E74 
 1568      00
 1569              	.LASF33:
 1570 01a7 61646472 		.ascii	"address\000"
 1570      65737300 
 1571              	.LASF9:
 1572 01af 6C6F6E67 		.ascii	"long long unsigned int\000"
 1572      206C6F6E 
 1572      6720756E 
 1572      7369676E 
 1572      65642069 
 1573              	.LASF41:
 1574 01c6 433A5C55 		.ascii	"C:\\Users\\Henry\\Documents\\PSoC Creator\\Ej1\\Ej1"
 1574      73657273 
 1574      5C48656E 
 1574      72795C44 
 1574      6F63756D 
 1575 01f3 2E637964 		.ascii	".cydsn\000"
 1575      736E00
 1576              	.LASF35:
 1577 01fa 6366675F 		.ascii	"cfg_memset_t\000"
 1577      6D656D73 
 1577      65745F74 
 1577      00
 1578              	.LASF10:
 1579 0207 73697A65 		.ascii	"sizetype\000"
 1579      74797065 
 1579      00
 1580              	.LASF1:
 1581 0210 6C6F6E67 		.ascii	"long long int\000"
 1581      206C6F6E 
 1581      6720696E 
 1581      7400
 1582              	.LASF40:
 1583 021e 47656E65 		.ascii	"Generated_Source\\PSoC5\\cyfitter_cfg.c\000"
ARM GAS  C:\Users\Henry\AppData\Local\Temp\ccwPsjb1.s 			page 37


 1583      72617465 
 1583      645F536F 
 1583      75726365 
 1583      5C50536F 
 1584              	.LASF38:
 1585 0244 6D656D63 		.ascii	"memcpy\000"
 1585      707900
 1586              	.LASF5:
 1587 024b 73686F72 		.ascii	"short int\000"
 1587      7420696E 
 1587      7400
 1588              	.LASF29:
 1589 0255 656E6162 		.ascii	"enabled\000"
 1589      6C656400 
 1590              	.LASF7:
 1591 025d 6C6F6E67 		.ascii	"long int\000"
 1591      20696E74 
 1591      00
 1592              	.LASF11:
 1593 0266 63686172 		.ascii	"char\000"
 1593      00
 1594              	.LASF2:
 1595 026b 6C6F6E67 		.ascii	"long double\000"
 1595      20646F75 
 1595      626C6500 
 1596              	.LASF24:
 1597 0277 62675F78 		.ascii	"bg_xover_inl_trim\000"
 1597      6F766572 
 1597      5F696E6C 
 1597      5F747269 
 1597      6D00
 1598              	.LASF3:
 1599 0289 7369676E 		.ascii	"signed char\000"
 1599      65642063 
 1599      68617200 
 1600              	.LASF30:
 1601 0295 72656756 		.ascii	"regValue\000"
 1601      616C7565 
 1601      00
 1602              	.LASF27:
 1603 029e 4359434F 		.ascii	"CYCONFIGCPY\000"
 1603      4E464947 
 1603      43505900 
 1604              		.ident	"GCC: (GNU Tools for ARM Embedded Processors) 5.4.1 20160609 (release) [ARM/embedded-5-bran
