ARM GAS  C:\Users\Henry\AppData\Local\Temp\ccKeNK0a.s 			page 1


   1              		.syntax unified
   2              		.cpu cortex-m3
   3              		.fpu softvfp
   4              		.eabi_attribute 20, 1
   5              		.eabi_attribute 21, 1
   6              		.eabi_attribute 23, 3
   7              		.eabi_attribute 24, 1
   8              		.eabi_attribute 25, 1
   9              		.eabi_attribute 26, 1
  10              		.eabi_attribute 30, 1
  11              		.eabi_attribute 34, 1
  12              		.eabi_attribute 18, 4
  13              		.thumb
  14              		.syntax unified
  15              		.file	"cymetadata.c"
  16              		.text
  17              	.Ltext0:
  18              		.cfi_sections	.debug_frame
  19              		.global	cy_metadata
  20              		.global	cy_meta_flashprotect
  21              		.global	cy_meta_wonvl
  22              		.global	cy_meta_custnvl
  23              		.global	cy_meta_configecc
  24              		.section	.cyconfigecc,"a",%progbits
  25              		.align	2
  26              		.type	cy_meta_configecc, %object
  27              		.size	cy_meta_configecc, 8
  28              	cy_meta_configecc:
  29 0000 00       		.byte	0
  30 0001 0B       		.byte	11
  31 0002 0B       		.byte	11
  32 0003 00       		.byte	0
  33 0004 00       		.byte	0
  34 0005 00       		.byte	0
  35 0006 00       		.byte	0
  36 0007 00       		.byte	0
  37              		.section	.cywolatch,"a",%progbits
  38              		.align	2
  39              		.type	cy_meta_wonvl, %object
  40              		.size	cy_meta_wonvl, 4
  41              	cy_meta_wonvl:
  42 0000 BC       		.byte	-68
  43 0001 90       		.byte	-112
  44 0002 AC       		.byte	-84
  45 0003 AF       		.byte	-81
  46              		.section	.cycustnvl,"a",%progbits
  47              		.align	2
  48              		.type	cy_meta_custnvl, %object
  49              		.size	cy_meta_custnvl, 4
  50              	cy_meta_custnvl:
  51 0000 00       		.byte	0
  52 0001 00       		.byte	0
  53 0002 40       		.byte	64
  54 0003 05       		.byte	5
  55              		.section	.cymeta,"a",%progbits
  56              		.align	2
  57              		.type	cy_metadata, %object
ARM GAS  C:\Users\Henry\AppData\Local\Temp\ccKeNK0a.s 			page 2


  58              		.size	cy_metadata, 12
  59              	cy_metadata:
  60 0000 00       		.byte	0
  61 0001 01       		.byte	1
  62 0002 2E       		.byte	46
  63 0003 12       		.byte	18
  64 0004 30       		.byte	48
  65 0005 69       		.byte	105
  66 0006 00       		.byte	0
  67 0007 01       		.byte	1
  68 0008 00       		.byte	0
  69 0009 00       		.byte	0
  70 000a 00       		.byte	0
  71 000b 00       		.byte	0
  72              		.section	.cyflashprotect,"a",%progbits
  73              		.align	2
  74              		.type	cy_meta_flashprotect, %object
  75              		.size	cy_meta_flashprotect, 256
  76              	cy_meta_flashprotect:
  77 0000 00000000 		.space	256
  77      00000000 
  77      00000000 
  77      00000000 
  77      00000000 
  78              		.text
  79              	.Letext0:
  80              		.file 1 "c:\\program files (x86)\\cypress\\psoc creator\\4.4\\psoc creator\\import\\gnu\\arm\\5.4.
  81              		.file 2 "c:\\program files (x86)\\cypress\\psoc creator\\4.4\\psoc creator\\import\\gnu\\arm\\5.4.
  82              		.file 3 "Generated_Source\\PSoC5\\cymetadata.c"
  83              		.section	.debug_info,"",%progbits
  84              	.Ldebug_info0:
  85 0000 30010000 		.4byte	0x130
  86 0004 0400     		.2byte	0x4
  87 0006 00000000 		.4byte	.Ldebug_abbrev0
  88 000a 04       		.byte	0x4
  89 000b 01       		.uleb128 0x1
  90 000c 2C000000 		.4byte	.LASF17
  91 0010 0C       		.byte	0xc
  92 0011 B2010000 		.4byte	.LASF18
  93 0015 25010000 		.4byte	.LASF19
  94 0019 00000000 		.4byte	.Ldebug_line0
  95 001d 02       		.uleb128 0x2
  96 001e 01       		.byte	0x1
  97 001f 06       		.byte	0x6
  98 0020 A6010000 		.4byte	.LASF0
  99 0024 03       		.uleb128 0x3
 100 0025 00000000 		.4byte	.LASF9
 101 0029 01       		.byte	0x1
 102 002a 1D       		.byte	0x1d
 103 002b 2F000000 		.4byte	0x2f
 104 002f 02       		.uleb128 0x2
 105 0030 01       		.byte	0x1
 106 0031 08       		.byte	0x8
 107 0032 1E000000 		.4byte	.LASF1
 108 0036 02       		.uleb128 0x2
 109 0037 02       		.byte	0x2
 110 0038 05       		.byte	0x5
ARM GAS  C:\Users\Henry\AppData\Local\Temp\ccKeNK0a.s 			page 3


 111 0039 93010000 		.4byte	.LASF2
 112 003d 02       		.uleb128 0x2
 113 003e 02       		.byte	0x2
 114 003f 07       		.byte	0x7
 115 0040 CC000000 		.4byte	.LASF3
 116 0044 02       		.uleb128 0x2
 117 0045 04       		.byte	0x4
 118 0046 05       		.byte	0x5
 119 0047 9D010000 		.4byte	.LASF4
 120 004b 02       		.uleb128 0x2
 121 004c 04       		.byte	0x4
 122 004d 07       		.byte	0x7
 123 004e BA000000 		.4byte	.LASF5
 124 0052 02       		.uleb128 0x2
 125 0053 08       		.byte	0x8
 126 0054 05       		.byte	0x5
 127 0055 85010000 		.4byte	.LASF6
 128 0059 02       		.uleb128 0x2
 129 005a 08       		.byte	0x8
 130 005b 07       		.byte	0x7
 131 005c 0E010000 		.4byte	.LASF7
 132 0060 04       		.uleb128 0x4
 133 0061 04       		.byte	0x4
 134 0062 05       		.byte	0x5
 135 0063 696E7400 		.ascii	"int\000"
 136 0067 02       		.uleb128 0x2
 137 0068 04       		.byte	0x4
 138 0069 07       		.byte	0x7
 139 006a 01010000 		.4byte	.LASF8
 140 006e 03       		.uleb128 0x3
 141 006f 0A000000 		.4byte	.LASF10
 142 0073 02       		.byte	0x2
 143 0074 18       		.byte	0x18
 144 0075 24000000 		.4byte	0x24
 145 0079 05       		.uleb128 0x5
 146 007a 90000000 		.4byte	0x90
 147 007e 89000000 		.4byte	0x89
 148 0082 06       		.uleb128 0x6
 149 0083 89000000 		.4byte	0x89
 150 0087 07       		.byte	0x7
 151 0088 00       		.byte	0
 152 0089 02       		.uleb128 0x2
 153 008a 04       		.byte	0x4
 154 008b 07       		.byte	0x7
 155 008c 7C010000 		.4byte	.LASF11
 156 0090 07       		.uleb128 0x7
 157 0091 6E000000 		.4byte	0x6e
 158 0095 08       		.uleb128 0x8
 159 0096 EF000000 		.4byte	.LASF12
 160 009a 03       		.byte	0x3
 161 009b 1F       		.byte	0x1f
 162 009c A6000000 		.4byte	0xa6
 163 00a0 05       		.uleb128 0x5
 164 00a1 03       		.byte	0x3
 165 00a2 00000000 		.4byte	cy_meta_configecc
 166 00a6 07       		.uleb128 0x7
 167 00a7 79000000 		.4byte	0x79
ARM GAS  C:\Users\Henry\AppData\Local\Temp\ccKeNK0a.s 			page 4


 168 00ab 05       		.uleb128 0x5
 169 00ac 90000000 		.4byte	0x90
 170 00b0 BB000000 		.4byte	0xbb
 171 00b4 06       		.uleb128 0x6
 172 00b5 89000000 		.4byte	0x89
 173 00b9 03       		.byte	0x3
 174 00ba 00       		.byte	0
 175 00bb 08       		.uleb128 0x8
 176 00bc DF000000 		.4byte	.LASF13
 177 00c0 03       		.byte	0x3
 178 00c1 2D       		.byte	0x2d
 179 00c2 CC000000 		.4byte	0xcc
 180 00c6 05       		.uleb128 0x5
 181 00c7 03       		.byte	0x3
 182 00c8 00000000 		.4byte	cy_meta_custnvl
 183 00cc 07       		.uleb128 0x7
 184 00cd AB000000 		.4byte	0xab
 185 00d1 08       		.uleb128 0x8
 186 00d2 6E010000 		.4byte	.LASF14
 187 00d6 03       		.byte	0x3
 188 00d7 3B       		.byte	0x3b
 189 00d8 E2000000 		.4byte	0xe2
 190 00dc 05       		.uleb128 0x5
 191 00dd 03       		.byte	0x3
 192 00de 00000000 		.4byte	cy_meta_wonvl
 193 00e2 07       		.uleb128 0x7
 194 00e3 AB000000 		.4byte	0xab
 195 00e7 05       		.uleb128 0x5
 196 00e8 90000000 		.4byte	0x90
 197 00ec F7000000 		.4byte	0xf7
 198 00f0 06       		.uleb128 0x6
 199 00f1 89000000 		.4byte	0x89
 200 00f5 FF       		.byte	0xff
 201 00f6 00       		.byte	0
 202 00f7 08       		.uleb128 0x8
 203 00f8 59010000 		.4byte	.LASF15
 204 00fc 03       		.byte	0x3
 205 00fd 49       		.byte	0x49
 206 00fe 08010000 		.4byte	0x108
 207 0102 05       		.uleb128 0x5
 208 0103 03       		.byte	0x3
 209 0104 00000000 		.4byte	cy_meta_flashprotect
 210 0108 07       		.uleb128 0x7
 211 0109 E7000000 		.4byte	0xe7
 212 010d 05       		.uleb128 0x5
 213 010e 90000000 		.4byte	0x90
 214 0112 1D010000 		.4byte	0x11d
 215 0116 06       		.uleb128 0x6
 216 0117 89000000 		.4byte	0x89
 217 011b 0B       		.byte	0xb
 218 011c 00       		.byte	0
 219 011d 08       		.uleb128 0x8
 220 011e 12000000 		.4byte	.LASF16
 221 0122 03       		.byte	0x3
 222 0123 76       		.byte	0x76
 223 0124 2E010000 		.4byte	0x12e
 224 0128 05       		.uleb128 0x5
ARM GAS  C:\Users\Henry\AppData\Local\Temp\ccKeNK0a.s 			page 5


 225 0129 03       		.byte	0x3
 226 012a 00000000 		.4byte	cy_metadata
 227 012e 07       		.uleb128 0x7
 228 012f 0D010000 		.4byte	0x10d
 229 0133 00       		.byte	0
 230              		.section	.debug_abbrev,"",%progbits
 231              	.Ldebug_abbrev0:
 232 0000 01       		.uleb128 0x1
 233 0001 11       		.uleb128 0x11
 234 0002 01       		.byte	0x1
 235 0003 25       		.uleb128 0x25
 236 0004 0E       		.uleb128 0xe
 237 0005 13       		.uleb128 0x13
 238 0006 0B       		.uleb128 0xb
 239 0007 03       		.uleb128 0x3
 240 0008 0E       		.uleb128 0xe
 241 0009 1B       		.uleb128 0x1b
 242 000a 0E       		.uleb128 0xe
 243 000b 10       		.uleb128 0x10
 244 000c 17       		.uleb128 0x17
 245 000d 00       		.byte	0
 246 000e 00       		.byte	0
 247 000f 02       		.uleb128 0x2
 248 0010 24       		.uleb128 0x24
 249 0011 00       		.byte	0
 250 0012 0B       		.uleb128 0xb
 251 0013 0B       		.uleb128 0xb
 252 0014 3E       		.uleb128 0x3e
 253 0015 0B       		.uleb128 0xb
 254 0016 03       		.uleb128 0x3
 255 0017 0E       		.uleb128 0xe
 256 0018 00       		.byte	0
 257 0019 00       		.byte	0
 258 001a 03       		.uleb128 0x3
 259 001b 16       		.uleb128 0x16
 260 001c 00       		.byte	0
 261 001d 03       		.uleb128 0x3
 262 001e 0E       		.uleb128 0xe
 263 001f 3A       		.uleb128 0x3a
 264 0020 0B       		.uleb128 0xb
 265 0021 3B       		.uleb128 0x3b
 266 0022 0B       		.uleb128 0xb
 267 0023 49       		.uleb128 0x49
 268 0024 13       		.uleb128 0x13
 269 0025 00       		.byte	0
 270 0026 00       		.byte	0
 271 0027 04       		.uleb128 0x4
 272 0028 24       		.uleb128 0x24
 273 0029 00       		.byte	0
 274 002a 0B       		.uleb128 0xb
 275 002b 0B       		.uleb128 0xb
 276 002c 3E       		.uleb128 0x3e
 277 002d 0B       		.uleb128 0xb
 278 002e 03       		.uleb128 0x3
 279 002f 08       		.uleb128 0x8
 280 0030 00       		.byte	0
 281 0031 00       		.byte	0
ARM GAS  C:\Users\Henry\AppData\Local\Temp\ccKeNK0a.s 			page 6


 282 0032 05       		.uleb128 0x5
 283 0033 01       		.uleb128 0x1
 284 0034 01       		.byte	0x1
 285 0035 49       		.uleb128 0x49
 286 0036 13       		.uleb128 0x13
 287 0037 01       		.uleb128 0x1
 288 0038 13       		.uleb128 0x13
 289 0039 00       		.byte	0
 290 003a 00       		.byte	0
 291 003b 06       		.uleb128 0x6
 292 003c 21       		.uleb128 0x21
 293 003d 00       		.byte	0
 294 003e 49       		.uleb128 0x49
 295 003f 13       		.uleb128 0x13
 296 0040 2F       		.uleb128 0x2f
 297 0041 0B       		.uleb128 0xb
 298 0042 00       		.byte	0
 299 0043 00       		.byte	0
 300 0044 07       		.uleb128 0x7
 301 0045 26       		.uleb128 0x26
 302 0046 00       		.byte	0
 303 0047 49       		.uleb128 0x49
 304 0048 13       		.uleb128 0x13
 305 0049 00       		.byte	0
 306 004a 00       		.byte	0
 307 004b 08       		.uleb128 0x8
 308 004c 34       		.uleb128 0x34
 309 004d 00       		.byte	0
 310 004e 03       		.uleb128 0x3
 311 004f 0E       		.uleb128 0xe
 312 0050 3A       		.uleb128 0x3a
 313 0051 0B       		.uleb128 0xb
 314 0052 3B       		.uleb128 0x3b
 315 0053 0B       		.uleb128 0xb
 316 0054 49       		.uleb128 0x49
 317 0055 13       		.uleb128 0x13
 318 0056 3F       		.uleb128 0x3f
 319 0057 19       		.uleb128 0x19
 320 0058 02       		.uleb128 0x2
 321 0059 18       		.uleb128 0x18
 322 005a 00       		.byte	0
 323 005b 00       		.byte	0
 324 005c 00       		.byte	0
 325              		.section	.debug_aranges,"",%progbits
 326 0000 14000000 		.4byte	0x14
 327 0004 0200     		.2byte	0x2
 328 0006 00000000 		.4byte	.Ldebug_info0
 329 000a 04       		.byte	0x4
 330 000b 00       		.byte	0
 331 000c 0000     		.2byte	0
 332 000e 0000     		.2byte	0
 333 0010 00000000 		.4byte	0
 334 0014 00000000 		.4byte	0
 335              		.section	.debug_line,"",%progbits
 336              	.Ldebug_line0:
 337 0000 3D010000 		.section	.debug_str,"MS",%progbits,1
 337      02003701 
ARM GAS  C:\Users\Henry\AppData\Local\Temp\ccKeNK0a.s 			page 7


 337      00000201 
 337      FB0E0D00 
 337      01010101 
 338              	.LASF9:
 339 0000 5F5F7569 		.ascii	"__uint8_t\000"
 339      6E74385F 
 339      7400
 340              	.LASF10:
 341 000a 75696E74 		.ascii	"uint8_t\000"
 341      385F7400 
 342              	.LASF16:
 343 0012 63795F6D 		.ascii	"cy_metadata\000"
 343      65746164 
 343      61746100 
 344              	.LASF1:
 345 001e 756E7369 		.ascii	"unsigned char\000"
 345      676E6564 
 345      20636861 
 345      7200
 346              	.LASF17:
 347 002c 474E5520 		.ascii	"GNU C11 5.4.1 20160609 (release) [ARM/embedded-5-br"
 347      43313120 
 347      352E342E 
 347      31203230 
 347      31363036 
 348 005f 616E6368 		.ascii	"anch revision 237715] -mcpu=cortex-m3 -mthumb -g -O"
 348      20726576 
 348      6973696F 
 348      6E203233 
 348      37373135 
 349 0092 67202D66 		.ascii	"g -ffunction-sections -ffat-lto-objects\000"
 349      66756E63 
 349      74696F6E 
 349      2D736563 
 349      74696F6E 
 350              	.LASF5:
 351 00ba 6C6F6E67 		.ascii	"long unsigned int\000"
 351      20756E73 
 351      69676E65 
 351      6420696E 
 351      7400
 352              	.LASF3:
 353 00cc 73686F72 		.ascii	"short unsigned int\000"
 353      7420756E 
 353      7369676E 
 353      65642069 
 353      6E7400
 354              	.LASF13:
 355 00df 63795F6D 		.ascii	"cy_meta_custnvl\000"
 355      6574615F 
 355      63757374 
 355      6E766C00 
 356              	.LASF12:
 357 00ef 63795F6D 		.ascii	"cy_meta_configecc\000"
 357      6574615F 
 357      636F6E66 
 357      69676563 
ARM GAS  C:\Users\Henry\AppData\Local\Temp\ccKeNK0a.s 			page 8


 357      6300
 358              	.LASF8:
 359 0101 756E7369 		.ascii	"unsigned int\000"
 359      676E6564 
 359      20696E74 
 359      00
 360              	.LASF7:
 361 010e 6C6F6E67 		.ascii	"long long unsigned int\000"
 361      206C6F6E 
 361      6720756E 
 361      7369676E 
 361      65642069 
 362              	.LASF19:
 363 0125 433A5C55 		.ascii	"C:\\Users\\Henry\\Documents\\PSoC Creator\\Ej1\\Ej1"
 363      73657273 
 363      5C48656E 
 363      72795C44 
 363      6F63756D 
 364 0152 2E637964 		.ascii	".cydsn\000"
 364      736E00
 365              	.LASF15:
 366 0159 63795F6D 		.ascii	"cy_meta_flashprotect\000"
 366      6574615F 
 366      666C6173 
 366      6870726F 
 366      74656374 
 367              	.LASF14:
 368 016e 63795F6D 		.ascii	"cy_meta_wonvl\000"
 368      6574615F 
 368      776F6E76 
 368      6C00
 369              	.LASF11:
 370 017c 73697A65 		.ascii	"sizetype\000"
 370      74797065 
 370      00
 371              	.LASF6:
 372 0185 6C6F6E67 		.ascii	"long long int\000"
 372      206C6F6E 
 372      6720696E 
 372      7400
 373              	.LASF2:
 374 0193 73686F72 		.ascii	"short int\000"
 374      7420696E 
 374      7400
 375              	.LASF4:
 376 019d 6C6F6E67 		.ascii	"long int\000"
 376      20696E74 
 376      00
 377              	.LASF0:
 378 01a6 7369676E 		.ascii	"signed char\000"
 378      65642063 
 378      68617200 
 379              	.LASF18:
 380 01b2 47656E65 		.ascii	"Generated_Source\\PSoC5\\cymetadata.c\000"
 380      72617465 
 380      645F536F 
 380      75726365 
ARM GAS  C:\Users\Henry\AppData\Local\Temp\ccKeNK0a.s 			page 9


 380      5C50536F 
 381              		.ident	"GCC: (GNU Tools for ARM Embedded Processors) 5.4.1 20160609 (release) [ARM/embedded-5-bran
