ARM GAS  C:\Users\Henry\AppData\Local\Temp\ccmeCxmS.s 			page 1


   1              		.syntax unified
   2              		.cpu cortex-m3
   3              		.fpu softvfp
   4              		.eabi_attribute 20, 1
   5              		.eabi_attribute 21, 1
   6              		.eabi_attribute 23, 3
   7              		.eabi_attribute 24, 1
   8              		.eabi_attribute 25, 1
   9              		.eabi_attribute 26, 1
  10              		.eabi_attribute 30, 1
  11              		.eabi_attribute 34, 1
  12              		.eabi_attribute 18, 4
  13              		.thumb
  14              		.syntax unified
  15              		.file	"main.c"
  16              		.text
  17              	.Ltext0:
  18              		.cfi_sections	.debug_frame
  19              		.section	.text.main,"ax",%progbits
  20              		.align	2
  21              		.global	main
  22              		.thumb
  23              		.thumb_func
  24              		.type	main, %function
  25              	main:
  26              	.LFB63:
  27              		.file 1 "main.c"
   1:main.c        **** /* ========================================
   2:main.c        ****  *
   3:main.c        ****  * Copyright YOUR COMPANY, THE YEAR
   4:main.c        ****  * All Rights Reserved
   5:main.c        ****  * UNPUBLISHED, LICENSED SOFTWARE.
   6:main.c        ****  *
   7:main.c        ****  * CONFIDENTIAL AND PROPRIETARY INFORMATION
   8:main.c        ****  * WHICH IS THE PROPERTY OF your company.
   9:main.c        ****  *
  10:main.c        ****  * ========================================
  11:main.c        **** */
  12:main.c        **** #include "project.h"
  13:main.c        **** int contador=0;
  14:main.c        **** int main(void)
  15:main.c        **** {
  28              		.loc 1 15 0
  29              		.cfi_startproc
  30              		@ Volatile: function does not return.
  31              		@ args = 0, pretend = 0, frame = 0
  32              		@ frame_needed = 0, uses_anonymous_args = 0
  33 0000 08B5     		push	{r3, lr}
  34              		.cfi_def_cfa_offset 8
  35              		.cfi_offset 3, -8
  36              		.cfi_offset 14, -4
  16:main.c        ****     CyGlobalIntEnable; /* Enable global interrupts. */
  37              		.loc 1 16 0
  38              		.syntax unified
  39              	@ 16 "main.c" 1
  40 0002 62B6     		CPSIE   i
  41              	@ 0 "" 2
ARM GAS  C:\Users\Henry\AppData\Local\Temp\ccmeCxmS.s 			page 2


  42              		.thumb
  43              		.syntax unified
  44              	.L2:
  17:main.c        **** 
  18:main.c        ****     /* Place your initialization/startup code here (e.g. MyInst_Start()) */
  19:main.c        **** 
  20:main.c        ****     for(;;)
  21:main.c        ****     {
  22:main.c        ****         /* Place your application code here. */
  23:main.c        ****         contador++;
  45              		.loc 1 23 0 discriminator 1
  46 0004 044A     		ldr	r2, .L4
  47 0006 1368     		ldr	r3, [r2]
  48 0008 0133     		adds	r3, r3, #1
  49 000a 1360     		str	r3, [r2]
  24:main.c        ****         CyDelay(1000);
  50              		.loc 1 24 0 discriminator 1
  51 000c 4FF47A70 		mov	r0, #1000
  52 0010 FFF7FEFF 		bl	CyDelay
  53              	.LVL0:
  54 0014 F6E7     		b	.L2
  55              	.L5:
  56 0016 00BF     		.align	2
  57              	.L4:
  58 0018 00000000 		.word	.LANCHOR0
  59              		.cfi_endproc
  60              	.LFE63:
  61              		.size	main, .-main
  62              		.global	contador
  63              		.bss
  64              		.align	2
  65              		.set	.LANCHOR0,. + 0
  66              		.type	contador, %object
  67              		.size	contador, 4
  68              	contador:
  69 0000 00000000 		.space	4
  70              		.text
  71              	.Letext0:
  72              		.file 2 "c:\\program files (x86)\\cypress\\psoc creator\\4.4\\psoc creator\\import\\gnu\\arm\\5.4.
  73              		.file 3 "c:\\program files (x86)\\cypress\\psoc creator\\4.4\\psoc creator\\import\\gnu\\arm\\5.4.
  74              		.file 4 "Generated_Source\\PSoC5/core_cm3.h"
  75              		.file 5 "Generated_Source\\PSoC5/CyLib.h"
  76              		.section	.debug_info,"",%progbits
  77              	.Ldebug_info0:
  78 0000 F9000000 		.4byte	0xf9
  79 0004 0400     		.2byte	0x4
  80 0006 00000000 		.4byte	.Ldebug_abbrev0
  81 000a 04       		.byte	0x4
  82 000b 01       		.uleb128 0x1
  83 000c 3A000000 		.4byte	.LASF18
  84 0010 0C       		.byte	0xc
  85 0011 2E000000 		.4byte	.LASF19
  86 0015 1C010000 		.4byte	.LASF20
  87 0019 00000000 		.4byte	.Ldebug_ranges0+0
  88 001d 00000000 		.4byte	0
  89 0021 00000000 		.4byte	.Ldebug_line0
  90 0025 02       		.uleb128 0x2
ARM GAS  C:\Users\Henry\AppData\Local\Temp\ccmeCxmS.s 			page 3


  91 0026 01       		.byte	0x1
  92 0027 06       		.byte	0x6
  93 0028 66010000 		.4byte	.LASF0
  94 002c 02       		.uleb128 0x2
  95 002d 01       		.byte	0x1
  96 002e 08       		.byte	0x8
  97 002f F9000000 		.4byte	.LASF1
  98 0033 02       		.uleb128 0x2
  99 0034 02       		.byte	0x2
 100 0035 05       		.byte	0x5
 101 0036 8E010000 		.4byte	.LASF2
 102 003a 02       		.uleb128 0x2
 103 003b 02       		.byte	0x2
 104 003c 07       		.byte	0x7
 105 003d 0E000000 		.4byte	.LASF3
 106 0041 03       		.uleb128 0x3
 107 0042 7E010000 		.4byte	.LASF9
 108 0046 02       		.byte	0x2
 109 0047 3F       		.byte	0x3f
 110 0048 4C000000 		.4byte	0x4c
 111 004c 02       		.uleb128 0x2
 112 004d 04       		.byte	0x4
 113 004e 05       		.byte	0x5
 114 004f 0C010000 		.4byte	.LASF4
 115 0053 02       		.uleb128 0x2
 116 0054 04       		.byte	0x4
 117 0055 07       		.byte	0x7
 118 0056 D0000000 		.4byte	.LASF5
 119 005a 02       		.uleb128 0x2
 120 005b 08       		.byte	0x8
 121 005c 05       		.byte	0x5
 122 005d 00000000 		.4byte	.LASF6
 123 0061 02       		.uleb128 0x2
 124 0062 08       		.byte	0x8
 125 0063 07       		.byte	0x7
 126 0064 E2000000 		.4byte	.LASF7
 127 0068 04       		.uleb128 0x4
 128 0069 04       		.byte	0x4
 129 006a 05       		.byte	0x5
 130 006b 696E7400 		.ascii	"int\000"
 131 006f 02       		.uleb128 0x2
 132 0070 04       		.byte	0x4
 133 0071 07       		.byte	0x7
 134 0072 21000000 		.4byte	.LASF8
 135 0076 03       		.uleb128 0x3
 136 0077 98010000 		.4byte	.LASF10
 137 007b 03       		.byte	0x3
 138 007c 2C       		.byte	0x2c
 139 007d 41000000 		.4byte	0x41
 140 0081 02       		.uleb128 0x2
 141 0082 04       		.byte	0x4
 142 0083 04       		.byte	0x4
 143 0084 88010000 		.4byte	.LASF11
 144 0088 02       		.uleb128 0x2
 145 0089 08       		.byte	0x8
 146 008a 04       		.byte	0x4
 147 008b 15010000 		.4byte	.LASF12
ARM GAS  C:\Users\Henry\AppData\Local\Temp\ccmeCxmS.s 			page 4


 148 008f 02       		.uleb128 0x2
 149 0090 01       		.byte	0x1
 150 0091 08       		.byte	0x8
 151 0092 07010000 		.4byte	.LASF13
 152 0096 02       		.uleb128 0x2
 153 0097 04       		.byte	0x4
 154 0098 07       		.byte	0x7
 155 0099 50010000 		.4byte	.LASF14
 156 009d 02       		.uleb128 0x2
 157 009e 08       		.byte	0x8
 158 009f 04       		.byte	0x4
 159 00a0 72010000 		.4byte	.LASF15
 160 00a4 05       		.uleb128 0x5
 161 00a5 35000000 		.4byte	.LASF21
 162 00a9 01       		.byte	0x1
 163 00aa 0E       		.byte	0xe
 164 00ab 68000000 		.4byte	0x68
 165 00af 00000000 		.4byte	.LFB63
 166 00b3 1C000000 		.4byte	.LFE63-.LFB63
 167 00b7 01       		.uleb128 0x1
 168 00b8 9C       		.byte	0x9c
 169 00b9 CF000000 		.4byte	0xcf
 170 00bd 06       		.uleb128 0x6
 171 00be 14000000 		.4byte	.LVL0
 172 00c2 F1000000 		.4byte	0xf1
 173 00c6 07       		.uleb128 0x7
 174 00c7 01       		.uleb128 0x1
 175 00c8 50       		.byte	0x50
 176 00c9 03       		.uleb128 0x3
 177 00ca 0A       		.byte	0xa
 178 00cb E803     		.2byte	0x3e8
 179 00cd 00       		.byte	0
 180 00ce 00       		.byte	0
 181 00cf 08       		.uleb128 0x8
 182 00d0 59010000 		.4byte	.LASF16
 183 00d4 04       		.byte	0x4
 184 00d5 1207     		.2byte	0x712
 185 00d7 DB000000 		.4byte	0xdb
 186 00db 09       		.uleb128 0x9
 187 00dc 76000000 		.4byte	0x76
 188 00e0 0A       		.uleb128 0xa
 189 00e1 A0010000 		.4byte	.LASF17
 190 00e5 01       		.byte	0x1
 191 00e6 0D       		.byte	0xd
 192 00e7 68000000 		.4byte	0x68
 193 00eb 05       		.uleb128 0x5
 194 00ec 03       		.byte	0x3
 195 00ed 00000000 		.4byte	contador
 196 00f1 0B       		.uleb128 0xb
 197 00f2 C8000000 		.4byte	.LASF22
 198 00f6 C8000000 		.4byte	.LASF22
 199 00fa 05       		.byte	0x5
 200 00fb 76       		.byte	0x76
 201 00fc 00       		.byte	0
 202              		.section	.debug_abbrev,"",%progbits
 203              	.Ldebug_abbrev0:
 204 0000 01       		.uleb128 0x1
ARM GAS  C:\Users\Henry\AppData\Local\Temp\ccmeCxmS.s 			page 5


 205 0001 11       		.uleb128 0x11
 206 0002 01       		.byte	0x1
 207 0003 25       		.uleb128 0x25
 208 0004 0E       		.uleb128 0xe
 209 0005 13       		.uleb128 0x13
 210 0006 0B       		.uleb128 0xb
 211 0007 03       		.uleb128 0x3
 212 0008 0E       		.uleb128 0xe
 213 0009 1B       		.uleb128 0x1b
 214 000a 0E       		.uleb128 0xe
 215 000b 55       		.uleb128 0x55
 216 000c 17       		.uleb128 0x17
 217 000d 11       		.uleb128 0x11
 218 000e 01       		.uleb128 0x1
 219 000f 10       		.uleb128 0x10
 220 0010 17       		.uleb128 0x17
 221 0011 00       		.byte	0
 222 0012 00       		.byte	0
 223 0013 02       		.uleb128 0x2
 224 0014 24       		.uleb128 0x24
 225 0015 00       		.byte	0
 226 0016 0B       		.uleb128 0xb
 227 0017 0B       		.uleb128 0xb
 228 0018 3E       		.uleb128 0x3e
 229 0019 0B       		.uleb128 0xb
 230 001a 03       		.uleb128 0x3
 231 001b 0E       		.uleb128 0xe
 232 001c 00       		.byte	0
 233 001d 00       		.byte	0
 234 001e 03       		.uleb128 0x3
 235 001f 16       		.uleb128 0x16
 236 0020 00       		.byte	0
 237 0021 03       		.uleb128 0x3
 238 0022 0E       		.uleb128 0xe
 239 0023 3A       		.uleb128 0x3a
 240 0024 0B       		.uleb128 0xb
 241 0025 3B       		.uleb128 0x3b
 242 0026 0B       		.uleb128 0xb
 243 0027 49       		.uleb128 0x49
 244 0028 13       		.uleb128 0x13
 245 0029 00       		.byte	0
 246 002a 00       		.byte	0
 247 002b 04       		.uleb128 0x4
 248 002c 24       		.uleb128 0x24
 249 002d 00       		.byte	0
 250 002e 0B       		.uleb128 0xb
 251 002f 0B       		.uleb128 0xb
 252 0030 3E       		.uleb128 0x3e
 253 0031 0B       		.uleb128 0xb
 254 0032 03       		.uleb128 0x3
 255 0033 08       		.uleb128 0x8
 256 0034 00       		.byte	0
 257 0035 00       		.byte	0
 258 0036 05       		.uleb128 0x5
 259 0037 2E       		.uleb128 0x2e
 260 0038 01       		.byte	0x1
 261 0039 3F       		.uleb128 0x3f
ARM GAS  C:\Users\Henry\AppData\Local\Temp\ccmeCxmS.s 			page 6


 262 003a 19       		.uleb128 0x19
 263 003b 03       		.uleb128 0x3
 264 003c 0E       		.uleb128 0xe
 265 003d 3A       		.uleb128 0x3a
 266 003e 0B       		.uleb128 0xb
 267 003f 3B       		.uleb128 0x3b
 268 0040 0B       		.uleb128 0xb
 269 0041 27       		.uleb128 0x27
 270 0042 19       		.uleb128 0x19
 271 0043 49       		.uleb128 0x49
 272 0044 13       		.uleb128 0x13
 273 0045 8701     		.uleb128 0x87
 274 0047 19       		.uleb128 0x19
 275 0048 11       		.uleb128 0x11
 276 0049 01       		.uleb128 0x1
 277 004a 12       		.uleb128 0x12
 278 004b 06       		.uleb128 0x6
 279 004c 40       		.uleb128 0x40
 280 004d 18       		.uleb128 0x18
 281 004e 9742     		.uleb128 0x2117
 282 0050 19       		.uleb128 0x19
 283 0051 01       		.uleb128 0x1
 284 0052 13       		.uleb128 0x13
 285 0053 00       		.byte	0
 286 0054 00       		.byte	0
 287 0055 06       		.uleb128 0x6
 288 0056 898201   		.uleb128 0x4109
 289 0059 01       		.byte	0x1
 290 005a 11       		.uleb128 0x11
 291 005b 01       		.uleb128 0x1
 292 005c 31       		.uleb128 0x31
 293 005d 13       		.uleb128 0x13
 294 005e 00       		.byte	0
 295 005f 00       		.byte	0
 296 0060 07       		.uleb128 0x7
 297 0061 8A8201   		.uleb128 0x410a
 298 0064 00       		.byte	0
 299 0065 02       		.uleb128 0x2
 300 0066 18       		.uleb128 0x18
 301 0067 9142     		.uleb128 0x2111
 302 0069 18       		.uleb128 0x18
 303 006a 00       		.byte	0
 304 006b 00       		.byte	0
 305 006c 08       		.uleb128 0x8
 306 006d 34       		.uleb128 0x34
 307 006e 00       		.byte	0
 308 006f 03       		.uleb128 0x3
 309 0070 0E       		.uleb128 0xe
 310 0071 3A       		.uleb128 0x3a
 311 0072 0B       		.uleb128 0xb
 312 0073 3B       		.uleb128 0x3b
 313 0074 05       		.uleb128 0x5
 314 0075 49       		.uleb128 0x49
 315 0076 13       		.uleb128 0x13
 316 0077 3F       		.uleb128 0x3f
 317 0078 19       		.uleb128 0x19
 318 0079 3C       		.uleb128 0x3c
ARM GAS  C:\Users\Henry\AppData\Local\Temp\ccmeCxmS.s 			page 7


 319 007a 19       		.uleb128 0x19
 320 007b 00       		.byte	0
 321 007c 00       		.byte	0
 322 007d 09       		.uleb128 0x9
 323 007e 35       		.uleb128 0x35
 324 007f 00       		.byte	0
 325 0080 49       		.uleb128 0x49
 326 0081 13       		.uleb128 0x13
 327 0082 00       		.byte	0
 328 0083 00       		.byte	0
 329 0084 0A       		.uleb128 0xa
 330 0085 34       		.uleb128 0x34
 331 0086 00       		.byte	0
 332 0087 03       		.uleb128 0x3
 333 0088 0E       		.uleb128 0xe
 334 0089 3A       		.uleb128 0x3a
 335 008a 0B       		.uleb128 0xb
 336 008b 3B       		.uleb128 0x3b
 337 008c 0B       		.uleb128 0xb
 338 008d 49       		.uleb128 0x49
 339 008e 13       		.uleb128 0x13
 340 008f 3F       		.uleb128 0x3f
 341 0090 19       		.uleb128 0x19
 342 0091 02       		.uleb128 0x2
 343 0092 18       		.uleb128 0x18
 344 0093 00       		.byte	0
 345 0094 00       		.byte	0
 346 0095 0B       		.uleb128 0xb
 347 0096 2E       		.uleb128 0x2e
 348 0097 00       		.byte	0
 349 0098 3F       		.uleb128 0x3f
 350 0099 19       		.uleb128 0x19
 351 009a 3C       		.uleb128 0x3c
 352 009b 19       		.uleb128 0x19
 353 009c 6E       		.uleb128 0x6e
 354 009d 0E       		.uleb128 0xe
 355 009e 03       		.uleb128 0x3
 356 009f 0E       		.uleb128 0xe
 357 00a0 3A       		.uleb128 0x3a
 358 00a1 0B       		.uleb128 0xb
 359 00a2 3B       		.uleb128 0x3b
 360 00a3 0B       		.uleb128 0xb
 361 00a4 00       		.byte	0
 362 00a5 00       		.byte	0
 363 00a6 00       		.byte	0
 364              		.section	.debug_aranges,"",%progbits
 365 0000 1C000000 		.4byte	0x1c
 366 0004 0200     		.2byte	0x2
 367 0006 00000000 		.4byte	.Ldebug_info0
 368 000a 04       		.byte	0x4
 369 000b 00       		.byte	0
 370 000c 0000     		.2byte	0
 371 000e 0000     		.2byte	0
 372 0010 00000000 		.4byte	.LFB63
 373 0014 1C000000 		.4byte	.LFE63-.LFB63
 374 0018 00000000 		.4byte	0
 375 001c 00000000 		.4byte	0
ARM GAS  C:\Users\Henry\AppData\Local\Temp\ccmeCxmS.s 			page 8


 376              		.section	.debug_ranges,"",%progbits
 377              	.Ldebug_ranges0:
 378 0000 00000000 		.4byte	.LFB63
 379 0004 1C000000 		.4byte	.LFE63
 380 0008 00000000 		.4byte	0
 381 000c 00000000 		.4byte	0
 382              		.section	.debug_line,"",%progbits
 383              	.Ldebug_line0:
 384 0000 6A010000 		.section	.debug_str,"MS",%progbits,1
 384      02004A01 
 384      00000201 
 384      FB0E0D00 
 384      01010101 
 385              	.LASF6:
 386 0000 6C6F6E67 		.ascii	"long long int\000"
 386      206C6F6E 
 386      6720696E 
 386      7400
 387              	.LASF3:
 388 000e 73686F72 		.ascii	"short unsigned int\000"
 388      7420756E 
 388      7369676E 
 388      65642069 
 388      6E7400
 389              	.LASF8:
 390 0021 756E7369 		.ascii	"unsigned int\000"
 390      676E6564 
 390      20696E74 
 390      00
 391              	.LASF19:
 392 002e 6D61696E 		.ascii	"main.c\000"
 392      2E6300
 393              	.LASF21:
 394 0035 6D61696E 		.ascii	"main\000"
 394      00
 395              	.LASF18:
 396 003a 474E5520 		.ascii	"GNU C11 5.4.1 20160609 (release) [ARM/embedded-5-br"
 396      43313120 
 396      352E342E 
 396      31203230 
 396      31363036 
 397 006d 616E6368 		.ascii	"anch revision 237715] -mcpu=cortex-m3 -mthumb -g -O"
 397      20726576 
 397      6973696F 
 397      6E203233 
 397      37373135 
 398 00a0 67202D66 		.ascii	"g -ffunction-sections -ffat-lto-objects\000"
 398      66756E63 
 398      74696F6E 
 398      2D736563 
 398      74696F6E 
 399              	.LASF22:
 400 00c8 43794465 		.ascii	"CyDelay\000"
 400      6C617900 
 401              	.LASF5:
 402 00d0 6C6F6E67 		.ascii	"long unsigned int\000"
 402      20756E73 
ARM GAS  C:\Users\Henry\AppData\Local\Temp\ccmeCxmS.s 			page 9


 402      69676E65 
 402      6420696E 
 402      7400
 403              	.LASF7:
 404 00e2 6C6F6E67 		.ascii	"long long unsigned int\000"
 404      206C6F6E 
 404      6720756E 
 404      7369676E 
 404      65642069 
 405              	.LASF1:
 406 00f9 756E7369 		.ascii	"unsigned char\000"
 406      676E6564 
 406      20636861 
 406      7200
 407              	.LASF13:
 408 0107 63686172 		.ascii	"char\000"
 408      00
 409              	.LASF4:
 410 010c 6C6F6E67 		.ascii	"long int\000"
 410      20696E74 
 410      00
 411              	.LASF12:
 412 0115 646F7562 		.ascii	"double\000"
 412      6C6500
 413              	.LASF20:
 414 011c 433A5C55 		.ascii	"C:\\Users\\Henry\\Documents\\PSoC Creator\\Ej1\\Ej1"
 414      73657273 
 414      5C48656E 
 414      72795C44 
 414      6F63756D 
 415 0149 2E637964 		.ascii	".cydsn\000"
 415      736E00
 416              	.LASF14:
 417 0150 73697A65 		.ascii	"sizetype\000"
 417      74797065 
 417      00
 418              	.LASF16:
 419 0159 49544D5F 		.ascii	"ITM_RxBuffer\000"
 419      52784275 
 419      66666572 
 419      00
 420              	.LASF0:
 421 0166 7369676E 		.ascii	"signed char\000"
 421      65642063 
 421      68617200 
 422              	.LASF15:
 423 0172 6C6F6E67 		.ascii	"long double\000"
 423      20646F75 
 423      626C6500 
 424              	.LASF9:
 425 017e 5F5F696E 		.ascii	"__int32_t\000"
 425      7433325F 
 425      7400
 426              	.LASF11:
 427 0188 666C6F61 		.ascii	"float\000"
 427      7400
 428              	.LASF2:
ARM GAS  C:\Users\Henry\AppData\Local\Temp\ccmeCxmS.s 			page 10


 429 018e 73686F72 		.ascii	"short int\000"
 429      7420696E 
 429      7400
 430              	.LASF10:
 431 0198 696E7433 		.ascii	"int32_t\000"
 431      325F7400 
 432              	.LASF17:
 433 01a0 636F6E74 		.ascii	"contador\000"
 433      61646F72 
 433      00
 434              		.ident	"GCC: (GNU Tools for ARM Embedded Processors) 5.4.1 20160609 (release) [ARM/embedded-5-bran
