ARM GAS  C:\Users\Henry\AppData\Local\Temp\ccNvg7bA.s 			page 1


   1              		.syntax unified
   2              		.cpu cortex-m3
   3              		.fpu softvfp
   4              		.eabi_attribute 20, 1
   5              		.eabi_attribute 21, 1
   6              		.eabi_attribute 23, 3
   7              		.eabi_attribute 24, 1
   8              		.eabi_attribute 25, 1
   9              		.eabi_attribute 26, 1
  10              		.eabi_attribute 30, 1
  11              		.eabi_attribute 34, 1
  12              		.eabi_attribute 18, 4
  13              		.thumb
  14              		.syntax unified
  15              		.file	"cyfitter_cfg.c"
  16              		.text
  17              	.Ltext0:
  18              		.cfi_sections	.debug_frame
  19              		.section	.text.CyClockStartupError,"ax",%progbits
  20              		.align	2
  21              		.thumb
  22              		.thumb_func
  23              		.type	CyClockStartupError, %function
  24              	CyClockStartupError:
  25              	.LFB3:
  26              		.file 1 "Generated_Source\\PSoC5\\cyfitter_cfg.c"
   1:Generated_Source\PSoC5/cyfitter_cfg.c **** 
   2:Generated_Source\PSoC5/cyfitter_cfg.c **** /*******************************************************************************
   3:Generated_Source\PSoC5/cyfitter_cfg.c **** * File Name: cyfitter_cfg.c
   4:Generated_Source\PSoC5/cyfitter_cfg.c **** * 
   5:Generated_Source\PSoC5/cyfitter_cfg.c **** * PSoC Creator  4.4
   6:Generated_Source\PSoC5/cyfitter_cfg.c **** *
   7:Generated_Source\PSoC5/cyfitter_cfg.c **** * Description:
   8:Generated_Source\PSoC5/cyfitter_cfg.c **** * This file contains device initialization code.
   9:Generated_Source\PSoC5/cyfitter_cfg.c **** * Except for the user defined sections in CyClockStartupError(), this file should not be modified.
  10:Generated_Source\PSoC5/cyfitter_cfg.c **** * This file is automatically generated by PSoC Creator.
  11:Generated_Source\PSoC5/cyfitter_cfg.c **** *
  12:Generated_Source\PSoC5/cyfitter_cfg.c **** ********************************************************************************
  13:Generated_Source\PSoC5/cyfitter_cfg.c **** * Copyright (c) 2007-2020 Cypress Semiconductor.  All rights reserved.
  14:Generated_Source\PSoC5/cyfitter_cfg.c **** * You may use this file only in accordance with the license, terms, conditions, 
  15:Generated_Source\PSoC5/cyfitter_cfg.c **** * disclaimers, and limitations in the end user license agreement accompanying 
  16:Generated_Source\PSoC5/cyfitter_cfg.c **** * the software package with which this file was provided.
  17:Generated_Source\PSoC5/cyfitter_cfg.c **** ********************************************************************************/
  18:Generated_Source\PSoC5/cyfitter_cfg.c **** 
  19:Generated_Source\PSoC5/cyfitter_cfg.c **** #include <string.h>
  20:Generated_Source\PSoC5/cyfitter_cfg.c **** #include "cytypes.h"
  21:Generated_Source\PSoC5/cyfitter_cfg.c **** #include "cydevice_trm.h"
  22:Generated_Source\PSoC5/cyfitter_cfg.c **** #include "cyfitter.h"
  23:Generated_Source\PSoC5/cyfitter_cfg.c **** #include "CyLib.h"
  24:Generated_Source\PSoC5/cyfitter_cfg.c **** #include "cyfitter_cfg.h"
  25:Generated_Source\PSoC5/cyfitter_cfg.c **** #include "cyapicallbacks.h"
  26:Generated_Source\PSoC5/cyfitter_cfg.c **** 
  27:Generated_Source\PSoC5/cyfitter_cfg.c **** #define CY_NEED_CYCLOCKSTARTUPERROR 1
  28:Generated_Source\PSoC5/cyfitter_cfg.c **** 
  29:Generated_Source\PSoC5/cyfitter_cfg.c **** 
  30:Generated_Source\PSoC5/cyfitter_cfg.c **** #if defined(__GNUC__) || defined(__ARMCC_VERSION)
  31:Generated_Source\PSoC5/cyfitter_cfg.c ****     #define CYPACKED 
ARM GAS  C:\Users\Henry\AppData\Local\Temp\ccNvg7bA.s 			page 2


  32:Generated_Source\PSoC5/cyfitter_cfg.c ****     #define CYPACKED_ATTR __attribute__ ((packed))
  33:Generated_Source\PSoC5/cyfitter_cfg.c ****     #define CYALIGNED __attribute__ ((aligned))
  34:Generated_Source\PSoC5/cyfitter_cfg.c ****     #define CY_CFG_UNUSED __attribute__ ((unused))
  35:Generated_Source\PSoC5/cyfitter_cfg.c ****     #ifndef CY_CFG_SECTION
  36:Generated_Source\PSoC5/cyfitter_cfg.c ****         #define CY_CFG_SECTION __attribute__ ((section(".psocinit")))
  37:Generated_Source\PSoC5/cyfitter_cfg.c ****     #endif
  38:Generated_Source\PSoC5/cyfitter_cfg.c ****     
  39:Generated_Source\PSoC5/cyfitter_cfg.c ****     #if defined(__ARMCC_VERSION)
  40:Generated_Source\PSoC5/cyfitter_cfg.c ****         #define CY_CFG_MEMORY_BARRIER() __memory_changed()
  41:Generated_Source\PSoC5/cyfitter_cfg.c ****     #else
  42:Generated_Source\PSoC5/cyfitter_cfg.c ****         #define CY_CFG_MEMORY_BARRIER() __sync_synchronize()
  43:Generated_Source\PSoC5/cyfitter_cfg.c ****     #endif
  44:Generated_Source\PSoC5/cyfitter_cfg.c ****     
  45:Generated_Source\PSoC5/cyfitter_cfg.c **** #elif defined(__ICCARM__)
  46:Generated_Source\PSoC5/cyfitter_cfg.c ****     #include <intrinsics.h>
  47:Generated_Source\PSoC5/cyfitter_cfg.c **** 
  48:Generated_Source\PSoC5/cyfitter_cfg.c ****     #define CYPACKED __packed
  49:Generated_Source\PSoC5/cyfitter_cfg.c ****     #define CYPACKED_ATTR 
  50:Generated_Source\PSoC5/cyfitter_cfg.c ****     #define CYALIGNED _Pragma("data_alignment=4")
  51:Generated_Source\PSoC5/cyfitter_cfg.c ****     #define CY_CFG_UNUSED _Pragma("diag_suppress=Pe177")
  52:Generated_Source\PSoC5/cyfitter_cfg.c ****     #define CY_CFG_SECTION _Pragma("location=\".psocinit\"")
  53:Generated_Source\PSoC5/cyfitter_cfg.c ****     
  54:Generated_Source\PSoC5/cyfitter_cfg.c ****     #define CY_CFG_MEMORY_BARRIER() __DMB()
  55:Generated_Source\PSoC5/cyfitter_cfg.c ****     
  56:Generated_Source\PSoC5/cyfitter_cfg.c **** #else
  57:Generated_Source\PSoC5/cyfitter_cfg.c ****     #error Unsupported toolchain
  58:Generated_Source\PSoC5/cyfitter_cfg.c **** #endif
  59:Generated_Source\PSoC5/cyfitter_cfg.c **** 
  60:Generated_Source\PSoC5/cyfitter_cfg.c **** #ifndef CYCODE
  61:Generated_Source\PSoC5/cyfitter_cfg.c ****     #define CYCODE
  62:Generated_Source\PSoC5/cyfitter_cfg.c **** #endif
  63:Generated_Source\PSoC5/cyfitter_cfg.c **** #ifndef CYDATA
  64:Generated_Source\PSoC5/cyfitter_cfg.c ****     #define CYDATA
  65:Generated_Source\PSoC5/cyfitter_cfg.c **** #endif
  66:Generated_Source\PSoC5/cyfitter_cfg.c **** #ifndef CYFAR
  67:Generated_Source\PSoC5/cyfitter_cfg.c ****     #define CYFAR
  68:Generated_Source\PSoC5/cyfitter_cfg.c **** #endif
  69:Generated_Source\PSoC5/cyfitter_cfg.c **** #ifndef CYXDATA
  70:Generated_Source\PSoC5/cyfitter_cfg.c ****     #define CYXDATA
  71:Generated_Source\PSoC5/cyfitter_cfg.c **** #endif
  72:Generated_Source\PSoC5/cyfitter_cfg.c **** 
  73:Generated_Source\PSoC5/cyfitter_cfg.c **** 
  74:Generated_Source\PSoC5/cyfitter_cfg.c **** CY_CFG_UNUSED
  75:Generated_Source\PSoC5/cyfitter_cfg.c **** static void CYMEMZERO(void *s, size_t n);
  76:Generated_Source\PSoC5/cyfitter_cfg.c **** CY_CFG_UNUSED
  77:Generated_Source\PSoC5/cyfitter_cfg.c **** static void CYMEMZERO(void *s, size_t n)
  78:Generated_Source\PSoC5/cyfitter_cfg.c **** {
  79:Generated_Source\PSoC5/cyfitter_cfg.c **** 	(void)memset(s, 0, n);
  80:Generated_Source\PSoC5/cyfitter_cfg.c **** }
  81:Generated_Source\PSoC5/cyfitter_cfg.c **** CY_CFG_UNUSED
  82:Generated_Source\PSoC5/cyfitter_cfg.c **** static void CYCONFIGCPY(void *dest, const void *src, size_t n);
  83:Generated_Source\PSoC5/cyfitter_cfg.c **** CY_CFG_UNUSED
  84:Generated_Source\PSoC5/cyfitter_cfg.c **** static void CYCONFIGCPY(void *dest, const void *src, size_t n)
  85:Generated_Source\PSoC5/cyfitter_cfg.c **** {
  86:Generated_Source\PSoC5/cyfitter_cfg.c **** 	(void)memcpy(dest, src, n);
  87:Generated_Source\PSoC5/cyfitter_cfg.c **** }
  88:Generated_Source\PSoC5/cyfitter_cfg.c **** CY_CFG_UNUSED
ARM GAS  C:\Users\Henry\AppData\Local\Temp\ccNvg7bA.s 			page 3


  89:Generated_Source\PSoC5/cyfitter_cfg.c **** static void CYCONFIGCPYCODE(void *dest, const void *src, size_t n);
  90:Generated_Source\PSoC5/cyfitter_cfg.c **** CY_CFG_UNUSED
  91:Generated_Source\PSoC5/cyfitter_cfg.c **** static void CYCONFIGCPYCODE(void *dest, const void *src, size_t n)
  92:Generated_Source\PSoC5/cyfitter_cfg.c **** {
  93:Generated_Source\PSoC5/cyfitter_cfg.c **** 	(void)memcpy(dest, src, n);
  94:Generated_Source\PSoC5/cyfitter_cfg.c **** }
  95:Generated_Source\PSoC5/cyfitter_cfg.c **** 
  96:Generated_Source\PSoC5/cyfitter_cfg.c **** 
  97:Generated_Source\PSoC5/cyfitter_cfg.c **** 
  98:Generated_Source\PSoC5/cyfitter_cfg.c **** 
  99:Generated_Source\PSoC5/cyfitter_cfg.c **** /* Clock startup error codes                                                   */
 100:Generated_Source\PSoC5/cyfitter_cfg.c **** #define CYCLOCKSTART_NO_ERROR    0u
 101:Generated_Source\PSoC5/cyfitter_cfg.c **** #define CYCLOCKSTART_XTAL_ERROR  1u
 102:Generated_Source\PSoC5/cyfitter_cfg.c **** #define CYCLOCKSTART_32KHZ_ERROR 2u
 103:Generated_Source\PSoC5/cyfitter_cfg.c **** #define CYCLOCKSTART_PLL_ERROR   3u
 104:Generated_Source\PSoC5/cyfitter_cfg.c **** #define CYCLOCKSTART_FLL_ERROR   4u
 105:Generated_Source\PSoC5/cyfitter_cfg.c **** #define CYCLOCKSTART_WCO_ERROR   5u
 106:Generated_Source\PSoC5/cyfitter_cfg.c **** 
 107:Generated_Source\PSoC5/cyfitter_cfg.c **** 
 108:Generated_Source\PSoC5/cyfitter_cfg.c **** #ifdef CY_NEED_CYCLOCKSTARTUPERROR
 109:Generated_Source\PSoC5/cyfitter_cfg.c **** /*******************************************************************************
 110:Generated_Source\PSoC5/cyfitter_cfg.c **** * Function Name: CyClockStartupError
 111:Generated_Source\PSoC5/cyfitter_cfg.c **** ********************************************************************************
 112:Generated_Source\PSoC5/cyfitter_cfg.c **** * Summary:
 113:Generated_Source\PSoC5/cyfitter_cfg.c **** *  If an error is encountered during clock configuration (crystal startup error,
 114:Generated_Source\PSoC5/cyfitter_cfg.c **** *  PLL lock error, etc.), the system will end up here.  Unless reimplemented by
 115:Generated_Source\PSoC5/cyfitter_cfg.c **** *  the customer, this function will stop in an infinite loop.
 116:Generated_Source\PSoC5/cyfitter_cfg.c **** *
 117:Generated_Source\PSoC5/cyfitter_cfg.c **** * Parameters:
 118:Generated_Source\PSoC5/cyfitter_cfg.c **** *   void
 119:Generated_Source\PSoC5/cyfitter_cfg.c **** *
 120:Generated_Source\PSoC5/cyfitter_cfg.c **** * Return:
 121:Generated_Source\PSoC5/cyfitter_cfg.c **** *   void
 122:Generated_Source\PSoC5/cyfitter_cfg.c **** *
 123:Generated_Source\PSoC5/cyfitter_cfg.c **** *******************************************************************************/
 124:Generated_Source\PSoC5/cyfitter_cfg.c **** CY_CFG_UNUSED
 125:Generated_Source\PSoC5/cyfitter_cfg.c **** static void CyClockStartupError(uint8 errorCode);
 126:Generated_Source\PSoC5/cyfitter_cfg.c **** CY_CFG_UNUSED
 127:Generated_Source\PSoC5/cyfitter_cfg.c **** static void CyClockStartupError(uint8 errorCode)
 128:Generated_Source\PSoC5/cyfitter_cfg.c **** {
  27              		.loc 1 128 0
  28              		.cfi_startproc
  29              		@ Volatile: function does not return.
  30              		@ args = 0, pretend = 0, frame = 0
  31              		@ frame_needed = 0, uses_anonymous_args = 0
  32              		@ link register save eliminated.
  33              	.LVL0:
  34              	.L2:
  35 0000 FEE7     		b	.L2
  36              		.cfi_endproc
  37              	.LFE3:
  38              		.size	CyClockStartupError, .-CyClockStartupError
  39 0002 00BF     		.section	.text.AnalogSetDefault,"ax",%progbits
  40              		.align	2
  41              		.thumb
  42              		.thumb_func
  43              		.type	AnalogSetDefault, %function
ARM GAS  C:\Users\Henry\AppData\Local\Temp\ccNvg7bA.s 			page 4


  44              	AnalogSetDefault:
  45              	.LFB5:
 129:Generated_Source\PSoC5/cyfitter_cfg.c ****     /* To remove the compiler warning if errorCode not used.                */
 130:Generated_Source\PSoC5/cyfitter_cfg.c ****     errorCode = errorCode;
 131:Generated_Source\PSoC5/cyfitter_cfg.c **** 
 132:Generated_Source\PSoC5/cyfitter_cfg.c ****     /* If we have a clock startup error (bad MHz crystal, PLL lock, etc.),  */
 133:Generated_Source\PSoC5/cyfitter_cfg.c ****     /* we will end up here to allow the customer to implement something to  */
 134:Generated_Source\PSoC5/cyfitter_cfg.c ****     /* deal with the clock condition.                                       */
 135:Generated_Source\PSoC5/cyfitter_cfg.c **** 
 136:Generated_Source\PSoC5/cyfitter_cfg.c **** #ifdef CY_CFG_CLOCK_STARTUP_ERROR_CALLBACK
 137:Generated_Source\PSoC5/cyfitter_cfg.c ****     CY_CFG_Clock_Startup_ErrorCallback();
 138:Generated_Source\PSoC5/cyfitter_cfg.c **** #else
 139:Generated_Source\PSoC5/cyfitter_cfg.c ****     /*  If not using CY_CFG_CLOCK_STARTUP_ERROR_CALLBACK, place your clock startup code here. */
 140:Generated_Source\PSoC5/cyfitter_cfg.c ****     /* `#START CyClockStartupError` */
 141:Generated_Source\PSoC5/cyfitter_cfg.c **** 
 142:Generated_Source\PSoC5/cyfitter_cfg.c **** 
 143:Generated_Source\PSoC5/cyfitter_cfg.c **** 
 144:Generated_Source\PSoC5/cyfitter_cfg.c ****     /* `#END` */
 145:Generated_Source\PSoC5/cyfitter_cfg.c **** 
 146:Generated_Source\PSoC5/cyfitter_cfg.c ****     while(1) {}
 147:Generated_Source\PSoC5/cyfitter_cfg.c **** #endif /* CY_CFG_CLOCK_STARTUP_ERROR_CALLBACK */
 148:Generated_Source\PSoC5/cyfitter_cfg.c **** }
 149:Generated_Source\PSoC5/cyfitter_cfg.c **** #endif
 150:Generated_Source\PSoC5/cyfitter_cfg.c **** 
 151:Generated_Source\PSoC5/cyfitter_cfg.c **** /* IOPINS0_0 Address: CYREG_PRT0_DM0 Size (bytes): 8 */
 152:Generated_Source\PSoC5/cyfitter_cfg.c **** #define BS_IOPINS0_0_VAL ((const uint8 CYFAR *)0x48000000u)
 153:Generated_Source\PSoC5/cyfitter_cfg.c **** 
 154:Generated_Source\PSoC5/cyfitter_cfg.c **** /* IOPINS0_1 Address: CYREG_PRT1_DM0 Size (bytes): 8 */
 155:Generated_Source\PSoC5/cyfitter_cfg.c **** #define BS_IOPINS0_1_VAL ((const uint8 CYFAR *)0x48000008u)
 156:Generated_Source\PSoC5/cyfitter_cfg.c **** 
 157:Generated_Source\PSoC5/cyfitter_cfg.c **** /* IOPINS0_6 Address: CYREG_PRT6_DM0 Size (bytes): 8 */
 158:Generated_Source\PSoC5/cyfitter_cfg.c **** #define BS_IOPINS0_6_VAL ((const uint8 CYFAR *)0x48000010u)
 159:Generated_Source\PSoC5/cyfitter_cfg.c **** 
 160:Generated_Source\PSoC5/cyfitter_cfg.c **** 
 161:Generated_Source\PSoC5/cyfitter_cfg.c **** /*******************************************************************************
 162:Generated_Source\PSoC5/cyfitter_cfg.c **** * Function Name: ClockSetup
 163:Generated_Source\PSoC5/cyfitter_cfg.c **** ********************************************************************************
 164:Generated_Source\PSoC5/cyfitter_cfg.c **** *
 165:Generated_Source\PSoC5/cyfitter_cfg.c **** * Summary:
 166:Generated_Source\PSoC5/cyfitter_cfg.c **** *  Performs the initialization of all of the clocks in the device based on the
 167:Generated_Source\PSoC5/cyfitter_cfg.c **** *  settings in the Clock tab of the DWR.  This includes enabling the requested
 168:Generated_Source\PSoC5/cyfitter_cfg.c **** *  clocks and setting the necessary dividers to produce the desired frequency. 
 169:Generated_Source\PSoC5/cyfitter_cfg.c **** *
 170:Generated_Source\PSoC5/cyfitter_cfg.c **** * Parameters:
 171:Generated_Source\PSoC5/cyfitter_cfg.c **** *  void
 172:Generated_Source\PSoC5/cyfitter_cfg.c **** *
 173:Generated_Source\PSoC5/cyfitter_cfg.c **** * Return:
 174:Generated_Source\PSoC5/cyfitter_cfg.c **** *  void
 175:Generated_Source\PSoC5/cyfitter_cfg.c **** *
 176:Generated_Source\PSoC5/cyfitter_cfg.c **** *******************************************************************************/
 177:Generated_Source\PSoC5/cyfitter_cfg.c **** static void ClockSetup(void);
 178:Generated_Source\PSoC5/cyfitter_cfg.c **** static void ClockSetup(void)
 179:Generated_Source\PSoC5/cyfitter_cfg.c **** {
 180:Generated_Source\PSoC5/cyfitter_cfg.c **** 	uint32 timeout;
 181:Generated_Source\PSoC5/cyfitter_cfg.c **** 	uint8 pllLock;
 182:Generated_Source\PSoC5/cyfitter_cfg.c **** 
 183:Generated_Source\PSoC5/cyfitter_cfg.c **** 
ARM GAS  C:\Users\Henry\AppData\Local\Temp\ccNvg7bA.s 			page 5


 184:Generated_Source\PSoC5/cyfitter_cfg.c **** 	/* Configure ILO based on settings from Clock DWR */
 185:Generated_Source\PSoC5/cyfitter_cfg.c **** 	CY_SET_XTND_REG8((void CYFAR *)(CYREG_SLOWCLK_ILO_CR0), 0x02u);
 186:Generated_Source\PSoC5/cyfitter_cfg.c **** 	CY_SET_XTND_REG8((void CYFAR *)(CYREG_CLKDIST_CR), 0x08u);
 187:Generated_Source\PSoC5/cyfitter_cfg.c **** 
 188:Generated_Source\PSoC5/cyfitter_cfg.c **** 	/* Configure IMO based on settings from Clock DWR */
 189:Generated_Source\PSoC5/cyfitter_cfg.c **** 	CY_SET_XTND_REG8((void CYFAR *)(CYREG_FASTCLK_IMO_CR), 0x03u);
 190:Generated_Source\PSoC5/cyfitter_cfg.c **** 	CY_SET_XTND_REG8((void CYFAR *)(CYREG_IMO_TR1), (CY_GET_XTND_REG8((void CYFAR *)CYREG_FLSHID_CUST_
 191:Generated_Source\PSoC5/cyfitter_cfg.c **** 
 192:Generated_Source\PSoC5/cyfitter_cfg.c **** 	/* Configure PLL based on settings from Clock DWR */
 193:Generated_Source\PSoC5/cyfitter_cfg.c **** 	CY_SET_XTND_REG16((void CYFAR *)(CYREG_FASTCLK_PLL_P), 0x0008u);
 194:Generated_Source\PSoC5/cyfitter_cfg.c **** 	CY_SET_XTND_REG16((void CYFAR *)(CYREG_FASTCLK_PLL_CFG0), 0x1251u);
 195:Generated_Source\PSoC5/cyfitter_cfg.c **** 	/* Wait up to 250us for the PLL to lock */
 196:Generated_Source\PSoC5/cyfitter_cfg.c **** 	pllLock = 0u;
 197:Generated_Source\PSoC5/cyfitter_cfg.c **** 	for (timeout = 250u / 10u; (timeout > 0u) && (pllLock != 0x03u); timeout--)
 198:Generated_Source\PSoC5/cyfitter_cfg.c **** 	{ 
 199:Generated_Source\PSoC5/cyfitter_cfg.c **** 		pllLock = 0x03u & ((uint8)((uint8)pllLock << 1) | ((CY_GET_XTND_REG8((void CYFAR *)CYREG_FASTCLK_
 200:Generated_Source\PSoC5/cyfitter_cfg.c **** 		CyDelayCycles(10u * 48u); /* Delay 10us based on 48MHz clock */
 201:Generated_Source\PSoC5/cyfitter_cfg.c **** 	}
 202:Generated_Source\PSoC5/cyfitter_cfg.c **** 	/* If we ran out of time the PLL didn't lock so go to the error function */
 203:Generated_Source\PSoC5/cyfitter_cfg.c **** 	if (timeout == 0u)
 204:Generated_Source\PSoC5/cyfitter_cfg.c **** 	{
 205:Generated_Source\PSoC5/cyfitter_cfg.c **** 		CyClockStartupError(CYCLOCKSTART_PLL_ERROR);
 206:Generated_Source\PSoC5/cyfitter_cfg.c **** 	}
 207:Generated_Source\PSoC5/cyfitter_cfg.c **** 
 208:Generated_Source\PSoC5/cyfitter_cfg.c **** 	/* Configure Bus/Master Clock based on settings from Clock DWR */
 209:Generated_Source\PSoC5/cyfitter_cfg.c **** 	CY_SET_XTND_REG16((void CYFAR *)(CYREG_CLKDIST_MSTR0), 0x0100u);
 210:Generated_Source\PSoC5/cyfitter_cfg.c **** 	CY_SET_XTND_REG8((void CYFAR *)(CYREG_CLKDIST_MSTR0), 0x07u);
 211:Generated_Source\PSoC5/cyfitter_cfg.c **** 	CY_SET_XTND_REG8((void CYFAR *)(CYREG_CLKDIST_BCFG0), 0x00u);
 212:Generated_Source\PSoC5/cyfitter_cfg.c **** 	CY_SET_XTND_REG8((void CYFAR *)(CYREG_CLKDIST_BCFG2), 0x48u);
 213:Generated_Source\PSoC5/cyfitter_cfg.c **** 	CY_SET_XTND_REG8((void CYFAR *)(CYREG_CLKDIST_MSTR0), 0x00u);
 214:Generated_Source\PSoC5/cyfitter_cfg.c **** 	CY_SET_XTND_REG8((void CYFAR *)(CYREG_CLKDIST_LD), 0x02u);
 215:Generated_Source\PSoC5/cyfitter_cfg.c **** }
 216:Generated_Source\PSoC5/cyfitter_cfg.c **** 
 217:Generated_Source\PSoC5/cyfitter_cfg.c **** 
 218:Generated_Source\PSoC5/cyfitter_cfg.c **** /* Analog API Functions */
 219:Generated_Source\PSoC5/cyfitter_cfg.c **** 
 220:Generated_Source\PSoC5/cyfitter_cfg.c **** 
 221:Generated_Source\PSoC5/cyfitter_cfg.c **** /*******************************************************************************
 222:Generated_Source\PSoC5/cyfitter_cfg.c **** * Function Name: AnalogSetDefault
 223:Generated_Source\PSoC5/cyfitter_cfg.c **** ********************************************************************************
 224:Generated_Source\PSoC5/cyfitter_cfg.c **** *
 225:Generated_Source\PSoC5/cyfitter_cfg.c **** * Summary:
 226:Generated_Source\PSoC5/cyfitter_cfg.c **** *  Sets up the analog portions of the chip to default values based on chip
 227:Generated_Source\PSoC5/cyfitter_cfg.c **** *  configuration options from the project.
 228:Generated_Source\PSoC5/cyfitter_cfg.c **** *
 229:Generated_Source\PSoC5/cyfitter_cfg.c **** * Parameters:
 230:Generated_Source\PSoC5/cyfitter_cfg.c **** *  void
 231:Generated_Source\PSoC5/cyfitter_cfg.c **** *
 232:Generated_Source\PSoC5/cyfitter_cfg.c **** * Return:
 233:Generated_Source\PSoC5/cyfitter_cfg.c **** *  void
 234:Generated_Source\PSoC5/cyfitter_cfg.c **** *
 235:Generated_Source\PSoC5/cyfitter_cfg.c **** *******************************************************************************/
 236:Generated_Source\PSoC5/cyfitter_cfg.c **** static void AnalogSetDefault(void);
 237:Generated_Source\PSoC5/cyfitter_cfg.c **** static void AnalogSetDefault(void)
 238:Generated_Source\PSoC5/cyfitter_cfg.c **** {
  46              		.loc 1 238 0
  47              		.cfi_startproc
ARM GAS  C:\Users\Henry\AppData\Local\Temp\ccNvg7bA.s 			page 6


  48              		@ args = 0, pretend = 0, frame = 0
  49              		@ frame_needed = 0, uses_anonymous_args = 0
  50              		@ link register save eliminated.
 239:Generated_Source\PSoC5/cyfitter_cfg.c **** 	uint8 bg_xover_inl_trim = CY_GET_XTND_REG8((void CYFAR *)(CYREG_FLSHID_MFG_CFG_BG_XOVER_INL_TRIM +
  51              		.loc 1 239 0
  52 0000 064B     		ldr	r3, .L4
  53 0002 1B78     		ldrb	r3, [r3]	@ zero_extendqisi2
  54 0004 DBB2     		uxtb	r3, r3
  55              	.LVL1:
 240:Generated_Source\PSoC5/cyfitter_cfg.c **** 	CY_SET_XTND_REG8((void CYFAR *)(CYREG_BG_DFT0), (bg_xover_inl_trim & 0x07u));
  56              		.loc 1 240 0
  57 0006 03F00701 		and	r1, r3, #7
  58 000a 054A     		ldr	r2, .L4+4
  59 000c 1170     		strb	r1, [r2]
 241:Generated_Source\PSoC5/cyfitter_cfg.c **** 	CY_SET_XTND_REG8((void CYFAR *)(CYREG_BG_DFT1), ((bg_xover_inl_trim >> 4) & 0x0Fu));
  60              		.loc 1 241 0
  61 000e 1B09     		lsrs	r3, r3, #4
  62              	.LVL2:
  63 0010 0132     		adds	r2, r2, #1
  64 0012 1370     		strb	r3, [r2]
 242:Generated_Source\PSoC5/cyfitter_cfg.c **** 	CY_SET_XTND_REG8((void CYFAR *)CYREG_PUMP_CR0, 0x44u);
  65              		.loc 1 242 0
  66 0014 4422     		movs	r2, #68
  67 0016 034B     		ldr	r3, .L4+8
  68 0018 1A70     		strb	r2, [r3]
  69 001a 7047     		bx	lr
  70              	.L5:
  71              		.align	2
  72              	.L4:
  73 001c CF010049 		.word	1224737231
  74 0020 6E580040 		.word	1073764462
  75 0024 76580040 		.word	1073764470
  76              		.cfi_endproc
  77              	.LFE5:
  78              		.size	AnalogSetDefault, .-AnalogSetDefault
  79              		.section	.text.CYMEMZERO,"ax",%progbits
  80              		.align	2
  81              		.thumb
  82              		.thumb_func
  83              		.type	CYMEMZERO, %function
  84              	CYMEMZERO:
  85              	.LFB0:
  78:Generated_Source\PSoC5/cyfitter_cfg.c **** 	(void)memset(s, 0, n);
  86              		.loc 1 78 0
  87              		.cfi_startproc
  88              		@ args = 0, pretend = 0, frame = 0
  89              		@ frame_needed = 0, uses_anonymous_args = 0
  90              	.LVL3:
  91 0000 08B5     		push	{r3, lr}
  92              		.cfi_def_cfa_offset 8
  93              		.cfi_offset 3, -8
  94              		.cfi_offset 14, -4
  79:Generated_Source\PSoC5/cyfitter_cfg.c **** }
  95              		.loc 1 79 0
  96 0002 0A46     		mov	r2, r1
  97 0004 0021     		movs	r1, #0
  98              	.LVL4:
ARM GAS  C:\Users\Henry\AppData\Local\Temp\ccNvg7bA.s 			page 7


  99 0006 FFF7FEFF 		bl	memset
 100              	.LVL5:
 101 000a 08BD     		pop	{r3, pc}
 102              		.cfi_endproc
 103              	.LFE0:
 104              		.size	CYMEMZERO, .-CYMEMZERO
 105              		.section	.text.ClockSetup,"ax",%progbits
 106              		.align	2
 107              		.thumb
 108              		.thumb_func
 109              		.type	ClockSetup, %function
 110              	ClockSetup:
 111              	.LFB4:
 179:Generated_Source\PSoC5/cyfitter_cfg.c **** 	uint32 timeout;
 112              		.loc 1 179 0
 113              		.cfi_startproc
 114              		@ args = 0, pretend = 0, frame = 0
 115              		@ frame_needed = 0, uses_anonymous_args = 0
 116 0000 38B5     		push	{r3, r4, r5, lr}
 117              		.cfi_def_cfa_offset 16
 118              		.cfi_offset 3, -16
 119              		.cfi_offset 4, -12
 120              		.cfi_offset 5, -8
 121              		.cfi_offset 14, -4
 185:Generated_Source\PSoC5/cyfitter_cfg.c **** 	CY_SET_XTND_REG8((void CYFAR *)(CYREG_CLKDIST_CR), 0x08u);
 122              		.loc 1 185 0
 123 0002 0222     		movs	r2, #2
 124 0004 1E4B     		ldr	r3, .L14
 125 0006 1A70     		strb	r2, [r3]
 186:Generated_Source\PSoC5/cyfitter_cfg.c **** 
 126              		.loc 1 186 0
 127 0008 0822     		movs	r2, #8
 128 000a 4FF04023 		mov	r3, #1073758208
 129 000e 1A70     		strb	r2, [r3]
 189:Generated_Source\PSoC5/cyfitter_cfg.c **** 	CY_SET_XTND_REG8((void CYFAR *)(CYREG_IMO_TR1), (CY_GET_XTND_REG8((void CYFAR *)CYREG_FLSHID_CUST_
 130              		.loc 1 189 0
 131 0010 0321     		movs	r1, #3
 132 0012 03F50073 		add	r3, r3, #512
 133 0016 1970     		strb	r1, [r3]
 190:Generated_Source\PSoC5/cyfitter_cfg.c **** 
 134              		.loc 1 190 0
 135 0018 1A4B     		ldr	r3, .L14+4
 136 001a 1B78     		ldrb	r3, [r3]	@ zero_extendqisi2
 137 001c DBB2     		uxtb	r3, r3
 138 001e 1A49     		ldr	r1, .L14+8
 139 0020 0B70     		strb	r3, [r1]
 193:Generated_Source\PSoC5/cyfitter_cfg.c **** 	CY_SET_XTND_REG16((void CYFAR *)(CYREG_FASTCLK_PLL_CFG0), 0x1251u);
 140              		.loc 1 193 0
 141 0022 1A4B     		ldr	r3, .L14+12
 142 0024 1A80     		strh	r2, [r3]	@ movhi
 194:Generated_Source\PSoC5/cyfitter_cfg.c **** 	/* Wait up to 250us for the PLL to lock */
 143              		.loc 1 194 0
 144 0026 41F25122 		movw	r2, #4689
 145 002a 023B     		subs	r3, r3, #2
 146 002c 1A80     		strh	r2, [r3]	@ movhi
 147              	.LVL6:
 196:Generated_Source\PSoC5/cyfitter_cfg.c **** 	for (timeout = 250u / 10u; (timeout > 0u) && (pllLock != 0x03u); timeout--)
ARM GAS  C:\Users\Henry\AppData\Local\Temp\ccNvg7bA.s 			page 8


 148              		.loc 1 196 0
 149 002e 0024     		movs	r4, #0
 197:Generated_Source\PSoC5/cyfitter_cfg.c **** 	{ 
 150              		.loc 1 197 0
 151 0030 1925     		movs	r5, #25
 152 0032 0CE0     		b	.L9
 153              	.LVL7:
 154              	.L11:
 199:Generated_Source\PSoC5/cyfitter_cfg.c **** 		CyDelayCycles(10u * 48u); /* Delay 10us based on 48MHz clock */
 155              		.loc 1 199 0 discriminator 4
 156 0034 164B     		ldr	r3, .L14+16
 157 0036 1B78     		ldrb	r3, [r3]	@ zero_extendqisi2
 158 0038 03F00103 		and	r3, r3, #1
 159 003c 43EA4404 		orr	r4, r3, r4, lsl #1
 160              	.LVL8:
 161 0040 04F00304 		and	r4, r4, #3
 162              	.LVL9:
 200:Generated_Source\PSoC5/cyfitter_cfg.c **** 	}
 163              		.loc 1 200 0 discriminator 4
 164 0044 4FF4F070 		mov	r0, #480
 165 0048 FFF7FEFF 		bl	CyDelayCycles
 166              	.LVL10:
 197:Generated_Source\PSoC5/cyfitter_cfg.c **** 	{ 
 167              		.loc 1 197 0 discriminator 4
 168 004c 013D     		subs	r5, r5, #1
 169              	.LVL11:
 170              	.L9:
 197:Generated_Source\PSoC5/cyfitter_cfg.c **** 	{ 
 171              		.loc 1 197 0 is_stmt 0 discriminator 1
 172 004e 0DB1     		cbz	r5, .L10
 197:Generated_Source\PSoC5/cyfitter_cfg.c **** 	{ 
 173              		.loc 1 197 0 discriminator 3
 174 0050 032C     		cmp	r4, #3
 175 0052 EFD1     		bne	.L11
 176              	.L10:
 203:Generated_Source\PSoC5/cyfitter_cfg.c **** 	{
 177              		.loc 1 203 0 is_stmt 1
 178 0054 15B9     		cbnz	r5, .L12
 205:Generated_Source\PSoC5/cyfitter_cfg.c **** 	}
 179              		.loc 1 205 0
 180 0056 0320     		movs	r0, #3
 181 0058 FFF7FEFF 		bl	CyClockStartupError
 182              	.LVL12:
 183              	.L12:
 209:Generated_Source\PSoC5/cyfitter_cfg.c **** 	CY_SET_XTND_REG8((void CYFAR *)(CYREG_CLKDIST_MSTR0), 0x07u);
 184              		.loc 1 209 0
 185 005c 0D4B     		ldr	r3, .L14+20
 186 005e 4FF48072 		mov	r2, #256
 187 0062 1A80     		strh	r2, [r3]	@ movhi
 210:Generated_Source\PSoC5/cyfitter_cfg.c **** 	CY_SET_XTND_REG8((void CYFAR *)(CYREG_CLKDIST_BCFG0), 0x00u);
 188              		.loc 1 210 0
 189 0064 0722     		movs	r2, #7
 190 0066 1A70     		strb	r2, [r3]
 211:Generated_Source\PSoC5/cyfitter_cfg.c **** 	CY_SET_XTND_REG8((void CYFAR *)(CYREG_CLKDIST_BCFG2), 0x48u);
 191              		.loc 1 211 0
 192 0068 0022     		movs	r2, #0
 193 006a 0B49     		ldr	r1, .L14+24
ARM GAS  C:\Users\Henry\AppData\Local\Temp\ccNvg7bA.s 			page 9


 194 006c 0A70     		strb	r2, [r1]
 212:Generated_Source\PSoC5/cyfitter_cfg.c **** 	CY_SET_XTND_REG8((void CYFAR *)(CYREG_CLKDIST_MSTR0), 0x00u);
 195              		.loc 1 212 0
 196 006e 4820     		movs	r0, #72
 197 0070 0231     		adds	r1, r1, #2
 198 0072 0870     		strb	r0, [r1]
 213:Generated_Source\PSoC5/cyfitter_cfg.c **** 	CY_SET_XTND_REG8((void CYFAR *)(CYREG_CLKDIST_LD), 0x02u);
 199              		.loc 1 213 0
 200 0074 1A70     		strb	r2, [r3]
 214:Generated_Source\PSoC5/cyfitter_cfg.c **** }
 201              		.loc 1 214 0
 202 0076 0222     		movs	r2, #2
 203 0078 033B     		subs	r3, r3, #3
 204 007a 1A70     		strb	r2, [r3]
 205 007c 38BD     		pop	{r3, r4, r5, pc}
 206              	.LVL13:
 207              	.L15:
 208 007e 00BF     		.align	2
 209              	.L14:
 210 0080 00430040 		.word	1073758976
 211 0084 08010049 		.word	1224737032
 212 0088 A1460040 		.word	1073759905
 213 008c 22420040 		.word	1073758754
 214 0090 25420040 		.word	1073758757
 215 0094 04400040 		.word	1073758212
 216 0098 06400040 		.word	1073758214
 217              		.cfi_endproc
 218              	.LFE4:
 219              		.size	ClockSetup, .-ClockSetup
 220              		.section	.text.CYCONFIGCPY,"ax",%progbits
 221              		.align	2
 222              		.thumb
 223              		.thumb_func
 224              		.type	CYCONFIGCPY, %function
 225              	CYCONFIGCPY:
 226              	.LFB1:
  85:Generated_Source\PSoC5/cyfitter_cfg.c **** 	(void)memcpy(dest, src, n);
 227              		.loc 1 85 0
 228              		.cfi_startproc
 229              		@ args = 0, pretend = 0, frame = 0
 230              		@ frame_needed = 0, uses_anonymous_args = 0
 231              	.LVL14:
 232 0000 08B5     		push	{r3, lr}
 233              		.cfi_def_cfa_offset 8
 234              		.cfi_offset 3, -8
 235              		.cfi_offset 14, -4
  86:Generated_Source\PSoC5/cyfitter_cfg.c **** }
 236              		.loc 1 86 0
 237 0002 FFF7FEFF 		bl	memcpy
 238              	.LVL15:
 239 0006 08BD     		pop	{r3, pc}
 240              		.cfi_endproc
 241              	.LFE1:
 242              		.size	CYCONFIGCPY, .-CYCONFIGCPY
 243              		.section	.text.SetAnalogRoutingPumps,"ax",%progbits
 244              		.align	2
 245              		.global	SetAnalogRoutingPumps
ARM GAS  C:\Users\Henry\AppData\Local\Temp\ccNvg7bA.s 			page 10


 246              		.thumb
 247              		.thumb_func
 248              		.type	SetAnalogRoutingPumps, %function
 249              	SetAnalogRoutingPumps:
 250              	.LFB6:
 243:Generated_Source\PSoC5/cyfitter_cfg.c **** }
 244:Generated_Source\PSoC5/cyfitter_cfg.c **** 
 245:Generated_Source\PSoC5/cyfitter_cfg.c **** 
 246:Generated_Source\PSoC5/cyfitter_cfg.c **** /*******************************************************************************
 247:Generated_Source\PSoC5/cyfitter_cfg.c **** * Function Name: SetAnalogRoutingPumps
 248:Generated_Source\PSoC5/cyfitter_cfg.c **** ********************************************************************************
 249:Generated_Source\PSoC5/cyfitter_cfg.c **** *
 250:Generated_Source\PSoC5/cyfitter_cfg.c **** * Summary:
 251:Generated_Source\PSoC5/cyfitter_cfg.c **** * Enables or disables the analog pumps feeding analog routing switches.
 252:Generated_Source\PSoC5/cyfitter_cfg.c **** * Intended to be called at startup, based on the Vdda system configuration;
 253:Generated_Source\PSoC5/cyfitter_cfg.c **** * may be called during operation when the user informs us that the Vdda voltage
 254:Generated_Source\PSoC5/cyfitter_cfg.c **** * crossed the pump threshold.
 255:Generated_Source\PSoC5/cyfitter_cfg.c **** *
 256:Generated_Source\PSoC5/cyfitter_cfg.c **** * Parameters:
 257:Generated_Source\PSoC5/cyfitter_cfg.c **** *  enabled - 1 to enable the pumps, 0 to disable the pumps
 258:Generated_Source\PSoC5/cyfitter_cfg.c **** *
 259:Generated_Source\PSoC5/cyfitter_cfg.c **** * Return:
 260:Generated_Source\PSoC5/cyfitter_cfg.c **** *  void
 261:Generated_Source\PSoC5/cyfitter_cfg.c **** *
 262:Generated_Source\PSoC5/cyfitter_cfg.c **** *******************************************************************************/
 263:Generated_Source\PSoC5/cyfitter_cfg.c **** void SetAnalogRoutingPumps(uint8 enabled)
 264:Generated_Source\PSoC5/cyfitter_cfg.c **** {
 251              		.loc 1 264 0
 252              		.cfi_startproc
 253              		@ args = 0, pretend = 0, frame = 0
 254              		@ frame_needed = 0, uses_anonymous_args = 0
 255              		@ link register save eliminated.
 256              	.LVL16:
 265:Generated_Source\PSoC5/cyfitter_cfg.c **** 	uint8 regValue = CY_GET_XTND_REG8((void CYFAR *)CYREG_PUMP_CR0);
 257              		.loc 1 265 0
 258 0000 024A     		ldr	r2, .L19
 259 0002 1378     		ldrb	r3, [r2]	@ zero_extendqisi2
 260 0004 DBB2     		uxtb	r3, r3
 261              	.LVL17:
 266:Generated_Source\PSoC5/cyfitter_cfg.c **** 	if (enabled != 0u)
 267:Generated_Source\PSoC5/cyfitter_cfg.c **** 	{
 268:Generated_Source\PSoC5/cyfitter_cfg.c **** 		regValue |= 0x00u;
 269:Generated_Source\PSoC5/cyfitter_cfg.c **** 	}
 270:Generated_Source\PSoC5/cyfitter_cfg.c **** 	else
 271:Generated_Source\PSoC5/cyfitter_cfg.c **** 	{
 272:Generated_Source\PSoC5/cyfitter_cfg.c **** 		regValue &= (uint8)~0x00u;
 273:Generated_Source\PSoC5/cyfitter_cfg.c **** 	}
 274:Generated_Source\PSoC5/cyfitter_cfg.c **** 	CY_SET_XTND_REG8((void CYFAR *)CYREG_PUMP_CR0, regValue);
 262              		.loc 1 274 0
 263 0006 1370     		strb	r3, [r2]
 264 0008 7047     		bx	lr
 265              	.L20:
 266 000a 00BF     		.align	2
 267              	.L19:
 268 000c 76580040 		.word	1073764470
 269              		.cfi_endproc
 270              	.LFE6:
ARM GAS  C:\Users\Henry\AppData\Local\Temp\ccNvg7bA.s 			page 11


 271              		.size	SetAnalogRoutingPumps, .-SetAnalogRoutingPumps
 272              		.section	.text.cyfitter_cfg,"ax",%progbits
 273              		.align	2
 274              		.global	cyfitter_cfg
 275              		.thumb
 276              		.thumb_func
 277              		.type	cyfitter_cfg, %function
 278              	cyfitter_cfg:
 279              	.LFB7:
 275:Generated_Source\PSoC5/cyfitter_cfg.c **** }
 276:Generated_Source\PSoC5/cyfitter_cfg.c **** 
 277:Generated_Source\PSoC5/cyfitter_cfg.c **** 
 278:Generated_Source\PSoC5/cyfitter_cfg.c **** 
 279:Generated_Source\PSoC5/cyfitter_cfg.c **** 
 280:Generated_Source\PSoC5/cyfitter_cfg.c **** /*******************************************************************************
 281:Generated_Source\PSoC5/cyfitter_cfg.c **** * Function Name: cyfitter_cfg
 282:Generated_Source\PSoC5/cyfitter_cfg.c **** ********************************************************************************
 283:Generated_Source\PSoC5/cyfitter_cfg.c **** * Summary:
 284:Generated_Source\PSoC5/cyfitter_cfg.c **** *  This function is called by the start-up code for the selected device. It
 285:Generated_Source\PSoC5/cyfitter_cfg.c **** *  performs all of the necessary device configuration based on the design
 286:Generated_Source\PSoC5/cyfitter_cfg.c **** *  settings.  This includes settings from the Design Wide Resources (DWR) such
 287:Generated_Source\PSoC5/cyfitter_cfg.c **** *  as Clocks and Pins as well as any component configuration that is necessary.
 288:Generated_Source\PSoC5/cyfitter_cfg.c **** *
 289:Generated_Source\PSoC5/cyfitter_cfg.c **** * Parameters:
 290:Generated_Source\PSoC5/cyfitter_cfg.c **** *   void
 291:Generated_Source\PSoC5/cyfitter_cfg.c **** *
 292:Generated_Source\PSoC5/cyfitter_cfg.c **** * Return:
 293:Generated_Source\PSoC5/cyfitter_cfg.c **** *   void
 294:Generated_Source\PSoC5/cyfitter_cfg.c **** *
 295:Generated_Source\PSoC5/cyfitter_cfg.c **** *******************************************************************************/
 296:Generated_Source\PSoC5/cyfitter_cfg.c **** 
 297:Generated_Source\PSoC5/cyfitter_cfg.c **** void cyfitter_cfg(void)
 298:Generated_Source\PSoC5/cyfitter_cfg.c **** {
 280              		.loc 1 298 0
 281              		.cfi_startproc
 282              		@ args = 0, pretend = 0, frame = 0
 283              		@ frame_needed = 0, uses_anonymous_args = 0
 284 0000 38B5     		push	{r3, r4, r5, lr}
 285              		.cfi_def_cfa_offset 16
 286              		.cfi_offset 3, -16
 287              		.cfi_offset 4, -12
 288              		.cfi_offset 5, -8
 289              		.cfi_offset 14, -4
 299:Generated_Source\PSoC5/cyfitter_cfg.c **** #ifdef CYGlobalIntDisable
 300:Generated_Source\PSoC5/cyfitter_cfg.c **** 	/* Disable interrupts by default. Let user enable if/when they want. */
 301:Generated_Source\PSoC5/cyfitter_cfg.c **** 	CYGlobalIntDisable
 290              		.loc 1 301 0
 291              		.syntax unified
 292              	@ 301 "Generated_Source\PSoC5\cyfitter_cfg.c" 1
 293 0002 72B6     		CPSID   i
 294              	@ 0 "" 2
 302:Generated_Source\PSoC5/cyfitter_cfg.c **** #endif
 303:Generated_Source\PSoC5/cyfitter_cfg.c **** 
 304:Generated_Source\PSoC5/cyfitter_cfg.c **** 	/* Enable/Disable Debug functionality based on settings from System DWR */
 305:Generated_Source\PSoC5/cyfitter_cfg.c **** 	CY_SET_XTND_REG8((void CYFAR *)CYREG_MLOGIC_DEBUG, (CY_GET_XTND_REG8((void CYFAR *)CYREG_MLOGIC_DE
 295              		.loc 1 305 0
 296              		.thumb
ARM GAS  C:\Users\Henry\AppData\Local\Temp\ccNvg7bA.s 			page 12


 297              		.syntax unified
 298 0004 234A     		ldr	r2, .L25
 299 0006 1378     		ldrb	r3, [r2]	@ zero_extendqisi2
 300 0008 43F00403 		orr	r3, r3, #4
 301 000c 1370     		strb	r3, [r2]
 302              	.LVL18:
 303              	.LBB2:
 306:Generated_Source\PSoC5/cyfitter_cfg.c **** 
 307:Generated_Source\PSoC5/cyfitter_cfg.c **** 	{
 308:Generated_Source\PSoC5/cyfitter_cfg.c **** 
 309:Generated_Source\PSoC5/cyfitter_cfg.c **** 		CYPACKED typedef struct {
 310:Generated_Source\PSoC5/cyfitter_cfg.c **** 			void CYFAR *address;
 311:Generated_Source\PSoC5/cyfitter_cfg.c **** 			uint16 size;
 312:Generated_Source\PSoC5/cyfitter_cfg.c **** 		} CYPACKED_ATTR cfg_memset_t;
 313:Generated_Source\PSoC5/cyfitter_cfg.c **** 
 314:Generated_Source\PSoC5/cyfitter_cfg.c **** 		static const cfg_memset_t CYCODE cfg_memset_list[] = {
 315:Generated_Source\PSoC5/cyfitter_cfg.c **** 			/* address, size */
 316:Generated_Source\PSoC5/cyfitter_cfg.c **** 			{(void CYFAR *)(CYREG_PRT2_DR), 64u},
 317:Generated_Source\PSoC5/cyfitter_cfg.c **** 			{(void CYFAR *)(CYREG_PRT12_DR), 16u},
 318:Generated_Source\PSoC5/cyfitter_cfg.c **** 			{(void CYFAR *)(CYREG_PRT15_DR), 16u},
 319:Generated_Source\PSoC5/cyfitter_cfg.c **** 			{(void CYFAR *)(CYDEV_UCFG_B0_P0_U0_BASE), 4096u},
 320:Generated_Source\PSoC5/cyfitter_cfg.c **** 			{(void CYFAR *)(CYDEV_UCFG_B1_P2_U0_BASE), 2048u},
 321:Generated_Source\PSoC5/cyfitter_cfg.c **** 			{(void CYFAR *)(CYDEV_UCFG_DSI0_BASE), 2560u},
 322:Generated_Source\PSoC5/cyfitter_cfg.c **** 			{(void CYFAR *)(CYDEV_UCFG_DSI12_BASE), 512u},
 323:Generated_Source\PSoC5/cyfitter_cfg.c **** 			{(void CYFAR *)(CYREG_BCTL0_MDCLK_EN), 32u},
 324:Generated_Source\PSoC5/cyfitter_cfg.c **** 		};
 325:Generated_Source\PSoC5/cyfitter_cfg.c **** 
 326:Generated_Source\PSoC5/cyfitter_cfg.c **** 		uint8 CYDATA i;
 327:Generated_Source\PSoC5/cyfitter_cfg.c **** 
 328:Generated_Source\PSoC5/cyfitter_cfg.c **** 		/* Zero out critical memory blocks before beginning configuration */
 329:Generated_Source\PSoC5/cyfitter_cfg.c **** 		for (i = 0u; i < (sizeof(cfg_memset_list)/sizeof(cfg_memset_list[0])); i++)
 304              		.loc 1 329 0
 305 000e 0024     		movs	r4, #0
 306 0010 0CE0     		b	.L22
 307              	.LVL19:
 308              	.L23:
 309              	.LBB3:
 330:Generated_Source\PSoC5/cyfitter_cfg.c **** 		{
 331:Generated_Source\PSoC5/cyfitter_cfg.c **** 			const cfg_memset_t CYCODE * CYDATA ms = &cfg_memset_list[i];
 332:Generated_Source\PSoC5/cyfitter_cfg.c **** 			CYMEMZERO(ms->address, (size_t)(uint32)(ms->size));
 310              		.loc 1 332 0 discriminator 3
 311 0012 214D     		ldr	r5, .L25+4
 312 0014 6300     		lsls	r3, r4, #1
 313 0016 1919     		adds	r1, r3, r4
 314 0018 4A00     		lsls	r2, r1, #1
 315 001a 1146     		mov	r1, r2
 316 001c 2A44     		add	r2, r2, r5
 317 001e 0846     		mov	r0, r1
 318 0020 9188     		ldrh	r1, [r2, #4]
 319 0022 2858     		ldr	r0, [r5, r0]	@ unaligned
 320 0024 FFF7FEFF 		bl	CYMEMZERO
 321              	.LVL20:
 322              	.LBE3:
 329:Generated_Source\PSoC5/cyfitter_cfg.c **** 		{
 323              		.loc 1 329 0 discriminator 3
 324 0028 0134     		adds	r4, r4, #1
 325              	.LVL21:
ARM GAS  C:\Users\Henry\AppData\Local\Temp\ccNvg7bA.s 			page 13


 326 002a E4B2     		uxtb	r4, r4
 327              	.LVL22:
 328              	.L22:
 329:Generated_Source\PSoC5/cyfitter_cfg.c **** 		{
 329              		.loc 1 329 0 is_stmt 0 discriminator 1
 330 002c 072C     		cmp	r4, #7
 331 002e F0D9     		bls	.L23
 333:Generated_Source\PSoC5/cyfitter_cfg.c **** 		}
 334:Generated_Source\PSoC5/cyfitter_cfg.c **** 
 335:Generated_Source\PSoC5/cyfitter_cfg.c **** 		/* Enable digital routing */
 336:Generated_Source\PSoC5/cyfitter_cfg.c **** 		CY_SET_XTND_REG8((void CYFAR *)CYREG_BCTL0_BANK_CTL, CY_GET_XTND_REG8((void CYFAR *)CYREG_BCTL0_B
 332              		.loc 1 336 0 is_stmt 1
 333 0030 1A4A     		ldr	r2, .L25+8
 334 0032 1378     		ldrb	r3, [r2]	@ zero_extendqisi2
 335 0034 43F00203 		orr	r3, r3, #2
 336 0038 1370     		strb	r3, [r2]
 337:Generated_Source\PSoC5/cyfitter_cfg.c **** 		CY_SET_XTND_REG8((void CYFAR *)CYREG_BCTL1_BANK_CTL, CY_GET_XTND_REG8((void CYFAR *)CYREG_BCTL1_B
 337              		.loc 1 337 0
 338 003a 1032     		adds	r2, r2, #16
 339 003c 1378     		ldrb	r3, [r2]	@ zero_extendqisi2
 340 003e 43F00203 		orr	r3, r3, #2
 341 0042 1370     		strb	r3, [r2]
 342              	.LBE2:
 338:Generated_Source\PSoC5/cyfitter_cfg.c **** 	}
 339:Generated_Source\PSoC5/cyfitter_cfg.c **** 
 340:Generated_Source\PSoC5/cyfitter_cfg.c **** 
 341:Generated_Source\PSoC5/cyfitter_cfg.c **** 	/* Perform second pass device configuration. These items must be configured in specific order afte
 342:Generated_Source\PSoC5/cyfitter_cfg.c **** 	CYCONFIGCPY((void CYFAR *)(CYREG_PRT0_DM0), (const void CYFAR *)(BS_IOPINS0_0_VAL), 8u);
 343              		.loc 1 342 0
 344 0044 0822     		movs	r2, #8
 345 0046 4FF09041 		mov	r1, #1207959552
 346 004a 1548     		ldr	r0, .L25+12
 347 004c FFF7FEFF 		bl	CYCONFIGCPY
 348              	.LVL23:
 343:Generated_Source\PSoC5/cyfitter_cfg.c **** 	CYCONFIGCPY((void CYFAR *)(CYREG_PRT1_DM0), (const void CYFAR *)(BS_IOPINS0_1_VAL), 8u);
 349              		.loc 1 343 0
 350 0050 0822     		movs	r2, #8
 351 0052 1449     		ldr	r1, .L25+16
 352 0054 1448     		ldr	r0, .L25+20
 353 0056 FFF7FEFF 		bl	CYCONFIGCPY
 354              	.LVL24:
 344:Generated_Source\PSoC5/cyfitter_cfg.c **** 	CYCONFIGCPY((void CYFAR *)(CYREG_PRT6_DM0), (const void CYFAR *)(BS_IOPINS0_6_VAL), 8u);
 355              		.loc 1 344 0
 356 005a 0822     		movs	r2, #8
 357 005c 1349     		ldr	r1, .L25+24
 358 005e 1448     		ldr	r0, .L25+28
 359 0060 FFF7FEFF 		bl	CYCONFIGCPY
 360              	.LVL25:
 345:Generated_Source\PSoC5/cyfitter_cfg.c **** 	/* Switch Boost to the precision bandgap reference from its internal reference */
 346:Generated_Source\PSoC5/cyfitter_cfg.c **** 	CY_SET_REG8((void CYXDATA *)CYREG_BOOST_CR2, (CY_GET_REG8((void CYXDATA *)CYREG_BOOST_CR2) | 0x08u
 361              		.loc 1 346 0
 362 0064 134A     		ldr	r2, .L25+32
 363 0066 1378     		ldrb	r3, [r2]	@ zero_extendqisi2
 364 0068 43F00803 		orr	r3, r3, #8
 365 006c 1370     		strb	r3, [r2]
 347:Generated_Source\PSoC5/cyfitter_cfg.c **** 
 348:Generated_Source\PSoC5/cyfitter_cfg.c **** 	/* Set Flash Cycles based on max possible frequency in case a glitch occurs during ClockSetup(). *
ARM GAS  C:\Users\Henry\AppData\Local\Temp\ccNvg7bA.s 			page 14


 349:Generated_Source\PSoC5/cyfitter_cfg.c **** 	CY_SET_XTND_REG8((void CYFAR *)(CYREG_CACHE_CC_CTL), (((CYDEV_INSTRUCT_CACHE_ENABLED) != 0) ? 0x61
 366              		.loc 1 349 0
 367 006e 124C     		ldr	r4, .L25+36
 368              	.LVL26:
 369 0070 6123     		movs	r3, #97
 370 0072 2370     		strb	r3, [r4]
 350:Generated_Source\PSoC5/cyfitter_cfg.c **** 	/* Setup clocks based on selections from Clock DWR */
 351:Generated_Source\PSoC5/cyfitter_cfg.c **** 	ClockSetup();
 371              		.loc 1 351 0
 372 0074 FFF7FEFF 		bl	ClockSetup
 373              	.LVL27:
 352:Generated_Source\PSoC5/cyfitter_cfg.c **** 	/* Set Flash Cycles based on newly configured 24.00MHz Bus Clock. */
 353:Generated_Source\PSoC5/cyfitter_cfg.c **** 	CY_SET_XTND_REG8((void CYFAR *)(CYREG_CACHE_CC_CTL), (((CYDEV_INSTRUCT_CACHE_ENABLED) != 0) ? 0x81
 374              		.loc 1 353 0
 375 0078 8123     		movs	r3, #129
 376 007a 2370     		strb	r3, [r4]
 354:Generated_Source\PSoC5/cyfitter_cfg.c **** 	CY_SET_XTND_REG8((void CYFAR *)(CYREG_PANTHER_WAITPIPE), 0x01u);
 377              		.loc 1 354 0
 378 007c 0122     		movs	r2, #1
 379 007e 0F4B     		ldr	r3, .L25+40
 380 0080 1A70     		strb	r2, [r3]
 355:Generated_Source\PSoC5/cyfitter_cfg.c **** 
 356:Generated_Source\PSoC5/cyfitter_cfg.c **** 	/* Perform basic analog initialization to defaults */
 357:Generated_Source\PSoC5/cyfitter_cfg.c **** 	AnalogSetDefault();
 381              		.loc 1 357 0
 382 0082 FFF7FEFF 		bl	AnalogSetDefault
 383              	.LVL28:
 358:Generated_Source\PSoC5/cyfitter_cfg.c **** 
 359:Generated_Source\PSoC5/cyfitter_cfg.c **** 	/* Configure alternate active mode */
 360:Generated_Source\PSoC5/cyfitter_cfg.c **** 	CYCONFIGCPY((void CYFAR *)CYDEV_PM_STBY_BASE, (const void CYFAR *)CYDEV_PM_ACT_BASE, 14u);
 384              		.loc 1 360 0
 385 0086 0E22     		movs	r2, #14
 386 0088 0D49     		ldr	r1, .L25+44
 387 008a 0E48     		ldr	r0, .L25+48
 388 008c FFF7FEFF 		bl	CYCONFIGCPY
 389              	.LVL29:
 390 0090 38BD     		pop	{r3, r4, r5, pc}
 391              	.L26:
 392 0092 00BF     		.align	2
 393              	.L25:
 394 0094 E8460040 		.word	1073759976
 395 0098 00000000 		.word	.LANCHOR0
 396 009c 03500140 		.word	1073827843
 397 00a0 02510040 		.word	1073762562
 398 00a4 08000048 		.word	1207959560
 399 00a8 12510040 		.word	1073762578
 400 00ac 10000048 		.word	1207959568
 401 00b0 62510040 		.word	1073762658
 402 00b4 22430040 		.word	1073759010
 403 00b8 00480040 		.word	1073760256
 404 00bc 04000840 		.word	1074266116
 405 00c0 A0430040 		.word	1073759136
 406 00c4 B0430040 		.word	1073759152
 407              		.cfi_endproc
 408              	.LFE7:
 409              		.size	cyfitter_cfg, .-cyfitter_cfg
 410              		.section	.rodata
ARM GAS  C:\Users\Henry\AppData\Local\Temp\ccNvg7bA.s 			page 15


 411              		.align	2
 412              		.set	.LANCHOR0,. + 0
 413              		.type	cfg_memset_list.4992, %object
 414              		.size	cfg_memset_list.4992, 48
 415              	cfg_memset_list.4992:
 416 0000 20510040 		.word	1073762592
 417 0004 4000     		.short	64
 418 0006 C0510040 		.4byte	1073762752
 419 000a 1000     		.short	16
 420 000c F0510040 		.word	1073762800
 421 0010 1000     		.short	16
 422 0012 00000140 		.4byte	1073807360
 423 0016 0010     		.short	4096
 424 0018 00140140 		.word	1073812480
 425 001c 0008     		.short	2048
 426 001e 00400140 		.4byte	1073823744
 427 0022 000A     		.short	2560
 428 0024 004C0140 		.word	1073826816
 429 0028 0002     		.short	512
 430 002a 00500140 		.4byte	1073827840
 431 002e 2000     		.short	32
 432              		.text
 433              	.Letext0:
 434              		.file 2 "c:\\program files (x86)\\cypress\\psoc creator\\4.4\\psoc creator\\import\\gnu\\arm\\5.4.
 435              		.file 3 "Generated_Source\\PSoC5\\cytypes.h"
 436              		.file 4 "Generated_Source\\PSoC5\\CyLib.h"
 437              		.section	.debug_info,"",%progbits
 438              	.Ldebug_info0:
 439 0000 F2030000 		.4byte	0x3f2
 440 0004 0400     		.2byte	0x4
 441 0006 00000000 		.4byte	.Ldebug_abbrev0
 442 000a 04       		.byte	0x4
 443 000b 01       		.uleb128 0x1
 444 000c 8E000000 		.4byte	.LASF39
 445 0010 0C       		.byte	0xc
 446 0011 1E020000 		.4byte	.LASF40
 447 0015 DC010000 		.4byte	.LASF41
 448 0019 00000000 		.4byte	.Ldebug_ranges0+0
 449 001d 00000000 		.4byte	0
 450 0021 00000000 		.4byte	.Ldebug_line0
 451 0025 02       		.uleb128 0x2
 452 0026 04       		.byte	0x4
 453 0027 05       		.byte	0x5
 454 0028 696E7400 		.ascii	"int\000"
 455 002c 03       		.uleb128 0x3
 456 002d 14000000 		.4byte	.LASF12
 457 0031 02       		.byte	0x2
 458 0032 D8       		.byte	0xd8
 459 0033 37000000 		.4byte	0x37
 460 0037 04       		.uleb128 0x4
 461 0038 04       		.byte	0x4
 462 0039 07       		.byte	0x7
 463 003a 9A010000 		.4byte	.LASF0
 464 003e 04       		.uleb128 0x4
 465 003f 08       		.byte	0x8
 466 0040 05       		.byte	0x5
 467 0041 10020000 		.4byte	.LASF1
ARM GAS  C:\Users\Henry\AppData\Local\Temp\ccNvg7bA.s 			page 16


 468 0045 04       		.uleb128 0x4
 469 0046 08       		.byte	0x8
 470 0047 04       		.byte	0x4
 471 0048 6B020000 		.4byte	.LASF2
 472 004c 04       		.uleb128 0x4
 473 004d 01       		.byte	0x1
 474 004e 06       		.byte	0x6
 475 004f 89020000 		.4byte	.LASF3
 476 0053 04       		.uleb128 0x4
 477 0054 01       		.byte	0x1
 478 0055 08       		.byte	0x8
 479 0056 59010000 		.4byte	.LASF4
 480 005a 04       		.uleb128 0x4
 481 005b 02       		.byte	0x2
 482 005c 05       		.byte	0x5
 483 005d 4B020000 		.4byte	.LASF5
 484 0061 04       		.uleb128 0x4
 485 0062 02       		.byte	0x2
 486 0063 07       		.byte	0x7
 487 0064 4F000000 		.4byte	.LASF6
 488 0068 04       		.uleb128 0x4
 489 0069 04       		.byte	0x4
 490 006a 05       		.byte	0x5
 491 006b 5D020000 		.4byte	.LASF7
 492 006f 04       		.uleb128 0x4
 493 0070 04       		.byte	0x4
 494 0071 07       		.byte	0x7
 495 0072 21010000 		.4byte	.LASF8
 496 0076 04       		.uleb128 0x4
 497 0077 08       		.byte	0x8
 498 0078 07       		.byte	0x7
 499 0079 AF010000 		.4byte	.LASF9
 500 007d 04       		.uleb128 0x4
 501 007e 04       		.byte	0x4
 502 007f 07       		.byte	0x7
 503 0080 D3010000 		.4byte	.LASF10
 504 0084 05       		.uleb128 0x5
 505 0085 04       		.byte	0x4
 506 0086 04       		.uleb128 0x4
 507 0087 01       		.byte	0x1
 508 0088 08       		.byte	0x8
 509 0089 66020000 		.4byte	.LASF11
 510 008d 06       		.uleb128 0x6
 511 008e 33010000 		.4byte	.LASF13
 512 0092 03       		.byte	0x3
 513 0093 E801     		.2byte	0x1e8
 514 0095 53000000 		.4byte	0x53
 515 0099 06       		.uleb128 0x6
 516 009a 82010000 		.4byte	.LASF14
 517 009e 03       		.byte	0x3
 518 009f E901     		.2byte	0x1e9
 519 00a1 61000000 		.4byte	0x61
 520 00a5 06       		.uleb128 0x6
 521 00a6 93010000 		.4byte	.LASF15
 522 00aa 03       		.byte	0x3
 523 00ab EA01     		.2byte	0x1ea
 524 00ad 6F000000 		.4byte	0x6f
ARM GAS  C:\Users\Henry\AppData\Local\Temp\ccNvg7bA.s 			page 17


 525 00b1 04       		.uleb128 0x4
 526 00b2 04       		.byte	0x4
 527 00b3 04       		.byte	0x4
 528 00b4 6A000000 		.4byte	.LASF16
 529 00b8 04       		.uleb128 0x4
 530 00b9 08       		.byte	0x8
 531 00ba 04       		.byte	0x4
 532 00bb 6E010000 		.4byte	.LASF17
 533 00bf 06       		.uleb128 0x6
 534 00c0 1C010000 		.4byte	.LASF18
 535 00c4 03       		.byte	0x3
 536 00c5 9202     		.2byte	0x292
 537 00c7 CB000000 		.4byte	0xcb
 538 00cb 07       		.uleb128 0x7
 539 00cc 8D000000 		.4byte	0x8d
 540 00d0 06       		.uleb128 0x6
 541 00d1 00000000 		.4byte	.LASF19
 542 00d5 03       		.byte	0x3
 543 00d6 9302     		.2byte	0x293
 544 00d8 DC000000 		.4byte	0xdc
 545 00dc 07       		.uleb128 0x7
 546 00dd 99000000 		.4byte	0x99
 547 00e1 08       		.uleb128 0x8
 548 00e2 70000000 		.4byte	.LASF42
 549 00e6 01       		.byte	0x1
 550 00e7 7F       		.byte	0x7f
 551 00e8 00000000 		.4byte	.LFB3
 552 00ec 02000000 		.4byte	.LFE3-.LFB3
 553 00f0 01       		.uleb128 0x1
 554 00f1 9C       		.byte	0x9c
 555 00f2 04010000 		.4byte	0x104
 556 00f6 09       		.uleb128 0x9
 557 00f7 89010000 		.4byte	.LASF22
 558 00fb 01       		.byte	0x1
 559 00fc 7F       		.byte	0x7f
 560 00fd 8D000000 		.4byte	0x8d
 561 0101 01       		.uleb128 0x1
 562 0102 50       		.byte	0x50
 563 0103 00       		.byte	0
 564 0104 0A       		.uleb128 0xa
 565 0105 1B000000 		.4byte	.LASF20
 566 0109 01       		.byte	0x1
 567 010a ED       		.byte	0xed
 568 010b 00000000 		.4byte	.LFB5
 569 010f 28000000 		.4byte	.LFE5-.LFB5
 570 0113 01       		.uleb128 0x1
 571 0114 9C       		.byte	0x9c
 572 0115 29010000 		.4byte	0x129
 573 0119 0B       		.uleb128 0xb
 574 011a 77020000 		.4byte	.LASF24
 575 011e 01       		.byte	0x1
 576 011f EF       		.byte	0xef
 577 0120 8D000000 		.4byte	0x8d
 578 0124 00000000 		.4byte	.LLST0
 579 0128 00       		.byte	0
 580 0129 0A       		.uleb128 0xa
 581 012a 39010000 		.4byte	.LASF21
ARM GAS  C:\Users\Henry\AppData\Local\Temp\ccNvg7bA.s 			page 18


 582 012e 01       		.byte	0x1
 583 012f 4D       		.byte	0x4d
 584 0130 00000000 		.4byte	.LFB0
 585 0134 0C000000 		.4byte	.LFE0-.LFB0
 586 0138 01       		.uleb128 0x1
 587 0139 9C       		.byte	0x9c
 588 013a 76010000 		.4byte	0x176
 589 013e 0C       		.uleb128 0xc
 590 013f 7300     		.ascii	"s\000"
 591 0141 01       		.byte	0x1
 592 0142 4D       		.byte	0x4d
 593 0143 84000000 		.4byte	0x84
 594 0147 13000000 		.4byte	.LLST1
 595 014b 0C       		.uleb128 0xc
 596 014c 6E00     		.ascii	"n\000"
 597 014e 01       		.byte	0x1
 598 014f 4D       		.byte	0x4d
 599 0150 2C000000 		.4byte	0x2c
 600 0154 34000000 		.4byte	.LLST2
 601 0158 0D       		.uleb128 0xd
 602 0159 0A000000 		.4byte	.LVL5
 603 015d D8030000 		.4byte	0x3d8
 604 0161 0E       		.uleb128 0xe
 605 0162 01       		.uleb128 0x1
 606 0163 50       		.byte	0x50
 607 0164 03       		.uleb128 0x3
 608 0165 F3       		.byte	0xf3
 609 0166 01       		.uleb128 0x1
 610 0167 50       		.byte	0x50
 611 0168 0E       		.uleb128 0xe
 612 0169 01       		.uleb128 0x1
 613 016a 51       		.byte	0x51
 614 016b 01       		.uleb128 0x1
 615 016c 30       		.byte	0x30
 616 016d 0E       		.uleb128 0xe
 617 016e 01       		.uleb128 0x1
 618 016f 52       		.byte	0x52
 619 0170 03       		.uleb128 0x3
 620 0171 F3       		.byte	0xf3
 621 0172 01       		.uleb128 0x1
 622 0173 51       		.byte	0x51
 623 0174 00       		.byte	0
 624 0175 00       		.byte	0
 625 0176 0A       		.uleb128 0xa
 626 0177 44000000 		.4byte	.LASF23
 627 017b 01       		.byte	0x1
 628 017c B2       		.byte	0xb2
 629 017d 00000000 		.4byte	.LFB4
 630 0181 9C000000 		.4byte	.LFE4-.LFB4
 631 0185 01       		.uleb128 0x1
 632 0186 9C       		.byte	0x9c
 633 0187 CE010000 		.4byte	0x1ce
 634 018b 0B       		.uleb128 0xb
 635 018c 2C000000 		.4byte	.LASF25
 636 0190 01       		.byte	0x1
 637 0191 B4       		.byte	0xb4
 638 0192 A5000000 		.4byte	0xa5
ARM GAS  C:\Users\Henry\AppData\Local\Temp\ccNvg7bA.s 			page 19


 639 0196 60000000 		.4byte	.LLST3
 640 019a 0B       		.uleb128 0xb
 641 019b 62000000 		.4byte	.LASF26
 642 019f 01       		.byte	0x1
 643 01a0 B5       		.byte	0xb5
 644 01a1 8D000000 		.4byte	0x8d
 645 01a5 7F000000 		.4byte	.LLST4
 646 01a9 0F       		.uleb128 0xf
 647 01aa 4C000000 		.4byte	.LVL10
 648 01ae E1030000 		.4byte	0x3e1
 649 01b2 BE010000 		.4byte	0x1be
 650 01b6 0E       		.uleb128 0xe
 651 01b7 01       		.uleb128 0x1
 652 01b8 50       		.byte	0x50
 653 01b9 03       		.uleb128 0x3
 654 01ba 0A       		.byte	0xa
 655 01bb E001     		.2byte	0x1e0
 656 01bd 00       		.byte	0
 657 01be 0D       		.uleb128 0xd
 658 01bf 5C000000 		.4byte	.LVL12
 659 01c3 E1000000 		.4byte	0xe1
 660 01c7 0E       		.uleb128 0xe
 661 01c8 01       		.uleb128 0x1
 662 01c9 50       		.byte	0x50
 663 01ca 01       		.uleb128 0x1
 664 01cb 33       		.byte	0x33
 665 01cc 00       		.byte	0
 666 01cd 00       		.byte	0
 667 01ce 0A       		.uleb128 0xa
 668 01cf 9E020000 		.4byte	.LASF27
 669 01d3 01       		.byte	0x1
 670 01d4 54       		.byte	0x54
 671 01d5 00000000 		.4byte	.LFB1
 672 01d9 08000000 		.4byte	.LFE1-.LFB1
 673 01dd 01       		.uleb128 0x1
 674 01de 9C       		.byte	0x9c
 675 01df 2E020000 		.4byte	0x22e
 676 01e3 10       		.uleb128 0x10
 677 01e4 84000000 		.4byte	.LASF28
 678 01e8 01       		.byte	0x1
 679 01e9 54       		.byte	0x54
 680 01ea 84000000 		.4byte	0x84
 681 01ee A9000000 		.4byte	.LLST5
 682 01f2 0C       		.uleb128 0xc
 683 01f3 73726300 		.ascii	"src\000"
 684 01f7 01       		.byte	0x1
 685 01f8 54       		.byte	0x54
 686 01f9 2E020000 		.4byte	0x22e
 687 01fd CA000000 		.4byte	.LLST6
 688 0201 0C       		.uleb128 0xc
 689 0202 6E00     		.ascii	"n\000"
 690 0204 01       		.byte	0x1
 691 0205 54       		.byte	0x54
 692 0206 2C000000 		.4byte	0x2c
 693 020a EB000000 		.4byte	.LLST7
 694 020e 0D       		.uleb128 0xd
 695 020f 06000000 		.4byte	.LVL15
ARM GAS  C:\Users\Henry\AppData\Local\Temp\ccNvg7bA.s 			page 20


 696 0213 EC030000 		.4byte	0x3ec
 697 0217 0E       		.uleb128 0xe
 698 0218 01       		.uleb128 0x1
 699 0219 50       		.byte	0x50
 700 021a 03       		.uleb128 0x3
 701 021b F3       		.byte	0xf3
 702 021c 01       		.uleb128 0x1
 703 021d 50       		.byte	0x50
 704 021e 0E       		.uleb128 0xe
 705 021f 01       		.uleb128 0x1
 706 0220 51       		.byte	0x51
 707 0221 03       		.uleb128 0x3
 708 0222 F3       		.byte	0xf3
 709 0223 01       		.uleb128 0x1
 710 0224 51       		.byte	0x51
 711 0225 0E       		.uleb128 0xe
 712 0226 01       		.uleb128 0x1
 713 0227 52       		.byte	0x52
 714 0228 03       		.uleb128 0x3
 715 0229 F3       		.byte	0xf3
 716 022a 01       		.uleb128 0x1
 717 022b 52       		.byte	0x52
 718 022c 00       		.byte	0
 719 022d 00       		.byte	0
 720 022e 11       		.uleb128 0x11
 721 022f 04       		.byte	0x4
 722 0230 34020000 		.4byte	0x234
 723 0234 12       		.uleb128 0x12
 724 0235 13       		.uleb128 0x13
 725 0236 43010000 		.4byte	.LASF31
 726 023a 01       		.byte	0x1
 727 023b 0701     		.2byte	0x107
 728 023d 00000000 		.4byte	.LFB6
 729 0241 10000000 		.4byte	.LFE6-.LFB6
 730 0245 01       		.uleb128 0x1
 731 0246 9C       		.byte	0x9c
 732 0247 68020000 		.4byte	0x268
 733 024b 14       		.uleb128 0x14
 734 024c 55020000 		.4byte	.LASF29
 735 0250 01       		.byte	0x1
 736 0251 0701     		.2byte	0x107
 737 0253 8D000000 		.4byte	0x8d
 738 0257 01       		.uleb128 0x1
 739 0258 50       		.byte	0x50
 740 0259 15       		.uleb128 0x15
 741 025a 95020000 		.4byte	.LASF30
 742 025e 01       		.byte	0x1
 743 025f 0901     		.2byte	0x109
 744 0261 8D000000 		.4byte	0x8d
 745 0265 01       		.uleb128 0x1
 746 0266 53       		.byte	0x53
 747 0267 00       		.byte	0
 748 0268 13       		.uleb128 0x13
 749 0269 75010000 		.4byte	.LASF32
 750 026d 01       		.byte	0x1
 751 026e 2901     		.2byte	0x129
 752 0270 00000000 		.4byte	.LFB7
ARM GAS  C:\Users\Henry\AppData\Local\Temp\ccNvg7bA.s 			page 21


 753 0274 C8000000 		.4byte	.LFE7-.LFB7
 754 0278 01       		.uleb128 0x1
 755 0279 9C       		.byte	0x9c
 756 027a D8030000 		.4byte	0x3d8
 757 027e 16       		.uleb128 0x16
 758 027f 0E000000 		.4byte	.LBB2
 759 0283 36000000 		.4byte	.LBE2-.LBB2
 760 0287 37030000 		.4byte	0x337
 761 028b 17       		.uleb128 0x17
 762 028c 06       		.byte	0x6
 763 028d 01       		.byte	0x1
 764 028e 3501     		.2byte	0x135
 765 0290 AF020000 		.4byte	0x2af
 766 0294 18       		.uleb128 0x18
 767 0295 A7010000 		.4byte	.LASF33
 768 0299 01       		.byte	0x1
 769 029a 3601     		.2byte	0x136
 770 029c 84000000 		.4byte	0x84
 771 02a0 00       		.byte	0
 772 02a1 18       		.uleb128 0x18
 773 02a2 89000000 		.4byte	.LASF34
 774 02a6 01       		.byte	0x1
 775 02a7 3701     		.2byte	0x137
 776 02a9 99000000 		.4byte	0x99
 777 02ad 04       		.byte	0x4
 778 02ae 00       		.byte	0
 779 02af 06       		.uleb128 0x6
 780 02b0 C6010000 		.4byte	.LASF35
 781 02b4 01       		.byte	0x1
 782 02b5 3801     		.2byte	0x138
 783 02b7 8B020000 		.4byte	0x28b
 784 02bb 19       		.uleb128 0x19
 785 02bc CB020000 		.4byte	0x2cb
 786 02c0 CB020000 		.4byte	0x2cb
 787 02c4 1A       		.uleb128 0x1a
 788 02c5 7D000000 		.4byte	0x7d
 789 02c9 07       		.byte	0x7
 790 02ca 00       		.byte	0
 791 02cb 1B       		.uleb128 0x1b
 792 02cc AF020000 		.4byte	0x2af
 793 02d0 15       		.uleb128 0x15
 794 02d1 34000000 		.4byte	.LASF36
 795 02d5 01       		.byte	0x1
 796 02d6 3A01     		.2byte	0x13a
 797 02d8 E2020000 		.4byte	0x2e2
 798 02dc 05       		.uleb128 0x5
 799 02dd 03       		.byte	0x3
 800 02de 00000000 		.4byte	cfg_memset_list.4992
 801 02e2 1B       		.uleb128 0x1b
 802 02e3 BB020000 		.4byte	0x2bb
 803 02e7 1C       		.uleb128 0x1c
 804 02e8 6900     		.ascii	"i\000"
 805 02ea 01       		.byte	0x1
 806 02eb 4601     		.2byte	0x146
 807 02ed 8D000000 		.4byte	0x8d
 808 02f1 0C010000 		.4byte	.LLST8
 809 02f5 1D       		.uleb128 0x1d
ARM GAS  C:\Users\Henry\AppData\Local\Temp\ccNvg7bA.s 			page 22


 810 02f6 12000000 		.4byte	.LBB3
 811 02fa 16000000 		.4byte	.LBE3-.LBB3
 812 02fe 1C       		.uleb128 0x1c
 813 02ff 6D7300   		.ascii	"ms\000"
 814 0302 01       		.byte	0x1
 815 0303 4B01     		.2byte	0x14b
 816 0305 0D030000 		.4byte	0x30d
 817 0309 36010000 		.4byte	.LLST9
 818 030d 11       		.uleb128 0x11
 819 030e 04       		.byte	0x4
 820 030f CB020000 		.4byte	0x2cb
 821 0313 0D       		.uleb128 0xd
 822 0314 28000000 		.4byte	.LVL20
 823 0318 29010000 		.4byte	0x129
 824 031c 0E       		.uleb128 0xe
 825 031d 01       		.uleb128 0x1
 826 031e 51       		.byte	0x51
 827 031f 14       		.uleb128 0x14
 828 0320 74       		.byte	0x74
 829 0321 00       		.sleb128 0
 830 0322 31       		.byte	0x31
 831 0323 24       		.byte	0x24
 832 0324 74       		.byte	0x74
 833 0325 00       		.sleb128 0
 834 0326 22       		.byte	0x22
 835 0327 31       		.byte	0x31
 836 0328 24       		.byte	0x24
 837 0329 75       		.byte	0x75
 838 032a 00       		.sleb128 0
 839 032b 22       		.byte	0x22
 840 032c 23       		.byte	0x23
 841 032d 04       		.uleb128 0x4
 842 032e 94       		.byte	0x94
 843 032f 02       		.byte	0x2
 844 0330 0A       		.byte	0xa
 845 0331 FFFF     		.2byte	0xffff
 846 0333 1A       		.byte	0x1a
 847 0334 00       		.byte	0
 848 0335 00       		.byte	0
 849 0336 00       		.byte	0
 850 0337 0F       		.uleb128 0xf
 851 0338 50000000 		.4byte	.LVL23
 852 033c CE010000 		.4byte	0x1ce
 853 0340 5A030000 		.4byte	0x35a
 854 0344 0E       		.uleb128 0xe
 855 0345 01       		.uleb128 0x1
 856 0346 50       		.byte	0x50
 857 0347 05       		.uleb128 0x5
 858 0348 0C       		.byte	0xc
 859 0349 02510040 		.4byte	0x40005102
 860 034d 0E       		.uleb128 0xe
 861 034e 01       		.uleb128 0x1
 862 034f 51       		.byte	0x51
 863 0350 03       		.uleb128 0x3
 864 0351 42       		.byte	0x42
 865 0352 4A       		.byte	0x4a
 866 0353 24       		.byte	0x24
ARM GAS  C:\Users\Henry\AppData\Local\Temp\ccNvg7bA.s 			page 23


 867 0354 0E       		.uleb128 0xe
 868 0355 01       		.uleb128 0x1
 869 0356 52       		.byte	0x52
 870 0357 01       		.uleb128 0x1
 871 0358 38       		.byte	0x38
 872 0359 00       		.byte	0
 873 035a 0F       		.uleb128 0xf
 874 035b 5A000000 		.4byte	.LVL24
 875 035f CE010000 		.4byte	0x1ce
 876 0363 7F030000 		.4byte	0x37f
 877 0367 0E       		.uleb128 0xe
 878 0368 01       		.uleb128 0x1
 879 0369 50       		.byte	0x50
 880 036a 05       		.uleb128 0x5
 881 036b 0C       		.byte	0xc
 882 036c 12510040 		.4byte	0x40005112
 883 0370 0E       		.uleb128 0xe
 884 0371 01       		.uleb128 0x1
 885 0372 51       		.byte	0x51
 886 0373 05       		.uleb128 0x5
 887 0374 0C       		.byte	0xc
 888 0375 08000048 		.4byte	0x48000008
 889 0379 0E       		.uleb128 0xe
 890 037a 01       		.uleb128 0x1
 891 037b 52       		.byte	0x52
 892 037c 01       		.uleb128 0x1
 893 037d 38       		.byte	0x38
 894 037e 00       		.byte	0
 895 037f 0F       		.uleb128 0xf
 896 0380 64000000 		.4byte	.LVL25
 897 0384 CE010000 		.4byte	0x1ce
 898 0388 A4030000 		.4byte	0x3a4
 899 038c 0E       		.uleb128 0xe
 900 038d 01       		.uleb128 0x1
 901 038e 50       		.byte	0x50
 902 038f 05       		.uleb128 0x5
 903 0390 0C       		.byte	0xc
 904 0391 62510040 		.4byte	0x40005162
 905 0395 0E       		.uleb128 0xe
 906 0396 01       		.uleb128 0x1
 907 0397 51       		.byte	0x51
 908 0398 05       		.uleb128 0x5
 909 0399 0C       		.byte	0xc
 910 039a 10000048 		.4byte	0x48000010
 911 039e 0E       		.uleb128 0xe
 912 039f 01       		.uleb128 0x1
 913 03a0 52       		.byte	0x52
 914 03a1 01       		.uleb128 0x1
 915 03a2 38       		.byte	0x38
 916 03a3 00       		.byte	0
 917 03a4 1E       		.uleb128 0x1e
 918 03a5 78000000 		.4byte	.LVL27
 919 03a9 76010000 		.4byte	0x176
 920 03ad 1E       		.uleb128 0x1e
 921 03ae 86000000 		.4byte	.LVL28
 922 03b2 04010000 		.4byte	0x104
 923 03b6 0D       		.uleb128 0xd
ARM GAS  C:\Users\Henry\AppData\Local\Temp\ccNvg7bA.s 			page 24


 924 03b7 90000000 		.4byte	.LVL29
 925 03bb CE010000 		.4byte	0x1ce
 926 03bf 0E       		.uleb128 0xe
 927 03c0 01       		.uleb128 0x1
 928 03c1 50       		.byte	0x50
 929 03c2 05       		.uleb128 0x5
 930 03c3 0C       		.byte	0xc
 931 03c4 B0430040 		.4byte	0x400043b0
 932 03c8 0E       		.uleb128 0xe
 933 03c9 01       		.uleb128 0x1
 934 03ca 51       		.byte	0x51
 935 03cb 05       		.uleb128 0x5
 936 03cc 0C       		.byte	0xc
 937 03cd A0430040 		.4byte	0x400043a0
 938 03d1 0E       		.uleb128 0xe
 939 03d2 01       		.uleb128 0x1
 940 03d3 52       		.byte	0x52
 941 03d4 01       		.uleb128 0x1
 942 03d5 3E       		.byte	0x3e
 943 03d6 00       		.byte	0
 944 03d7 00       		.byte	0
 945 03d8 1F       		.uleb128 0x1f
 946 03d9 67010000 		.4byte	.LASF37
 947 03dd 67010000 		.4byte	.LASF37
 948 03e1 20       		.uleb128 0x20
 949 03e2 06000000 		.4byte	.LASF43
 950 03e6 06000000 		.4byte	.LASF43
 951 03ea 04       		.byte	0x4
 952 03eb 79       		.byte	0x79
 953 03ec 1F       		.uleb128 0x1f
 954 03ed 44020000 		.4byte	.LASF38
 955 03f1 44020000 		.4byte	.LASF38
 956 03f5 00       		.byte	0
 957              		.section	.debug_abbrev,"",%progbits
 958              	.Ldebug_abbrev0:
 959 0000 01       		.uleb128 0x1
 960 0001 11       		.uleb128 0x11
 961 0002 01       		.byte	0x1
 962 0003 25       		.uleb128 0x25
 963 0004 0E       		.uleb128 0xe
 964 0005 13       		.uleb128 0x13
 965 0006 0B       		.uleb128 0xb
 966 0007 03       		.uleb128 0x3
 967 0008 0E       		.uleb128 0xe
 968 0009 1B       		.uleb128 0x1b
 969 000a 0E       		.uleb128 0xe
 970 000b 55       		.uleb128 0x55
 971 000c 17       		.uleb128 0x17
 972 000d 11       		.uleb128 0x11
 973 000e 01       		.uleb128 0x1
 974 000f 10       		.uleb128 0x10
 975 0010 17       		.uleb128 0x17
 976 0011 00       		.byte	0
 977 0012 00       		.byte	0
 978 0013 02       		.uleb128 0x2
 979 0014 24       		.uleb128 0x24
 980 0015 00       		.byte	0
ARM GAS  C:\Users\Henry\AppData\Local\Temp\ccNvg7bA.s 			page 25


 981 0016 0B       		.uleb128 0xb
 982 0017 0B       		.uleb128 0xb
 983 0018 3E       		.uleb128 0x3e
 984 0019 0B       		.uleb128 0xb
 985 001a 03       		.uleb128 0x3
 986 001b 08       		.uleb128 0x8
 987 001c 00       		.byte	0
 988 001d 00       		.byte	0
 989 001e 03       		.uleb128 0x3
 990 001f 16       		.uleb128 0x16
 991 0020 00       		.byte	0
 992 0021 03       		.uleb128 0x3
 993 0022 0E       		.uleb128 0xe
 994 0023 3A       		.uleb128 0x3a
 995 0024 0B       		.uleb128 0xb
 996 0025 3B       		.uleb128 0x3b
 997 0026 0B       		.uleb128 0xb
 998 0027 49       		.uleb128 0x49
 999 0028 13       		.uleb128 0x13
 1000 0029 00       		.byte	0
 1001 002a 00       		.byte	0
 1002 002b 04       		.uleb128 0x4
 1003 002c 24       		.uleb128 0x24
 1004 002d 00       		.byte	0
 1005 002e 0B       		.uleb128 0xb
 1006 002f 0B       		.uleb128 0xb
 1007 0030 3E       		.uleb128 0x3e
 1008 0031 0B       		.uleb128 0xb
 1009 0032 03       		.uleb128 0x3
 1010 0033 0E       		.uleb128 0xe
 1011 0034 00       		.byte	0
 1012 0035 00       		.byte	0
 1013 0036 05       		.uleb128 0x5
 1014 0037 0F       		.uleb128 0xf
 1015 0038 00       		.byte	0
 1016 0039 0B       		.uleb128 0xb
 1017 003a 0B       		.uleb128 0xb
 1018 003b 00       		.byte	0
 1019 003c 00       		.byte	0
 1020 003d 06       		.uleb128 0x6
 1021 003e 16       		.uleb128 0x16
 1022 003f 00       		.byte	0
 1023 0040 03       		.uleb128 0x3
 1024 0041 0E       		.uleb128 0xe
 1025 0042 3A       		.uleb128 0x3a
 1026 0043 0B       		.uleb128 0xb
 1027 0044 3B       		.uleb128 0x3b
 1028 0045 05       		.uleb128 0x5
 1029 0046 49       		.uleb128 0x49
 1030 0047 13       		.uleb128 0x13
 1031 0048 00       		.byte	0
 1032 0049 00       		.byte	0
 1033 004a 07       		.uleb128 0x7
 1034 004b 35       		.uleb128 0x35
 1035 004c 00       		.byte	0
 1036 004d 49       		.uleb128 0x49
 1037 004e 13       		.uleb128 0x13
ARM GAS  C:\Users\Henry\AppData\Local\Temp\ccNvg7bA.s 			page 26


 1038 004f 00       		.byte	0
 1039 0050 00       		.byte	0
 1040 0051 08       		.uleb128 0x8
 1041 0052 2E       		.uleb128 0x2e
 1042 0053 01       		.byte	0x1
 1043 0054 03       		.uleb128 0x3
 1044 0055 0E       		.uleb128 0xe
 1045 0056 3A       		.uleb128 0x3a
 1046 0057 0B       		.uleb128 0xb
 1047 0058 3B       		.uleb128 0x3b
 1048 0059 0B       		.uleb128 0xb
 1049 005a 27       		.uleb128 0x27
 1050 005b 19       		.uleb128 0x19
 1051 005c 8701     		.uleb128 0x87
 1052 005e 19       		.uleb128 0x19
 1053 005f 11       		.uleb128 0x11
 1054 0060 01       		.uleb128 0x1
 1055 0061 12       		.uleb128 0x12
 1056 0062 06       		.uleb128 0x6
 1057 0063 40       		.uleb128 0x40
 1058 0064 18       		.uleb128 0x18
 1059 0065 9742     		.uleb128 0x2117
 1060 0067 19       		.uleb128 0x19
 1061 0068 01       		.uleb128 0x1
 1062 0069 13       		.uleb128 0x13
 1063 006a 00       		.byte	0
 1064 006b 00       		.byte	0
 1065 006c 09       		.uleb128 0x9
 1066 006d 05       		.uleb128 0x5
 1067 006e 00       		.byte	0
 1068 006f 03       		.uleb128 0x3
 1069 0070 0E       		.uleb128 0xe
 1070 0071 3A       		.uleb128 0x3a
 1071 0072 0B       		.uleb128 0xb
 1072 0073 3B       		.uleb128 0x3b
 1073 0074 0B       		.uleb128 0xb
 1074 0075 49       		.uleb128 0x49
 1075 0076 13       		.uleb128 0x13
 1076 0077 02       		.uleb128 0x2
 1077 0078 18       		.uleb128 0x18
 1078 0079 00       		.byte	0
 1079 007a 00       		.byte	0
 1080 007b 0A       		.uleb128 0xa
 1081 007c 2E       		.uleb128 0x2e
 1082 007d 01       		.byte	0x1
 1083 007e 03       		.uleb128 0x3
 1084 007f 0E       		.uleb128 0xe
 1085 0080 3A       		.uleb128 0x3a
 1086 0081 0B       		.uleb128 0xb
 1087 0082 3B       		.uleb128 0x3b
 1088 0083 0B       		.uleb128 0xb
 1089 0084 27       		.uleb128 0x27
 1090 0085 19       		.uleb128 0x19
 1091 0086 11       		.uleb128 0x11
 1092 0087 01       		.uleb128 0x1
 1093 0088 12       		.uleb128 0x12
 1094 0089 06       		.uleb128 0x6
ARM GAS  C:\Users\Henry\AppData\Local\Temp\ccNvg7bA.s 			page 27


 1095 008a 40       		.uleb128 0x40
 1096 008b 18       		.uleb128 0x18
 1097 008c 9742     		.uleb128 0x2117
 1098 008e 19       		.uleb128 0x19
 1099 008f 01       		.uleb128 0x1
 1100 0090 13       		.uleb128 0x13
 1101 0091 00       		.byte	0
 1102 0092 00       		.byte	0
 1103 0093 0B       		.uleb128 0xb
 1104 0094 34       		.uleb128 0x34
 1105 0095 00       		.byte	0
 1106 0096 03       		.uleb128 0x3
 1107 0097 0E       		.uleb128 0xe
 1108 0098 3A       		.uleb128 0x3a
 1109 0099 0B       		.uleb128 0xb
 1110 009a 3B       		.uleb128 0x3b
 1111 009b 0B       		.uleb128 0xb
 1112 009c 49       		.uleb128 0x49
 1113 009d 13       		.uleb128 0x13
 1114 009e 02       		.uleb128 0x2
 1115 009f 17       		.uleb128 0x17
 1116 00a0 00       		.byte	0
 1117 00a1 00       		.byte	0
 1118 00a2 0C       		.uleb128 0xc
 1119 00a3 05       		.uleb128 0x5
 1120 00a4 00       		.byte	0
 1121 00a5 03       		.uleb128 0x3
 1122 00a6 08       		.uleb128 0x8
 1123 00a7 3A       		.uleb128 0x3a
 1124 00a8 0B       		.uleb128 0xb
 1125 00a9 3B       		.uleb128 0x3b
 1126 00aa 0B       		.uleb128 0xb
 1127 00ab 49       		.uleb128 0x49
 1128 00ac 13       		.uleb128 0x13
 1129 00ad 02       		.uleb128 0x2
 1130 00ae 17       		.uleb128 0x17
 1131 00af 00       		.byte	0
 1132 00b0 00       		.byte	0
 1133 00b1 0D       		.uleb128 0xd
 1134 00b2 898201   		.uleb128 0x4109
 1135 00b5 01       		.byte	0x1
 1136 00b6 11       		.uleb128 0x11
 1137 00b7 01       		.uleb128 0x1
 1138 00b8 31       		.uleb128 0x31
 1139 00b9 13       		.uleb128 0x13
 1140 00ba 00       		.byte	0
 1141 00bb 00       		.byte	0
 1142 00bc 0E       		.uleb128 0xe
 1143 00bd 8A8201   		.uleb128 0x410a
 1144 00c0 00       		.byte	0
 1145 00c1 02       		.uleb128 0x2
 1146 00c2 18       		.uleb128 0x18
 1147 00c3 9142     		.uleb128 0x2111
 1148 00c5 18       		.uleb128 0x18
 1149 00c6 00       		.byte	0
 1150 00c7 00       		.byte	0
 1151 00c8 0F       		.uleb128 0xf
ARM GAS  C:\Users\Henry\AppData\Local\Temp\ccNvg7bA.s 			page 28


 1152 00c9 898201   		.uleb128 0x4109
 1153 00cc 01       		.byte	0x1
 1154 00cd 11       		.uleb128 0x11
 1155 00ce 01       		.uleb128 0x1
 1156 00cf 31       		.uleb128 0x31
 1157 00d0 13       		.uleb128 0x13
 1158 00d1 01       		.uleb128 0x1
 1159 00d2 13       		.uleb128 0x13
 1160 00d3 00       		.byte	0
 1161 00d4 00       		.byte	0
 1162 00d5 10       		.uleb128 0x10
 1163 00d6 05       		.uleb128 0x5
 1164 00d7 00       		.byte	0
 1165 00d8 03       		.uleb128 0x3
 1166 00d9 0E       		.uleb128 0xe
 1167 00da 3A       		.uleb128 0x3a
 1168 00db 0B       		.uleb128 0xb
 1169 00dc 3B       		.uleb128 0x3b
 1170 00dd 0B       		.uleb128 0xb
 1171 00de 49       		.uleb128 0x49
 1172 00df 13       		.uleb128 0x13
 1173 00e0 02       		.uleb128 0x2
 1174 00e1 17       		.uleb128 0x17
 1175 00e2 00       		.byte	0
 1176 00e3 00       		.byte	0
 1177 00e4 11       		.uleb128 0x11
 1178 00e5 0F       		.uleb128 0xf
 1179 00e6 00       		.byte	0
 1180 00e7 0B       		.uleb128 0xb
 1181 00e8 0B       		.uleb128 0xb
 1182 00e9 49       		.uleb128 0x49
 1183 00ea 13       		.uleb128 0x13
 1184 00eb 00       		.byte	0
 1185 00ec 00       		.byte	0
 1186 00ed 12       		.uleb128 0x12
 1187 00ee 26       		.uleb128 0x26
 1188 00ef 00       		.byte	0
 1189 00f0 00       		.byte	0
 1190 00f1 00       		.byte	0
 1191 00f2 13       		.uleb128 0x13
 1192 00f3 2E       		.uleb128 0x2e
 1193 00f4 01       		.byte	0x1
 1194 00f5 3F       		.uleb128 0x3f
 1195 00f6 19       		.uleb128 0x19
 1196 00f7 03       		.uleb128 0x3
 1197 00f8 0E       		.uleb128 0xe
 1198 00f9 3A       		.uleb128 0x3a
 1199 00fa 0B       		.uleb128 0xb
 1200 00fb 3B       		.uleb128 0x3b
 1201 00fc 05       		.uleb128 0x5
 1202 00fd 27       		.uleb128 0x27
 1203 00fe 19       		.uleb128 0x19
 1204 00ff 11       		.uleb128 0x11
 1205 0100 01       		.uleb128 0x1
 1206 0101 12       		.uleb128 0x12
 1207 0102 06       		.uleb128 0x6
 1208 0103 40       		.uleb128 0x40
ARM GAS  C:\Users\Henry\AppData\Local\Temp\ccNvg7bA.s 			page 29


 1209 0104 18       		.uleb128 0x18
 1210 0105 9742     		.uleb128 0x2117
 1211 0107 19       		.uleb128 0x19
 1212 0108 01       		.uleb128 0x1
 1213 0109 13       		.uleb128 0x13
 1214 010a 00       		.byte	0
 1215 010b 00       		.byte	0
 1216 010c 14       		.uleb128 0x14
 1217 010d 05       		.uleb128 0x5
 1218 010e 00       		.byte	0
 1219 010f 03       		.uleb128 0x3
 1220 0110 0E       		.uleb128 0xe
 1221 0111 3A       		.uleb128 0x3a
 1222 0112 0B       		.uleb128 0xb
 1223 0113 3B       		.uleb128 0x3b
 1224 0114 05       		.uleb128 0x5
 1225 0115 49       		.uleb128 0x49
 1226 0116 13       		.uleb128 0x13
 1227 0117 02       		.uleb128 0x2
 1228 0118 18       		.uleb128 0x18
 1229 0119 00       		.byte	0
 1230 011a 00       		.byte	0
 1231 011b 15       		.uleb128 0x15
 1232 011c 34       		.uleb128 0x34
 1233 011d 00       		.byte	0
 1234 011e 03       		.uleb128 0x3
 1235 011f 0E       		.uleb128 0xe
 1236 0120 3A       		.uleb128 0x3a
 1237 0121 0B       		.uleb128 0xb
 1238 0122 3B       		.uleb128 0x3b
 1239 0123 05       		.uleb128 0x5
 1240 0124 49       		.uleb128 0x49
 1241 0125 13       		.uleb128 0x13
 1242 0126 02       		.uleb128 0x2
 1243 0127 18       		.uleb128 0x18
 1244 0128 00       		.byte	0
 1245 0129 00       		.byte	0
 1246 012a 16       		.uleb128 0x16
 1247 012b 0B       		.uleb128 0xb
 1248 012c 01       		.byte	0x1
 1249 012d 11       		.uleb128 0x11
 1250 012e 01       		.uleb128 0x1
 1251 012f 12       		.uleb128 0x12
 1252 0130 06       		.uleb128 0x6
 1253 0131 01       		.uleb128 0x1
 1254 0132 13       		.uleb128 0x13
 1255 0133 00       		.byte	0
 1256 0134 00       		.byte	0
 1257 0135 17       		.uleb128 0x17
 1258 0136 13       		.uleb128 0x13
 1259 0137 01       		.byte	0x1
 1260 0138 0B       		.uleb128 0xb
 1261 0139 0B       		.uleb128 0xb
 1262 013a 3A       		.uleb128 0x3a
 1263 013b 0B       		.uleb128 0xb
 1264 013c 3B       		.uleb128 0x3b
 1265 013d 05       		.uleb128 0x5
ARM GAS  C:\Users\Henry\AppData\Local\Temp\ccNvg7bA.s 			page 30


 1266 013e 01       		.uleb128 0x1
 1267 013f 13       		.uleb128 0x13
 1268 0140 00       		.byte	0
 1269 0141 00       		.byte	0
 1270 0142 18       		.uleb128 0x18
 1271 0143 0D       		.uleb128 0xd
 1272 0144 00       		.byte	0
 1273 0145 03       		.uleb128 0x3
 1274 0146 0E       		.uleb128 0xe
 1275 0147 3A       		.uleb128 0x3a
 1276 0148 0B       		.uleb128 0xb
 1277 0149 3B       		.uleb128 0x3b
 1278 014a 05       		.uleb128 0x5
 1279 014b 49       		.uleb128 0x49
 1280 014c 13       		.uleb128 0x13
 1281 014d 38       		.uleb128 0x38
 1282 014e 0B       		.uleb128 0xb
 1283 014f 00       		.byte	0
 1284 0150 00       		.byte	0
 1285 0151 19       		.uleb128 0x19
 1286 0152 01       		.uleb128 0x1
 1287 0153 01       		.byte	0x1
 1288 0154 49       		.uleb128 0x49
 1289 0155 13       		.uleb128 0x13
 1290 0156 01       		.uleb128 0x1
 1291 0157 13       		.uleb128 0x13
 1292 0158 00       		.byte	0
 1293 0159 00       		.byte	0
 1294 015a 1A       		.uleb128 0x1a
 1295 015b 21       		.uleb128 0x21
 1296 015c 00       		.byte	0
 1297 015d 49       		.uleb128 0x49
 1298 015e 13       		.uleb128 0x13
 1299 015f 2F       		.uleb128 0x2f
 1300 0160 0B       		.uleb128 0xb
 1301 0161 00       		.byte	0
 1302 0162 00       		.byte	0
 1303 0163 1B       		.uleb128 0x1b
 1304 0164 26       		.uleb128 0x26
 1305 0165 00       		.byte	0
 1306 0166 49       		.uleb128 0x49
 1307 0167 13       		.uleb128 0x13
 1308 0168 00       		.byte	0
 1309 0169 00       		.byte	0
 1310 016a 1C       		.uleb128 0x1c
 1311 016b 34       		.uleb128 0x34
 1312 016c 00       		.byte	0
 1313 016d 03       		.uleb128 0x3
 1314 016e 08       		.uleb128 0x8
 1315 016f 3A       		.uleb128 0x3a
 1316 0170 0B       		.uleb128 0xb
 1317 0171 3B       		.uleb128 0x3b
 1318 0172 05       		.uleb128 0x5
 1319 0173 49       		.uleb128 0x49
 1320 0174 13       		.uleb128 0x13
 1321 0175 02       		.uleb128 0x2
 1322 0176 17       		.uleb128 0x17
ARM GAS  C:\Users\Henry\AppData\Local\Temp\ccNvg7bA.s 			page 31


 1323 0177 00       		.byte	0
 1324 0178 00       		.byte	0
 1325 0179 1D       		.uleb128 0x1d
 1326 017a 0B       		.uleb128 0xb
 1327 017b 01       		.byte	0x1
 1328 017c 11       		.uleb128 0x11
 1329 017d 01       		.uleb128 0x1
 1330 017e 12       		.uleb128 0x12
 1331 017f 06       		.uleb128 0x6
 1332 0180 00       		.byte	0
 1333 0181 00       		.byte	0
 1334 0182 1E       		.uleb128 0x1e
 1335 0183 898201   		.uleb128 0x4109
 1336 0186 00       		.byte	0
 1337 0187 11       		.uleb128 0x11
 1338 0188 01       		.uleb128 0x1
 1339 0189 31       		.uleb128 0x31
 1340 018a 13       		.uleb128 0x13
 1341 018b 00       		.byte	0
 1342 018c 00       		.byte	0
 1343 018d 1F       		.uleb128 0x1f
 1344 018e 2E       		.uleb128 0x2e
 1345 018f 00       		.byte	0
 1346 0190 3F       		.uleb128 0x3f
 1347 0191 19       		.uleb128 0x19
 1348 0192 3C       		.uleb128 0x3c
 1349 0193 19       		.uleb128 0x19
 1350 0194 6E       		.uleb128 0x6e
 1351 0195 0E       		.uleb128 0xe
 1352 0196 03       		.uleb128 0x3
 1353 0197 0E       		.uleb128 0xe
 1354 0198 00       		.byte	0
 1355 0199 00       		.byte	0
 1356 019a 20       		.uleb128 0x20
 1357 019b 2E       		.uleb128 0x2e
 1358 019c 00       		.byte	0
 1359 019d 3F       		.uleb128 0x3f
 1360 019e 19       		.uleb128 0x19
 1361 019f 3C       		.uleb128 0x3c
 1362 01a0 19       		.uleb128 0x19
 1363 01a1 6E       		.uleb128 0x6e
 1364 01a2 0E       		.uleb128 0xe
 1365 01a3 03       		.uleb128 0x3
 1366 01a4 0E       		.uleb128 0xe
 1367 01a5 3A       		.uleb128 0x3a
 1368 01a6 0B       		.uleb128 0xb
 1369 01a7 3B       		.uleb128 0x3b
 1370 01a8 0B       		.uleb128 0xb
 1371 01a9 00       		.byte	0
 1372 01aa 00       		.byte	0
 1373 01ab 00       		.byte	0
 1374              		.section	.debug_loc,"",%progbits
 1375              	.Ldebug_loc0:
 1376              	.LLST0:
 1377 0000 06000000 		.4byte	.LVL1
 1378 0004 10000000 		.4byte	.LVL2
 1379 0008 0100     		.2byte	0x1
ARM GAS  C:\Users\Henry\AppData\Local\Temp\ccNvg7bA.s 			page 32


 1380 000a 53       		.byte	0x53
 1381 000b 00000000 		.4byte	0
 1382 000f 00000000 		.4byte	0
 1383              	.LLST1:
 1384 0013 00000000 		.4byte	.LVL3
 1385 0017 09000000 		.4byte	.LVL5-1
 1386 001b 0100     		.2byte	0x1
 1387 001d 50       		.byte	0x50
 1388 001e 09000000 		.4byte	.LVL5-1
 1389 0022 0C000000 		.4byte	.LFE0
 1390 0026 0400     		.2byte	0x4
 1391 0028 F3       		.byte	0xf3
 1392 0029 01       		.uleb128 0x1
 1393 002a 50       		.byte	0x50
 1394 002b 9F       		.byte	0x9f
 1395 002c 00000000 		.4byte	0
 1396 0030 00000000 		.4byte	0
 1397              	.LLST2:
 1398 0034 00000000 		.4byte	.LVL3
 1399 0038 06000000 		.4byte	.LVL4
 1400 003c 0100     		.2byte	0x1
 1401 003e 51       		.byte	0x51
 1402 003f 06000000 		.4byte	.LVL4
 1403 0043 09000000 		.4byte	.LVL5-1
 1404 0047 0100     		.2byte	0x1
 1405 0049 52       		.byte	0x52
 1406 004a 09000000 		.4byte	.LVL5-1
 1407 004e 0C000000 		.4byte	.LFE0
 1408 0052 0400     		.2byte	0x4
 1409 0054 F3       		.byte	0xf3
 1410 0055 01       		.uleb128 0x1
 1411 0056 51       		.byte	0x51
 1412 0057 9F       		.byte	0x9f
 1413 0058 00000000 		.4byte	0
 1414 005c 00000000 		.4byte	0
 1415              	.LLST3:
 1416 0060 2E000000 		.4byte	.LVL6
 1417 0064 34000000 		.4byte	.LVL7
 1418 0068 0200     		.2byte	0x2
 1419 006a 49       		.byte	0x49
 1420 006b 9F       		.byte	0x9f
 1421 006c 34000000 		.4byte	.LVL7
 1422 0070 7E000000 		.4byte	.LVL13
 1423 0074 0100     		.2byte	0x1
 1424 0076 55       		.byte	0x55
 1425 0077 00000000 		.4byte	0
 1426 007b 00000000 		.4byte	0
 1427              	.LLST4:
 1428 007f 2E000000 		.4byte	.LVL6
 1429 0083 34000000 		.4byte	.LVL7
 1430 0087 0200     		.2byte	0x2
 1431 0089 30       		.byte	0x30
 1432 008a 9F       		.byte	0x9f
 1433 008b 34000000 		.4byte	.LVL7
 1434 008f 40000000 		.4byte	.LVL8
 1435 0093 0100     		.2byte	0x1
 1436 0095 54       		.byte	0x54
ARM GAS  C:\Users\Henry\AppData\Local\Temp\ccNvg7bA.s 			page 33


 1437 0096 44000000 		.4byte	.LVL9
 1438 009a 7E000000 		.4byte	.LVL13
 1439 009e 0100     		.2byte	0x1
 1440 00a0 54       		.byte	0x54
 1441 00a1 00000000 		.4byte	0
 1442 00a5 00000000 		.4byte	0
 1443              	.LLST5:
 1444 00a9 00000000 		.4byte	.LVL14
 1445 00ad 05000000 		.4byte	.LVL15-1
 1446 00b1 0100     		.2byte	0x1
 1447 00b3 50       		.byte	0x50
 1448 00b4 05000000 		.4byte	.LVL15-1
 1449 00b8 08000000 		.4byte	.LFE1
 1450 00bc 0400     		.2byte	0x4
 1451 00be F3       		.byte	0xf3
 1452 00bf 01       		.uleb128 0x1
 1453 00c0 50       		.byte	0x50
 1454 00c1 9F       		.byte	0x9f
 1455 00c2 00000000 		.4byte	0
 1456 00c6 00000000 		.4byte	0
 1457              	.LLST6:
 1458 00ca 00000000 		.4byte	.LVL14
 1459 00ce 05000000 		.4byte	.LVL15-1
 1460 00d2 0100     		.2byte	0x1
 1461 00d4 51       		.byte	0x51
 1462 00d5 05000000 		.4byte	.LVL15-1
 1463 00d9 08000000 		.4byte	.LFE1
 1464 00dd 0400     		.2byte	0x4
 1465 00df F3       		.byte	0xf3
 1466 00e0 01       		.uleb128 0x1
 1467 00e1 51       		.byte	0x51
 1468 00e2 9F       		.byte	0x9f
 1469 00e3 00000000 		.4byte	0
 1470 00e7 00000000 		.4byte	0
 1471              	.LLST7:
 1472 00eb 00000000 		.4byte	.LVL14
 1473 00ef 05000000 		.4byte	.LVL15-1
 1474 00f3 0100     		.2byte	0x1
 1475 00f5 52       		.byte	0x52
 1476 00f6 05000000 		.4byte	.LVL15-1
 1477 00fa 08000000 		.4byte	.LFE1
 1478 00fe 0400     		.2byte	0x4
 1479 0100 F3       		.byte	0xf3
 1480 0101 01       		.uleb128 0x1
 1481 0102 52       		.byte	0x52
 1482 0103 9F       		.byte	0x9f
 1483 0104 00000000 		.4byte	0
 1484 0108 00000000 		.4byte	0
 1485              	.LLST8:
 1486 010c 0E000000 		.4byte	.LVL18
 1487 0110 12000000 		.4byte	.LVL19
 1488 0114 0200     		.2byte	0x2
 1489 0116 30       		.byte	0x30
 1490 0117 9F       		.byte	0x9f
 1491 0118 12000000 		.4byte	.LVL19
 1492 011c 2A000000 		.4byte	.LVL21
 1493 0120 0100     		.2byte	0x1
ARM GAS  C:\Users\Henry\AppData\Local\Temp\ccNvg7bA.s 			page 34


 1494 0122 54       		.byte	0x54
 1495 0123 2C000000 		.4byte	.LVL22
 1496 0127 70000000 		.4byte	.LVL26
 1497 012b 0100     		.2byte	0x1
 1498 012d 54       		.byte	0x54
 1499 012e 00000000 		.4byte	0
 1500 0132 00000000 		.4byte	0
 1501              	.LLST9:
 1502 0136 12000000 		.4byte	.LVL19
 1503 013a 2A000000 		.4byte	.LVL21
 1504 013e 0B00     		.2byte	0xb
 1505 0140 74       		.byte	0x74
 1506 0141 00       		.sleb128 0
 1507 0142 36       		.byte	0x36
 1508 0143 1E       		.byte	0x1e
 1509 0144 03       		.byte	0x3
 1510 0145 00000000 		.4byte	cfg_memset_list.4992
 1511 0149 22       		.byte	0x22
 1512 014a 9F       		.byte	0x9f
 1513 014b 2A000000 		.4byte	.LVL21
 1514 014f 2C000000 		.4byte	.LVL22
 1515 0153 0B00     		.2byte	0xb
 1516 0155 74       		.byte	0x74
 1517 0156 7F       		.sleb128 -1
 1518 0157 36       		.byte	0x36
 1519 0158 1E       		.byte	0x1e
 1520 0159 03       		.byte	0x3
 1521 015a 00000000 		.4byte	cfg_memset_list.4992
 1522 015e 22       		.byte	0x22
 1523 015f 9F       		.byte	0x9f
 1524 0160 00000000 		.4byte	0
 1525 0164 00000000 		.4byte	0
 1526              		.section	.debug_aranges,"",%progbits
 1527 0000 4C000000 		.4byte	0x4c
 1528 0004 0200     		.2byte	0x2
 1529 0006 00000000 		.4byte	.Ldebug_info0
 1530 000a 04       		.byte	0x4
 1531 000b 00       		.byte	0
 1532 000c 0000     		.2byte	0
 1533 000e 0000     		.2byte	0
 1534 0010 00000000 		.4byte	.LFB3
 1535 0014 02000000 		.4byte	.LFE3-.LFB3
 1536 0018 00000000 		.4byte	.LFB5
 1537 001c 28000000 		.4byte	.LFE5-.LFB5
 1538 0020 00000000 		.4byte	.LFB0
 1539 0024 0C000000 		.4byte	.LFE0-.LFB0
 1540 0028 00000000 		.4byte	.LFB4
 1541 002c 9C000000 		.4byte	.LFE4-.LFB4
 1542 0030 00000000 		.4byte	.LFB1
 1543 0034 08000000 		.4byte	.LFE1-.LFB1
 1544 0038 00000000 		.4byte	.LFB6
 1545 003c 10000000 		.4byte	.LFE6-.LFB6
 1546 0040 00000000 		.4byte	.LFB7
 1547 0044 C8000000 		.4byte	.LFE7-.LFB7
 1548 0048 00000000 		.4byte	0
 1549 004c 00000000 		.4byte	0
 1550              		.section	.debug_ranges,"",%progbits
ARM GAS  C:\Users\Henry\AppData\Local\Temp\ccNvg7bA.s 			page 35


 1551              	.Ldebug_ranges0:
 1552 0000 00000000 		.4byte	.LFB3
 1553 0004 02000000 		.4byte	.LFE3
 1554 0008 00000000 		.4byte	.LFB5
 1555 000c 28000000 		.4byte	.LFE5
 1556 0010 00000000 		.4byte	.LFB0
 1557 0014 0C000000 		.4byte	.LFE0
 1558 0018 00000000 		.4byte	.LFB4
 1559 001c 9C000000 		.4byte	.LFE4
 1560 0020 00000000 		.4byte	.LFB1
 1561 0024 08000000 		.4byte	.LFE1
 1562 0028 00000000 		.4byte	.LFB6
 1563 002c 10000000 		.4byte	.LFE6
 1564 0030 00000000 		.4byte	.LFB7
 1565 0034 C8000000 		.4byte	.LFE7
 1566 0038 00000000 		.4byte	0
 1567 003c 00000000 		.4byte	0
 1568              		.section	.debug_line,"",%progbits
 1569              	.Ldebug_line0:
 1570 0000 A3010000 		.section	.debug_str,"MS",%progbits,1
 1570      0200D600 
 1570      00000201 
 1570      FB0E0D00 
 1570      01010101 
 1571              	.LASF19:
 1572 0000 72656731 		.ascii	"reg16\000"
 1572      3600
 1573              	.LASF43:
 1574 0006 43794465 		.ascii	"CyDelayCycles\000"
 1574      6C617943 
 1574      79636C65 
 1574      7300
 1575              	.LASF12:
 1576 0014 73697A65 		.ascii	"size_t\000"
 1576      5F7400
 1577              	.LASF20:
 1578 001b 416E616C 		.ascii	"AnalogSetDefault\000"
 1578      6F675365 
 1578      74446566 
 1578      61756C74 
 1578      00
 1579              	.LASF25:
 1580 002c 74696D65 		.ascii	"timeout\000"
 1580      6F757400 
 1581              	.LASF36:
 1582 0034 6366675F 		.ascii	"cfg_memset_list\000"
 1582      6D656D73 
 1582      65745F6C 
 1582      69737400 
 1583              	.LASF23:
 1584 0044 436C6F63 		.ascii	"ClockSetup\000"
 1584      6B536574 
 1584      757000
 1585              	.LASF6:
 1586 004f 73686F72 		.ascii	"short unsigned int\000"
 1586      7420756E 
 1586      7369676E 
ARM GAS  C:\Users\Henry\AppData\Local\Temp\ccNvg7bA.s 			page 36


 1586      65642069 
 1586      6E7400
 1587              	.LASF26:
 1588 0062 706C6C4C 		.ascii	"pllLock\000"
 1588      6F636B00 
 1589              	.LASF16:
 1590 006a 666C6F61 		.ascii	"float\000"
 1590      7400
 1591              	.LASF42:
 1592 0070 4379436C 		.ascii	"CyClockStartupError\000"
 1592      6F636B53 
 1592      74617274 
 1592      75704572 
 1592      726F7200 
 1593              	.LASF28:
 1594 0084 64657374 		.ascii	"dest\000"
 1594      00
 1595              	.LASF34:
 1596 0089 73697A65 		.ascii	"size\000"
 1596      00
 1597              	.LASF39:
 1598 008e 474E5520 		.ascii	"GNU C11 5.4.1 20160609 (release) [ARM/embedded-5-br"
 1598      43313120 
 1598      352E342E 
 1598      31203230 
 1598      31363036 
 1599 00c1 616E6368 		.ascii	"anch revision 237715] -mcpu=cortex-m3 -mthumb -g -O"
 1599      20726576 
 1599      6973696F 
 1599      6E203233 
 1599      37373135 
 1600 00f4 67202D66 		.ascii	"g -ffunction-sections -ffat-lto-objects\000"
 1600      66756E63 
 1600      74696F6E 
 1600      2D736563 
 1600      74696F6E 
 1601              	.LASF18:
 1602 011c 72656738 		.ascii	"reg8\000"
 1602      00
 1603              	.LASF8:
 1604 0121 6C6F6E67 		.ascii	"long unsigned int\000"
 1604      20756E73 
 1604      69676E65 
 1604      6420696E 
 1604      7400
 1605              	.LASF13:
 1606 0133 75696E74 		.ascii	"uint8\000"
 1606      3800
 1607              	.LASF21:
 1608 0139 43594D45 		.ascii	"CYMEMZERO\000"
 1608      4D5A4552 
 1608      4F00
 1609              	.LASF31:
 1610 0143 53657441 		.ascii	"SetAnalogRoutingPumps\000"
 1610      6E616C6F 
 1610      67526F75 
 1610      74696E67 
ARM GAS  C:\Users\Henry\AppData\Local\Temp\ccNvg7bA.s 			page 37


 1610      50756D70 
 1611              	.LASF4:
 1612 0159 756E7369 		.ascii	"unsigned char\000"
 1612      676E6564 
 1612      20636861 
 1612      7200
 1613              	.LASF37:
 1614 0167 6D656D73 		.ascii	"memset\000"
 1614      657400
 1615              	.LASF17:
 1616 016e 646F7562 		.ascii	"double\000"
 1616      6C6500
 1617              	.LASF32:
 1618 0175 63796669 		.ascii	"cyfitter_cfg\000"
 1618      74746572 
 1618      5F636667 
 1618      00
 1619              	.LASF14:
 1620 0182 75696E74 		.ascii	"uint16\000"
 1620      313600
 1621              	.LASF22:
 1622 0189 6572726F 		.ascii	"errorCode\000"
 1622      72436F64 
 1622      6500
 1623              	.LASF15:
 1624 0193 75696E74 		.ascii	"uint32\000"
 1624      333200
 1625              	.LASF0:
 1626 019a 756E7369 		.ascii	"unsigned int\000"
 1626      676E6564 
 1626      20696E74 
 1626      00
 1627              	.LASF33:
 1628 01a7 61646472 		.ascii	"address\000"
 1628      65737300 
 1629              	.LASF9:
 1630 01af 6C6F6E67 		.ascii	"long long unsigned int\000"
 1630      206C6F6E 
 1630      6720756E 
 1630      7369676E 
 1630      65642069 
 1631              	.LASF35:
 1632 01c6 6366675F 		.ascii	"cfg_memset_t\000"
 1632      6D656D73 
 1632      65745F74 
 1632      00
 1633              	.LASF10:
 1634 01d3 73697A65 		.ascii	"sizetype\000"
 1634      74797065 
 1634      00
 1635              	.LASF41:
 1636 01dc 433A5C55 		.ascii	"C:\\Users\\Henry\\Documents\\PSoC Creator\\Ej1\\Ej2"
 1636      73657273 
 1636      5C48656E 
 1636      72795C44 
 1636      6F63756D 
 1637 0209 2E637964 		.ascii	".cydsn\000"
ARM GAS  C:\Users\Henry\AppData\Local\Temp\ccNvg7bA.s 			page 38


 1637      736E00
 1638              	.LASF1:
 1639 0210 6C6F6E67 		.ascii	"long long int\000"
 1639      206C6F6E 
 1639      6720696E 
 1639      7400
 1640              	.LASF40:
 1641 021e 47656E65 		.ascii	"Generated_Source\\PSoC5\\cyfitter_cfg.c\000"
 1641      72617465 
 1641      645F536F 
 1641      75726365 
 1641      5C50536F 
 1642              	.LASF38:
 1643 0244 6D656D63 		.ascii	"memcpy\000"
 1643      707900
 1644              	.LASF5:
 1645 024b 73686F72 		.ascii	"short int\000"
 1645      7420696E 
 1645      7400
 1646              	.LASF29:
 1647 0255 656E6162 		.ascii	"enabled\000"
 1647      6C656400 
 1648              	.LASF7:
 1649 025d 6C6F6E67 		.ascii	"long int\000"
 1649      20696E74 
 1649      00
 1650              	.LASF11:
 1651 0266 63686172 		.ascii	"char\000"
 1651      00
 1652              	.LASF2:
 1653 026b 6C6F6E67 		.ascii	"long double\000"
 1653      20646F75 
 1653      626C6500 
 1654              	.LASF24:
 1655 0277 62675F78 		.ascii	"bg_xover_inl_trim\000"
 1655      6F766572 
 1655      5F696E6C 
 1655      5F747269 
 1655      6D00
 1656              	.LASF3:
 1657 0289 7369676E 		.ascii	"signed char\000"
 1657      65642063 
 1657      68617200 
 1658              	.LASF30:
 1659 0295 72656756 		.ascii	"regValue\000"
 1659      616C7565 
 1659      00
 1660              	.LASF27:
 1661 029e 4359434F 		.ascii	"CYCONFIGCPY\000"
 1661      4E464947 
 1661      43505900 
 1662              		.ident	"GCC: (GNU Tools for ARM Embedded Processors) 5.4.1 20160609 (release) [ARM/embedded-5-bran
