ARM GAS  C:\Users\Henry\AppData\Local\Temp\cc50Su0J.s 			page 1


   1              		.syntax unified
   2              		.cpu cortex-m3
   3              		.fpu softvfp
   4              		.eabi_attribute 20, 1
   5              		.eabi_attribute 21, 1
   6              		.eabi_attribute 23, 3
   7              		.eabi_attribute 24, 1
   8              		.eabi_attribute 25, 1
   9              		.eabi_attribute 26, 1
  10              		.eabi_attribute 30, 1
  11              		.eabi_attribute 34, 1
  12              		.eabi_attribute 18, 4
  13              		.thumb
  14              		.syntax unified
  15              		.file	"cymetadata.c"
  16              		.text
  17              	.Ltext0:
  18              		.cfi_sections	.debug_frame
  19              		.global	cy_metadata
  20              		.global	cy_meta_flashprotect
  21              		.global	cy_meta_wonvl
  22              		.global	cy_meta_custnvl
  23              		.global	cy_meta_configecc
  24              		.section	.cyconfigecc,"a",%progbits
  25              		.align	2
  26              		.type	cy_meta_configecc, %object
  27              		.size	cy_meta_configecc, 24
  28              	cy_meta_configecc:
  29 0000 01       		.byte	1
  30 0001 00       		.byte	0
  31 0002 00       		.byte	0
  32 0003 00       		.byte	0
  33 0004 00       		.byte	0
  34 0005 00       		.byte	0
  35 0006 00       		.byte	0
  36 0007 00       		.byte	0
  37 0008 00       		.byte	0
  38 0009 0B       		.byte	11
  39 000a 0B       		.byte	11
  40 000b 00       		.byte	0
  41 000c 00       		.byte	0
  42 000d 00       		.byte	0
  43 000e 00       		.byte	0
  44 000f 00       		.byte	0
  45 0010 00       		.byte	0
  46 0011 04       		.byte	4
  47 0012 04       		.byte	4
  48 0013 00       		.byte	0
  49 0014 00       		.byte	0
  50 0015 00       		.byte	0
  51 0016 00       		.byte	0
  52 0017 00       		.byte	0
  53              		.section	.cywolatch,"a",%progbits
  54              		.align	2
  55              		.type	cy_meta_wonvl, %object
  56              		.size	cy_meta_wonvl, 4
  57              	cy_meta_wonvl:
ARM GAS  C:\Users\Henry\AppData\Local\Temp\cc50Su0J.s 			page 2


  58 0000 BC       		.byte	-68
  59 0001 90       		.byte	-112
  60 0002 AC       		.byte	-84
  61 0003 AF       		.byte	-81
  62              		.section	.cycustnvl,"a",%progbits
  63              		.align	2
  64              		.type	cy_meta_custnvl, %object
  65              		.size	cy_meta_custnvl, 4
  66              	cy_meta_custnvl:
  67 0000 00       		.byte	0
  68 0001 00       		.byte	0
  69 0002 40       		.byte	64
  70 0003 05       		.byte	5
  71              		.section	.cymeta,"a",%progbits
  72              		.align	2
  73              		.type	cy_metadata, %object
  74              		.size	cy_metadata, 12
  75              	cy_metadata:
  76 0000 00       		.byte	0
  77 0001 01       		.byte	1
  78 0002 2E       		.byte	46
  79 0003 12       		.byte	18
  80 0004 30       		.byte	48
  81 0005 69       		.byte	105
  82 0006 00       		.byte	0
  83 0007 01       		.byte	1
  84 0008 00       		.byte	0
  85 0009 00       		.byte	0
  86 000a 00       		.byte	0
  87 000b 00       		.byte	0
  88              		.section	.cyflashprotect,"a",%progbits
  89              		.align	2
  90              		.type	cy_meta_flashprotect, %object
  91              		.size	cy_meta_flashprotect, 256
  92              	cy_meta_flashprotect:
  93 0000 00000000 		.space	256
  93      00000000 
  93      00000000 
  93      00000000 
  93      00000000 
  94              		.text
  95              	.Letext0:
  96              		.file 1 "c:\\program files (x86)\\cypress\\psoc creator\\4.4\\psoc creator\\import\\gnu\\arm\\5.4.
  97              		.file 2 "c:\\program files (x86)\\cypress\\psoc creator\\4.4\\psoc creator\\import\\gnu\\arm\\5.4.
  98              		.file 3 "Generated_Source\\PSoC5\\cymetadata.c"
  99              		.section	.debug_info,"",%progbits
 100              	.Ldebug_info0:
 101 0000 30010000 		.4byte	0x130
 102 0004 0400     		.2byte	0x4
 103 0006 00000000 		.4byte	.Ldebug_abbrev0
 104 000a 04       		.byte	0x4
 105 000b 01       		.uleb128 0x1
 106 000c 24000000 		.4byte	.LASF17
 107 0010 0C       		.byte	0xc
 108 0011 B2010000 		.4byte	.LASF18
 109 0015 51010000 		.4byte	.LASF19
 110 0019 00000000 		.4byte	.Ldebug_line0
ARM GAS  C:\Users\Henry\AppData\Local\Temp\cc50Su0J.s 			page 3


 111 001d 02       		.uleb128 0x2
 112 001e 01       		.byte	0x1
 113 001f 06       		.byte	0x6
 114 0020 A6010000 		.4byte	.LASF0
 115 0024 03       		.uleb128 0x3
 116 0025 00000000 		.4byte	.LASF9
 117 0029 01       		.byte	0x1
 118 002a 1D       		.byte	0x1d
 119 002b 2F000000 		.4byte	0x2f
 120 002f 02       		.uleb128 0x2
 121 0030 01       		.byte	0x1
 122 0031 08       		.byte	0x8
 123 0032 16000000 		.4byte	.LASF1
 124 0036 02       		.uleb128 0x2
 125 0037 02       		.byte	0x2
 126 0038 05       		.byte	0x5
 127 0039 93010000 		.4byte	.LASF2
 128 003d 02       		.uleb128 0x2
 129 003e 02       		.byte	0x2
 130 003f 07       		.byte	0x7
 131 0040 C4000000 		.4byte	.LASF3
 132 0044 02       		.uleb128 0x2
 133 0045 04       		.byte	0x4
 134 0046 05       		.byte	0x5
 135 0047 9D010000 		.4byte	.LASF4
 136 004b 02       		.uleb128 0x2
 137 004c 04       		.byte	0x4
 138 004d 07       		.byte	0x7
 139 004e B2000000 		.4byte	.LASF5
 140 0052 02       		.uleb128 0x2
 141 0053 08       		.byte	0x8
 142 0054 05       		.byte	0x5
 143 0055 85010000 		.4byte	.LASF6
 144 0059 02       		.uleb128 0x2
 145 005a 08       		.byte	0x8
 146 005b 07       		.byte	0x7
 147 005c 06010000 		.4byte	.LASF7
 148 0060 04       		.uleb128 0x4
 149 0061 04       		.byte	0x4
 150 0062 05       		.byte	0x5
 151 0063 696E7400 		.ascii	"int\000"
 152 0067 02       		.uleb128 0x2
 153 0068 04       		.byte	0x4
 154 0069 07       		.byte	0x7
 155 006a F9000000 		.4byte	.LASF8
 156 006e 03       		.uleb128 0x3
 157 006f 1D010000 		.4byte	.LASF10
 158 0073 02       		.byte	0x2
 159 0074 18       		.byte	0x18
 160 0075 24000000 		.4byte	0x24
 161 0079 05       		.uleb128 0x5
 162 007a 90000000 		.4byte	0x90
 163 007e 89000000 		.4byte	0x89
 164 0082 06       		.uleb128 0x6
 165 0083 89000000 		.4byte	0x89
 166 0087 17       		.byte	0x17
 167 0088 00       		.byte	0
ARM GAS  C:\Users\Henry\AppData\Local\Temp\cc50Su0J.s 			page 4


 168 0089 02       		.uleb128 0x2
 169 008a 04       		.byte	0x4
 170 008b 07       		.byte	0x7
 171 008c 48010000 		.4byte	.LASF11
 172 0090 07       		.uleb128 0x7
 173 0091 6E000000 		.4byte	0x6e
 174 0095 08       		.uleb128 0x8
 175 0096 E7000000 		.4byte	.LASF12
 176 009a 03       		.byte	0x3
 177 009b 1F       		.byte	0x1f
 178 009c A6000000 		.4byte	0xa6
 179 00a0 05       		.uleb128 0x5
 180 00a1 03       		.byte	0x3
 181 00a2 00000000 		.4byte	cy_meta_configecc
 182 00a6 07       		.uleb128 0x7
 183 00a7 79000000 		.4byte	0x79
 184 00ab 05       		.uleb128 0x5
 185 00ac 90000000 		.4byte	0x90
 186 00b0 BB000000 		.4byte	0xbb
 187 00b4 06       		.uleb128 0x6
 188 00b5 89000000 		.4byte	0x89
 189 00b9 03       		.byte	0x3
 190 00ba 00       		.byte	0
 191 00bb 08       		.uleb128 0x8
 192 00bc D7000000 		.4byte	.LASF13
 193 00c0 03       		.byte	0x3
 194 00c1 2F       		.byte	0x2f
 195 00c2 CC000000 		.4byte	0xcc
 196 00c6 05       		.uleb128 0x5
 197 00c7 03       		.byte	0x3
 198 00c8 00000000 		.4byte	cy_meta_custnvl
 199 00cc 07       		.uleb128 0x7
 200 00cd AB000000 		.4byte	0xab
 201 00d1 08       		.uleb128 0x8
 202 00d2 3A010000 		.4byte	.LASF14
 203 00d6 03       		.byte	0x3
 204 00d7 3D       		.byte	0x3d
 205 00d8 E2000000 		.4byte	0xe2
 206 00dc 05       		.uleb128 0x5
 207 00dd 03       		.byte	0x3
 208 00de 00000000 		.4byte	cy_meta_wonvl
 209 00e2 07       		.uleb128 0x7
 210 00e3 AB000000 		.4byte	0xab
 211 00e7 05       		.uleb128 0x5
 212 00e8 90000000 		.4byte	0x90
 213 00ec F7000000 		.4byte	0xf7
 214 00f0 06       		.uleb128 0x6
 215 00f1 89000000 		.4byte	0x89
 216 00f5 FF       		.byte	0xff
 217 00f6 00       		.byte	0
 218 00f7 08       		.uleb128 0x8
 219 00f8 25010000 		.4byte	.LASF15
 220 00fc 03       		.byte	0x3
 221 00fd 4B       		.byte	0x4b
 222 00fe 08010000 		.4byte	0x108
 223 0102 05       		.uleb128 0x5
 224 0103 03       		.byte	0x3
ARM GAS  C:\Users\Henry\AppData\Local\Temp\cc50Su0J.s 			page 5


 225 0104 00000000 		.4byte	cy_meta_flashprotect
 226 0108 07       		.uleb128 0x7
 227 0109 E7000000 		.4byte	0xe7
 228 010d 05       		.uleb128 0x5
 229 010e 90000000 		.4byte	0x90
 230 0112 1D010000 		.4byte	0x11d
 231 0116 06       		.uleb128 0x6
 232 0117 89000000 		.4byte	0x89
 233 011b 0B       		.byte	0xb
 234 011c 00       		.byte	0
 235 011d 08       		.uleb128 0x8
 236 011e 0A000000 		.4byte	.LASF16
 237 0122 03       		.byte	0x3
 238 0123 78       		.byte	0x78
 239 0124 2E010000 		.4byte	0x12e
 240 0128 05       		.uleb128 0x5
 241 0129 03       		.byte	0x3
 242 012a 00000000 		.4byte	cy_metadata
 243 012e 07       		.uleb128 0x7
 244 012f 0D010000 		.4byte	0x10d
 245 0133 00       		.byte	0
 246              		.section	.debug_abbrev,"",%progbits
 247              	.Ldebug_abbrev0:
 248 0000 01       		.uleb128 0x1
 249 0001 11       		.uleb128 0x11
 250 0002 01       		.byte	0x1
 251 0003 25       		.uleb128 0x25
 252 0004 0E       		.uleb128 0xe
 253 0005 13       		.uleb128 0x13
 254 0006 0B       		.uleb128 0xb
 255 0007 03       		.uleb128 0x3
 256 0008 0E       		.uleb128 0xe
 257 0009 1B       		.uleb128 0x1b
 258 000a 0E       		.uleb128 0xe
 259 000b 10       		.uleb128 0x10
 260 000c 17       		.uleb128 0x17
 261 000d 00       		.byte	0
 262 000e 00       		.byte	0
 263 000f 02       		.uleb128 0x2
 264 0010 24       		.uleb128 0x24
 265 0011 00       		.byte	0
 266 0012 0B       		.uleb128 0xb
 267 0013 0B       		.uleb128 0xb
 268 0014 3E       		.uleb128 0x3e
 269 0015 0B       		.uleb128 0xb
 270 0016 03       		.uleb128 0x3
 271 0017 0E       		.uleb128 0xe
 272 0018 00       		.byte	0
 273 0019 00       		.byte	0
 274 001a 03       		.uleb128 0x3
 275 001b 16       		.uleb128 0x16
 276 001c 00       		.byte	0
 277 001d 03       		.uleb128 0x3
 278 001e 0E       		.uleb128 0xe
 279 001f 3A       		.uleb128 0x3a
 280 0020 0B       		.uleb128 0xb
 281 0021 3B       		.uleb128 0x3b
ARM GAS  C:\Users\Henry\AppData\Local\Temp\cc50Su0J.s 			page 6


 282 0022 0B       		.uleb128 0xb
 283 0023 49       		.uleb128 0x49
 284 0024 13       		.uleb128 0x13
 285 0025 00       		.byte	0
 286 0026 00       		.byte	0
 287 0027 04       		.uleb128 0x4
 288 0028 24       		.uleb128 0x24
 289 0029 00       		.byte	0
 290 002a 0B       		.uleb128 0xb
 291 002b 0B       		.uleb128 0xb
 292 002c 3E       		.uleb128 0x3e
 293 002d 0B       		.uleb128 0xb
 294 002e 03       		.uleb128 0x3
 295 002f 08       		.uleb128 0x8
 296 0030 00       		.byte	0
 297 0031 00       		.byte	0
 298 0032 05       		.uleb128 0x5
 299 0033 01       		.uleb128 0x1
 300 0034 01       		.byte	0x1
 301 0035 49       		.uleb128 0x49
 302 0036 13       		.uleb128 0x13
 303 0037 01       		.uleb128 0x1
 304 0038 13       		.uleb128 0x13
 305 0039 00       		.byte	0
 306 003a 00       		.byte	0
 307 003b 06       		.uleb128 0x6
 308 003c 21       		.uleb128 0x21
 309 003d 00       		.byte	0
 310 003e 49       		.uleb128 0x49
 311 003f 13       		.uleb128 0x13
 312 0040 2F       		.uleb128 0x2f
 313 0041 0B       		.uleb128 0xb
 314 0042 00       		.byte	0
 315 0043 00       		.byte	0
 316 0044 07       		.uleb128 0x7
 317 0045 26       		.uleb128 0x26
 318 0046 00       		.byte	0
 319 0047 49       		.uleb128 0x49
 320 0048 13       		.uleb128 0x13
 321 0049 00       		.byte	0
 322 004a 00       		.byte	0
 323 004b 08       		.uleb128 0x8
 324 004c 34       		.uleb128 0x34
 325 004d 00       		.byte	0
 326 004e 03       		.uleb128 0x3
 327 004f 0E       		.uleb128 0xe
 328 0050 3A       		.uleb128 0x3a
 329 0051 0B       		.uleb128 0xb
 330 0052 3B       		.uleb128 0x3b
 331 0053 0B       		.uleb128 0xb
 332 0054 49       		.uleb128 0x49
 333 0055 13       		.uleb128 0x13
 334 0056 3F       		.uleb128 0x3f
 335 0057 19       		.uleb128 0x19
 336 0058 02       		.uleb128 0x2
 337 0059 18       		.uleb128 0x18
 338 005a 00       		.byte	0
ARM GAS  C:\Users\Henry\AppData\Local\Temp\cc50Su0J.s 			page 7


 339 005b 00       		.byte	0
 340 005c 00       		.byte	0
 341              		.section	.debug_aranges,"",%progbits
 342 0000 14000000 		.4byte	0x14
 343 0004 0200     		.2byte	0x2
 344 0006 00000000 		.4byte	.Ldebug_info0
 345 000a 04       		.byte	0x4
 346 000b 00       		.byte	0
 347 000c 0000     		.2byte	0
 348 000e 0000     		.2byte	0
 349 0010 00000000 		.4byte	0
 350 0014 00000000 		.4byte	0
 351              		.section	.debug_line,"",%progbits
 352              	.Ldebug_line0:
 353 0000 3D010000 		.section	.debug_str,"MS",%progbits,1
 353      02003701 
 353      00000201 
 353      FB0E0D00 
 353      01010101 
 354              	.LASF9:
 355 0000 5F5F7569 		.ascii	"__uint8_t\000"
 355      6E74385F 
 355      7400
 356              	.LASF16:
 357 000a 63795F6D 		.ascii	"cy_metadata\000"
 357      65746164 
 357      61746100 
 358              	.LASF1:
 359 0016 756E7369 		.ascii	"unsigned char\000"
 359      676E6564 
 359      20636861 
 359      7200
 360              	.LASF17:
 361 0024 474E5520 		.ascii	"GNU C11 5.4.1 20160609 (release) [ARM/embedded-5-br"
 361      43313120 
 361      352E342E 
 361      31203230 
 361      31363036 
 362 0057 616E6368 		.ascii	"anch revision 237715] -mcpu=cortex-m3 -mthumb -g -O"
 362      20726576 
 362      6973696F 
 362      6E203233 
 362      37373135 
 363 008a 67202D66 		.ascii	"g -ffunction-sections -ffat-lto-objects\000"
 363      66756E63 
 363      74696F6E 
 363      2D736563 
 363      74696F6E 
 364              	.LASF5:
 365 00b2 6C6F6E67 		.ascii	"long unsigned int\000"
 365      20756E73 
 365      69676E65 
 365      6420696E 
 365      7400
 366              	.LASF3:
 367 00c4 73686F72 		.ascii	"short unsigned int\000"
 367      7420756E 
ARM GAS  C:\Users\Henry\AppData\Local\Temp\cc50Su0J.s 			page 8


 367      7369676E 
 367      65642069 
 367      6E7400
 368              	.LASF13:
 369 00d7 63795F6D 		.ascii	"cy_meta_custnvl\000"
 369      6574615F 
 369      63757374 
 369      6E766C00 
 370              	.LASF12:
 371 00e7 63795F6D 		.ascii	"cy_meta_configecc\000"
 371      6574615F 
 371      636F6E66 
 371      69676563 
 371      6300
 372              	.LASF8:
 373 00f9 756E7369 		.ascii	"unsigned int\000"
 373      676E6564 
 373      20696E74 
 373      00
 374              	.LASF7:
 375 0106 6C6F6E67 		.ascii	"long long unsigned int\000"
 375      206C6F6E 
 375      6720756E 
 375      7369676E 
 375      65642069 
 376              	.LASF10:
 377 011d 75696E74 		.ascii	"uint8_t\000"
 377      385F7400 
 378              	.LASF15:
 379 0125 63795F6D 		.ascii	"cy_meta_flashprotect\000"
 379      6574615F 
 379      666C6173 
 379      6870726F 
 379      74656374 
 380              	.LASF14:
 381 013a 63795F6D 		.ascii	"cy_meta_wonvl\000"
 381      6574615F 
 381      776F6E76 
 381      6C00
 382              	.LASF11:
 383 0148 73697A65 		.ascii	"sizetype\000"
 383      74797065 
 383      00
 384              	.LASF19:
 385 0151 433A5C55 		.ascii	"C:\\Users\\Henry\\Documents\\PSoC Creator\\Ej1\\Ej2"
 385      73657273 
 385      5C48656E 
 385      72795C44 
 385      6F63756D 
 386 017e 2E637964 		.ascii	".cydsn\000"
 386      736E00
 387              	.LASF6:
 388 0185 6C6F6E67 		.ascii	"long long int\000"
 388      206C6F6E 
 388      6720696E 
 388      7400
 389              	.LASF2:
ARM GAS  C:\Users\Henry\AppData\Local\Temp\cc50Su0J.s 			page 9


 390 0193 73686F72 		.ascii	"short int\000"
 390      7420696E 
 390      7400
 391              	.LASF4:
 392 019d 6C6F6E67 		.ascii	"long int\000"
 392      20696E74 
 392      00
 393              	.LASF0:
 394 01a6 7369676E 		.ascii	"signed char\000"
 394      65642063 
 394      68617200 
 395              	.LASF18:
 396 01b2 47656E65 		.ascii	"Generated_Source\\PSoC5\\cymetadata.c\000"
 396      72617465 
 396      645F536F 
 396      75726365 
 396      5C50536F 
 397              		.ident	"GCC: (GNU Tools for ARM Embedded Processors) 5.4.1 20160609 (release) [ARM/embedded-5-bran
