Archive member included to satisfy reference by file (symbol)

.\CortexM3\ARM_GCC_541\Debug\Termocupla.a(CyLib.o)
                              .\CortexM3\ARM_GCC_541\Debug\Cm3Start.o (CyHalt)
.\CortexM3\ARM_GCC_541\Debug\Termocupla.a(cyPm.o)
                              .\CortexM3\ARM_GCC_541\Debug\Termocupla.a(CyLib.o) (CyPmReadStatus)
.\CortexM3\ARM_GCC_541\Debug\Termocupla.a(ADC.o)
                              .\CortexM3\ARM_GCC_541\Debug\main.o (ADC_Start)
.\CortexM3\ARM_GCC_541\Debug\Termocupla.a(ADC_INT.o)
                              .\CortexM3\ARM_GCC_541\Debug\Termocupla.a(ADC.o) (ADC_ISR1)
.\CortexM3\ARM_GCC_541\Debug\Termocupla.a(LCD.o)
                              .\CortexM3\ARM_GCC_541\Debug\main.o (LCD_PrintString)
.\CortexM3\ARM_GCC_541\Debug\Termocupla.a(ADC_Ext_CP_Clk.o)
                              .\CortexM3\ARM_GCC_541\Debug\Termocupla.a(ADC.o) (ADC_Ext_CP_Clk_SetModeRegister)
.\CortexM3\ARM_GCC_541\Debug\Termocupla.a(ADC_theACLK.o)
                              .\CortexM3\ARM_GCC_541\Debug\Termocupla.a(ADC.o) (ADC_theACLK_SetModeRegister)
.\CortexM3\ARM_GCC_541\Debug\Termocupla.a(Termocupla.o)
                              .\CortexM3\ARM_GCC_541\Debug\main.o (Termocupla_GetTemperature)
.\CortexM3\ARM_GCC_541\Debug\Termocupla.a(CyBootAsmGnu.o)
                              .\CortexM3\ARM_GCC_541\Debug\cyfitter_cfg.o (CyDelayCycles)
.\CortexM3\ARM_GCC_541\Debug\Termocupla.a(CyFlash.o)
                              .\CortexM3\ARM_GCC_541\Debug\Termocupla.a(cyPm.o) (CyFlash_SetWaitCycles)
.\CortexM3\ARM_GCC_541\Debug\Termocupla.a(CySpc.o)
                              .\CortexM3\ARM_GCC_541\Debug\Termocupla.a(CyFlash.o) (CySpcStart)
c:/program files (x86)/cypress/psoc creator/4.4/psoc creator/import/gnu/arm/5.4.1/bin/../lib/gcc/arm-none-eabi/5.4.1/armv7-m\libgcc.a(_arm_addsubdf3.o)
                              .\CortexM3\ARM_GCC_541\Debug\Termocupla.a(ADC.o) (__aeabi_f2d)
c:/program files (x86)/cypress/psoc creator/4.4/psoc creator/import/gnu/arm/5.4.1/bin/../lib/gcc/arm-none-eabi/5.4.1/armv7-m\libgcc.a(_arm_cmpdf2.o)
                              .\CortexM3\ARM_GCC_541\Debug\Termocupla.a(ADC.o) (__aeabi_dcmpgt)
c:/program files (x86)/cypress/psoc creator/4.4/psoc creator/import/gnu/arm/5.4.1/bin/../lib/gcc/arm-none-eabi/5.4.1/armv7-m\libgcc.a(_arm_addsubsf3.o)
                              .\CortexM3\ARM_GCC_541\Debug\Termocupla.a(ADC.o) (__aeabi_ui2f)
c:/program files (x86)/cypress/psoc creator/4.4/psoc creator/import/gnu/arm/5.4.1/bin/../lib/gcc/arm-none-eabi/5.4.1/armv7-m\libgcc.a(_arm_muldivsf3.o)
                              .\CortexM3\ARM_GCC_541\Debug\Termocupla.a(ADC.o) (__aeabi_fmul)
c:/program files (x86)/cypress/psoc creator/4.4/psoc creator/import/gnu/arm/5.4.1/bin/../lib/gcc/arm-none-eabi/5.4.1/armv7-m\libgcc.a(_arm_fixunssfsi.o)
                              .\CortexM3\ARM_GCC_541\Debug\Termocupla.a(ADC.o) (__aeabi_f2uiz)
c:/program files (x86)/cypress/psoc creator/4.4/psoc creator/import/gnu/arm/5.4.1/bin/../lib/gcc/arm-none-eabi/5.4.1/../../../../arm-none-eabi/lib/armv7-m\libg_nano.a(lib_a-errno.o)
                              .\CortexM3\ARM_GCC_541\Debug\Cm3Start.o (__errno)
c:/program files (x86)/cypress/psoc creator/4.4/psoc creator/import/gnu/arm/5.4.1/bin/../lib/gcc/arm-none-eabi/5.4.1/../../../../arm-none-eabi/lib/armv7-m\libg_nano.a(lib_a-exit.o)
                              c:/program files (x86)/cypress/psoc creator/4.4/psoc creator/import/gnu/arm/5.4.1/bin/../lib/gcc/arm-none-eabi/5.4.1/../../../../arm-none-eabi/lib/armv7-m/crt0.o (exit)
c:/program files (x86)/cypress/psoc creator/4.4/psoc creator/import/gnu/arm/5.4.1/bin/../lib/gcc/arm-none-eabi/5.4.1/../../../../arm-none-eabi/lib/armv7-m\libg_nano.a(lib_a-impure.o)
                              c:/program files (x86)/cypress/psoc creator/4.4/psoc creator/import/gnu/arm/5.4.1/bin/../lib/gcc/arm-none-eabi/5.4.1/../../../../arm-none-eabi/lib/armv7-m\libg_nano.a(lib_a-exit.o) (_global_impure_ptr)
c:/program files (x86)/cypress/psoc creator/4.4/psoc creator/import/gnu/arm/5.4.1/bin/../lib/gcc/arm-none-eabi/5.4.1/../../../../arm-none-eabi/lib/armv7-m\libg_nano.a(lib_a-init.o)
                              c:/program files (x86)/cypress/psoc creator/4.4/psoc creator/import/gnu/arm/5.4.1/bin/../lib/gcc/arm-none-eabi/5.4.1/../../../../arm-none-eabi/lib/armv7-m/crt0.o (__libc_init_array)
c:/program files (x86)/cypress/psoc creator/4.4/psoc creator/import/gnu/arm/5.4.1/bin/../lib/gcc/arm-none-eabi/5.4.1/../../../../arm-none-eabi/lib/armv7-m\libg_nano.a(lib_a-memcpy-stub.o)
                              .\CortexM3\ARM_GCC_541\Debug\cyfitter_cfg.o (memcpy)
c:/program files (x86)/cypress/psoc creator/4.4/psoc creator/import/gnu/arm/5.4.1/bin/../lib/gcc/arm-none-eabi/5.4.1/../../../../arm-none-eabi/lib/armv7-m\libg_nano.a(lib_a-memset.o)
[...]
Memory Configuration

Name             Origin             Length             Attributes
rom              0x00000000         0x00040000         xr
ram              0x1fff8000         0x00010000         xrw
*default*        0x00000000         0xffffffff

Linker script and memory map

LOAD c:/program files (x86)/cypress/psoc creator/4.4/psoc creator/import/gnu/arm/5.4.1/bin/../lib/gcc/arm-none-eabi/5.4.1/armv7-m/crti.o
LOAD c:/program files (x86)/cypress/psoc creator/4.4/psoc creator/import/gnu/arm/5.4.1/bin/../lib/gcc/arm-none-eabi/5.4.1/armv7-m/crtbegin.o
LOAD c:/program files (x86)/cypress/psoc creator/4.4/psoc creator/import/gnu/arm/5.4.1/bin/../lib/gcc/arm-none-eabi/5.4.1/../../../../arm-none-eabi/lib/armv7-m/crt0.o
START GROUP
LOAD .\CortexM3\ARM_GCC_541\Debug\main.o
LOAD .\CortexM3\ARM_GCC_541\Debug\cyfitter_cfg.o
LOAD .\CortexM3\ARM_GCC_541\Debug\cymetadata.o
LOAD .\CortexM3\ARM_GCC_541\Debug\Cm3Start.o
LOAD .\CortexM3\ARM_GCC_541\Debug\Termocupla.a
LOAD C:\Program Files (x86)\Cypress\PSoC Creator\4.4\PSoC Creator\psoc\content\cycomponentlibrary\CyComponentLibrary.cylib\CortexM3\ARM_GCC_541\Debug\CyComponentLibrary.a
END GROUP
START GROUP
LOAD c:/program files (x86)/cypress/psoc creator/4.4/psoc creator/import/gnu/arm/5.4.1/bin/../lib/gcc/arm-none-eabi/5.4.1/armv7-m\libgcc.a
LOAD c:/program files (x86)/cypress/psoc creator/4.4/psoc creator/import/gnu/arm/5.4.1/bin/../lib/gcc/arm-none-eabi/5.4.1/../../../../arm-none-eabi/lib/armv7-m\libg_nano.a
LOAD c:/program files (x86)/cypress/psoc creator/4.4/psoc creator/import/gnu/arm/5.4.1/bin/../lib/gcc/arm-none-eabi/5.4.1/../../../../arm-none-eabi/lib/armv7-m\libc_nano.a
END GROUP
START GROUP
LOAD c:/program files (x86)/cypress/psoc creator/4.4/psoc creator/import/gnu/arm/5.4.1/bin/../lib/gcc/arm-none-eabi/5.4.1/armv7-m\libgcc.a
LOAD c:/program files (x86)/cypress/psoc creator/4.4/psoc creator/import/gnu/arm/5.4.1/bin/../lib/gcc/arm-none-eabi/5.4.1/../../../../arm-none-eabi/lib/armv7-m\libc_nano.a
END GROUP
LOAD c:/program files (x86)/cypress/psoc creator/4.4/psoc creator/import/gnu/arm/5.4.1/bin/../lib/gcc/arm-none-eabi/5.4.1/armv7-m/crtend.o
LOAD c:/program files (x86)/cypress/psoc creator/4.4/psoc creator/import/gnu/arm/5.4.1/bin/../lib/gcc/arm-none-eabi/5.4.1/armv7-m/crtn.o
START GROUP
LOAD c:/program files (x86)/cypress/psoc creator/4.4/psoc creator/import/gnu/arm/5.4.1/bin/../lib/gcc/arm-none-eabi/5.4.1/armv7-m\libgcc.a
LOAD c:/program files (x86)/cypress/psoc creator/4.4/psoc creator/import/gnu/arm/5.4.1/bin/../lib/gcc/arm-none-eabi/5.4.1/../../../../arm-none-eabi/lib/armv7-m\libc.a
LOAD c:/program files (x86)/cypress/psoc creator/4.4/psoc creator/import/gnu/arm/5.4.1/bin/../lib/gcc/arm-none-eabi/5.4.1/../../../../arm-none-eabi/lib/armv7-m\libnosys.a
END GROUP
                0x00000000                CY_APPL_ORIGIN = 0x0
                0x00000100                CY_FLASH_ROW_SIZE = 0x100
                0x00000020                CY_ECC_ROW_SIZE = 0x20
                0x00000000                CY_EE_IN_BTLDR = 0x0
                0x00000000                CY_APPL_LOADABLE = 0x0
                0x00000800                CY_EE_SIZE = 0x800
                0x00000001                CY_APPL_NUM = 0x1
                0x00000001                CY_APPL_MAX = 0x1
                0x00000040                CY_METADATA_SIZE = 0x40
                0x00000000                CY_APPL_LOADABLE = 0x0
                0x00000000                CY_CHECKSUM_EXCLUDE_SIZE = ALIGN (0x0, CY_FLASH_ROW_SIZE)
                [!provide]                PROVIDE (__cy_heap_start, _end)
                0x00000001                PROVIDE (__cy_region_num, ((__cy_regions_end - __cy_regions) / 0x10))
                0x20008000                PROVIDE (__cy_stack, (ORIGIN (ram) + LENGTH (ram)))
                [!provide]                PROVIDE (__cy_heap_end, (__cy_stack - 0x800))

.cybootloader   0x00000000        0x0
 *(.cybootloader)
                0x00000000                appl1_start = CY_APPL_ORIGIN?CY_APPL_ORIGIN:ALIGN (CY_FLASH_ROW_SIZE)
                0x0001ff00                appl2_start = (appl1_start + ALIGN ((((LENGTH (rom) - appl1_start) - (0x2 * CY_FLASH_ROW_SIZE)) / 0x2), CY_FLASH_ROW_SIZE))
                0x00000000                appl_start = (CY_APPL_NUM == 0x1)?appl1_start:appl2_start
                0x00000000                ecc_offset = ((appl_start / CY_FLASH_ROW_SIZE) * CY_ECC_ROW_SIZE)
                0x00000000                ee_offset = (CY_APPL_LOADABLE && ! (CY_EE_IN_BTLDR))?((CY_EE_SIZE / CY_APPL_MAX) * (CY_APPL_NUM - 0x1)):0x0
                0x00000800                ee_size = (CY_APPL_LOADABLE && ! (CY_EE_IN_BTLDR))?(CY_EE_SIZE / CY_APPL_MAX):CY_EE_SIZE
                [!provide]                PROVIDE (CY_ECC_OFFSET, ecc_offset)

.text           0x00000000     0x1b10
 CREATE_OBJECT_SYMBOLS
                0x00000000                PROVIDE (__cy_interrupt_vector, RomVectors)
 *(.romvectors)
 .romvectors    0x00000000       0x10 .\CortexM3\ARM_GCC_541\Debug\Cm3Start.o
                0x00000000                RomVectors
                0x00000001                ASSERT ((. != __cy_interrupt_vector), No interrupt vector)
                0x00000001                ASSERT (CY_APPL_ORIGIN?(SIZEOF (.cybootloader) <= CY_APPL_ORIGIN):0x1, Wrong image location)
                0x00000010                PROVIDE (__cy_reset, Reset)
 *(.text.Reset)
 .text.Reset    0x00000010       0x18 .\CortexM3\ARM_GCC_541\Debug\Cm3Start.o
                0x00000010                Reset
                0x00000001                ASSERT ((. != __cy_reset), No reset code)
 *(.dma_init)
                0x00000001                ASSERT ((((appl_start + .) <= 0x10000) || 0x1), DMA Init must be within the first 64k of flash)
 *(.text .text.* .gnu.linkonce.t.*)
 .text          0x00000028       0x5c c:/program files (x86)/cypress/psoc creator/4.4/psoc creator/import/gnu/arm/5.4.1/bin/../lib/gcc/arm-none-eabi/5.4.1/armv7-m/crtbegin.o
 .text.main     0x00000084       0x98 .\CortexM3\ARM_GCC_541\Debug\main.o
                0x00000084                main
 .text.CyClockStartupError
                0x0000011c        0x4 .\CortexM3\ARM_GCC_541\Debug\cyfitter_cfg.o
 .text.cfg_write_bytes32
                0x00000120       0x34 .\CortexM3\ARM_GCC_541\Debug\cyfitter_cfg.o
 .text.AnalogSetDefault
                0x00000154       0x40 .\CortexM3\ARM_GCC_541\Debug\cyfitter_cfg.o
 .text.CYMEMZERO
                0x00000194        0xc .\CortexM3\ARM_GCC_541\Debug\cyfitter_cfg.o
 .text.CYCONFIGCPY
                0x000001a0        0x8 .\CortexM3\ARM_GCC_541\Debug\cyfitter_cfg.o
 .text.ClockSetup
                0x000001a8       0xe4 .\CortexM3\ARM_GCC_541\Debug\cyfitter_cfg.o
 .text.cyfitter_cfg
                0x0000028c       0xf8 .\CortexM3\ARM_GCC_541\Debug\cyfitter_cfg.o
                0x0000028c                cyfitter_cfg
 .text.IntDefaultHandler
                0x00000384       0x10 .\CortexM3\ARM_GCC_541\Debug\Cm3Start.o
                0x00000384                IntDefaultHandler
 .text._sbrk    0x00000394       0x30 .\CortexM3\ARM_GCC_541\Debug\Cm3Start.o
                0x00000394                _sbrk
 .text.Start_c  0x000003c4       0x4c .\CortexM3\ARM_GCC_541\Debug\Cm3Start.o
                0x000003c4                Start_c
 .text.initialize_psoc
                0x00000410       0x68 .\CortexM3\ARM_GCC_541\Debug\Cm3Start.o
                0x00000410                initialize_psoc
 .text.CyHalt   0x00000478        0x4 .\CortexM3\ARM_GCC_541\Debug\Termocupla.a(CyLib.o)
                0x00000478                CyHalt
 .text.CyDelay  0x0000047c       0x2c .\CortexM3\ARM_GCC_541\Debug\Termocupla.a(CyLib.o)
                0x0000047c                CyDelay
 .text.CyDelayUs
                0x000004a8       0x14 .\CortexM3\ARM_GCC_541\Debug\Termocupla.a(CyLib.o)
                0x000004a8                CyDelayUs
 .text.CyIntSetVector
                0x000004bc       0x28 .\CortexM3\ARM_GCC_541\Debug\Termocupla.a(CyLib.o)
                0x000004bc                CyIntSetVector
 .text.CyIntSetPriority
                0x000004e4       0x30 .\CortexM3\ARM_GCC_541\Debug\Termocupla.a(CyLib.o)
                0x000004e4                CyIntSetPriority
 .text.ADC_GainCompensation
                0x00000514       0xe0 .\CortexM3\ARM_GCC_541\Debug\Termocupla.a(ADC.o)
 .text.ADC_SetDSMRef0Reg
                0x000005f4       0x4c .\CortexM3\ARM_GCC_541\Debug\Termocupla.a(ADC.o)
 .text.ADC_InitConfig
                0x00000640      0x31c .\CortexM3\ARM_GCC_541\Debug\Termocupla.a(ADC.o)
 .text.ADC_Init
                0x0000095c      0x108 .\CortexM3\ARM_GCC_541\Debug\Termocupla.a(ADC.o)
                0x0000095c                ADC_Init
 .text.ADC_Enable
                0x00000a64       0xd8 .\CortexM3\ARM_GCC_541\Debug\Termocupla.a(ADC.o)
                0x00000a64                ADC_Enable
 .text.ADC_Start
                0x00000b3c       0x28 .\CortexM3\ARM_GCC_541\Debug\Termocupla.a(ADC.o)
                0x00000b3c                ADC_Start
 .text.ADC_StartConvert
                0x00000b64       0x10 .\CortexM3\ARM_GCC_541\Debug\Termocupla.a(ADC.o)
                0x00000b64                ADC_StartConvert
 .text.ADC_StopConvert
                0x00000b74       0x10 .\CortexM3\ARM_GCC_541\Debug\Termocupla.a(ADC.o)
                0x00000b74                ADC_StopConvert
 .text.ADC_IsEndConversion
                0x00000b84       0x30 .\CortexM3\ARM_GCC_541\Debug\Termocupla.a(ADC.o)
                0x00000b84                ADC_IsEndConversion
 .text.ADC_GetResult32
                0x00000bb4       0x6c .\CortexM3\ARM_GCC_541\Debug\Termocupla.a(ADC.o)
                0x00000bb4                ADC_GetResult32
 .text.ADC_ISR1
                0x00000c20        0x4 .\CortexM3\ARM_GCC_541\Debug\Termocupla.a(ADC_INT.o)
                0x00000c20                ADC_ISR1
 .text.ADC_ISR2
                0x00000c24        0x4 .\CortexM3\ARM_GCC_541\Debug\Termocupla.a(ADC_INT.o)
                0x00000c24                ADC_ISR2
 .text.ADC_ISR3
                0x00000c28        0x4 .\CortexM3\ARM_GCC_541\Debug\Termocupla.a(ADC_INT.o)
                0x00000c28                ADC_ISR3
 .text.ADC_ISR4
                0x00000c2c        0x4 .\CortexM3\ARM_GCC_541\Debug\Termocupla.a(ADC_INT.o)
                0x00000c2c                ADC_ISR4
 .text.LCD_WrCntrlNib
                0x00000c30       0x34 .\CortexM3\ARM_GCC_541\Debug\Termocupla.a(LCD.o)
 .text.LCD_WrDatNib
                0x00000c64       0x44 .\CortexM3\ARM_GCC_541\Debug\Termocupla.a(LCD.o)
 .text.LCD_IsReady
                0x00000ca8       0xe4 .\CortexM3\ARM_GCC_541\Debug\Termocupla.a(LCD.o)
                0x00000ca8                LCD_IsReady
 .text.LCD_WriteData
                0x00000d8c       0x18 .\CortexM3\ARM_GCC_541\Debug\Termocupla.a(LCD.o)
                0x00000d8c                LCD_WriteData
 .text.LCD_PrintString
                0x00000da4       0x1c .\CortexM3\ARM_GCC_541\Debug\Termocupla.a(LCD.o)
                0x00000da4                LCD_PrintString
 .text.LCD_WriteControl
                0x00000dc0       0x18 .\CortexM3\ARM_GCC_541\Debug\Termocupla.a(LCD.o)
                0x00000dc0                LCD_WriteControl
 .text.LCD_Init
                0x00000dd8       0x6c .\CortexM3\ARM_GCC_541\Debug\Termocupla.a(LCD.o)
                0x00000dd8                LCD_Init
 .text.LCD_Enable
                0x00000e44       0x14 .\CortexM3\ARM_GCC_541\Debug\Termocupla.a(LCD.o)
                0x00000e44                LCD_Enable
 .text.LCD_Start
                0x00000e58       0x1c .\CortexM3\ARM_GCC_541\Debug\Termocupla.a(LCD.o)
                0x00000e58                LCD_Start
 .text.LCD_Position
                0x00000e74       0x3c .\CortexM3\ARM_GCC_541\Debug\Termocupla.a(LCD.o)
                0x00000e74                LCD_Position
 .text.ADC_Ext_CP_Clk_GetDividerRegister
                0x00000eb0        0xc .\CortexM3\ARM_GCC_541\Debug\Termocupla.a(ADC_Ext_CP_Clk.o)
                0x00000eb0                ADC_Ext_CP_Clk_GetDividerRegister
 .text.ADC_Ext_CP_Clk_SetModeRegister
                0x00000ebc       0x14 .\CortexM3\ARM_GCC_541\Debug\Termocupla.a(ADC_Ext_CP_Clk.o)
                0x00000ebc                ADC_Ext_CP_Clk_SetModeRegister
 .text.ADC_Ext_CP_Clk_GetSourceRegister
                0x00000ed0       0x10 .\CortexM3\ARM_GCC_541\Debug\Termocupla.a(ADC_Ext_CP_Clk.o)
                0x00000ed0                ADC_Ext_CP_Clk_GetSourceRegister
 .text.ADC_Ext_CP_Clk_SetDividerRegister
                0x00000ee0       0xd8 .\CortexM3\ARM_GCC_541\Debug\Termocupla.a(ADC_Ext_CP_Clk.o)
                0x00000ee0                ADC_Ext_CP_Clk_SetDividerRegister
 .text.ADC_theACLK_GetDividerRegister
                0x00000fb8        0xc .\CortexM3\ARM_GCC_541\Debug\Termocupla.a(ADC_theACLK.o)
                0x00000fb8                ADC_theACLK_GetDividerRegister
 .text.ADC_theACLK_SetModeRegister
                0x00000fc4       0x14 .\CortexM3\ARM_GCC_541\Debug\Termocupla.a(ADC_theACLK.o)
                0x00000fc4                ADC_theACLK_SetModeRegister
 .text.ADC_theACLK_GetSourceRegister
                0x00000fd8       0x10 .\CortexM3\ARM_GCC_541\Debug\Termocupla.a(ADC_theACLK.o)
                0x00000fd8                ADC_theACLK_GetSourceRegister
 .text.ADC_theACLK_SetDividerRegister
                0x00000fe8       0xd8 .\CortexM3\ARM_GCC_541\Debug\Termocupla.a(ADC_theACLK.o)
                0x00000fe8                ADC_theACLK_SetDividerRegister
 .text.Termocupla_MultShift24
                0x000010c0       0x38 .\CortexM3\ARM_GCC_541\Debug\Termocupla.a(Termocupla.o)
                0x000010c0                Termocupla_MultShift24
 .text.Termocupla_GetTemperature
                0x000010f8       0xdc .\CortexM3\ARM_GCC_541\Debug\Termocupla.a(Termocupla.o)
                0x000010f8                Termocupla_GetTemperature
 .text.Termocupla_GetVoltage
                0x000011d4       0x54 .\CortexM3\ARM_GCC_541\Debug\Termocupla.a(Termocupla.o)
                0x000011d4                Termocupla_GetVoltage
 .text          0x00001228       0x20 .\CortexM3\ARM_GCC_541\Debug\Termocupla.a(CyBootAsmGnu.o)
                0x00001228                CyDelayCycles
                0x00001238                CyEnterCriticalSection
                0x00001240                CyExitCriticalSection
 .text.__errno  0x00001248        0xc c:/program files (x86)/cypress/psoc creator/4.4/psoc creator/import/gnu/arm/5.4.1/bin/../lib/gcc/arm-none-eabi/5.4.1/../../../../arm-none-eabi/lib/armv7-m\libg_nano.a(lib_a-errno.o)
                0x00001248                __errno
 .text.__libc_init_array
                0x00001254       0x4c c:/program files (x86)/cypress/psoc creator/4.4/psoc creator/import/gnu/arm/5.4.1/bin/../lib/gcc/arm-none-eabi/5.4.1/../../../../arm-none-eabi/lib/armv7-m\libg_nano.a(lib_a-init.o)
                0x00001254                __libc_init_array
 .text.memcpy   0x000012a0       0x16 c:/program files (x86)/cypress/psoc creator/4.4/psoc creator/import/gnu/arm/5.4.1/bin/../lib/gcc/arm-none-eabi/5.4.1/../../../../arm-none-eabi/lib/armv7-m\libg_nano.a(lib_a-memcpy-stub.o)
                0x000012a0                memcpy
 .text.memset   0x000012b6       0x10 c:/program files (x86)/cypress/psoc creator/4.4/psoc creator/import/gnu/arm/5.4.1/bin/../lib/gcc/arm-none-eabi/5.4.1/../../../../arm-none-eabi/lib/armv7-m\libg_nano.a(lib_a-memset.o)
                0x000012b6                memset
 *fill*         0x000012c6        0x2 
 .text.sprintf  0x000012c8       0x48 c:/program files (x86)/cypress/psoc creator/4.4/psoc creator/import/gnu/arm/5.4.1/bin/../lib/gcc/arm-none-eabi/5.4.1/../../../../arm-none-eabi/lib/armv7-m\libg_nano.a(lib_a-sprintf.o)
                0x000012c8                siprintf
                0x000012c8                sprintf
 .text.__ssputs_r
                0x00001310       0xb2 c:/program files (x86)/cypress/psoc creator/4.4/psoc creator/import/gnu/arm/5.4.1/bin/../lib/gcc/arm-none-eabi/5.4.1/../../../../arm-none-eabi/lib/armv7-m\libg_nano.a(lib_a-nano-svfprintf.o)
                0x00001310                __ssputs_r
 *fill*         0x000013c2        0x2 
 .text._svfprintf_r
                0x000013c4      0x1e8 c:/program files (x86)/cypress/psoc creator/4.4/psoc creator/import/gnu/arm/5.4.1/bin/../lib/gcc/arm-none-eabi/5.4.1/../../../../arm-none-eabi/lib/armv7-m\libg_nano.a(lib_a-nano-svfprintf.o)
                0x000013c4                _svfiprintf_r
                0x000013c4                _svfprintf_r
 .text._printf_common
                0x000015ac       0xec c:/program files (x86)/cypress/psoc creator/4.4/psoc creator/import/gnu/arm/5.4.1/bin/../lib/gcc/arm-none-eabi/5.4.1/../../../../arm-none-eabi/lib/armv7-m\libg_nano.a(lib_a-nano-vfprintf_i.o)
                0x000015ac                _printf_common
 .text._printf_i
                0x00001698      0x24c c:/program files (x86)/cypress/psoc creator/4.4/psoc creator/import/gnu/arm/5.4.1/bin/../lib/gcc/arm-none-eabi/5.4.1/../../../../arm-none-eabi/lib/armv7-m\libg_nano.a(lib_a-nano-vfprintf_i.o)
                0x00001698                _printf_i
 .text.memchr   0x000018e4       0x1c c:/program files (x86)/cypress/psoc creator/4.4/psoc creator/import/gnu/arm/5.4.1/bin/../lib/gcc/arm-none-eabi/5.4.1/../../../../arm-none-eabi/lib/armv7-m\libg_nano.a(lib_a-memchr-stub.o)
                0x000018e4                memchr
 .text.memmove  0x00001900       0x36 c:/program files (x86)/cypress/psoc creator/4.4/psoc creator/import/gnu/arm/5.4.1/bin/../lib/gcc/arm-none-eabi/5.4.1/../../../../arm-none-eabi/lib/armv7-m\libg_nano.a(lib_a-memmove.o)
                0x00001900                memmove
 *fill*         0x00001936        0x2 
 .text._free_r  0x00001938       0x98 c:/program files (x86)/cypress/psoc creator/4.4/psoc creator/import/gnu/arm/5.4.1/bin/../lib/gcc/arm-none-eabi/5.4.1/../../../../arm-none-eabi/lib/armv7-m\libg_nano.a(lib_a-nano-freer.o)
                0x00001938                _free_r
 .text._malloc_r
                0x000019d0       0xbc c:/program files (x86)/cypress/psoc creator/4.4/psoc creator/import/gnu/arm/5.4.1/bin/../lib/gcc/arm-none-eabi/5.4.1/../../../../arm-none-eabi/lib/armv7-m\libg_nano.a(lib_a-nano-mallocr.o)
                0x000019d0                _malloc_r
 .text._realloc_r
                0x00001a8c       0x4c c:/program files (x86)/cypress/psoc creator/4.4/psoc creator/import/gnu/arm/5.4.1/bin/../lib/gcc/arm-none-eabi/5.4.1/../../../../arm-none-eabi/lib/armv7-m\libg_nano.a(lib_a-nano-reallocr.o)
                0x00001a8c                _realloc_r
 .text._sbrk_r  0x00001ad8       0x20 c:/program files (x86)/cypress/psoc creator/4.4/psoc creator/import/gnu/arm/5.4.1/bin/../lib/gcc/arm-none-eabi/5.4.1/../../../../arm-none-eabi/lib/armv7-m\libg_nano.a(lib_a-sbrkr.o)
                0x00001ad8                _sbrk_r
 .text.__malloc_lock
                0x00001af8        0x2 c:/program files (x86)/cypress/psoc creator/4.4/psoc creator/import/gnu/arm/5.4.1/bin/../lib/gcc/arm-none-eabi/5.4.1/../../../../arm-none-eabi/lib/armv7-m\libg_nano.a(lib_a-mlock.o)
                0x00001af8                __malloc_lock
 .text.__malloc_unlock
                0x00001afa        0x2 c:/program files (x86)/cypress/psoc creator/4.4/psoc creator/import/gnu/arm/5.4.1/bin/../lib/gcc/arm-none-eabi/5.4.1/../../../../arm-none-eabi/lib/armv7-m\libg_nano.a(lib_a-mlock.o)
                0x00001afa                __malloc_unlock
 .text._malloc_usable_size_r
                0x00001afc       0x14 c:/program files (x86)/cypress/psoc creator/4.4/psoc creator/import/gnu/arm/5.4.1/bin/../lib/gcc/arm-none-eabi/5.4.1/../../../../arm-none-eabi/lib/armv7-m\libg_nano.a(lib_a-nano-msizer.o)
                0x00001afc                _malloc_usable_size_r
 *(.plt)
 *(.gnu.warning)
 *(.glue_7t)
 .glue_7t       0x00001b10        0x0 linker stubs
 *(.glue_7)
 .glue_7        0x00001b10        0x0 linker stubs
 *(.vfp11_veneer)
 .vfp11_veneer  0x00001b10        0x0 linker stubs
 *(.bootloader)
 *(.ARM.extab* .gnu.linkonce.armextab.*)
 *(.gcc_except_table)

.v4_bx          0x00001b10        0x0
 .v4_bx         0x00001b10        0x0 linker stubs

.iplt           0x00001b10        0x0
 .iplt          0x00001b10        0x0 c:/program files (x86)/cypress/psoc creator/4.4/psoc creator/import/gnu/arm/5.4.1/bin/../lib/gcc/arm-none-eabi/5.4.1/armv7-m/crtbegin.o

.eh_frame_hdr
 *(.eh_frame_hdr)

.eh_frame       0x00001b10        0x4
 *(.eh_frame)
 .eh_frame      0x00001b10        0x0 c:/program files (x86)/cypress/psoc creator/4.4/psoc creator/import/gnu/arm/5.4.1/bin/../lib/gcc/arm-none-eabi/5.4.1/armv7-m/crtbegin.o
 .eh_frame      0x00001b10        0x4 c:/program files (x86)/cypress/psoc creator/4.4/psoc creator/import/gnu/arm/5.4.1/bin/../lib/gcc/arm-none-eabi/5.4.1/armv7-m/crtend.o
                [!provide]                PROVIDE (__exidx_start, .)

.ARM.exidx
 *(.ARM.exidx* .gnu.linkonce.armexidx.*)
                0x00001b14                __exidx_end = .

.rodata         0x00001b14      0x174
 *(.rodata .rodata.* .gnu.linkonce.r.*)
 .rodata.str1.4
                0x00001b14       0x38 .\CortexM3\ARM_GCC_541\Debug\main.o
 .rodata        0x00001b4c       0x30 .\CortexM3\ARM_GCC_541\Debug\cyfitter_cfg.o
 .rodata        0x00001b7c       0x9c .\CortexM3\ARM_GCC_541\Debug\Termocupla.a(Termocupla.o)
 .rodata.str1.1
                0x00001c18        0x2 c:/program files (x86)/cypress/psoc creator/4.4/psoc creator/import/gnu/arm/5.4.1/bin/../lib/gcc/arm-none-eabi/5.4.1/../../../../arm-none-eabi/lib/armv7-m\libg_nano.a(lib_a-impure.o)
 .rodata.str1.1
                0x00001c1a       0x11 c:/program files (x86)/cypress/psoc creator/4.4/psoc creator/import/gnu/arm/5.4.1/bin/../lib/gcc/arm-none-eabi/5.4.1/../../../../arm-none-eabi/lib/armv7-m\libg_nano.a(lib_a-nano-svfprintf.o)
 .rodata.str1.1
                0x00001c2b       0x22 c:/program files (x86)/cypress/psoc creator/4.4/psoc creator/import/gnu/arm/5.4.1/bin/../lib/gcc/arm-none-eabi/5.4.1/../../../../arm-none-eabi/lib/armv7-m\libg_nano.a(lib_a-nano-vfprintf_i.o)
                0x00001c50                . = ALIGN (0x4)
 *fill*         0x00001c4d        0x3 
 *(.init)
 .init          0x00001c50        0x4 c:/program files (x86)/cypress/psoc creator/4.4/psoc creator/import/gnu/arm/5.4.1/bin/../lib/gcc/arm-none-eabi/5.4.1/armv7-m/crti.o
                0x00001c50                _init
 .init          0x00001c54        0x8 c:/program files (x86)/cypress/psoc creator/4.4/psoc creator/import/gnu/arm/5.4.1/bin/../lib/gcc/arm-none-eabi/5.4.1/armv7-m/crtn.o
                0x00001c5c                . = ALIGN (0x4)
                0x00001c5c                __preinit_array_start = .
 *(.preinit_array)
                0x00001c5c                __preinit_array_end = .
                0x00001c5c                . = ALIGN (0x4)
                0x00001c5c                __init_array_start = .
 *(SORT(.init_array.*))
 *(.init_array)
 .init_array    0x00001c5c        0x4 c:/program files (x86)/cypress/psoc creator/4.4/psoc creator/import/gnu/arm/5.4.1/bin/../lib/gcc/arm-none-eabi/5.4.1/armv7-m/crtbegin.o
 .init_array    0x00001c60        0x4 .\CortexM3\ARM_GCC_541\Debug\Cm3Start.o
                0x00001c64                __init_array_end = .
                0x00001c64                . = ALIGN (0x4)
 *(.fini)
 .fini          0x00001c64        0x4 c:/program files (x86)/cypress/psoc creator/4.4/psoc creator/import/gnu/arm/5.4.1/bin/../lib/gcc/arm-none-eabi/5.4.1/armv7-m/crti.o
                0x00001c64                _fini
 .fini          0x00001c68        0x8 c:/program files (x86)/cypress/psoc creator/4.4/psoc creator/import/gnu/arm/5.4.1/bin/../lib/gcc/arm-none-eabi/5.4.1/armv7-m/crtn.o
                0x00001c70                . = ALIGN (0x4)
                0x00001c70                __fini_array_start = .
 *(.fini_array)
 .fini_array    0x00001c70        0x4 c:/program files (x86)/cypress/psoc creator/4.4/psoc creator/import/gnu/arm/5.4.1/bin/../lib/gcc/arm-none-eabi/5.4.1/armv7-m/crtbegin.o
 *(SORT(.fini_array.*))
                0x00001c74                __fini_array_end = .
                0x00001c74                . = ALIGN (0x4)
 *crtbegin.o(.ctors)
 *(EXCLUDE_FILE(*crtend.o) .ctors)
 *(SORT(.ctors.*))
 *crtend.o(.ctors)
                0x00001c74                . = ALIGN (0x4)
 *crtbegin.o(.dtors)
 *(EXCLUDE_FILE(*crtend.o) .dtors)
 *(SORT(.dtors.*))
 *crtend.o(.dtors)
                0x00001c74                . = ALIGN (0x4)
                0x00001c74                __cy_regions = .
                0x00001c74        0x4 LONG 0x1c88 __cy_region_init_ram
                0x00001c78        0x4 LONG 0x1fff80c8 __cy_region_start_data
                0x00001c7c        0x4 LONG 0x80 __cy_region_init_size_ram
                0x00001c80        0x4 LONG 0x58 __cy_region_zero_size_ram
                0x00001c84                __cy_regions_end = .
                0x00001c88                . = ALIGN (0x8)
 *fill*         0x00001c84        0x4 
                0x00001c88                _etext = .

.cy_checksum_exclude
                0x00001c88        0x0
 *(.cy_checksum_exclude)

.ramvectors     0x1fff8000       0xc0
                0x1fff8000                __cy_region_start_ram = .
 *(.ramvectors)
 .ramvectors    0x1fff8000       0xc0 .\CortexM3\ARM_GCC_541\Debug\Cm3Start.o
                0x1fff8000                CyRamVectors

.noinit         0x1fff80c0        0x1
 *(.noinit)
 .noinit        0x1fff80c0        0x1 .\CortexM3\ARM_GCC_541\Debug\Termocupla.a(CyLib.o)
                0x1fff80c0                CyResetStatus

.data           0x1fff80c8       0x80 load address 0x00001c88
                0x1fff80c8                __cy_region_start_data = .
 *(.jcr)
 .jcr           0x1fff80c8        0x0 c:/program files (x86)/cypress/psoc creator/4.4/psoc creator/import/gnu/arm/5.4.1/bin/../lib/gcc/arm-none-eabi/5.4.1/armv7-m/crtbegin.o
 .jcr           0x1fff80c8        0x4 c:/program files (x86)/cypress/psoc creator/4.4/psoc creator/import/gnu/arm/5.4.1/bin/../lib/gcc/arm-none-eabi/5.4.1/armv7-m/crtend.o
 *(.got.plt)
 *(.got)
 *(.shdata)
 *(.data .data.* .gnu.linkonce.d.*)
 .data          0x1fff80cc        0x4 .\CortexM3\ARM_GCC_541\Debug\Cm3Start.o
 .data          0x1fff80d0       0x10 .\CortexM3\ARM_GCC_541\Debug\Termocupla.a(CyLib.o)
                0x1fff80d0                cydelay_32k_ms
                0x1fff80d4                cydelay_freq_khz
                0x1fff80d8                cydelay_freq_mhz
                0x1fff80dc                cydelay_freq_hz
 .data          0x1fff80e0        0x1 .\CortexM3\ARM_GCC_541\Debug\Termocupla.a(ADC.o)
                0x1fff80e0                ADC_Config
 *fill*         0x1fff80e1        0x3 
 .data.impure_data
                0x1fff80e4       0x60 c:/program files (x86)/cypress/psoc creator/4.4/psoc creator/import/gnu/arm/5.4.1/bin/../lib/gcc/arm-none-eabi/5.4.1/../../../../arm-none-eabi/lib/armv7-m\libg_nano.a(lib_a-impure.o)
 .data._impure_ptr
                0x1fff8144        0x4 c:/program files (x86)/cypress/psoc creator/4.4/psoc creator/import/gnu/arm/5.4.1/bin/../lib/gcc/arm-none-eabi/5.4.1/../../../../arm-none-eabi/lib/armv7-m\libg_nano.a(lib_a-impure.o)
                0x1fff8144                _impure_ptr
                0x1fff8148                . = ALIGN (0x8)
 *(.ram)
                0x1fff8148                _edata = .

.igot.plt       0x1fff8148        0x0 load address 0x00001d08
 .igot.plt      0x1fff8148        0x0 c:/program files (x86)/cypress/psoc creator/4.4/psoc creator/import/gnu/arm/5.4.1/bin/../lib/gcc/arm-none-eabi/5.4.1/armv7-m/crtbegin.o

.bss            0x1fff8148       0x58 load address 0x00001d08
                0x1fff8148                PROVIDE (__bss_start__, .)
 *(.shbss)
 *(.bss .bss.* .gnu.linkonce.b.*)
 .bss           0x1fff8148       0x1c c:/program files (x86)/cypress/psoc creator/4.4/psoc creator/import/gnu/arm/5.4.1/bin/../lib/gcc/arm-none-eabi/5.4.1/armv7-m/crtbegin.o
 .bss           0x1fff8164        0xc .\CortexM3\ARM_GCC_541\Debug\main.o
                0x1fff8164                palabra
 .bss           0x1fff8170       0x18 .\CortexM3\ARM_GCC_541\Debug\Termocupla.a(ADC.o)
                0x1fff8180                ADC_stopConversion
                0x1fff8181                ADC_convDone
                0x1fff8182                ADC_initVar
                0x1fff8183                ADC_started
                0x1fff8184                ADC_Offset
 .bss           0x1fff8188        0x2 .\CortexM3\ARM_GCC_541\Debug\Termocupla.a(LCD.o)
                0x1fff8188                LCD_enableState
                0x1fff8189                LCD_initVar
 *fill*         0x1fff818a        0x2 
 .bss.__malloc_sbrk_start
                0x1fff818c        0x4 c:/program files (x86)/cypress/psoc creator/4.4/psoc creator/import/gnu/arm/5.4.1/bin/../lib/gcc/arm-none-eabi/5.4.1/../../../../arm-none-eabi/lib/armv7-m\libg_nano.a(lib_a-nano-mallocr.o)
                0x1fff818c                __malloc_sbrk_start
 .bss.__malloc_free_list
                0x1fff8190        0x4 c:/program files (x86)/cypress/psoc creator/4.4/psoc creator/import/gnu/arm/5.4.1/bin/../lib/gcc/arm-none-eabi/5.4.1/../../../../arm-none-eabi/lib/armv7-m\libg_nano.a(lib_a-nano-mallocr.o)
                0x1fff8190                __malloc_free_list
 *(COMMON)
 COMMON         0x1fff8194        0x4 .\CortexM3\ARM_GCC_541\Debug\Termocupla.a(ADC.o)
                0x1fff8194                ADC_CountsPerVolt
 COMMON         0x1fff8198        0x4 c:/program files (x86)/cypress/psoc creator/4.4/psoc creator/import/gnu/arm/5.4.1/bin/../lib/gcc/arm-none-eabi/5.4.1/../../../../arm-none-eabi/lib/armv7-m\libg_nano.a(lib_a-reent.o)
                0x1fff8198                errno
                0x1fff81a0                . = ALIGN (0x8)
 *fill*         0x1fff819c        0x4 
 *(.ram.b)
                0x1fff81a0                _end = .
                0x1fff81a0                __end = .
                0x1fff81a0                PROVIDE (end, .)
                0x1fff81a0                PROVIDE (__bss_end__, .)
                0x00001c88                __cy_region_init_ram = LOADADDR (.data)
                0x00000080                __cy_region_init_size_ram = (_edata - ADDR (.data))
                0x00000058                __cy_region_zero_size_ram = (_end - _edata)

.heap           0x1fff81a0       0x80 load address 0x00001d08
                0x1fff81a0                . = _end
                0x1fff8220                . = (. + 0x80)
 *fill*         0x1fff81a0       0x80 
                0x1fff8220                __cy_heap_limit = .

.stack          0x20007800      0x800
                0x20007800                __cy_stack_limit = .
                0x20008000                . = (. + 0x800)
 *fill*         0x20007800      0x800 
                0x00000001                ASSERT ((__cy_stack_limit >= __cy_heap_limit), region RAM overflowed with stack)
                0x00000000                cy_checksum_exclude_size = (CY_APPL_LOADABLE == 0x1)?SIZEOF (.cy_checksum_exclude):0x0
                0x00000001                ASSERT ((cy_checksum_exclude_size <= CY_CHECKSUM_EXCLUDE_SIZE), CY_BOOT: Section .cy_checksum_exclude size exceedes specified limit.)

.cyloadermeta
 *(.cyloadermeta)

.cyloadablemeta
 *(.cyloadablemeta)

.cyconfigecc    0x80000000       0x80
 *(.cyconfigecc)
 .cyconfigecc   0x80000000       0x80 .\CortexM3\ARM_GCC_541\Debug\cymetadata.o
                0x80000000                cy_meta_configecc

.cycustnvl      0x90000000        0x4
 *(.cycustnvl)
 .cycustnvl     0x90000000        0x4 .\CortexM3\ARM_GCC_541\Debug\cymetadata.o
                0x90000000                cy_meta_custnvl

.cywolatch      0x90100000        0x4
 *(.cywolatch)
 .cywolatch     0x90100000        0x4 .\CortexM3\ARM_GCC_541\Debug\cymetadata.o
                0x90100000                cy_meta_wonvl

.cyeeprom       0x90200000        0x0
 *(.cyeeprom)
                0x00000001                ASSERT ((. <= ((0x90200000 + ee_offset) + ee_size)), .cyeeprom data will not fit in EEPROM)

.cyflashprotect
                0x90400000      0x100
 *(.cyflashprotect)
 .cyflashprotect
                0x90400000      0x100 .\CortexM3\ARM_GCC_541\Debug\cymetadata.o
                0x90400000                cy_meta_flashprotect

.cymeta         0x90500000        0xc
 *(.cymeta)
 .cymeta        0x90500000        0xc .\CortexM3\ARM_GCC_541\Debug\cymetadata.o
                0x90500000                cy_metadata

.rel.dyn        0x00001d08        0x0 load address 0x9050000c
 .rel.iplt      0x00001d08        0x0 c:/program files (x86)/cypress/psoc creator/4.4/psoc creator/import/gnu/arm/5.4.1/bin/../lib/gcc/arm-none-eabi/5.4.1/armv7-m/crtbegin.o

.stab
 *(.stab)

.stabstr
 *(.stabstr)

.debug
 *(.debug)

.line
 *(.line)

.debug_srcinfo
 *(.debug_srcinfo)

.debug_sfnames
 *(.debug_sfnames)

.debug_aranges  0x00000000      0x810
 *(.debug_aranges)
 .debug_aranges
                0x00000000       0x20 .\CortexM3\ARM_GCC_541\Debug\main.o
 .debug_aranges
                0x00000020       0x58 .\CortexM3\ARM_GCC_541\Debug\cyfitter_cfg.o
 .debug_aranges
                0x00000078       0x18 .\CortexM3\ARM_GCC_541\Debug\cymetadata.o
 .debug_aranges
                0x00000090       0x48 .\CortexM3\ARM_GCC_541\Debug\Cm3Start.o
 .debug_aranges
                0x000000d8      0x2a0 .\CortexM3\ARM_GCC_541\Debug\Termocupla.a(CyLib.o)
 .debug_aranges
                0x00000378       0x98 .\CortexM3\ARM_GCC_541\Debug\Termocupla.a(cyPm.o)
 .debug_aranges
                0x00000410       0xe8 .\CortexM3\ARM_GCC_541\Debug\Termocupla.a(ADC.o)
 .debug_aranges
                0x000004f8       0x38 .\CortexM3\ARM_GCC_541\Debug\Termocupla.a(ADC_INT.o)
 .debug_aranges
                0x00000530       0x98 .\CortexM3\ARM_GCC_541\Debug\Termocupla.a(LCD.o)
 .debug_aranges
                0x000005c8       0x70 .\CortexM3\ARM_GCC_541\Debug\Termocupla.a(ADC_Ext_CP_Clk.o)
 .debug_aranges
                0x00000638       0x80 .\CortexM3\ARM_GCC_541\Debug\Termocupla.a(ADC_theACLK.o)
 .debug_aranges
                0x000006b8       0x30 .\CortexM3\ARM_GCC_541\Debug\Termocupla.a(Termocupla.o)
 .debug_aranges
                0x000006e8       0x20 .\CortexM3\ARM_GCC_541\Debug\Termocupla.a(CyBootAsmGnu.o)
 .debug_aranges
                0x00000708       0x88 .\CortexM3\ARM_GCC_541\Debug\Termocupla.a(CyFlash.o)
 .debug_aranges
                0x00000790       0x80 .\CortexM3\ARM_GCC_541\Debug\Termocupla.a(CySpc.o)

.debug_pubnames
 *(.debug_pubnames)

.debug_info     0x00000000     0x5245
 *(.debug_info .gnu.linkonce.wi.*)
 .debug_info    0x00000000      0x2f2 .\CortexM3\ARM_GCC_541\Debug\main.o
 .debug_info    0x000002f2      0x4ee .\CortexM3\ARM_GCC_541\Debug\cyfitter_cfg.o
 .debug_info    0x000007e0      0x134 .\CortexM3\ARM_GCC_541\Debug\cymetadata.o
 .debug_info    0x00000914      0x3bb .\CortexM3\ARM_GCC_541\Debug\Cm3Start.o
 .debug_info    0x00000ccf     0x1374 .\CortexM3\ARM_GCC_541\Debug\Termocupla.a(CyLib.o)
 .debug_info    0x00002043      0xa2a .\CortexM3\ARM_GCC_541\Debug\Termocupla.a(cyPm.o)
 .debug_info    0x00002a6d      0xb98 .\CortexM3\ARM_GCC_541\Debug\Termocupla.a(ADC.o)
 .debug_info    0x00003605       0xd3 .\CortexM3\ARM_GCC_541\Debug\Termocupla.a(ADC_INT.o)
 .debug_info    0x000036d8      0x715 .\CortexM3\ARM_GCC_541\Debug\Termocupla.a(LCD.o)
 .debug_info    0x00003ded      0x283 .\CortexM3\ARM_GCC_541\Debug\Termocupla.a(ADC_Ext_CP_Clk.o)
 .debug_info    0x00004070      0x2c4 .\CortexM3\ARM_GCC_541\Debug\Termocupla.a(ADC_theACLK.o)
 .debug_info    0x00004334      0x2d0 .\CortexM3\ARM_GCC_541\Debug\Termocupla.a(Termocupla.o)
 .debug_info    0x00004604       0xa4 .\CortexM3\ARM_GCC_541\Debug\Termocupla.a(CyBootAsmGnu.o)
 .debug_info    0x000046a8      0x64d .\CortexM3\ARM_GCC_541\Debug\Termocupla.a(CyFlash.o)
 .debug_info    0x00004cf5      0x550 .\CortexM3\ARM_GCC_541\Debug\Termocupla.a(CySpc.o)

.debug_abbrev   0x00000000     0x13c3
 *(.debug_abbrev)
 .debug_abbrev  0x00000000      0x116 .\CortexM3\ARM_GCC_541\Debug\main.o
 .debug_abbrev  0x00000116      0x1fe .\CortexM3\ARM_GCC_541\Debug\cyfitter_cfg.o
 .debug_abbrev  0x00000314       0x5d .\CortexM3\ARM_GCC_541\Debug\cymetadata.o
 .debug_abbrev  0x00000371      0x1e8 .\CortexM3\ARM_GCC_541\Debug\Cm3Start.o
 .debug_abbrev  0x00000559      0x254 .\CortexM3\ARM_GCC_541\Debug\Termocupla.a(CyLib.o)
 .debug_abbrev  0x000007ad      0x1ab .\CortexM3\ARM_GCC_541\Debug\Termocupla.a(cyPm.o)
 .debug_abbrev  0x00000958      0x1cd .\CortexM3\ARM_GCC_541\Debug\Termocupla.a(ADC.o)
 .debug_abbrev  0x00000b25       0x42 .\CortexM3\ARM_GCC_541\Debug\Termocupla.a(ADC_INT.o)
 .debug_abbrev  0x00000b67      0x157 .\CortexM3\ARM_GCC_541\Debug\Termocupla.a(LCD.o)
 .debug_abbrev  0x00000cbe      0x139 .\CortexM3\ARM_GCC_541\Debug\Termocupla.a(ADC_Ext_CP_Clk.o)
 .debug_abbrev  0x00000df7      0x121 .\CortexM3\ARM_GCC_541\Debug\Termocupla.a(ADC_theACLK.o)
 .debug_abbrev  0x00000f18      0x15c .\CortexM3\ARM_GCC_541\Debug\Termocupla.a(Termocupla.o)
 .debug_abbrev  0x00001074       0x14 .\CortexM3\ARM_GCC_541\Debug\Termocupla.a(CyBootAsmGnu.o)
 .debug_abbrev  0x00001088      0x1a7 .\CortexM3\ARM_GCC_541\Debug\Termocupla.a(CyFlash.o)
 .debug_abbrev  0x0000122f      0x194 .\CortexM3\ARM_GCC_541\Debug\Termocupla.a(CySpc.o)

.debug_line     0x00000000     0x2217
 *(.debug_line)
 .debug_line    0x00000000      0x21a .\CortexM3\ARM_GCC_541\Debug\main.o
 .debug_line    0x0000021a      0x1df .\CortexM3\ARM_GCC_541\Debug\cyfitter_cfg.o
 .debug_line    0x000003f9      0x141 .\CortexM3\ARM_GCC_541\Debug\cymetadata.o
 .debug_line    0x0000053a      0x234 .\CortexM3\ARM_GCC_541\Debug\Cm3Start.o
 .debug_line    0x0000076e      0x816 .\CortexM3\ARM_GCC_541\Debug\Termocupla.a(CyLib.o)
 .debug_line    0x00000f84      0x367 .\CortexM3\ARM_GCC_541\Debug\Termocupla.a(cyPm.o)
 .debug_line    0x000012eb      0x3bc .\CortexM3\ARM_GCC_541\Debug\Termocupla.a(ADC.o)
 .debug_line    0x000016a7       0x80 .\CortexM3\ARM_GCC_541\Debug\Termocupla.a(ADC_INT.o)
 .debug_line    0x00001727      0x1dc .\CortexM3\ARM_GCC_541\Debug\Termocupla.a(LCD.o)
 .debug_line    0x00001903      0x17d .\CortexM3\ARM_GCC_541\Debug\Termocupla.a(ADC_Ext_CP_Clk.o)
 .debug_line    0x00001a80      0x19d .\CortexM3\ARM_GCC_541\Debug\Termocupla.a(ADC_theACLK.o)
 .debug_line    0x00001c1d      0x11a .\CortexM3\ARM_GCC_541\Debug\Termocupla.a(Termocupla.o)
 .debug_line    0x00001d37       0x66 .\CortexM3\ARM_GCC_541\Debug\Termocupla.a(CyBootAsmGnu.o)
 .debug_line    0x00001d9d      0x21a .\CortexM3\ARM_GCC_541\Debug\Termocupla.a(CyFlash.o)
 .debug_line    0x00001fb7      0x260 .\CortexM3\ARM_GCC_541\Debug\Termocupla.a(CySpc.o)

.debug_frame    0x00000000     0x1918
 *(.debug_frame)
 .debug_frame   0x00000000       0x30 .\CortexM3\ARM_GCC_541\Debug\main.o
 .debug_frame   0x00000030       0xe4 .\CortexM3\ARM_GCC_541\Debug\cyfitter_cfg.o
 .debug_frame   0x00000114       0xb8 .\CortexM3\ARM_GCC_541\Debug\Cm3Start.o
 .debug_frame   0x000001cc      0x738 .\CortexM3\ARM_GCC_541\Debug\Termocupla.a(CyLib.o)
 .debug_frame   0x00000904      0x1f8 .\CortexM3\ARM_GCC_541\Debug\Termocupla.a(cyPm.o)
 .debug_frame   0x00000afc      0x290 .\CortexM3\ARM_GCC_541\Debug\Termocupla.a(ADC.o)
 .debug_frame   0x00000d8c       0x50 .\CortexM3\ARM_GCC_541\Debug\Termocupla.a(ADC_INT.o)
 .debug_frame   0x00000ddc      0x1e8 .\CortexM3\ARM_GCC_541\Debug\Termocupla.a(LCD.o)
 .debug_frame   0x00000fc4       0xe0 .\CortexM3\ARM_GCC_541\Debug\Termocupla.a(ADC_Ext_CP_Clk.o)
 .debug_frame   0x000010a4      0x100 .\CortexM3\ARM_GCC_541\Debug\Termocupla.a(ADC_theACLK.o)
 .debug_frame   0x000011a4       0x7c .\CortexM3\ARM_GCC_541\Debug\Termocupla.a(Termocupla.o)
 .debug_frame   0x00001220      0x194 .\CortexM3\ARM_GCC_541\Debug\Termocupla.a(CyFlash.o)
 .debug_frame   0x000013b4      0x180 .\CortexM3\ARM_GCC_541\Debug\Termocupla.a(CySpc.o)
 .debug_frame   0x00001534       0x20 c:/program files (x86)/cypress/psoc creator/4.4/psoc creator/import/gnu/arm/5.4.1/bin/../lib/gcc/arm-none-eabi/5.4.1/../../../../arm-none-eabi/lib/armv7-m\libg_nano.a(lib_a-errno.o)
 .debug_frame   0x00001554       0x28 c:/program files (x86)/cypress/psoc creator/4.4/psoc creator/import/gnu/arm/5.4.1/bin/../lib/gcc/arm-none-eabi/5.4.1/../../../../arm-none-eabi/lib/armv7-m\libg_nano.a(lib_a-exit.o)
 .debug_frame   0x0000157c       0x2c c:/program files (x86)/cypress/psoc creator/4.4/psoc creator/import/gnu/arm/5.4.1/bin/../lib/gcc/arm-none-eabi/5.4.1/../../../../arm-none-eabi/lib/armv7-m\libg_nano.a(lib_a-init.o)
 .debug_frame   0x000015a8       0x28 c:/program files (x86)/cypress/psoc creator/4.4/psoc creator/import/gnu/arm/5.4.1/bin/../lib/gcc/arm-none-eabi/5.4.1/../../../../arm-none-eabi/lib/armv7-m\libg_nano.a(lib_a-memcpy-stub.o)
 .debug_frame   0x000015d0       0x20 c:/program files (x86)/cypress/psoc creator/4.4/psoc creator/import/gnu/arm/5.4.1/bin/../lib/gcc/arm-none-eabi/5.4.1/../../../../arm-none-eabi/lib/armv7-m\libg_nano.a(lib_a-memset.o)
 .debug_frame   0x000015f0       0x70 c:/program files (x86)/cypress/psoc creator/4.4/psoc creator/import/gnu/arm/5.4.1/bin/../lib/gcc/arm-none-eabi/5.4.1/../../../../arm-none-eabi/lib/armv7-m\libg_nano.a(lib_a-sprintf.o)
 .debug_frame   0x00001660       0x90 c:/program files (x86)/cypress/psoc creator/4.4/psoc creator/import/gnu/arm/5.4.1/bin/../lib/gcc/arm-none-eabi/5.4.1/../../../../arm-none-eabi/lib/armv7-m\libg_nano.a(lib_a-nano-svfprintf.o)
 .debug_frame   0x000016f0       0x60 c:/program files (x86)/cypress/psoc creator/4.4/psoc creator/import/gnu/arm/5.4.1/bin/../lib/gcc/arm-none-eabi/5.4.1/../../../../arm-none-eabi/lib/armv7-m\libg_nano.a(lib_a-nano-vfprintf_i.o)
 .debug_frame   0x00001750       0x28 c:/program files (x86)/cypress/psoc creator/4.4/psoc creator/import/gnu/arm/5.4.1/bin/../lib/gcc/arm-none-eabi/5.4.1/../../../../arm-none-eabi/lib/armv7-m\libg_nano.a(lib_a-memchr-stub.o)
 .debug_frame   0x00001778       0x28 c:/program files (x86)/cypress/psoc creator/4.4/psoc creator/import/gnu/arm/5.4.1/bin/../lib/gcc/arm-none-eabi/5.4.1/../../../../arm-none-eabi/lib/armv7-m\libg_nano.a(lib_a-memmove.o)
 .debug_frame   0x000017a0       0x38 c:/program files (x86)/cypress/psoc creator/4.4/psoc creator/import/gnu/arm/5.4.1/bin/../lib/gcc/arm-none-eabi/5.4.1/../../../../arm-none-eabi/lib/armv7-m\libg_nano.a(lib_a-nano-freer.o)
 .debug_frame   0x000017d8       0x2c c:/program files (x86)/cypress/psoc creator/4.4/psoc creator/import/gnu/arm/5.4.1/bin/../lib/gcc/arm-none-eabi/5.4.1/../../../../arm-none-eabi/lib/armv7-m\libg_nano.a(lib_a-nano-mallocr.o)
 .debug_frame   0x00001804       0x3c c:/program files (x86)/cypress/psoc creator/4.4/psoc creator/import/gnu/arm/5.4.1/bin/../lib/gcc/arm-none-eabi/5.4.1/../../../../arm-none-eabi/lib/armv7-m\libg_nano.a(lib_a-nano-reallocr.o)
 .debug_frame   0x00001840       0x2c c:/program files (x86)/cypress/psoc creator/4.4/psoc creator/import/gnu/arm/5.4.1/bin/../lib/gcc/arm-none-eabi/5.4.1/../../../../arm-none-eabi/lib/armv7-m\libg_nano.a(lib_a-sbrkr.o)
 .debug_frame   0x0000186c       0x30 c:/program files (x86)/cypress/psoc creator/4.4/psoc creator/import/gnu/arm/5.4.1/bin/../lib/gcc/arm-none-eabi/5.4.1/../../../../arm-none-eabi/lib/armv7-m\libg_nano.a(lib_a-mlock.o)
 .debug_frame   0x0000189c       0x20 c:/program files (x86)/cypress/psoc creator/4.4/psoc creator/import/gnu/arm/5.4.1/bin/../lib/gcc/arm-none-eabi/5.4.1/../../../../arm-none-eabi/lib/armv7-m\libg_nano.a(lib_a-nano-msizer.o)
 .debug_frame   0x000018bc       0x5c c:/program files (x86)/cypress/psoc creator/4.4/psoc creator/import/gnu/arm/5.4.1/bin/../lib/gcc/arm-none-eabi/5.4.1/../../../../arm-none-eabi/lib/armv7-m\libg_nano.a(lib_a-reent.o)

.debug_str      0x00000000     0x1bf2
 *(.debug_str)
 .debug_str     0x00000000      0x266 .\CortexM3\ARM_GCC_541\Debug\main.o
                                0x2b4 (size before relaxing)
 .debug_str     0x00000266      0x187 .\CortexM3\ARM_GCC_541\Debug\cyfitter_cfg.o
                                0x323 (size before relaxing)
 .debug_str     0x000003ed       0x7f .\CortexM3\ARM_GCC_541\Debug\cymetadata.o
                                0x1f8 (size before relaxing)
 .debug_str     0x0000046c      0x144 .\CortexM3\ARM_GCC_541\Debug\Cm3Start.o
                                0x31e (size before relaxing)
 .debug_str     0x000005b0      0x84c .\CortexM3\ARM_GCC_541\Debug\Termocupla.a(CyLib.o)
                                0xa5b (size before relaxing)
 .debug_str     0x00000dfc      0x365 .\CortexM3\ARM_GCC_541\Debug\Termocupla.a(cyPm.o)
                                0x747 (size before relaxing)
 .debug_str     0x00001161      0x327 .\CortexM3\ARM_GCC_541\Debug\Termocupla.a(ADC.o)
                                0x5cd (size before relaxing)
 .debug_str     0x00001488       0x45 .\CortexM3\ARM_GCC_541\Debug\Termocupla.a(ADC_INT.o)
                                0x1d4 (size before relaxing)
 .debug_str     0x000014cd      0x141 .\CortexM3\ARM_GCC_541\Debug\Termocupla.a(LCD.o)
                                0x33f (size before relaxing)
 .debug_str     0x0000160e      0x16d .\CortexM3\ARM_GCC_541\Debug\Termocupla.a(ADC_Ext_CP_Clk.o)
                                0x356 (size before relaxing)
 .debug_str     0x0000177b      0x14f .\CortexM3\ARM_GCC_541\Debug\Termocupla.a(ADC_theACLK.o)
                                0x375 (size before relaxing)
 .debug_str     0x000018ca       0xc1 .\CortexM3\ARM_GCC_541\Debug\Termocupla.a(Termocupla.o)
                                0x2ac (size before relaxing)
 .debug_str     0x0000198b      0x1bb .\CortexM3\ARM_GCC_541\Debug\Termocupla.a(CyFlash.o)
                                0x3d4 (size before relaxing)
 .debug_str     0x00001b46       0xac .\CortexM3\ARM_GCC_541\Debug\Termocupla.a(CySpc.o)
                                0x34c (size before relaxing)

.debug_loc      0x00000000     0x2a26
 *(.debug_loc)
 .debug_loc     0x00000000       0x44 .\CortexM3\ARM_GCC_541\Debug\main.o
 .debug_loc     0x00000044      0x1d7 .\CortexM3\ARM_GCC_541\Debug\cyfitter_cfg.o
 .debug_loc     0x0000021b      0x144 .\CortexM3\ARM_GCC_541\Debug\Cm3Start.o
 .debug_loc     0x0000035f      0xa11 .\CortexM3\ARM_GCC_541\Debug\Termocupla.a(CyLib.o)
 .debug_loc     0x00000d70      0x1e4 .\CortexM3\ARM_GCC_541\Debug\Termocupla.a(cyPm.o)
 .debug_loc     0x00000f54      0x6b6 .\CortexM3\ARM_GCC_541\Debug\Termocupla.a(ADC.o)
 .debug_loc     0x0000160a      0x3c6 .\CortexM3\ARM_GCC_541\Debug\Termocupla.a(LCD.o)
 .debug_loc     0x000019d0      0x12c .\CortexM3\ARM_GCC_541\Debug\Termocupla.a(ADC_Ext_CP_Clk.o)
 .debug_loc     0x00001afc      0x14d .\CortexM3\ARM_GCC_541\Debug\Termocupla.a(ADC_theACLK.o)
 .debug_loc     0x00001c49      0x326 .\CortexM3\ARM_GCC_541\Debug\Termocupla.a(Termocupla.o)
 .debug_loc     0x00001f6f      0x3b2 .\CortexM3\ARM_GCC_541\Debug\Termocupla.a(CyFlash.o)
 .debug_loc     0x00002321      0x705 .\CortexM3\ARM_GCC_541\Debug\Termocupla.a(CySpc.o)

.debug_macinfo
 *(.debug_macinfo)

.debug_ranges   0x00000000      0x708
 *(.debug_ranges)
 .debug_ranges  0x00000000       0x10 .\CortexM3\ARM_GCC_541\Debug\main.o
 .debug_ranges  0x00000010       0x48 .\CortexM3\ARM_GCC_541\Debug\cyfitter_cfg.o
 .debug_ranges  0x00000058       0x38 .\CortexM3\ARM_GCC_541\Debug\Cm3Start.o
 .debug_ranges  0x00000090      0x290 .\CortexM3\ARM_GCC_541\Debug\Termocupla.a(CyLib.o)
 .debug_ranges  0x00000320       0x88 .\CortexM3\ARM_GCC_541\Debug\Termocupla.a(cyPm.o)
 .debug_ranges  0x000003a8       0xd8 .\CortexM3\ARM_GCC_541\Debug\Termocupla.a(ADC.o)
 .debug_ranges  0x00000480       0x28 .\CortexM3\ARM_GCC_541\Debug\Termocupla.a(ADC_INT.o)
 .debug_ranges  0x000004a8       0x88 .\CortexM3\ARM_GCC_541\Debug\Termocupla.a(LCD.o)
 .debug_ranges  0x00000530       0x60 .\CortexM3\ARM_GCC_541\Debug\Termocupla.a(ADC_Ext_CP_Clk.o)
 .debug_ranges  0x00000590       0x70 .\CortexM3\ARM_GCC_541\Debug\Termocupla.a(ADC_theACLK.o)
 .debug_ranges  0x00000600       0x20 .\CortexM3\ARM_GCC_541\Debug\Termocupla.a(Termocupla.o)
 .debug_ranges  0x00000620       0x78 .\CortexM3\ARM_GCC_541\Debug\Termocupla.a(CyFlash.o)
 .debug_ranges  0x00000698       0x70 .\CortexM3\ARM_GCC_541\Debug\Termocupla.a(CySpc.o)

.comment        0x00000000       0x6e
 .comment       0x00000000       0x6e .\CortexM3\ARM_GCC_541\Debug\main.o
                                 0x6f (size before relaxing)
 .comment       0x0000006e       0x6f .\CortexM3\ARM_GCC_541\Debug\cyfitter_cfg.o
 .comment       0x0000006e       0x6f .\CortexM3\ARM_GCC_541\Debug\cymetadata.o
 .comment       0x0000006e       0x6f .\CortexM3\ARM_GCC_541\Debug\Cm3Start.o
 .comment       0x0000006e       0x6f .\CortexM3\ARM_GCC_541\Debug\Termocupla.a(CyLib.o)
 .comment       0x0000006e       0x6f .\CortexM3\ARM_GCC_541\Debug\Termocupla.a(cyPm.o)
 .comment       0x0000006e       0x6f .\CortexM3\ARM_GCC_541\Debug\Termocupla.a(ADC.o)
 .comment       0x0000006e       0x6f .\CortexM3\ARM_GCC_541\Debug\Termocupla.a(ADC_INT.o)
 .comment       0x0000006e       0x6f .\CortexM3\ARM_GCC_541\Debug\Termocupla.a(LCD.o)
 .comment       0x0000006e       0x6f .\CortexM3\ARM_GCC_541\Debug\Termocupla.a(ADC_Ext_CP_Clk.o)
 .comment       0x0000006e       0x6f .\CortexM3\ARM_GCC_541\Debug\Termocupla.a(ADC_theACLK.o)
 .comment       0x0000006e       0x6f .\CortexM3\ARM_GCC_541\Debug\Termocupla.a(Termocupla.o)
 .comment       0x0000006e       0x6f .\CortexM3\ARM_GCC_541\Debug\Termocupla.a(CyFlash.o)
 .comment       0x0000006e       0x6f .\CortexM3\ARM_GCC_541\Debug\Termocupla.a(CySpc.o)

.debug_weaknames
 *(.debug_weaknames)

.debug_funcnames
 *(.debug_funcnames)

.debug_typenames
 *(.debug_typenames)

.debug_varnames
 *(.debug_varnames)

.note.gnu.arm.ident
 *(.note.gnu.arm.ident)

.ARM.attributes
                0x00000000       0x29
 *(.ARM.attributes)
 .ARM.attributes
                0x00000000       0x1d c:/program files (x86)/cypress/psoc creator/4.4/psoc creator/import/gnu/arm/5.4.1/bin/../lib/gcc/arm-none-eabi/5.4.1/armv7-m/crti.o
 .ARM.attributes
                0x0000001d       0x2d c:/program files (x86)/cypress/psoc creator/4.4/psoc creator/import/gnu/arm/5.4.1/bin/../lib/gcc/arm-none-eabi/5.4.1/armv7-m/crtbegin.o
 .ARM.attributes
                0x0000004a       0x1b c:/program files (x86)/cypress/psoc creator/4.4/psoc creator/import/gnu/arm/5.4.1/bin/../lib/gcc/arm-none-eabi/5.4.1/../../../../arm-none-eabi/lib/armv7-m/crt0.o
 .ARM.attributes
                0x00000065       0x33 .\CortexM3\ARM_GCC_541\Debug\main.o
 .ARM.attributes
                0x00000098       0x33 .\CortexM3\ARM_GCC_541\Debug\cyfitter_cfg.o
 .ARM.attributes
                0x000000cb       0x33 .\CortexM3\ARM_GCC_541\Debug\cymetadata.o
 .ARM.attributes
                0x000000fe       0x33 .\CortexM3\ARM_GCC_541\Debug\Cm3Start.o
 .ARM.attributes
                0x00000131       0x33 .\CortexM3\ARM_GCC_541\Debug\Termocupla.a(CyLib.o)
 .ARM.attributes
                0x00000164       0x33 .\CortexM3\ARM_GCC_541\Debug\Termocupla.a(cyPm.o)
 .ARM.attributes
                0x00000197       0x33 .\CortexM3\ARM_GCC_541\Debug\Termocupla.a(ADC.o)
 .ARM.attributes
                0x000001ca       0x33 .\CortexM3\ARM_GCC_541\Debug\Termocupla.a(ADC_INT.o)
 .ARM.attributes
                0x000001fd       0x33 .\CortexM3\ARM_GCC_541\Debug\Termocupla.a(LCD.o)
 .ARM.attributes
                0x00000230       0x33 .\CortexM3\ARM_GCC_541\Debug\Termocupla.a(ADC_Ext_CP_Clk.o)
 .ARM.attributes
                0x00000263       0x33 .\CortexM3\ARM_GCC_541\Debug\Termocupla.a(ADC_theACLK.o)
 .ARM.attributes
                0x00000296       0x33 .\CortexM3\ARM_GCC_541\Debug\Termocupla.a(Termocupla.o)
 .ARM.attributes
                0x000002c9       0x21 .\CortexM3\ARM_GCC_541\Debug\Termocupla.a(CyBootAsmGnu.o)
 .ARM.attributes
                0x000002ea       0x33 .\CortexM3\ARM_GCC_541\Debug\Termocupla.a(CyFlash.o)
 .ARM.attributes
                0x0000031d       0x33 .\CortexM3\ARM_GCC_541\Debug\Termocupla.a(CySpc.o)
 .ARM.attributes
                0x00000350       0x1d c:/program files (x86)/cypress/psoc creator/4.4/psoc creator/import/gnu/arm/5.4.1/bin/../lib/gcc/arm-none-eabi/5.4.1/armv7-m\libgcc.a(_arm_addsubdf3.o)
 .ARM.attributes
                0x0000036d       0x1d c:/program files (x86)/cypress/psoc creator/4.4/psoc creator/import/gnu/arm/5.4.1/bin/../lib/gcc/arm-none-eabi/5.4.1/armv7-m\libgcc.a(_arm_cmpdf2.o)
 .ARM.attributes
                0x0000038a       0x1d c:/program files (x86)/cypress/psoc creator/4.4/psoc creator/import/gnu/arm/5.4.1/bin/../lib/gcc/arm-none-eabi/5.4.1/armv7-m\libgcc.a(_arm_addsubsf3.o)
 .ARM.attributes
                0x000003a7       0x1d c:/program files (x86)/cypress/psoc creator/4.4/psoc creator/import/gnu/arm/5.4.1/bin/../lib/gcc/arm-none-eabi/5.4.1/armv7-m\libgcc.a(_arm_muldivsf3.o)
 .ARM.attributes
                0x000003c4       0x1d c:/program files (x86)/cypress/psoc creator/4.4/psoc creator/import/gnu/arm/5.4.1/bin/../lib/gcc/arm-none-eabi/5.4.1/armv7-m\libgcc.a(_arm_fixunssfsi.o)
 .ARM.attributes
                0x000003e1       0x2d c:/program files (x86)/cypress/psoc creator/4.4/psoc creator/import/gnu/arm/5.4.1/bin/../lib/gcc/arm-none-eabi/5.4.1/../../../../arm-none-eabi/lib/armv7-m\libg_nano.a(lib_a-errno.o)
 .ARM.attributes
                0x0000040e       0x2d c:/program files (x86)/cypress/psoc creator/4.4/psoc creator/import/gnu/arm/5.4.1/bin/../lib/gcc/arm-none-eabi/5.4.1/../../../../arm-none-eabi/lib/armv7-m\libg_nano.a(lib_a-exit.o)
 .ARM.attributes
                0x0000043b       0x2d c:/program files (x86)/cypress/psoc creator/4.4/psoc creator/import/gnu/arm/5.4.1/bin/../lib/gcc/arm-none-eabi/5.4.1/../../../../arm-none-eabi/lib/armv7-m\libg_nano.a(lib_a-impure.o)
 .ARM.attributes
                0x00000468       0x2d c:/program files (x86)/cypress/psoc creator/4.4/psoc creator/import/gnu/arm/5.4.1/bin/../lib/gcc/arm-none-eabi/5.4.1/../../../../arm-none-eabi/lib/armv7-m\libg_nano.a(lib_a-init.o)
 .ARM.attributes
                0x00000495       0x2d c:/program files (x86)/cypress/psoc creator/4.4/psoc creator/import/gnu/arm/5.4.1/bin/../lib/gcc/arm-none-eabi/5.4.1/../../../../arm-none-eabi/lib/armv7-m\libg_nano.a(lib_a-memcpy-stub.o)
 .ARM.attributes
                0x000004c2       0x2d c:/program files (x86)/cypress/psoc creator/4.4/psoc creator/import/gnu/arm/5.4.1/bin/../lib/gcc/arm-none-eabi/5.4.1/../../../../arm-none-eabi/lib/armv7-m\libg_nano.a(lib_a-memset.o)
 .ARM.attributes
                0x000004ef       0x2d c:/program files (x86)/cypress/psoc creator/4.4/psoc creator/import/gnu/arm/5.4.1/bin/../lib/gcc/arm-none-eabi/5.4.1/../../../../arm-none-eabi/lib/armv7-m\libg_nano.a(lib_a-sprintf.o)
 .ARM.attributes
                0x0000051c       0x2d c:/program files (x86)/cypress/psoc creator/4.4/psoc creator/import/gnu/arm/5.4.1/bin/../lib/gcc/arm-none-eabi/5.4.1/../../../../arm-none-eabi/lib/armv7-m\libg_nano.a(lib_a-nano-svfprintf.o)
 .ARM.attributes
                0x00000549       0x2d c:/program files (x86)/cypress/psoc creator/4.4/psoc creator/import/gnu/arm/5.4.1/bin/../lib/gcc/arm-none-eabi/5.4.1/../../../../arm-none-eabi/lib/armv7-m\libg_nano.a(lib_a-nano-vfprintf_i.o)
 .ARM.attributes
                0x00000576       0x2d c:/program files (x86)/cypress/psoc creator/4.4/psoc creator/import/gnu/arm/5.4.1/bin/../lib/gcc/arm-none-eabi/5.4.1/../../../../arm-none-eabi/lib/armv7-m\libg_nano.a(lib_a-memchr-stub.o)
 .ARM.attributes
                0x000005a3       0x2d c:/program files (x86)/cypress/psoc creator/4.4/psoc creator/import/gnu/arm/5.4.1/bin/../lib/gcc/arm-none-eabi/5.4.1/../../../../arm-none-eabi/lib/armv7-m\libg_nano.a(lib_a-memmove.o)
 .ARM.attributes
                0x000005d0       0x2d c:/program files (x86)/cypress/psoc creator/4.4/psoc creator/import/gnu/arm/5.4.1/bin/../lib/gcc/arm-none-eabi/5.4.1/../../../../arm-none-eabi/lib/armv7-m\libg_nano.a(lib_a-nano-freer.o)
 .ARM.attributes
                0x000005fd       0x2d c:/program files (x86)/cypress/psoc creator/4.4/psoc creator/import/gnu/arm/5.4.1/bin/../lib/gcc/arm-none-eabi/5.4.1/../../../../arm-none-eabi/lib/armv7-m\libg_nano.a(lib_a-nano-mallocr.o)
 .ARM.attributes
                0x0000062a       0x2d c:/program files (x86)/cypress/psoc creator/4.4/psoc creator/import/gnu/arm/5.4.1/bin/../lib/gcc/arm-none-eabi/5.4.1/../../../../arm-none-eabi/lib/armv7-m\libg_nano.a(lib_a-nano-reallocr.o)
 .ARM.attributes
                0x00000657       0x2d c:/program files (x86)/cypress/psoc creator/4.4/psoc creator/import/gnu/arm/5.4.1/bin/../lib/gcc/arm-none-eabi/5.4.1/../../../../arm-none-eabi/lib/armv7-m\libg_nano.a(lib_a-sbrkr.o)
 .ARM.attributes
                0x00000684       0x2d c:/program files (x86)/cypress/psoc creator/4.4/psoc creator/import/gnu/arm/5.4.1/bin/../lib/gcc/arm-none-eabi/5.4.1/../../../../arm-none-eabi/lib/armv7-m\libg_nano.a(lib_a-mlock.o)
 .ARM.attributes
                0x000006b1       0x2d c:/program files (x86)/cypress/psoc creator/4.4/psoc creator/import/gnu/arm/5.4.1/bin/../lib/gcc/arm-none-eabi/5.4.1/../../../../arm-none-eabi/lib/armv7-m\libg_nano.a(lib_a-nano-msizer.o)
 .ARM.attributes
                0x000006de       0x2d c:/program files (x86)/cypress/psoc creator/4.4/psoc creator/import/gnu/arm/5.4.1/bin/../lib/gcc/arm-none-eabi/5.4.1/../../../../arm-none-eabi/lib/armv7-m\libg_nano.a(lib_a-reent.o)
 .ARM.attributes
                0x0000070b       0x2d c:/program files (x86)/cypress/psoc creator/4.4/psoc creator/import/gnu/arm/5.4.1/bin/../lib/gcc/arm-none-eabi/5.4.1/armv7-m/crtend.o
 .ARM.attributes
                0x00000738       0x1d c:/program files (x86)/cypress/psoc creator/4.4/psoc creator/import/gnu/arm/5.4.1/bin/../lib/gcc/arm-none-eabi/5.4.1/armv7-m/crtn.o

/DISCARD/
 *(.note.GNU-stack)
OUTPUT(D:\GitHub\Alumnos\Sensores-actuadores\Clase_4_Trasmisores\1_Termopar\Termocupla.cydsn\CortexM3\ARM_GCC_541\Debug\Termocupla.elf elf32-littlearm)
