ARM GAS  C:\Users\Henry\AppData\Local\Temp\ccwMCqgd.s 			page 1


   1              		.syntax unified
   2              		.cpu cortex-m3
   3              		.fpu softvfp
   4              		.eabi_attribute 20, 1
   5              		.eabi_attribute 21, 1
   6              		.eabi_attribute 23, 3
   7              		.eabi_attribute 24, 1
   8              		.eabi_attribute 25, 1
   9              		.eabi_attribute 26, 1
  10              		.eabi_attribute 30, 1
  11              		.eabi_attribute 34, 1
  12              		.eabi_attribute 18, 4
  13              		.thumb
  14              		.syntax unified
  15              		.file	"cyfitter_cfg.c"
  16              		.text
  17              	.Ltext0:
  18              		.cfi_sections	.debug_frame
  19              		.section	.text.CyClockStartupError,"ax",%progbits
  20              		.align	2
  21              		.thumb
  22              		.thumb_func
  23              		.type	CyClockStartupError, %function
  24              	CyClockStartupError:
  25              	.LFB3:
  26              		.file 1 "Generated_Source\\PSoC5\\cyfitter_cfg.c"
   1:Generated_Source\PSoC5/cyfitter_cfg.c **** 
   2:Generated_Source\PSoC5/cyfitter_cfg.c **** /*******************************************************************************
   3:Generated_Source\PSoC5/cyfitter_cfg.c **** * File Name: cyfitter_cfg.c
   4:Generated_Source\PSoC5/cyfitter_cfg.c **** * 
   5:Generated_Source\PSoC5/cyfitter_cfg.c **** * PSoC Creator  4.4
   6:Generated_Source\PSoC5/cyfitter_cfg.c **** *
   7:Generated_Source\PSoC5/cyfitter_cfg.c **** * Description:
   8:Generated_Source\PSoC5/cyfitter_cfg.c **** * This file contains device initialization code.
   9:Generated_Source\PSoC5/cyfitter_cfg.c **** * Except for the user defined sections in CyClockStartupError(), this file should not be modified.
  10:Generated_Source\PSoC5/cyfitter_cfg.c **** * This file is automatically generated by PSoC Creator.
  11:Generated_Source\PSoC5/cyfitter_cfg.c **** *
  12:Generated_Source\PSoC5/cyfitter_cfg.c **** ********************************************************************************
  13:Generated_Source\PSoC5/cyfitter_cfg.c **** * Copyright (c) 2007-2020 Cypress Semiconductor.  All rights reserved.
  14:Generated_Source\PSoC5/cyfitter_cfg.c **** * You may use this file only in accordance with the license, terms, conditions, 
  15:Generated_Source\PSoC5/cyfitter_cfg.c **** * disclaimers, and limitations in the end user license agreement accompanying 
  16:Generated_Source\PSoC5/cyfitter_cfg.c **** * the software package with which this file was provided.
  17:Generated_Source\PSoC5/cyfitter_cfg.c **** ********************************************************************************/
  18:Generated_Source\PSoC5/cyfitter_cfg.c **** 
  19:Generated_Source\PSoC5/cyfitter_cfg.c **** #include <string.h>
  20:Generated_Source\PSoC5/cyfitter_cfg.c **** #include "cytypes.h"
  21:Generated_Source\PSoC5/cyfitter_cfg.c **** #include "cydevice_trm.h"
  22:Generated_Source\PSoC5/cyfitter_cfg.c **** #include "cyfitter.h"
  23:Generated_Source\PSoC5/cyfitter_cfg.c **** #include "CyLib.h"
  24:Generated_Source\PSoC5/cyfitter_cfg.c **** #include "cyfitter_cfg.h"
  25:Generated_Source\PSoC5/cyfitter_cfg.c **** #include "cyapicallbacks.h"
  26:Generated_Source\PSoC5/cyfitter_cfg.c **** 
  27:Generated_Source\PSoC5/cyfitter_cfg.c **** #define CY_NEED_CYCLOCKSTARTUPERROR 1
  28:Generated_Source\PSoC5/cyfitter_cfg.c **** 
  29:Generated_Source\PSoC5/cyfitter_cfg.c **** 
  30:Generated_Source\PSoC5/cyfitter_cfg.c **** #if defined(__GNUC__) || defined(__ARMCC_VERSION)
  31:Generated_Source\PSoC5/cyfitter_cfg.c ****     #define CYPACKED 
ARM GAS  C:\Users\Henry\AppData\Local\Temp\ccwMCqgd.s 			page 2


  32:Generated_Source\PSoC5/cyfitter_cfg.c ****     #define CYPACKED_ATTR __attribute__ ((packed))
  33:Generated_Source\PSoC5/cyfitter_cfg.c ****     #define CYALIGNED __attribute__ ((aligned))
  34:Generated_Source\PSoC5/cyfitter_cfg.c ****     #define CY_CFG_UNUSED __attribute__ ((unused))
  35:Generated_Source\PSoC5/cyfitter_cfg.c ****     #ifndef CY_CFG_SECTION
  36:Generated_Source\PSoC5/cyfitter_cfg.c ****         #define CY_CFG_SECTION __attribute__ ((section(".psocinit")))
  37:Generated_Source\PSoC5/cyfitter_cfg.c ****     #endif
  38:Generated_Source\PSoC5/cyfitter_cfg.c ****     
  39:Generated_Source\PSoC5/cyfitter_cfg.c ****     #if defined(__ARMCC_VERSION)
  40:Generated_Source\PSoC5/cyfitter_cfg.c ****         #define CY_CFG_MEMORY_BARRIER() __memory_changed()
  41:Generated_Source\PSoC5/cyfitter_cfg.c ****     #else
  42:Generated_Source\PSoC5/cyfitter_cfg.c ****         #define CY_CFG_MEMORY_BARRIER() __sync_synchronize()
  43:Generated_Source\PSoC5/cyfitter_cfg.c ****     #endif
  44:Generated_Source\PSoC5/cyfitter_cfg.c ****     
  45:Generated_Source\PSoC5/cyfitter_cfg.c **** #elif defined(__ICCARM__)
  46:Generated_Source\PSoC5/cyfitter_cfg.c ****     #include <intrinsics.h>
  47:Generated_Source\PSoC5/cyfitter_cfg.c **** 
  48:Generated_Source\PSoC5/cyfitter_cfg.c ****     #define CYPACKED __packed
  49:Generated_Source\PSoC5/cyfitter_cfg.c ****     #define CYPACKED_ATTR 
  50:Generated_Source\PSoC5/cyfitter_cfg.c ****     #define CYALIGNED _Pragma("data_alignment=4")
  51:Generated_Source\PSoC5/cyfitter_cfg.c ****     #define CY_CFG_UNUSED _Pragma("diag_suppress=Pe177")
  52:Generated_Source\PSoC5/cyfitter_cfg.c ****     #define CY_CFG_SECTION _Pragma("location=\".psocinit\"")
  53:Generated_Source\PSoC5/cyfitter_cfg.c ****     
  54:Generated_Source\PSoC5/cyfitter_cfg.c ****     #define CY_CFG_MEMORY_BARRIER() __DMB()
  55:Generated_Source\PSoC5/cyfitter_cfg.c ****     
  56:Generated_Source\PSoC5/cyfitter_cfg.c **** #else
  57:Generated_Source\PSoC5/cyfitter_cfg.c ****     #error Unsupported toolchain
  58:Generated_Source\PSoC5/cyfitter_cfg.c **** #endif
  59:Generated_Source\PSoC5/cyfitter_cfg.c **** 
  60:Generated_Source\PSoC5/cyfitter_cfg.c **** #ifndef CYCODE
  61:Generated_Source\PSoC5/cyfitter_cfg.c ****     #define CYCODE
  62:Generated_Source\PSoC5/cyfitter_cfg.c **** #endif
  63:Generated_Source\PSoC5/cyfitter_cfg.c **** #ifndef CYDATA
  64:Generated_Source\PSoC5/cyfitter_cfg.c ****     #define CYDATA
  65:Generated_Source\PSoC5/cyfitter_cfg.c **** #endif
  66:Generated_Source\PSoC5/cyfitter_cfg.c **** #ifndef CYFAR
  67:Generated_Source\PSoC5/cyfitter_cfg.c ****     #define CYFAR
  68:Generated_Source\PSoC5/cyfitter_cfg.c **** #endif
  69:Generated_Source\PSoC5/cyfitter_cfg.c **** #ifndef CYXDATA
  70:Generated_Source\PSoC5/cyfitter_cfg.c ****     #define CYXDATA
  71:Generated_Source\PSoC5/cyfitter_cfg.c **** #endif
  72:Generated_Source\PSoC5/cyfitter_cfg.c **** 
  73:Generated_Source\PSoC5/cyfitter_cfg.c **** 
  74:Generated_Source\PSoC5/cyfitter_cfg.c **** CY_CFG_UNUSED
  75:Generated_Source\PSoC5/cyfitter_cfg.c **** static void CYMEMZERO(void *s, size_t n);
  76:Generated_Source\PSoC5/cyfitter_cfg.c **** CY_CFG_UNUSED
  77:Generated_Source\PSoC5/cyfitter_cfg.c **** static void CYMEMZERO(void *s, size_t n)
  78:Generated_Source\PSoC5/cyfitter_cfg.c **** {
  79:Generated_Source\PSoC5/cyfitter_cfg.c **** 	(void)memset(s, 0, n);
  80:Generated_Source\PSoC5/cyfitter_cfg.c **** }
  81:Generated_Source\PSoC5/cyfitter_cfg.c **** CY_CFG_UNUSED
  82:Generated_Source\PSoC5/cyfitter_cfg.c **** static void CYCONFIGCPY(void *dest, const void *src, size_t n);
  83:Generated_Source\PSoC5/cyfitter_cfg.c **** CY_CFG_UNUSED
  84:Generated_Source\PSoC5/cyfitter_cfg.c **** static void CYCONFIGCPY(void *dest, const void *src, size_t n)
  85:Generated_Source\PSoC5/cyfitter_cfg.c **** {
  86:Generated_Source\PSoC5/cyfitter_cfg.c **** 	(void)memcpy(dest, src, n);
  87:Generated_Source\PSoC5/cyfitter_cfg.c **** }
  88:Generated_Source\PSoC5/cyfitter_cfg.c **** CY_CFG_UNUSED
ARM GAS  C:\Users\Henry\AppData\Local\Temp\ccwMCqgd.s 			page 3


  89:Generated_Source\PSoC5/cyfitter_cfg.c **** static void CYCONFIGCPYCODE(void *dest, const void *src, size_t n);
  90:Generated_Source\PSoC5/cyfitter_cfg.c **** CY_CFG_UNUSED
  91:Generated_Source\PSoC5/cyfitter_cfg.c **** static void CYCONFIGCPYCODE(void *dest, const void *src, size_t n)
  92:Generated_Source\PSoC5/cyfitter_cfg.c **** {
  93:Generated_Source\PSoC5/cyfitter_cfg.c **** 	(void)memcpy(dest, src, n);
  94:Generated_Source\PSoC5/cyfitter_cfg.c **** }
  95:Generated_Source\PSoC5/cyfitter_cfg.c **** 
  96:Generated_Source\PSoC5/cyfitter_cfg.c **** 
  97:Generated_Source\PSoC5/cyfitter_cfg.c **** 
  98:Generated_Source\PSoC5/cyfitter_cfg.c **** 
  99:Generated_Source\PSoC5/cyfitter_cfg.c **** /* Clock startup error codes                                                   */
 100:Generated_Source\PSoC5/cyfitter_cfg.c **** #define CYCLOCKSTART_NO_ERROR    0u
 101:Generated_Source\PSoC5/cyfitter_cfg.c **** #define CYCLOCKSTART_XTAL_ERROR  1u
 102:Generated_Source\PSoC5/cyfitter_cfg.c **** #define CYCLOCKSTART_32KHZ_ERROR 2u
 103:Generated_Source\PSoC5/cyfitter_cfg.c **** #define CYCLOCKSTART_PLL_ERROR   3u
 104:Generated_Source\PSoC5/cyfitter_cfg.c **** #define CYCLOCKSTART_FLL_ERROR   4u
 105:Generated_Source\PSoC5/cyfitter_cfg.c **** #define CYCLOCKSTART_WCO_ERROR   5u
 106:Generated_Source\PSoC5/cyfitter_cfg.c **** 
 107:Generated_Source\PSoC5/cyfitter_cfg.c **** 
 108:Generated_Source\PSoC5/cyfitter_cfg.c **** #ifdef CY_NEED_CYCLOCKSTARTUPERROR
 109:Generated_Source\PSoC5/cyfitter_cfg.c **** /*******************************************************************************
 110:Generated_Source\PSoC5/cyfitter_cfg.c **** * Function Name: CyClockStartupError
 111:Generated_Source\PSoC5/cyfitter_cfg.c **** ********************************************************************************
 112:Generated_Source\PSoC5/cyfitter_cfg.c **** * Summary:
 113:Generated_Source\PSoC5/cyfitter_cfg.c **** *  If an error is encountered during clock configuration (crystal startup error,
 114:Generated_Source\PSoC5/cyfitter_cfg.c **** *  PLL lock error, etc.), the system will end up here.  Unless reimplemented by
 115:Generated_Source\PSoC5/cyfitter_cfg.c **** *  the customer, this function will stop in an infinite loop.
 116:Generated_Source\PSoC5/cyfitter_cfg.c **** *
 117:Generated_Source\PSoC5/cyfitter_cfg.c **** * Parameters:
 118:Generated_Source\PSoC5/cyfitter_cfg.c **** *   void
 119:Generated_Source\PSoC5/cyfitter_cfg.c **** *
 120:Generated_Source\PSoC5/cyfitter_cfg.c **** * Return:
 121:Generated_Source\PSoC5/cyfitter_cfg.c **** *   void
 122:Generated_Source\PSoC5/cyfitter_cfg.c **** *
 123:Generated_Source\PSoC5/cyfitter_cfg.c **** *******************************************************************************/
 124:Generated_Source\PSoC5/cyfitter_cfg.c **** CY_CFG_UNUSED
 125:Generated_Source\PSoC5/cyfitter_cfg.c **** static void CyClockStartupError(uint8 errorCode);
 126:Generated_Source\PSoC5/cyfitter_cfg.c **** CY_CFG_UNUSED
 127:Generated_Source\PSoC5/cyfitter_cfg.c **** static void CyClockStartupError(uint8 errorCode)
 128:Generated_Source\PSoC5/cyfitter_cfg.c **** {
  27              		.loc 1 128 0
  28              		.cfi_startproc
  29              		@ Volatile: function does not return.
  30              		@ args = 0, pretend = 0, frame = 0
  31              		@ frame_needed = 0, uses_anonymous_args = 0
  32              		@ link register save eliminated.
  33              	.LVL0:
  34              	.L2:
  35 0000 FEE7     		b	.L2
  36              		.cfi_endproc
  37              	.LFE3:
  38              		.size	CyClockStartupError, .-CyClockStartupError
  39 0002 00BF     		.section	.text.AnalogSetDefault,"ax",%progbits
  40              		.align	2
  41              		.thumb
  42              		.thumb_func
  43              		.type	AnalogSetDefault, %function
ARM GAS  C:\Users\Henry\AppData\Local\Temp\ccwMCqgd.s 			page 4


  44              	AnalogSetDefault:
  45              	.LFB5:
 129:Generated_Source\PSoC5/cyfitter_cfg.c ****     /* To remove the compiler warning if errorCode not used.                */
 130:Generated_Source\PSoC5/cyfitter_cfg.c ****     errorCode = errorCode;
 131:Generated_Source\PSoC5/cyfitter_cfg.c **** 
 132:Generated_Source\PSoC5/cyfitter_cfg.c ****     /* If we have a clock startup error (bad MHz crystal, PLL lock, etc.),  */
 133:Generated_Source\PSoC5/cyfitter_cfg.c ****     /* we will end up here to allow the customer to implement something to  */
 134:Generated_Source\PSoC5/cyfitter_cfg.c ****     /* deal with the clock condition.                                       */
 135:Generated_Source\PSoC5/cyfitter_cfg.c **** 
 136:Generated_Source\PSoC5/cyfitter_cfg.c **** #ifdef CY_CFG_CLOCK_STARTUP_ERROR_CALLBACK
 137:Generated_Source\PSoC5/cyfitter_cfg.c ****     CY_CFG_Clock_Startup_ErrorCallback();
 138:Generated_Source\PSoC5/cyfitter_cfg.c **** #else
 139:Generated_Source\PSoC5/cyfitter_cfg.c ****     /*  If not using CY_CFG_CLOCK_STARTUP_ERROR_CALLBACK, place your clock startup code here. */
 140:Generated_Source\PSoC5/cyfitter_cfg.c ****     /* `#START CyClockStartupError` */
 141:Generated_Source\PSoC5/cyfitter_cfg.c **** 
 142:Generated_Source\PSoC5/cyfitter_cfg.c **** 
 143:Generated_Source\PSoC5/cyfitter_cfg.c **** 
 144:Generated_Source\PSoC5/cyfitter_cfg.c ****     /* `#END` */
 145:Generated_Source\PSoC5/cyfitter_cfg.c **** 
 146:Generated_Source\PSoC5/cyfitter_cfg.c ****     while(1) {}
 147:Generated_Source\PSoC5/cyfitter_cfg.c **** #endif /* CY_CFG_CLOCK_STARTUP_ERROR_CALLBACK */
 148:Generated_Source\PSoC5/cyfitter_cfg.c **** }
 149:Generated_Source\PSoC5/cyfitter_cfg.c **** #endif
 150:Generated_Source\PSoC5/cyfitter_cfg.c **** 
 151:Generated_Source\PSoC5/cyfitter_cfg.c **** /* IOPINS0_8 Address: CYREG_PRT15_DM0 Size (bytes): 8 */
 152:Generated_Source\PSoC5/cyfitter_cfg.c **** #define BS_IOPINS0_8_VAL ((const uint8 CYFAR *)0x48000000u)
 153:Generated_Source\PSoC5/cyfitter_cfg.c **** 
 154:Generated_Source\PSoC5/cyfitter_cfg.c **** /* IOPINS0_1 Address: CYREG_PRT1_DM0 Size (bytes): 8 */
 155:Generated_Source\PSoC5/cyfitter_cfg.c **** #define BS_IOPINS0_1_VAL ((const uint8 CYFAR *)0x48000008u)
 156:Generated_Source\PSoC5/cyfitter_cfg.c **** 
 157:Generated_Source\PSoC5/cyfitter_cfg.c **** 
 158:Generated_Source\PSoC5/cyfitter_cfg.c **** /*******************************************************************************
 159:Generated_Source\PSoC5/cyfitter_cfg.c **** * Function Name: ClockSetup
 160:Generated_Source\PSoC5/cyfitter_cfg.c **** ********************************************************************************
 161:Generated_Source\PSoC5/cyfitter_cfg.c **** *
 162:Generated_Source\PSoC5/cyfitter_cfg.c **** * Summary:
 163:Generated_Source\PSoC5/cyfitter_cfg.c **** *  Performs the initialization of all of the clocks in the device based on the
 164:Generated_Source\PSoC5/cyfitter_cfg.c **** *  settings in the Clock tab of the DWR.  This includes enabling the requested
 165:Generated_Source\PSoC5/cyfitter_cfg.c **** *  clocks and setting the necessary dividers to produce the desired frequency. 
 166:Generated_Source\PSoC5/cyfitter_cfg.c **** *
 167:Generated_Source\PSoC5/cyfitter_cfg.c **** * Parameters:
 168:Generated_Source\PSoC5/cyfitter_cfg.c **** *  void
 169:Generated_Source\PSoC5/cyfitter_cfg.c **** *
 170:Generated_Source\PSoC5/cyfitter_cfg.c **** * Return:
 171:Generated_Source\PSoC5/cyfitter_cfg.c **** *  void
 172:Generated_Source\PSoC5/cyfitter_cfg.c **** *
 173:Generated_Source\PSoC5/cyfitter_cfg.c **** *******************************************************************************/
 174:Generated_Source\PSoC5/cyfitter_cfg.c **** static void ClockSetup(void);
 175:Generated_Source\PSoC5/cyfitter_cfg.c **** static void ClockSetup(void)
 176:Generated_Source\PSoC5/cyfitter_cfg.c **** {
 177:Generated_Source\PSoC5/cyfitter_cfg.c **** 	uint32 timeout;
 178:Generated_Source\PSoC5/cyfitter_cfg.c **** 	uint8 pllLock;
 179:Generated_Source\PSoC5/cyfitter_cfg.c **** 
 180:Generated_Source\PSoC5/cyfitter_cfg.c **** 
 181:Generated_Source\PSoC5/cyfitter_cfg.c **** 	/* Configure ILO based on settings from Clock DWR */
 182:Generated_Source\PSoC5/cyfitter_cfg.c **** 	CY_SET_XTND_REG8((void CYFAR *)(CYREG_SLOWCLK_ILO_CR0), 0x02u);
 183:Generated_Source\PSoC5/cyfitter_cfg.c **** 	CY_SET_XTND_REG8((void CYFAR *)(CYREG_CLKDIST_CR), 0x08u);
ARM GAS  C:\Users\Henry\AppData\Local\Temp\ccwMCqgd.s 			page 5


 184:Generated_Source\PSoC5/cyfitter_cfg.c **** 
 185:Generated_Source\PSoC5/cyfitter_cfg.c **** 	/* Configure IMO based on settings from Clock DWR */
 186:Generated_Source\PSoC5/cyfitter_cfg.c **** 	CY_SET_XTND_REG8((void CYFAR *)(CYREG_FASTCLK_IMO_CR), 0x03u);
 187:Generated_Source\PSoC5/cyfitter_cfg.c **** 	CY_SET_XTND_REG8((void CYFAR *)(CYREG_IMO_TR1), (CY_GET_XTND_REG8((void CYFAR *)CYREG_FLSHID_CUST_
 188:Generated_Source\PSoC5/cyfitter_cfg.c **** 
 189:Generated_Source\PSoC5/cyfitter_cfg.c **** 	/* Configure PLL based on settings from Clock DWR */
 190:Generated_Source\PSoC5/cyfitter_cfg.c **** 	CY_SET_XTND_REG16((void CYFAR *)(CYREG_FASTCLK_PLL_P), 0x0008u);
 191:Generated_Source\PSoC5/cyfitter_cfg.c **** 	CY_SET_XTND_REG16((void CYFAR *)(CYREG_FASTCLK_PLL_CFG0), 0x1251u);
 192:Generated_Source\PSoC5/cyfitter_cfg.c **** 	/* Wait up to 250us for the PLL to lock */
 193:Generated_Source\PSoC5/cyfitter_cfg.c **** 	pllLock = 0u;
 194:Generated_Source\PSoC5/cyfitter_cfg.c **** 	for (timeout = 250u / 10u; (timeout > 0u) && (pllLock != 0x03u); timeout--)
 195:Generated_Source\PSoC5/cyfitter_cfg.c **** 	{ 
 196:Generated_Source\PSoC5/cyfitter_cfg.c **** 		pllLock = 0x03u & ((uint8)((uint8)pllLock << 1) | ((CY_GET_XTND_REG8((void CYFAR *)CYREG_FASTCLK_
 197:Generated_Source\PSoC5/cyfitter_cfg.c **** 		CyDelayCycles(10u * 48u); /* Delay 10us based on 48MHz clock */
 198:Generated_Source\PSoC5/cyfitter_cfg.c **** 	}
 199:Generated_Source\PSoC5/cyfitter_cfg.c **** 	/* If we ran out of time the PLL didn't lock so go to the error function */
 200:Generated_Source\PSoC5/cyfitter_cfg.c **** 	if (timeout == 0u)
 201:Generated_Source\PSoC5/cyfitter_cfg.c **** 	{
 202:Generated_Source\PSoC5/cyfitter_cfg.c **** 		CyClockStartupError(CYCLOCKSTART_PLL_ERROR);
 203:Generated_Source\PSoC5/cyfitter_cfg.c **** 	}
 204:Generated_Source\PSoC5/cyfitter_cfg.c **** 
 205:Generated_Source\PSoC5/cyfitter_cfg.c **** 	/* Configure Bus/Master Clock based on settings from Clock DWR */
 206:Generated_Source\PSoC5/cyfitter_cfg.c **** 	CY_SET_XTND_REG16((void CYFAR *)(CYREG_CLKDIST_MSTR0), 0x0100u);
 207:Generated_Source\PSoC5/cyfitter_cfg.c **** 	CY_SET_XTND_REG8((void CYFAR *)(CYREG_CLKDIST_MSTR0), 0x07u);
 208:Generated_Source\PSoC5/cyfitter_cfg.c **** 	CY_SET_XTND_REG8((void CYFAR *)(CYREG_CLKDIST_BCFG0), 0x00u);
 209:Generated_Source\PSoC5/cyfitter_cfg.c **** 	CY_SET_XTND_REG8((void CYFAR *)(CYREG_CLKDIST_BCFG2), 0x48u);
 210:Generated_Source\PSoC5/cyfitter_cfg.c **** 	CY_SET_XTND_REG8((void CYFAR *)(CYREG_CLKDIST_MSTR0), 0x00u);
 211:Generated_Source\PSoC5/cyfitter_cfg.c **** 	CY_SET_XTND_REG8((void CYFAR *)(CYREG_CLKDIST_LD), 0x02u);
 212:Generated_Source\PSoC5/cyfitter_cfg.c **** }
 213:Generated_Source\PSoC5/cyfitter_cfg.c **** 
 214:Generated_Source\PSoC5/cyfitter_cfg.c **** 
 215:Generated_Source\PSoC5/cyfitter_cfg.c **** /* Analog API Functions */
 216:Generated_Source\PSoC5/cyfitter_cfg.c **** 
 217:Generated_Source\PSoC5/cyfitter_cfg.c **** 
 218:Generated_Source\PSoC5/cyfitter_cfg.c **** /*******************************************************************************
 219:Generated_Source\PSoC5/cyfitter_cfg.c **** * Function Name: AnalogSetDefault
 220:Generated_Source\PSoC5/cyfitter_cfg.c **** ********************************************************************************
 221:Generated_Source\PSoC5/cyfitter_cfg.c **** *
 222:Generated_Source\PSoC5/cyfitter_cfg.c **** * Summary:
 223:Generated_Source\PSoC5/cyfitter_cfg.c **** *  Sets up the analog portions of the chip to default values based on chip
 224:Generated_Source\PSoC5/cyfitter_cfg.c **** *  configuration options from the project.
 225:Generated_Source\PSoC5/cyfitter_cfg.c **** *
 226:Generated_Source\PSoC5/cyfitter_cfg.c **** * Parameters:
 227:Generated_Source\PSoC5/cyfitter_cfg.c **** *  void
 228:Generated_Source\PSoC5/cyfitter_cfg.c **** *
 229:Generated_Source\PSoC5/cyfitter_cfg.c **** * Return:
 230:Generated_Source\PSoC5/cyfitter_cfg.c **** *  void
 231:Generated_Source\PSoC5/cyfitter_cfg.c **** *
 232:Generated_Source\PSoC5/cyfitter_cfg.c **** *******************************************************************************/
 233:Generated_Source\PSoC5/cyfitter_cfg.c **** static void AnalogSetDefault(void);
 234:Generated_Source\PSoC5/cyfitter_cfg.c **** static void AnalogSetDefault(void)
 235:Generated_Source\PSoC5/cyfitter_cfg.c **** {
  46              		.loc 1 235 0
  47              		.cfi_startproc
  48              		@ args = 0, pretend = 0, frame = 0
  49              		@ frame_needed = 0, uses_anonymous_args = 0
  50              		@ link register save eliminated.
ARM GAS  C:\Users\Henry\AppData\Local\Temp\ccwMCqgd.s 			page 6


 236:Generated_Source\PSoC5/cyfitter_cfg.c **** 	uint8 bg_xover_inl_trim = CY_GET_XTND_REG8((void CYFAR *)(CYREG_FLSHID_MFG_CFG_BG_XOVER_INL_TRIM +
  51              		.loc 1 236 0
  52 0000 0A4B     		ldr	r3, .L4
  53 0002 1B78     		ldrb	r3, [r3]	@ zero_extendqisi2
  54 0004 DBB2     		uxtb	r3, r3
  55              	.LVL1:
 237:Generated_Source\PSoC5/cyfitter_cfg.c **** 	CY_SET_XTND_REG8((void CYFAR *)(CYREG_BG_DFT0), (bg_xover_inl_trim & 0x07u));
  56              		.loc 1 237 0
  57 0006 03F00701 		and	r1, r3, #7
  58 000a 094A     		ldr	r2, .L4+4
  59 000c 1170     		strb	r1, [r2]
 238:Generated_Source\PSoC5/cyfitter_cfg.c **** 	CY_SET_XTND_REG8((void CYFAR *)(CYREG_BG_DFT1), ((bg_xover_inl_trim >> 4) & 0x0Fu));
  60              		.loc 1 238 0
  61 000e 1B09     		lsrs	r3, r3, #4
  62              	.LVL2:
  63 0010 0132     		adds	r2, r2, #1
  64 0012 1370     		strb	r3, [r2]
 239:Generated_Source\PSoC5/cyfitter_cfg.c **** 	CY_SET_XTND_REG8((void CYFAR *)CYREG_PRT15_AG, 0x02u);
  65              		.loc 1 239 0
  66 0014 0222     		movs	r2, #2
  67 0016 074B     		ldr	r3, .L4+8
  68 0018 1A70     		strb	r2, [r3]
 240:Generated_Source\PSoC5/cyfitter_cfg.c **** 	CY_SET_XTND_REG8((void CYFAR *)CYREG_DAC3_SW0, 0x20u);
  69              		.loc 1 240 0
  70 001a 2022     		movs	r2, #32
  71 001c 03F69B03 		addw	r3, r3, #2203
  72 0020 1A70     		strb	r2, [r3]
 241:Generated_Source\PSoC5/cyfitter_cfg.c **** 	CY_SET_XTND_REG8((void CYFAR *)CYREG_PUMP_CR0, 0x44u);
  73              		.loc 1 241 0
  74 0022 4422     		movs	r2, #68
  75 0024 A3F22223 		subw	r3, r3, #546
  76 0028 1A70     		strb	r2, [r3]
  77 002a 7047     		bx	lr
  78              	.L5:
  79              		.align	2
  80              	.L4:
  81 002c CF010049 		.word	1224737231
  82 0030 6E580040 		.word	1073764462
  83 0034 FD510040 		.word	1073762813
  84              		.cfi_endproc
  85              	.LFE5:
  86              		.size	AnalogSetDefault, .-AnalogSetDefault
  87              		.section	.text.CYMEMZERO,"ax",%progbits
  88              		.align	2
  89              		.thumb
  90              		.thumb_func
  91              		.type	CYMEMZERO, %function
  92              	CYMEMZERO:
  93              	.LFB0:
  78:Generated_Source\PSoC5/cyfitter_cfg.c **** 	(void)memset(s, 0, n);
  94              		.loc 1 78 0
  95              		.cfi_startproc
  96              		@ args = 0, pretend = 0, frame = 0
  97              		@ frame_needed = 0, uses_anonymous_args = 0
  98              	.LVL3:
  99 0000 08B5     		push	{r3, lr}
 100              		.cfi_def_cfa_offset 8
ARM GAS  C:\Users\Henry\AppData\Local\Temp\ccwMCqgd.s 			page 7


 101              		.cfi_offset 3, -8
 102              		.cfi_offset 14, -4
  79:Generated_Source\PSoC5/cyfitter_cfg.c **** }
 103              		.loc 1 79 0
 104 0002 0A46     		mov	r2, r1
 105 0004 0021     		movs	r1, #0
 106              	.LVL4:
 107 0006 FFF7FEFF 		bl	memset
 108              	.LVL5:
 109 000a 08BD     		pop	{r3, pc}
 110              		.cfi_endproc
 111              	.LFE0:
 112              		.size	CYMEMZERO, .-CYMEMZERO
 113              		.section	.text.ClockSetup,"ax",%progbits
 114              		.align	2
 115              		.thumb
 116              		.thumb_func
 117              		.type	ClockSetup, %function
 118              	ClockSetup:
 119              	.LFB4:
 176:Generated_Source\PSoC5/cyfitter_cfg.c **** 	uint32 timeout;
 120              		.loc 1 176 0
 121              		.cfi_startproc
 122              		@ args = 0, pretend = 0, frame = 0
 123              		@ frame_needed = 0, uses_anonymous_args = 0
 124 0000 38B5     		push	{r3, r4, r5, lr}
 125              		.cfi_def_cfa_offset 16
 126              		.cfi_offset 3, -16
 127              		.cfi_offset 4, -12
 128              		.cfi_offset 5, -8
 129              		.cfi_offset 14, -4
 182:Generated_Source\PSoC5/cyfitter_cfg.c **** 	CY_SET_XTND_REG8((void CYFAR *)(CYREG_CLKDIST_CR), 0x08u);
 130              		.loc 1 182 0
 131 0002 0222     		movs	r2, #2
 132 0004 1E4B     		ldr	r3, .L14
 133 0006 1A70     		strb	r2, [r3]
 183:Generated_Source\PSoC5/cyfitter_cfg.c **** 
 134              		.loc 1 183 0
 135 0008 0822     		movs	r2, #8
 136 000a 4FF04023 		mov	r3, #1073758208
 137 000e 1A70     		strb	r2, [r3]
 186:Generated_Source\PSoC5/cyfitter_cfg.c **** 	CY_SET_XTND_REG8((void CYFAR *)(CYREG_IMO_TR1), (CY_GET_XTND_REG8((void CYFAR *)CYREG_FLSHID_CUST_
 138              		.loc 1 186 0
 139 0010 0321     		movs	r1, #3
 140 0012 03F50073 		add	r3, r3, #512
 141 0016 1970     		strb	r1, [r3]
 187:Generated_Source\PSoC5/cyfitter_cfg.c **** 
 142              		.loc 1 187 0
 143 0018 1A4B     		ldr	r3, .L14+4
 144 001a 1B78     		ldrb	r3, [r3]	@ zero_extendqisi2
 145 001c DBB2     		uxtb	r3, r3
 146 001e 1A49     		ldr	r1, .L14+8
 147 0020 0B70     		strb	r3, [r1]
 190:Generated_Source\PSoC5/cyfitter_cfg.c **** 	CY_SET_XTND_REG16((void CYFAR *)(CYREG_FASTCLK_PLL_CFG0), 0x1251u);
 148              		.loc 1 190 0
 149 0022 1A4B     		ldr	r3, .L14+12
 150 0024 1A80     		strh	r2, [r3]	@ movhi
ARM GAS  C:\Users\Henry\AppData\Local\Temp\ccwMCqgd.s 			page 8


 191:Generated_Source\PSoC5/cyfitter_cfg.c **** 	/* Wait up to 250us for the PLL to lock */
 151              		.loc 1 191 0
 152 0026 41F25122 		movw	r2, #4689
 153 002a 023B     		subs	r3, r3, #2
 154 002c 1A80     		strh	r2, [r3]	@ movhi
 155              	.LVL6:
 193:Generated_Source\PSoC5/cyfitter_cfg.c **** 	for (timeout = 250u / 10u; (timeout > 0u) && (pllLock != 0x03u); timeout--)
 156              		.loc 1 193 0
 157 002e 0024     		movs	r4, #0
 194:Generated_Source\PSoC5/cyfitter_cfg.c **** 	{ 
 158              		.loc 1 194 0
 159 0030 1925     		movs	r5, #25
 160 0032 0CE0     		b	.L9
 161              	.LVL7:
 162              	.L11:
 196:Generated_Source\PSoC5/cyfitter_cfg.c **** 		CyDelayCycles(10u * 48u); /* Delay 10us based on 48MHz clock */
 163              		.loc 1 196 0 discriminator 4
 164 0034 164B     		ldr	r3, .L14+16
 165 0036 1B78     		ldrb	r3, [r3]	@ zero_extendqisi2
 166 0038 03F00103 		and	r3, r3, #1
 167 003c 43EA4404 		orr	r4, r3, r4, lsl #1
 168              	.LVL8:
 169 0040 04F00304 		and	r4, r4, #3
 170              	.LVL9:
 197:Generated_Source\PSoC5/cyfitter_cfg.c **** 	}
 171              		.loc 1 197 0 discriminator 4
 172 0044 4FF4F070 		mov	r0, #480
 173 0048 FFF7FEFF 		bl	CyDelayCycles
 174              	.LVL10:
 194:Generated_Source\PSoC5/cyfitter_cfg.c **** 	{ 
 175              		.loc 1 194 0 discriminator 4
 176 004c 013D     		subs	r5, r5, #1
 177              	.LVL11:
 178              	.L9:
 194:Generated_Source\PSoC5/cyfitter_cfg.c **** 	{ 
 179              		.loc 1 194 0 is_stmt 0 discriminator 1
 180 004e 0DB1     		cbz	r5, .L10
 194:Generated_Source\PSoC5/cyfitter_cfg.c **** 	{ 
 181              		.loc 1 194 0 discriminator 3
 182 0050 032C     		cmp	r4, #3
 183 0052 EFD1     		bne	.L11
 184              	.L10:
 200:Generated_Source\PSoC5/cyfitter_cfg.c **** 	{
 185              		.loc 1 200 0 is_stmt 1
 186 0054 15B9     		cbnz	r5, .L12
 202:Generated_Source\PSoC5/cyfitter_cfg.c **** 	}
 187              		.loc 1 202 0
 188 0056 0320     		movs	r0, #3
 189 0058 FFF7FEFF 		bl	CyClockStartupError
 190              	.LVL12:
 191              	.L12:
 206:Generated_Source\PSoC5/cyfitter_cfg.c **** 	CY_SET_XTND_REG8((void CYFAR *)(CYREG_CLKDIST_MSTR0), 0x07u);
 192              		.loc 1 206 0
 193 005c 0D4B     		ldr	r3, .L14+20
 194 005e 4FF48072 		mov	r2, #256
 195 0062 1A80     		strh	r2, [r3]	@ movhi
 207:Generated_Source\PSoC5/cyfitter_cfg.c **** 	CY_SET_XTND_REG8((void CYFAR *)(CYREG_CLKDIST_BCFG0), 0x00u);
ARM GAS  C:\Users\Henry\AppData\Local\Temp\ccwMCqgd.s 			page 9


 196              		.loc 1 207 0
 197 0064 0722     		movs	r2, #7
 198 0066 1A70     		strb	r2, [r3]
 208:Generated_Source\PSoC5/cyfitter_cfg.c **** 	CY_SET_XTND_REG8((void CYFAR *)(CYREG_CLKDIST_BCFG2), 0x48u);
 199              		.loc 1 208 0
 200 0068 0022     		movs	r2, #0
 201 006a 0B49     		ldr	r1, .L14+24
 202 006c 0A70     		strb	r2, [r1]
 209:Generated_Source\PSoC5/cyfitter_cfg.c **** 	CY_SET_XTND_REG8((void CYFAR *)(CYREG_CLKDIST_MSTR0), 0x00u);
 203              		.loc 1 209 0
 204 006e 4820     		movs	r0, #72
 205 0070 0231     		adds	r1, r1, #2
 206 0072 0870     		strb	r0, [r1]
 210:Generated_Source\PSoC5/cyfitter_cfg.c **** 	CY_SET_XTND_REG8((void CYFAR *)(CYREG_CLKDIST_LD), 0x02u);
 207              		.loc 1 210 0
 208 0074 1A70     		strb	r2, [r3]
 211:Generated_Source\PSoC5/cyfitter_cfg.c **** }
 209              		.loc 1 211 0
 210 0076 0222     		movs	r2, #2
 211 0078 033B     		subs	r3, r3, #3
 212 007a 1A70     		strb	r2, [r3]
 213 007c 38BD     		pop	{r3, r4, r5, pc}
 214              	.LVL13:
 215              	.L15:
 216 007e 00BF     		.align	2
 217              	.L14:
 218 0080 00430040 		.word	1073758976
 219 0084 08010049 		.word	1224737032
 220 0088 A1460040 		.word	1073759905
 221 008c 22420040 		.word	1073758754
 222 0090 25420040 		.word	1073758757
 223 0094 04400040 		.word	1073758212
 224 0098 06400040 		.word	1073758214
 225              		.cfi_endproc
 226              	.LFE4:
 227              		.size	ClockSetup, .-ClockSetup
 228              		.section	.text.CYCONFIGCPY,"ax",%progbits
 229              		.align	2
 230              		.thumb
 231              		.thumb_func
 232              		.type	CYCONFIGCPY, %function
 233              	CYCONFIGCPY:
 234              	.LFB1:
  85:Generated_Source\PSoC5/cyfitter_cfg.c **** 	(void)memcpy(dest, src, n);
 235              		.loc 1 85 0
 236              		.cfi_startproc
 237              		@ args = 0, pretend = 0, frame = 0
 238              		@ frame_needed = 0, uses_anonymous_args = 0
 239              	.LVL14:
 240 0000 08B5     		push	{r3, lr}
 241              		.cfi_def_cfa_offset 8
 242              		.cfi_offset 3, -8
 243              		.cfi_offset 14, -4
  86:Generated_Source\PSoC5/cyfitter_cfg.c **** }
 244              		.loc 1 86 0
 245 0002 FFF7FEFF 		bl	memcpy
 246              	.LVL15:
ARM GAS  C:\Users\Henry\AppData\Local\Temp\ccwMCqgd.s 			page 10


 247 0006 08BD     		pop	{r3, pc}
 248              		.cfi_endproc
 249              	.LFE1:
 250              		.size	CYCONFIGCPY, .-CYCONFIGCPY
 251              		.section	.text.SetAnalogRoutingPumps,"ax",%progbits
 252              		.align	2
 253              		.global	SetAnalogRoutingPumps
 254              		.thumb
 255              		.thumb_func
 256              		.type	SetAnalogRoutingPumps, %function
 257              	SetAnalogRoutingPumps:
 258              	.LFB6:
 242:Generated_Source\PSoC5/cyfitter_cfg.c **** }
 243:Generated_Source\PSoC5/cyfitter_cfg.c **** 
 244:Generated_Source\PSoC5/cyfitter_cfg.c **** 
 245:Generated_Source\PSoC5/cyfitter_cfg.c **** /*******************************************************************************
 246:Generated_Source\PSoC5/cyfitter_cfg.c **** * Function Name: SetAnalogRoutingPumps
 247:Generated_Source\PSoC5/cyfitter_cfg.c **** ********************************************************************************
 248:Generated_Source\PSoC5/cyfitter_cfg.c **** *
 249:Generated_Source\PSoC5/cyfitter_cfg.c **** * Summary:
 250:Generated_Source\PSoC5/cyfitter_cfg.c **** * Enables or disables the analog pumps feeding analog routing switches.
 251:Generated_Source\PSoC5/cyfitter_cfg.c **** * Intended to be called at startup, based on the Vdda system configuration;
 252:Generated_Source\PSoC5/cyfitter_cfg.c **** * may be called during operation when the user informs us that the Vdda voltage
 253:Generated_Source\PSoC5/cyfitter_cfg.c **** * crossed the pump threshold.
 254:Generated_Source\PSoC5/cyfitter_cfg.c **** *
 255:Generated_Source\PSoC5/cyfitter_cfg.c **** * Parameters:
 256:Generated_Source\PSoC5/cyfitter_cfg.c **** *  enabled - 1 to enable the pumps, 0 to disable the pumps
 257:Generated_Source\PSoC5/cyfitter_cfg.c **** *
 258:Generated_Source\PSoC5/cyfitter_cfg.c **** * Return:
 259:Generated_Source\PSoC5/cyfitter_cfg.c **** *  void
 260:Generated_Source\PSoC5/cyfitter_cfg.c **** *
 261:Generated_Source\PSoC5/cyfitter_cfg.c **** *******************************************************************************/
 262:Generated_Source\PSoC5/cyfitter_cfg.c **** void SetAnalogRoutingPumps(uint8 enabled)
 263:Generated_Source\PSoC5/cyfitter_cfg.c **** {
 259              		.loc 1 263 0
 260              		.cfi_startproc
 261              		@ args = 0, pretend = 0, frame = 0
 262              		@ frame_needed = 0, uses_anonymous_args = 0
 263              		@ link register save eliminated.
 264              	.LVL16:
 264:Generated_Source\PSoC5/cyfitter_cfg.c **** 	uint8 regValue = CY_GET_XTND_REG8((void CYFAR *)CYREG_PUMP_CR0);
 265              		.loc 1 264 0
 266 0000 054B     		ldr	r3, .L21
 267 0002 1B78     		ldrb	r3, [r3]	@ zero_extendqisi2
 268 0004 DBB2     		uxtb	r3, r3
 269              	.LVL17:
 265:Generated_Source\PSoC5/cyfitter_cfg.c **** 	if (enabled != 0u)
 270              		.loc 1 265 0
 271 0006 10B1     		cbz	r0, .L19
 266:Generated_Source\PSoC5/cyfitter_cfg.c **** 	{
 267:Generated_Source\PSoC5/cyfitter_cfg.c **** 		regValue |= 0x22u;
 272              		.loc 1 267 0
 273 0008 43F02203 		orr	r3, r3, #34
 274              	.LVL18:
 275 000c 01E0     		b	.L20
 276              	.L19:
 268:Generated_Source\PSoC5/cyfitter_cfg.c **** 	}
ARM GAS  C:\Users\Henry\AppData\Local\Temp\ccwMCqgd.s 			page 11


 269:Generated_Source\PSoC5/cyfitter_cfg.c **** 	else
 270:Generated_Source\PSoC5/cyfitter_cfg.c **** 	{
 271:Generated_Source\PSoC5/cyfitter_cfg.c **** 		regValue &= (uint8)~0x22u;
 277              		.loc 1 271 0
 278 000e 03F0DD03 		and	r3, r3, #221
 279              	.LVL19:
 280              	.L20:
 272:Generated_Source\PSoC5/cyfitter_cfg.c **** 	}
 273:Generated_Source\PSoC5/cyfitter_cfg.c **** 	CY_SET_XTND_REG8((void CYFAR *)CYREG_PUMP_CR0, regValue);
 281              		.loc 1 273 0
 282 0012 014A     		ldr	r2, .L21
 283 0014 1370     		strb	r3, [r2]
 284 0016 7047     		bx	lr
 285              	.L22:
 286              		.align	2
 287              	.L21:
 288 0018 76580040 		.word	1073764470
 289              		.cfi_endproc
 290              	.LFE6:
 291              		.size	SetAnalogRoutingPumps, .-SetAnalogRoutingPumps
 292              		.section	.text.cyfitter_cfg,"ax",%progbits
 293              		.align	2
 294              		.global	cyfitter_cfg
 295              		.thumb
 296              		.thumb_func
 297              		.type	cyfitter_cfg, %function
 298              	cyfitter_cfg:
 299              	.LFB7:
 274:Generated_Source\PSoC5/cyfitter_cfg.c **** }
 275:Generated_Source\PSoC5/cyfitter_cfg.c **** 
 276:Generated_Source\PSoC5/cyfitter_cfg.c **** 
 277:Generated_Source\PSoC5/cyfitter_cfg.c **** 
 278:Generated_Source\PSoC5/cyfitter_cfg.c **** 
 279:Generated_Source\PSoC5/cyfitter_cfg.c **** /*******************************************************************************
 280:Generated_Source\PSoC5/cyfitter_cfg.c **** * Function Name: cyfitter_cfg
 281:Generated_Source\PSoC5/cyfitter_cfg.c **** ********************************************************************************
 282:Generated_Source\PSoC5/cyfitter_cfg.c **** * Summary:
 283:Generated_Source\PSoC5/cyfitter_cfg.c **** *  This function is called by the start-up code for the selected device. It
 284:Generated_Source\PSoC5/cyfitter_cfg.c **** *  performs all of the necessary device configuration based on the design
 285:Generated_Source\PSoC5/cyfitter_cfg.c **** *  settings.  This includes settings from the Design Wide Resources (DWR) such
 286:Generated_Source\PSoC5/cyfitter_cfg.c **** *  as Clocks and Pins as well as any component configuration that is necessary.
 287:Generated_Source\PSoC5/cyfitter_cfg.c **** *
 288:Generated_Source\PSoC5/cyfitter_cfg.c **** * Parameters:
 289:Generated_Source\PSoC5/cyfitter_cfg.c **** *   void
 290:Generated_Source\PSoC5/cyfitter_cfg.c **** *
 291:Generated_Source\PSoC5/cyfitter_cfg.c **** * Return:
 292:Generated_Source\PSoC5/cyfitter_cfg.c **** *   void
 293:Generated_Source\PSoC5/cyfitter_cfg.c **** *
 294:Generated_Source\PSoC5/cyfitter_cfg.c **** *******************************************************************************/
 295:Generated_Source\PSoC5/cyfitter_cfg.c **** 
 296:Generated_Source\PSoC5/cyfitter_cfg.c **** void cyfitter_cfg(void)
 297:Generated_Source\PSoC5/cyfitter_cfg.c **** {
 300              		.loc 1 297 0
 301              		.cfi_startproc
 302              		@ args = 0, pretend = 0, frame = 0
 303              		@ frame_needed = 0, uses_anonymous_args = 0
 304 0000 38B5     		push	{r3, r4, r5, lr}
ARM GAS  C:\Users\Henry\AppData\Local\Temp\ccwMCqgd.s 			page 12


 305              		.cfi_def_cfa_offset 16
 306              		.cfi_offset 3, -16
 307              		.cfi_offset 4, -12
 308              		.cfi_offset 5, -8
 309              		.cfi_offset 14, -4
 298:Generated_Source\PSoC5/cyfitter_cfg.c **** #ifdef CYGlobalIntDisable
 299:Generated_Source\PSoC5/cyfitter_cfg.c **** 	/* Disable interrupts by default. Let user enable if/when they want. */
 300:Generated_Source\PSoC5/cyfitter_cfg.c **** 	CYGlobalIntDisable
 310              		.loc 1 300 0
 311              		.syntax unified
 312              	@ 300 "Generated_Source\PSoC5\cyfitter_cfg.c" 1
 313 0002 72B6     		CPSID   i
 314              	@ 0 "" 2
 301:Generated_Source\PSoC5/cyfitter_cfg.c **** #endif
 302:Generated_Source\PSoC5/cyfitter_cfg.c **** 
 303:Generated_Source\PSoC5/cyfitter_cfg.c **** 	/* Enable/Disable Debug functionality based on settings from System DWR */
 304:Generated_Source\PSoC5/cyfitter_cfg.c **** 	CY_SET_XTND_REG8((void CYFAR *)CYREG_MLOGIC_DEBUG, (CY_GET_XTND_REG8((void CYFAR *)CYREG_MLOGIC_DE
 315              		.loc 1 304 0
 316              		.thumb
 317              		.syntax unified
 318 0004 204A     		ldr	r2, .L27
 319 0006 1378     		ldrb	r3, [r2]	@ zero_extendqisi2
 320 0008 43F00403 		orr	r3, r3, #4
 321 000c 1370     		strb	r3, [r2]
 322              	.LVL20:
 323              	.LBB2:
 305:Generated_Source\PSoC5/cyfitter_cfg.c **** 
 306:Generated_Source\PSoC5/cyfitter_cfg.c **** 	{
 307:Generated_Source\PSoC5/cyfitter_cfg.c **** 
 308:Generated_Source\PSoC5/cyfitter_cfg.c **** 		CYPACKED typedef struct {
 309:Generated_Source\PSoC5/cyfitter_cfg.c **** 			void CYFAR *address;
 310:Generated_Source\PSoC5/cyfitter_cfg.c **** 			uint16 size;
 311:Generated_Source\PSoC5/cyfitter_cfg.c **** 		} CYPACKED_ATTR cfg_memset_t;
 312:Generated_Source\PSoC5/cyfitter_cfg.c **** 
 313:Generated_Source\PSoC5/cyfitter_cfg.c **** 		static const cfg_memset_t CYCODE cfg_memset_list[] = {
 314:Generated_Source\PSoC5/cyfitter_cfg.c **** 			/* address, size */
 315:Generated_Source\PSoC5/cyfitter_cfg.c **** 			{(void CYFAR *)(CYREG_PRT0_DR), 16u},
 316:Generated_Source\PSoC5/cyfitter_cfg.c **** 			{(void CYFAR *)(CYREG_PRT2_DR), 80u},
 317:Generated_Source\PSoC5/cyfitter_cfg.c **** 			{(void CYFAR *)(CYREG_PRT12_DR), 16u},
 318:Generated_Source\PSoC5/cyfitter_cfg.c **** 			{(void CYFAR *)(CYDEV_UCFG_B0_P0_U0_BASE), 4096u},
 319:Generated_Source\PSoC5/cyfitter_cfg.c **** 			{(void CYFAR *)(CYDEV_UCFG_B1_P2_U0_BASE), 2048u},
 320:Generated_Source\PSoC5/cyfitter_cfg.c **** 			{(void CYFAR *)(CYDEV_UCFG_DSI0_BASE), 2560u},
 321:Generated_Source\PSoC5/cyfitter_cfg.c **** 			{(void CYFAR *)(CYDEV_UCFG_DSI12_BASE), 512u},
 322:Generated_Source\PSoC5/cyfitter_cfg.c **** 			{(void CYFAR *)(CYREG_BCTL0_MDCLK_EN), 32u},
 323:Generated_Source\PSoC5/cyfitter_cfg.c **** 		};
 324:Generated_Source\PSoC5/cyfitter_cfg.c **** 
 325:Generated_Source\PSoC5/cyfitter_cfg.c **** 		uint8 CYDATA i;
 326:Generated_Source\PSoC5/cyfitter_cfg.c **** 
 327:Generated_Source\PSoC5/cyfitter_cfg.c **** 		/* Zero out critical memory blocks before beginning configuration */
 328:Generated_Source\PSoC5/cyfitter_cfg.c **** 		for (i = 0u; i < (sizeof(cfg_memset_list)/sizeof(cfg_memset_list[0])); i++)
 324              		.loc 1 328 0
 325 000e 0024     		movs	r4, #0
 326 0010 0CE0     		b	.L24
 327              	.LVL21:
 328              	.L25:
 329              	.LBB3:
 329:Generated_Source\PSoC5/cyfitter_cfg.c **** 		{
ARM GAS  C:\Users\Henry\AppData\Local\Temp\ccwMCqgd.s 			page 13


 330:Generated_Source\PSoC5/cyfitter_cfg.c **** 			const cfg_memset_t CYCODE * CYDATA ms = &cfg_memset_list[i];
 331:Generated_Source\PSoC5/cyfitter_cfg.c **** 			CYMEMZERO(ms->address, (size_t)(uint32)(ms->size));
 330              		.loc 1 331 0 discriminator 3
 331 0012 1E4D     		ldr	r5, .L27+4
 332 0014 6300     		lsls	r3, r4, #1
 333 0016 1919     		adds	r1, r3, r4
 334 0018 4A00     		lsls	r2, r1, #1
 335 001a 1146     		mov	r1, r2
 336 001c 2A44     		add	r2, r2, r5
 337 001e 0846     		mov	r0, r1
 338 0020 9188     		ldrh	r1, [r2, #4]
 339 0022 2858     		ldr	r0, [r5, r0]	@ unaligned
 340 0024 FFF7FEFF 		bl	CYMEMZERO
 341              	.LVL22:
 342              	.LBE3:
 328:Generated_Source\PSoC5/cyfitter_cfg.c **** 		{
 343              		.loc 1 328 0 discriminator 3
 344 0028 0134     		adds	r4, r4, #1
 345              	.LVL23:
 346 002a E4B2     		uxtb	r4, r4
 347              	.LVL24:
 348              	.L24:
 328:Generated_Source\PSoC5/cyfitter_cfg.c **** 		{
 349              		.loc 1 328 0 is_stmt 0 discriminator 1
 350 002c 072C     		cmp	r4, #7
 351 002e F0D9     		bls	.L25
 332:Generated_Source\PSoC5/cyfitter_cfg.c **** 		}
 333:Generated_Source\PSoC5/cyfitter_cfg.c **** 
 334:Generated_Source\PSoC5/cyfitter_cfg.c **** 		/* Enable digital routing */
 335:Generated_Source\PSoC5/cyfitter_cfg.c **** 		CY_SET_XTND_REG8((void CYFAR *)CYREG_BCTL0_BANK_CTL, CY_GET_XTND_REG8((void CYFAR *)CYREG_BCTL0_B
 352              		.loc 1 335 0 is_stmt 1
 353 0030 174A     		ldr	r2, .L27+8
 354 0032 1378     		ldrb	r3, [r2]	@ zero_extendqisi2
 355 0034 43F00203 		orr	r3, r3, #2
 356 0038 1370     		strb	r3, [r2]
 336:Generated_Source\PSoC5/cyfitter_cfg.c **** 		CY_SET_XTND_REG8((void CYFAR *)CYREG_BCTL1_BANK_CTL, CY_GET_XTND_REG8((void CYFAR *)CYREG_BCTL1_B
 357              		.loc 1 336 0
 358 003a 1032     		adds	r2, r2, #16
 359 003c 1378     		ldrb	r3, [r2]	@ zero_extendqisi2
 360 003e 43F00203 		orr	r3, r3, #2
 361 0042 1370     		strb	r3, [r2]
 362              	.LBE2:
 337:Generated_Source\PSoC5/cyfitter_cfg.c **** 	}
 338:Generated_Source\PSoC5/cyfitter_cfg.c **** 
 339:Generated_Source\PSoC5/cyfitter_cfg.c **** 
 340:Generated_Source\PSoC5/cyfitter_cfg.c **** 	/* Perform second pass device configuration. These items must be configured in specific order afte
 341:Generated_Source\PSoC5/cyfitter_cfg.c **** 	CYCONFIGCPY((void CYFAR *)(CYREG_PRT15_DM0), (const void CYFAR *)(BS_IOPINS0_8_VAL), 8u);
 363              		.loc 1 341 0
 364 0044 0822     		movs	r2, #8
 365 0046 4FF09041 		mov	r1, #1207959552
 366 004a 1248     		ldr	r0, .L27+12
 367 004c FFF7FEFF 		bl	CYCONFIGCPY
 368              	.LVL25:
 342:Generated_Source\PSoC5/cyfitter_cfg.c **** 	CYCONFIGCPY((void CYFAR *)(CYREG_PRT1_DM0), (const void CYFAR *)(BS_IOPINS0_1_VAL), 8u);
 369              		.loc 1 342 0
 370 0050 0822     		movs	r2, #8
 371 0052 1149     		ldr	r1, .L27+16
ARM GAS  C:\Users\Henry\AppData\Local\Temp\ccwMCqgd.s 			page 14


 372 0054 1148     		ldr	r0, .L27+20
 373 0056 FFF7FEFF 		bl	CYCONFIGCPY
 374              	.LVL26:
 343:Generated_Source\PSoC5/cyfitter_cfg.c **** 	/* Switch Boost to the precision bandgap reference from its internal reference */
 344:Generated_Source\PSoC5/cyfitter_cfg.c **** 	CY_SET_REG8((void CYXDATA *)CYREG_BOOST_CR2, (CY_GET_REG8((void CYXDATA *)CYREG_BOOST_CR2) | 0x08u
 375              		.loc 1 344 0
 376 005a 114A     		ldr	r2, .L27+24
 377 005c 1378     		ldrb	r3, [r2]	@ zero_extendqisi2
 378 005e 43F00803 		orr	r3, r3, #8
 379 0062 1370     		strb	r3, [r2]
 345:Generated_Source\PSoC5/cyfitter_cfg.c **** 
 346:Generated_Source\PSoC5/cyfitter_cfg.c **** 	/* Set Flash Cycles based on max possible frequency in case a glitch occurs during ClockSetup(). *
 347:Generated_Source\PSoC5/cyfitter_cfg.c **** 	CY_SET_XTND_REG8((void CYFAR *)(CYREG_CACHE_CC_CTL), (((CYDEV_INSTRUCT_CACHE_ENABLED) != 0) ? 0x61
 380              		.loc 1 347 0
 381 0064 0F4C     		ldr	r4, .L27+28
 382              	.LVL27:
 383 0066 6123     		movs	r3, #97
 384 0068 2370     		strb	r3, [r4]
 348:Generated_Source\PSoC5/cyfitter_cfg.c **** 	/* Setup clocks based on selections from Clock DWR */
 349:Generated_Source\PSoC5/cyfitter_cfg.c **** 	ClockSetup();
 385              		.loc 1 349 0
 386 006a FFF7FEFF 		bl	ClockSetup
 387              	.LVL28:
 350:Generated_Source\PSoC5/cyfitter_cfg.c **** 	/* Set Flash Cycles based on newly configured 24.00MHz Bus Clock. */
 351:Generated_Source\PSoC5/cyfitter_cfg.c **** 	CY_SET_XTND_REG8((void CYFAR *)(CYREG_CACHE_CC_CTL), (((CYDEV_INSTRUCT_CACHE_ENABLED) != 0) ? 0x81
 388              		.loc 1 351 0
 389 006e 8123     		movs	r3, #129
 390 0070 2370     		strb	r3, [r4]
 352:Generated_Source\PSoC5/cyfitter_cfg.c **** 	CY_SET_XTND_REG8((void CYFAR *)(CYREG_PANTHER_WAITPIPE), 0x01u);
 391              		.loc 1 352 0
 392 0072 0122     		movs	r2, #1
 393 0074 0C4B     		ldr	r3, .L27+32
 394 0076 1A70     		strb	r2, [r3]
 353:Generated_Source\PSoC5/cyfitter_cfg.c **** 
 354:Generated_Source\PSoC5/cyfitter_cfg.c **** 	/* Perform basic analog initialization to defaults */
 355:Generated_Source\PSoC5/cyfitter_cfg.c **** 	AnalogSetDefault();
 395              		.loc 1 355 0
 396 0078 FFF7FEFF 		bl	AnalogSetDefault
 397              	.LVL29:
 356:Generated_Source\PSoC5/cyfitter_cfg.c **** 
 357:Generated_Source\PSoC5/cyfitter_cfg.c **** 	/* Configure alternate active mode */
 358:Generated_Source\PSoC5/cyfitter_cfg.c **** 	CYCONFIGCPY((void CYFAR *)CYDEV_PM_STBY_BASE, (const void CYFAR *)CYDEV_PM_ACT_BASE, 14u);
 398              		.loc 1 358 0
 399 007c 0E22     		movs	r2, #14
 400 007e 0B49     		ldr	r1, .L27+36
 401 0080 0B48     		ldr	r0, .L27+40
 402 0082 FFF7FEFF 		bl	CYCONFIGCPY
 403              	.LVL30:
 404 0086 38BD     		pop	{r3, r4, r5, pc}
 405              	.L28:
 406              		.align	2
 407              	.L27:
 408 0088 E8460040 		.word	1073759976
 409 008c 00000000 		.word	.LANCHOR0
 410 0090 03500140 		.word	1073827843
 411 0094 F2510040 		.word	1073762802
 412 0098 08000048 		.word	1207959560
ARM GAS  C:\Users\Henry\AppData\Local\Temp\ccwMCqgd.s 			page 15


 413 009c 12510040 		.word	1073762578
 414 00a0 22430040 		.word	1073759010
 415 00a4 00480040 		.word	1073760256
 416 00a8 04000840 		.word	1074266116
 417 00ac A0430040 		.word	1073759136
 418 00b0 B0430040 		.word	1073759152
 419              		.cfi_endproc
 420              	.LFE7:
 421              		.size	cyfitter_cfg, .-cyfitter_cfg
 422              		.section	.rodata
 423              		.align	2
 424              		.set	.LANCHOR0,. + 0
 425              		.type	cfg_memset_list.4992, %object
 426              		.size	cfg_memset_list.4992, 48
 427              	cfg_memset_list.4992:
 428 0000 00510040 		.word	1073762560
 429 0004 1000     		.short	16
 430 0006 20510040 		.4byte	1073762592
 431 000a 5000     		.short	80
 432 000c C0510040 		.word	1073762752
 433 0010 1000     		.short	16
 434 0012 00000140 		.4byte	1073807360
 435 0016 0010     		.short	4096
 436 0018 00140140 		.word	1073812480
 437 001c 0008     		.short	2048
 438 001e 00400140 		.4byte	1073823744
 439 0022 000A     		.short	2560
 440 0024 004C0140 		.word	1073826816
 441 0028 0002     		.short	512
 442 002a 00500140 		.4byte	1073827840
 443 002e 2000     		.short	32
 444              		.text
 445              	.Letext0:
 446              		.file 2 "c:\\program files (x86)\\cypress\\psoc creator\\4.4\\psoc creator\\import\\gnu\\arm\\5.4.
 447              		.file 3 "Generated_Source\\PSoC5\\cytypes.h"
 448              		.file 4 "Generated_Source\\PSoC5\\CyLib.h"
 449              		.section	.debug_info,"",%progbits
 450              	.Ldebug_info0:
 451 0000 CD030000 		.4byte	0x3cd
 452 0004 0400     		.2byte	0x4
 453 0006 00000000 		.4byte	.Ldebug_abbrev0
 454 000a 04       		.byte	0x4
 455 000b 01       		.uleb128 0x1
 456 000c 8E000000 		.4byte	.LASF39
 457 0010 0C       		.byte	0xc
 458 0011 EA010000 		.4byte	.LASF40
 459 0015 76020000 		.4byte	.LASF41
 460 0019 00000000 		.4byte	.Ldebug_ranges0+0
 461 001d 00000000 		.4byte	0
 462 0021 00000000 		.4byte	.Ldebug_line0
 463 0025 02       		.uleb128 0x2
 464 0026 04       		.byte	0x4
 465 0027 05       		.byte	0x5
 466 0028 696E7400 		.ascii	"int\000"
 467 002c 03       		.uleb128 0x3
 468 002d 14000000 		.4byte	.LASF12
 469 0031 02       		.byte	0x2
ARM GAS  C:\Users\Henry\AppData\Local\Temp\ccwMCqgd.s 			page 16


 470 0032 D8       		.byte	0xd8
 471 0033 37000000 		.4byte	0x37
 472 0037 04       		.uleb128 0x4
 473 0038 04       		.byte	0x4
 474 0039 07       		.byte	0x7
 475 003a 9A010000 		.4byte	.LASF0
 476 003e 04       		.uleb128 0x4
 477 003f 08       		.byte	0x8
 478 0040 05       		.byte	0x5
 479 0041 DC010000 		.4byte	.LASF1
 480 0045 04       		.uleb128 0x4
 481 0046 08       		.byte	0x8
 482 0047 04       		.byte	0x4
 483 0048 37020000 		.4byte	.LASF2
 484 004c 04       		.uleb128 0x4
 485 004d 01       		.byte	0x1
 486 004e 06       		.byte	0x6
 487 004f 55020000 		.4byte	.LASF3
 488 0053 04       		.uleb128 0x4
 489 0054 01       		.byte	0x1
 490 0055 08       		.byte	0x8
 491 0056 59010000 		.4byte	.LASF4
 492 005a 04       		.uleb128 0x4
 493 005b 02       		.byte	0x2
 494 005c 05       		.byte	0x5
 495 005d 17020000 		.4byte	.LASF5
 496 0061 04       		.uleb128 0x4
 497 0062 02       		.byte	0x2
 498 0063 07       		.byte	0x7
 499 0064 4F000000 		.4byte	.LASF6
 500 0068 04       		.uleb128 0x4
 501 0069 04       		.byte	0x4
 502 006a 05       		.byte	0x5
 503 006b 29020000 		.4byte	.LASF7
 504 006f 04       		.uleb128 0x4
 505 0070 04       		.byte	0x4
 506 0071 07       		.byte	0x7
 507 0072 21010000 		.4byte	.LASF8
 508 0076 04       		.uleb128 0x4
 509 0077 08       		.byte	0x8
 510 0078 07       		.byte	0x7
 511 0079 AF010000 		.4byte	.LASF9
 512 007d 04       		.uleb128 0x4
 513 007e 04       		.byte	0x4
 514 007f 07       		.byte	0x7
 515 0080 D3010000 		.4byte	.LASF10
 516 0084 05       		.uleb128 0x5
 517 0085 04       		.byte	0x4
 518 0086 04       		.uleb128 0x4
 519 0087 01       		.byte	0x1
 520 0088 08       		.byte	0x8
 521 0089 32020000 		.4byte	.LASF11
 522 008d 06       		.uleb128 0x6
 523 008e 33010000 		.4byte	.LASF13
 524 0092 03       		.byte	0x3
 525 0093 E801     		.2byte	0x1e8
 526 0095 53000000 		.4byte	0x53
ARM GAS  C:\Users\Henry\AppData\Local\Temp\ccwMCqgd.s 			page 17


 527 0099 06       		.uleb128 0x6
 528 009a 82010000 		.4byte	.LASF14
 529 009e 03       		.byte	0x3
 530 009f E901     		.2byte	0x1e9
 531 00a1 61000000 		.4byte	0x61
 532 00a5 06       		.uleb128 0x6
 533 00a6 93010000 		.4byte	.LASF15
 534 00aa 03       		.byte	0x3
 535 00ab EA01     		.2byte	0x1ea
 536 00ad 6F000000 		.4byte	0x6f
 537 00b1 04       		.uleb128 0x4
 538 00b2 04       		.byte	0x4
 539 00b3 04       		.byte	0x4
 540 00b4 6A000000 		.4byte	.LASF16
 541 00b8 04       		.uleb128 0x4
 542 00b9 08       		.byte	0x8
 543 00ba 04       		.byte	0x4
 544 00bb 6E010000 		.4byte	.LASF17
 545 00bf 06       		.uleb128 0x6
 546 00c0 1C010000 		.4byte	.LASF18
 547 00c4 03       		.byte	0x3
 548 00c5 9202     		.2byte	0x292
 549 00c7 CB000000 		.4byte	0xcb
 550 00cb 07       		.uleb128 0x7
 551 00cc 8D000000 		.4byte	0x8d
 552 00d0 06       		.uleb128 0x6
 553 00d1 00000000 		.4byte	.LASF19
 554 00d5 03       		.byte	0x3
 555 00d6 9302     		.2byte	0x293
 556 00d8 DC000000 		.4byte	0xdc
 557 00dc 07       		.uleb128 0x7
 558 00dd 99000000 		.4byte	0x99
 559 00e1 08       		.uleb128 0x8
 560 00e2 70000000 		.4byte	.LASF42
 561 00e6 01       		.byte	0x1
 562 00e7 7F       		.byte	0x7f
 563 00e8 00000000 		.4byte	.LFB3
 564 00ec 02000000 		.4byte	.LFE3-.LFB3
 565 00f0 01       		.uleb128 0x1
 566 00f1 9C       		.byte	0x9c
 567 00f2 04010000 		.4byte	0x104
 568 00f6 09       		.uleb128 0x9
 569 00f7 89010000 		.4byte	.LASF22
 570 00fb 01       		.byte	0x1
 571 00fc 7F       		.byte	0x7f
 572 00fd 8D000000 		.4byte	0x8d
 573 0101 01       		.uleb128 0x1
 574 0102 50       		.byte	0x50
 575 0103 00       		.byte	0
 576 0104 0A       		.uleb128 0xa
 577 0105 1B000000 		.4byte	.LASF20
 578 0109 01       		.byte	0x1
 579 010a EA       		.byte	0xea
 580 010b 00000000 		.4byte	.LFB5
 581 010f 38000000 		.4byte	.LFE5-.LFB5
 582 0113 01       		.uleb128 0x1
 583 0114 9C       		.byte	0x9c
ARM GAS  C:\Users\Henry\AppData\Local\Temp\ccwMCqgd.s 			page 18


 584 0115 29010000 		.4byte	0x129
 585 0119 0B       		.uleb128 0xb
 586 011a 43020000 		.4byte	.LASF24
 587 011e 01       		.byte	0x1
 588 011f EC       		.byte	0xec
 589 0120 8D000000 		.4byte	0x8d
 590 0124 00000000 		.4byte	.LLST0
 591 0128 00       		.byte	0
 592 0129 0A       		.uleb128 0xa
 593 012a 39010000 		.4byte	.LASF21
 594 012e 01       		.byte	0x1
 595 012f 4D       		.byte	0x4d
 596 0130 00000000 		.4byte	.LFB0
 597 0134 0C000000 		.4byte	.LFE0-.LFB0
 598 0138 01       		.uleb128 0x1
 599 0139 9C       		.byte	0x9c
 600 013a 76010000 		.4byte	0x176
 601 013e 0C       		.uleb128 0xc
 602 013f 7300     		.ascii	"s\000"
 603 0141 01       		.byte	0x1
 604 0142 4D       		.byte	0x4d
 605 0143 84000000 		.4byte	0x84
 606 0147 13000000 		.4byte	.LLST1
 607 014b 0C       		.uleb128 0xc
 608 014c 6E00     		.ascii	"n\000"
 609 014e 01       		.byte	0x1
 610 014f 4D       		.byte	0x4d
 611 0150 2C000000 		.4byte	0x2c
 612 0154 34000000 		.4byte	.LLST2
 613 0158 0D       		.uleb128 0xd
 614 0159 0A000000 		.4byte	.LVL5
 615 015d B3030000 		.4byte	0x3b3
 616 0161 0E       		.uleb128 0xe
 617 0162 01       		.uleb128 0x1
 618 0163 50       		.byte	0x50
 619 0164 03       		.uleb128 0x3
 620 0165 F3       		.byte	0xf3
 621 0166 01       		.uleb128 0x1
 622 0167 50       		.byte	0x50
 623 0168 0E       		.uleb128 0xe
 624 0169 01       		.uleb128 0x1
 625 016a 51       		.byte	0x51
 626 016b 01       		.uleb128 0x1
 627 016c 30       		.byte	0x30
 628 016d 0E       		.uleb128 0xe
 629 016e 01       		.uleb128 0x1
 630 016f 52       		.byte	0x52
 631 0170 03       		.uleb128 0x3
 632 0171 F3       		.byte	0xf3
 633 0172 01       		.uleb128 0x1
 634 0173 51       		.byte	0x51
 635 0174 00       		.byte	0
 636 0175 00       		.byte	0
 637 0176 0A       		.uleb128 0xa
 638 0177 44000000 		.4byte	.LASF23
 639 017b 01       		.byte	0x1
 640 017c AF       		.byte	0xaf
ARM GAS  C:\Users\Henry\AppData\Local\Temp\ccwMCqgd.s 			page 19


 641 017d 00000000 		.4byte	.LFB4
 642 0181 9C000000 		.4byte	.LFE4-.LFB4
 643 0185 01       		.uleb128 0x1
 644 0186 9C       		.byte	0x9c
 645 0187 CE010000 		.4byte	0x1ce
 646 018b 0B       		.uleb128 0xb
 647 018c 2C000000 		.4byte	.LASF25
 648 0190 01       		.byte	0x1
 649 0191 B1       		.byte	0xb1
 650 0192 A5000000 		.4byte	0xa5
 651 0196 60000000 		.4byte	.LLST3
 652 019a 0B       		.uleb128 0xb
 653 019b 62000000 		.4byte	.LASF26
 654 019f 01       		.byte	0x1
 655 01a0 B2       		.byte	0xb2
 656 01a1 8D000000 		.4byte	0x8d
 657 01a5 7F000000 		.4byte	.LLST4
 658 01a9 0F       		.uleb128 0xf
 659 01aa 4C000000 		.4byte	.LVL10
 660 01ae BC030000 		.4byte	0x3bc
 661 01b2 BE010000 		.4byte	0x1be
 662 01b6 0E       		.uleb128 0xe
 663 01b7 01       		.uleb128 0x1
 664 01b8 50       		.byte	0x50
 665 01b9 03       		.uleb128 0x3
 666 01ba 0A       		.byte	0xa
 667 01bb E001     		.2byte	0x1e0
 668 01bd 00       		.byte	0
 669 01be 0D       		.uleb128 0xd
 670 01bf 5C000000 		.4byte	.LVL12
 671 01c3 E1000000 		.4byte	0xe1
 672 01c7 0E       		.uleb128 0xe
 673 01c8 01       		.uleb128 0x1
 674 01c9 50       		.byte	0x50
 675 01ca 01       		.uleb128 0x1
 676 01cb 33       		.byte	0x33
 677 01cc 00       		.byte	0
 678 01cd 00       		.byte	0
 679 01ce 0A       		.uleb128 0xa
 680 01cf 6A020000 		.4byte	.LASF27
 681 01d3 01       		.byte	0x1
 682 01d4 54       		.byte	0x54
 683 01d5 00000000 		.4byte	.LFB1
 684 01d9 08000000 		.4byte	.LFE1-.LFB1
 685 01dd 01       		.uleb128 0x1
 686 01de 9C       		.byte	0x9c
 687 01df 2E020000 		.4byte	0x22e
 688 01e3 10       		.uleb128 0x10
 689 01e4 84000000 		.4byte	.LASF28
 690 01e8 01       		.byte	0x1
 691 01e9 54       		.byte	0x54
 692 01ea 84000000 		.4byte	0x84
 693 01ee A9000000 		.4byte	.LLST5
 694 01f2 0C       		.uleb128 0xc
 695 01f3 73726300 		.ascii	"src\000"
 696 01f7 01       		.byte	0x1
 697 01f8 54       		.byte	0x54
ARM GAS  C:\Users\Henry\AppData\Local\Temp\ccwMCqgd.s 			page 20


 698 01f9 2E020000 		.4byte	0x22e
 699 01fd CA000000 		.4byte	.LLST6
 700 0201 0C       		.uleb128 0xc
 701 0202 6E00     		.ascii	"n\000"
 702 0204 01       		.byte	0x1
 703 0205 54       		.byte	0x54
 704 0206 2C000000 		.4byte	0x2c
 705 020a EB000000 		.4byte	.LLST7
 706 020e 0D       		.uleb128 0xd
 707 020f 06000000 		.4byte	.LVL15
 708 0213 C7030000 		.4byte	0x3c7
 709 0217 0E       		.uleb128 0xe
 710 0218 01       		.uleb128 0x1
 711 0219 50       		.byte	0x50
 712 021a 03       		.uleb128 0x3
 713 021b F3       		.byte	0xf3
 714 021c 01       		.uleb128 0x1
 715 021d 50       		.byte	0x50
 716 021e 0E       		.uleb128 0xe
 717 021f 01       		.uleb128 0x1
 718 0220 51       		.byte	0x51
 719 0221 03       		.uleb128 0x3
 720 0222 F3       		.byte	0xf3
 721 0223 01       		.uleb128 0x1
 722 0224 51       		.byte	0x51
 723 0225 0E       		.uleb128 0xe
 724 0226 01       		.uleb128 0x1
 725 0227 52       		.byte	0x52
 726 0228 03       		.uleb128 0x3
 727 0229 F3       		.byte	0xf3
 728 022a 01       		.uleb128 0x1
 729 022b 52       		.byte	0x52
 730 022c 00       		.byte	0
 731 022d 00       		.byte	0
 732 022e 11       		.uleb128 0x11
 733 022f 04       		.byte	0x4
 734 0230 34020000 		.4byte	0x234
 735 0234 12       		.uleb128 0x12
 736 0235 13       		.uleb128 0x13
 737 0236 43010000 		.4byte	.LASF31
 738 023a 01       		.byte	0x1
 739 023b 0601     		.2byte	0x106
 740 023d 00000000 		.4byte	.LFB6
 741 0241 1C000000 		.4byte	.LFE6-.LFB6
 742 0245 01       		.uleb128 0x1
 743 0246 9C       		.byte	0x9c
 744 0247 68020000 		.4byte	0x268
 745 024b 14       		.uleb128 0x14
 746 024c 21020000 		.4byte	.LASF29
 747 0250 01       		.byte	0x1
 748 0251 0601     		.2byte	0x106
 749 0253 8D000000 		.4byte	0x8d
 750 0257 01       		.uleb128 0x1
 751 0258 50       		.byte	0x50
 752 0259 15       		.uleb128 0x15
 753 025a 61020000 		.4byte	.LASF30
 754 025e 01       		.byte	0x1
ARM GAS  C:\Users\Henry\AppData\Local\Temp\ccwMCqgd.s 			page 21


 755 025f 0801     		.2byte	0x108
 756 0261 8D000000 		.4byte	0x8d
 757 0265 01       		.uleb128 0x1
 758 0266 53       		.byte	0x53
 759 0267 00       		.byte	0
 760 0268 13       		.uleb128 0x13
 761 0269 75010000 		.4byte	.LASF32
 762 026d 01       		.byte	0x1
 763 026e 2801     		.2byte	0x128
 764 0270 00000000 		.4byte	.LFB7
 765 0274 B4000000 		.4byte	.LFE7-.LFB7
 766 0278 01       		.uleb128 0x1
 767 0279 9C       		.byte	0x9c
 768 027a B3030000 		.4byte	0x3b3
 769 027e 16       		.uleb128 0x16
 770 027f 0E000000 		.4byte	.LBB2
 771 0283 36000000 		.4byte	.LBE2-.LBB2
 772 0287 37030000 		.4byte	0x337
 773 028b 17       		.uleb128 0x17
 774 028c 06       		.byte	0x6
 775 028d 01       		.byte	0x1
 776 028e 3401     		.2byte	0x134
 777 0290 AF020000 		.4byte	0x2af
 778 0294 18       		.uleb128 0x18
 779 0295 A7010000 		.4byte	.LASF33
 780 0299 01       		.byte	0x1
 781 029a 3501     		.2byte	0x135
 782 029c 84000000 		.4byte	0x84
 783 02a0 00       		.byte	0
 784 02a1 18       		.uleb128 0x18
 785 02a2 89000000 		.4byte	.LASF34
 786 02a6 01       		.byte	0x1
 787 02a7 3601     		.2byte	0x136
 788 02a9 99000000 		.4byte	0x99
 789 02ad 04       		.byte	0x4
 790 02ae 00       		.byte	0
 791 02af 06       		.uleb128 0x6
 792 02b0 C6010000 		.4byte	.LASF35
 793 02b4 01       		.byte	0x1
 794 02b5 3701     		.2byte	0x137
 795 02b7 8B020000 		.4byte	0x28b
 796 02bb 19       		.uleb128 0x19
 797 02bc CB020000 		.4byte	0x2cb
 798 02c0 CB020000 		.4byte	0x2cb
 799 02c4 1A       		.uleb128 0x1a
 800 02c5 7D000000 		.4byte	0x7d
 801 02c9 07       		.byte	0x7
 802 02ca 00       		.byte	0
 803 02cb 1B       		.uleb128 0x1b
 804 02cc AF020000 		.4byte	0x2af
 805 02d0 15       		.uleb128 0x15
 806 02d1 34000000 		.4byte	.LASF36
 807 02d5 01       		.byte	0x1
 808 02d6 3901     		.2byte	0x139
 809 02d8 E2020000 		.4byte	0x2e2
 810 02dc 05       		.uleb128 0x5
 811 02dd 03       		.byte	0x3
ARM GAS  C:\Users\Henry\AppData\Local\Temp\ccwMCqgd.s 			page 22


 812 02de 00000000 		.4byte	cfg_memset_list.4992
 813 02e2 1B       		.uleb128 0x1b
 814 02e3 BB020000 		.4byte	0x2bb
 815 02e7 1C       		.uleb128 0x1c
 816 02e8 6900     		.ascii	"i\000"
 817 02ea 01       		.byte	0x1
 818 02eb 4501     		.2byte	0x145
 819 02ed 8D000000 		.4byte	0x8d
 820 02f1 0C010000 		.4byte	.LLST8
 821 02f5 1D       		.uleb128 0x1d
 822 02f6 12000000 		.4byte	.LBB3
 823 02fa 16000000 		.4byte	.LBE3-.LBB3
 824 02fe 1C       		.uleb128 0x1c
 825 02ff 6D7300   		.ascii	"ms\000"
 826 0302 01       		.byte	0x1
 827 0303 4A01     		.2byte	0x14a
 828 0305 0D030000 		.4byte	0x30d
 829 0309 36010000 		.4byte	.LLST9
 830 030d 11       		.uleb128 0x11
 831 030e 04       		.byte	0x4
 832 030f CB020000 		.4byte	0x2cb
 833 0313 0D       		.uleb128 0xd
 834 0314 28000000 		.4byte	.LVL22
 835 0318 29010000 		.4byte	0x129
 836 031c 0E       		.uleb128 0xe
 837 031d 01       		.uleb128 0x1
 838 031e 51       		.byte	0x51
 839 031f 14       		.uleb128 0x14
 840 0320 74       		.byte	0x74
 841 0321 00       		.sleb128 0
 842 0322 31       		.byte	0x31
 843 0323 24       		.byte	0x24
 844 0324 74       		.byte	0x74
 845 0325 00       		.sleb128 0
 846 0326 22       		.byte	0x22
 847 0327 31       		.byte	0x31
 848 0328 24       		.byte	0x24
 849 0329 75       		.byte	0x75
 850 032a 00       		.sleb128 0
 851 032b 22       		.byte	0x22
 852 032c 23       		.byte	0x23
 853 032d 04       		.uleb128 0x4
 854 032e 94       		.byte	0x94
 855 032f 02       		.byte	0x2
 856 0330 0A       		.byte	0xa
 857 0331 FFFF     		.2byte	0xffff
 858 0333 1A       		.byte	0x1a
 859 0334 00       		.byte	0
 860 0335 00       		.byte	0
 861 0336 00       		.byte	0
 862 0337 0F       		.uleb128 0xf
 863 0338 50000000 		.4byte	.LVL25
 864 033c CE010000 		.4byte	0x1ce
 865 0340 5A030000 		.4byte	0x35a
 866 0344 0E       		.uleb128 0xe
 867 0345 01       		.uleb128 0x1
 868 0346 50       		.byte	0x50
ARM GAS  C:\Users\Henry\AppData\Local\Temp\ccwMCqgd.s 			page 23


 869 0347 05       		.uleb128 0x5
 870 0348 0C       		.byte	0xc
 871 0349 F2510040 		.4byte	0x400051f2
 872 034d 0E       		.uleb128 0xe
 873 034e 01       		.uleb128 0x1
 874 034f 51       		.byte	0x51
 875 0350 03       		.uleb128 0x3
 876 0351 42       		.byte	0x42
 877 0352 4A       		.byte	0x4a
 878 0353 24       		.byte	0x24
 879 0354 0E       		.uleb128 0xe
 880 0355 01       		.uleb128 0x1
 881 0356 52       		.byte	0x52
 882 0357 01       		.uleb128 0x1
 883 0358 38       		.byte	0x38
 884 0359 00       		.byte	0
 885 035a 0F       		.uleb128 0xf
 886 035b 5A000000 		.4byte	.LVL26
 887 035f CE010000 		.4byte	0x1ce
 888 0363 7F030000 		.4byte	0x37f
 889 0367 0E       		.uleb128 0xe
 890 0368 01       		.uleb128 0x1
 891 0369 50       		.byte	0x50
 892 036a 05       		.uleb128 0x5
 893 036b 0C       		.byte	0xc
 894 036c 12510040 		.4byte	0x40005112
 895 0370 0E       		.uleb128 0xe
 896 0371 01       		.uleb128 0x1
 897 0372 51       		.byte	0x51
 898 0373 05       		.uleb128 0x5
 899 0374 0C       		.byte	0xc
 900 0375 08000048 		.4byte	0x48000008
 901 0379 0E       		.uleb128 0xe
 902 037a 01       		.uleb128 0x1
 903 037b 52       		.byte	0x52
 904 037c 01       		.uleb128 0x1
 905 037d 38       		.byte	0x38
 906 037e 00       		.byte	0
 907 037f 1E       		.uleb128 0x1e
 908 0380 6E000000 		.4byte	.LVL28
 909 0384 76010000 		.4byte	0x176
 910 0388 1E       		.uleb128 0x1e
 911 0389 7C000000 		.4byte	.LVL29
 912 038d 04010000 		.4byte	0x104
 913 0391 0D       		.uleb128 0xd
 914 0392 86000000 		.4byte	.LVL30
 915 0396 CE010000 		.4byte	0x1ce
 916 039a 0E       		.uleb128 0xe
 917 039b 01       		.uleb128 0x1
 918 039c 50       		.byte	0x50
 919 039d 05       		.uleb128 0x5
 920 039e 0C       		.byte	0xc
 921 039f B0430040 		.4byte	0x400043b0
 922 03a3 0E       		.uleb128 0xe
 923 03a4 01       		.uleb128 0x1
 924 03a5 51       		.byte	0x51
 925 03a6 05       		.uleb128 0x5
ARM GAS  C:\Users\Henry\AppData\Local\Temp\ccwMCqgd.s 			page 24


 926 03a7 0C       		.byte	0xc
 927 03a8 A0430040 		.4byte	0x400043a0
 928 03ac 0E       		.uleb128 0xe
 929 03ad 01       		.uleb128 0x1
 930 03ae 52       		.byte	0x52
 931 03af 01       		.uleb128 0x1
 932 03b0 3E       		.byte	0x3e
 933 03b1 00       		.byte	0
 934 03b2 00       		.byte	0
 935 03b3 1F       		.uleb128 0x1f
 936 03b4 67010000 		.4byte	.LASF37
 937 03b8 67010000 		.4byte	.LASF37
 938 03bc 20       		.uleb128 0x20
 939 03bd 06000000 		.4byte	.LASF43
 940 03c1 06000000 		.4byte	.LASF43
 941 03c5 04       		.byte	0x4
 942 03c6 79       		.byte	0x79
 943 03c7 1F       		.uleb128 0x1f
 944 03c8 10020000 		.4byte	.LASF38
 945 03cc 10020000 		.4byte	.LASF38
 946 03d0 00       		.byte	0
 947              		.section	.debug_abbrev,"",%progbits
 948              	.Ldebug_abbrev0:
 949 0000 01       		.uleb128 0x1
 950 0001 11       		.uleb128 0x11
 951 0002 01       		.byte	0x1
 952 0003 25       		.uleb128 0x25
 953 0004 0E       		.uleb128 0xe
 954 0005 13       		.uleb128 0x13
 955 0006 0B       		.uleb128 0xb
 956 0007 03       		.uleb128 0x3
 957 0008 0E       		.uleb128 0xe
 958 0009 1B       		.uleb128 0x1b
 959 000a 0E       		.uleb128 0xe
 960 000b 55       		.uleb128 0x55
 961 000c 17       		.uleb128 0x17
 962 000d 11       		.uleb128 0x11
 963 000e 01       		.uleb128 0x1
 964 000f 10       		.uleb128 0x10
 965 0010 17       		.uleb128 0x17
 966 0011 00       		.byte	0
 967 0012 00       		.byte	0
 968 0013 02       		.uleb128 0x2
 969 0014 24       		.uleb128 0x24
 970 0015 00       		.byte	0
 971 0016 0B       		.uleb128 0xb
 972 0017 0B       		.uleb128 0xb
 973 0018 3E       		.uleb128 0x3e
 974 0019 0B       		.uleb128 0xb
 975 001a 03       		.uleb128 0x3
 976 001b 08       		.uleb128 0x8
 977 001c 00       		.byte	0
 978 001d 00       		.byte	0
 979 001e 03       		.uleb128 0x3
 980 001f 16       		.uleb128 0x16
 981 0020 00       		.byte	0
 982 0021 03       		.uleb128 0x3
ARM GAS  C:\Users\Henry\AppData\Local\Temp\ccwMCqgd.s 			page 25


 983 0022 0E       		.uleb128 0xe
 984 0023 3A       		.uleb128 0x3a
 985 0024 0B       		.uleb128 0xb
 986 0025 3B       		.uleb128 0x3b
 987 0026 0B       		.uleb128 0xb
 988 0027 49       		.uleb128 0x49
 989 0028 13       		.uleb128 0x13
 990 0029 00       		.byte	0
 991 002a 00       		.byte	0
 992 002b 04       		.uleb128 0x4
 993 002c 24       		.uleb128 0x24
 994 002d 00       		.byte	0
 995 002e 0B       		.uleb128 0xb
 996 002f 0B       		.uleb128 0xb
 997 0030 3E       		.uleb128 0x3e
 998 0031 0B       		.uleb128 0xb
 999 0032 03       		.uleb128 0x3
 1000 0033 0E       		.uleb128 0xe
 1001 0034 00       		.byte	0
 1002 0035 00       		.byte	0
 1003 0036 05       		.uleb128 0x5
 1004 0037 0F       		.uleb128 0xf
 1005 0038 00       		.byte	0
 1006 0039 0B       		.uleb128 0xb
 1007 003a 0B       		.uleb128 0xb
 1008 003b 00       		.byte	0
 1009 003c 00       		.byte	0
 1010 003d 06       		.uleb128 0x6
 1011 003e 16       		.uleb128 0x16
 1012 003f 00       		.byte	0
 1013 0040 03       		.uleb128 0x3
 1014 0041 0E       		.uleb128 0xe
 1015 0042 3A       		.uleb128 0x3a
 1016 0043 0B       		.uleb128 0xb
 1017 0044 3B       		.uleb128 0x3b
 1018 0045 05       		.uleb128 0x5
 1019 0046 49       		.uleb128 0x49
 1020 0047 13       		.uleb128 0x13
 1021 0048 00       		.byte	0
 1022 0049 00       		.byte	0
 1023 004a 07       		.uleb128 0x7
 1024 004b 35       		.uleb128 0x35
 1025 004c 00       		.byte	0
 1026 004d 49       		.uleb128 0x49
 1027 004e 13       		.uleb128 0x13
 1028 004f 00       		.byte	0
 1029 0050 00       		.byte	0
 1030 0051 08       		.uleb128 0x8
 1031 0052 2E       		.uleb128 0x2e
 1032 0053 01       		.byte	0x1
 1033 0054 03       		.uleb128 0x3
 1034 0055 0E       		.uleb128 0xe
 1035 0056 3A       		.uleb128 0x3a
 1036 0057 0B       		.uleb128 0xb
 1037 0058 3B       		.uleb128 0x3b
 1038 0059 0B       		.uleb128 0xb
 1039 005a 27       		.uleb128 0x27
ARM GAS  C:\Users\Henry\AppData\Local\Temp\ccwMCqgd.s 			page 26


 1040 005b 19       		.uleb128 0x19
 1041 005c 8701     		.uleb128 0x87
 1042 005e 19       		.uleb128 0x19
 1043 005f 11       		.uleb128 0x11
 1044 0060 01       		.uleb128 0x1
 1045 0061 12       		.uleb128 0x12
 1046 0062 06       		.uleb128 0x6
 1047 0063 40       		.uleb128 0x40
 1048 0064 18       		.uleb128 0x18
 1049 0065 9742     		.uleb128 0x2117
 1050 0067 19       		.uleb128 0x19
 1051 0068 01       		.uleb128 0x1
 1052 0069 13       		.uleb128 0x13
 1053 006a 00       		.byte	0
 1054 006b 00       		.byte	0
 1055 006c 09       		.uleb128 0x9
 1056 006d 05       		.uleb128 0x5
 1057 006e 00       		.byte	0
 1058 006f 03       		.uleb128 0x3
 1059 0070 0E       		.uleb128 0xe
 1060 0071 3A       		.uleb128 0x3a
 1061 0072 0B       		.uleb128 0xb
 1062 0073 3B       		.uleb128 0x3b
 1063 0074 0B       		.uleb128 0xb
 1064 0075 49       		.uleb128 0x49
 1065 0076 13       		.uleb128 0x13
 1066 0077 02       		.uleb128 0x2
 1067 0078 18       		.uleb128 0x18
 1068 0079 00       		.byte	0
 1069 007a 00       		.byte	0
 1070 007b 0A       		.uleb128 0xa
 1071 007c 2E       		.uleb128 0x2e
 1072 007d 01       		.byte	0x1
 1073 007e 03       		.uleb128 0x3
 1074 007f 0E       		.uleb128 0xe
 1075 0080 3A       		.uleb128 0x3a
 1076 0081 0B       		.uleb128 0xb
 1077 0082 3B       		.uleb128 0x3b
 1078 0083 0B       		.uleb128 0xb
 1079 0084 27       		.uleb128 0x27
 1080 0085 19       		.uleb128 0x19
 1081 0086 11       		.uleb128 0x11
 1082 0087 01       		.uleb128 0x1
 1083 0088 12       		.uleb128 0x12
 1084 0089 06       		.uleb128 0x6
 1085 008a 40       		.uleb128 0x40
 1086 008b 18       		.uleb128 0x18
 1087 008c 9742     		.uleb128 0x2117
 1088 008e 19       		.uleb128 0x19
 1089 008f 01       		.uleb128 0x1
 1090 0090 13       		.uleb128 0x13
 1091 0091 00       		.byte	0
 1092 0092 00       		.byte	0
 1093 0093 0B       		.uleb128 0xb
 1094 0094 34       		.uleb128 0x34
 1095 0095 00       		.byte	0
 1096 0096 03       		.uleb128 0x3
ARM GAS  C:\Users\Henry\AppData\Local\Temp\ccwMCqgd.s 			page 27


 1097 0097 0E       		.uleb128 0xe
 1098 0098 3A       		.uleb128 0x3a
 1099 0099 0B       		.uleb128 0xb
 1100 009a 3B       		.uleb128 0x3b
 1101 009b 0B       		.uleb128 0xb
 1102 009c 49       		.uleb128 0x49
 1103 009d 13       		.uleb128 0x13
 1104 009e 02       		.uleb128 0x2
 1105 009f 17       		.uleb128 0x17
 1106 00a0 00       		.byte	0
 1107 00a1 00       		.byte	0
 1108 00a2 0C       		.uleb128 0xc
 1109 00a3 05       		.uleb128 0x5
 1110 00a4 00       		.byte	0
 1111 00a5 03       		.uleb128 0x3
 1112 00a6 08       		.uleb128 0x8
 1113 00a7 3A       		.uleb128 0x3a
 1114 00a8 0B       		.uleb128 0xb
 1115 00a9 3B       		.uleb128 0x3b
 1116 00aa 0B       		.uleb128 0xb
 1117 00ab 49       		.uleb128 0x49
 1118 00ac 13       		.uleb128 0x13
 1119 00ad 02       		.uleb128 0x2
 1120 00ae 17       		.uleb128 0x17
 1121 00af 00       		.byte	0
 1122 00b0 00       		.byte	0
 1123 00b1 0D       		.uleb128 0xd
 1124 00b2 898201   		.uleb128 0x4109
 1125 00b5 01       		.byte	0x1
 1126 00b6 11       		.uleb128 0x11
 1127 00b7 01       		.uleb128 0x1
 1128 00b8 31       		.uleb128 0x31
 1129 00b9 13       		.uleb128 0x13
 1130 00ba 00       		.byte	0
 1131 00bb 00       		.byte	0
 1132 00bc 0E       		.uleb128 0xe
 1133 00bd 8A8201   		.uleb128 0x410a
 1134 00c0 00       		.byte	0
 1135 00c1 02       		.uleb128 0x2
 1136 00c2 18       		.uleb128 0x18
 1137 00c3 9142     		.uleb128 0x2111
 1138 00c5 18       		.uleb128 0x18
 1139 00c6 00       		.byte	0
 1140 00c7 00       		.byte	0
 1141 00c8 0F       		.uleb128 0xf
 1142 00c9 898201   		.uleb128 0x4109
 1143 00cc 01       		.byte	0x1
 1144 00cd 11       		.uleb128 0x11
 1145 00ce 01       		.uleb128 0x1
 1146 00cf 31       		.uleb128 0x31
 1147 00d0 13       		.uleb128 0x13
 1148 00d1 01       		.uleb128 0x1
 1149 00d2 13       		.uleb128 0x13
 1150 00d3 00       		.byte	0
 1151 00d4 00       		.byte	0
 1152 00d5 10       		.uleb128 0x10
 1153 00d6 05       		.uleb128 0x5
ARM GAS  C:\Users\Henry\AppData\Local\Temp\ccwMCqgd.s 			page 28


 1154 00d7 00       		.byte	0
 1155 00d8 03       		.uleb128 0x3
 1156 00d9 0E       		.uleb128 0xe
 1157 00da 3A       		.uleb128 0x3a
 1158 00db 0B       		.uleb128 0xb
 1159 00dc 3B       		.uleb128 0x3b
 1160 00dd 0B       		.uleb128 0xb
 1161 00de 49       		.uleb128 0x49
 1162 00df 13       		.uleb128 0x13
 1163 00e0 02       		.uleb128 0x2
 1164 00e1 17       		.uleb128 0x17
 1165 00e2 00       		.byte	0
 1166 00e3 00       		.byte	0
 1167 00e4 11       		.uleb128 0x11
 1168 00e5 0F       		.uleb128 0xf
 1169 00e6 00       		.byte	0
 1170 00e7 0B       		.uleb128 0xb
 1171 00e8 0B       		.uleb128 0xb
 1172 00e9 49       		.uleb128 0x49
 1173 00ea 13       		.uleb128 0x13
 1174 00eb 00       		.byte	0
 1175 00ec 00       		.byte	0
 1176 00ed 12       		.uleb128 0x12
 1177 00ee 26       		.uleb128 0x26
 1178 00ef 00       		.byte	0
 1179 00f0 00       		.byte	0
 1180 00f1 00       		.byte	0
 1181 00f2 13       		.uleb128 0x13
 1182 00f3 2E       		.uleb128 0x2e
 1183 00f4 01       		.byte	0x1
 1184 00f5 3F       		.uleb128 0x3f
 1185 00f6 19       		.uleb128 0x19
 1186 00f7 03       		.uleb128 0x3
 1187 00f8 0E       		.uleb128 0xe
 1188 00f9 3A       		.uleb128 0x3a
 1189 00fa 0B       		.uleb128 0xb
 1190 00fb 3B       		.uleb128 0x3b
 1191 00fc 05       		.uleb128 0x5
 1192 00fd 27       		.uleb128 0x27
 1193 00fe 19       		.uleb128 0x19
 1194 00ff 11       		.uleb128 0x11
 1195 0100 01       		.uleb128 0x1
 1196 0101 12       		.uleb128 0x12
 1197 0102 06       		.uleb128 0x6
 1198 0103 40       		.uleb128 0x40
 1199 0104 18       		.uleb128 0x18
 1200 0105 9742     		.uleb128 0x2117
 1201 0107 19       		.uleb128 0x19
 1202 0108 01       		.uleb128 0x1
 1203 0109 13       		.uleb128 0x13
 1204 010a 00       		.byte	0
 1205 010b 00       		.byte	0
 1206 010c 14       		.uleb128 0x14
 1207 010d 05       		.uleb128 0x5
 1208 010e 00       		.byte	0
 1209 010f 03       		.uleb128 0x3
 1210 0110 0E       		.uleb128 0xe
ARM GAS  C:\Users\Henry\AppData\Local\Temp\ccwMCqgd.s 			page 29


 1211 0111 3A       		.uleb128 0x3a
 1212 0112 0B       		.uleb128 0xb
 1213 0113 3B       		.uleb128 0x3b
 1214 0114 05       		.uleb128 0x5
 1215 0115 49       		.uleb128 0x49
 1216 0116 13       		.uleb128 0x13
 1217 0117 02       		.uleb128 0x2
 1218 0118 18       		.uleb128 0x18
 1219 0119 00       		.byte	0
 1220 011a 00       		.byte	0
 1221 011b 15       		.uleb128 0x15
 1222 011c 34       		.uleb128 0x34
 1223 011d 00       		.byte	0
 1224 011e 03       		.uleb128 0x3
 1225 011f 0E       		.uleb128 0xe
 1226 0120 3A       		.uleb128 0x3a
 1227 0121 0B       		.uleb128 0xb
 1228 0122 3B       		.uleb128 0x3b
 1229 0123 05       		.uleb128 0x5
 1230 0124 49       		.uleb128 0x49
 1231 0125 13       		.uleb128 0x13
 1232 0126 02       		.uleb128 0x2
 1233 0127 18       		.uleb128 0x18
 1234 0128 00       		.byte	0
 1235 0129 00       		.byte	0
 1236 012a 16       		.uleb128 0x16
 1237 012b 0B       		.uleb128 0xb
 1238 012c 01       		.byte	0x1
 1239 012d 11       		.uleb128 0x11
 1240 012e 01       		.uleb128 0x1
 1241 012f 12       		.uleb128 0x12
 1242 0130 06       		.uleb128 0x6
 1243 0131 01       		.uleb128 0x1
 1244 0132 13       		.uleb128 0x13
 1245 0133 00       		.byte	0
 1246 0134 00       		.byte	0
 1247 0135 17       		.uleb128 0x17
 1248 0136 13       		.uleb128 0x13
 1249 0137 01       		.byte	0x1
 1250 0138 0B       		.uleb128 0xb
 1251 0139 0B       		.uleb128 0xb
 1252 013a 3A       		.uleb128 0x3a
 1253 013b 0B       		.uleb128 0xb
 1254 013c 3B       		.uleb128 0x3b
 1255 013d 05       		.uleb128 0x5
 1256 013e 01       		.uleb128 0x1
 1257 013f 13       		.uleb128 0x13
 1258 0140 00       		.byte	0
 1259 0141 00       		.byte	0
 1260 0142 18       		.uleb128 0x18
 1261 0143 0D       		.uleb128 0xd
 1262 0144 00       		.byte	0
 1263 0145 03       		.uleb128 0x3
 1264 0146 0E       		.uleb128 0xe
 1265 0147 3A       		.uleb128 0x3a
 1266 0148 0B       		.uleb128 0xb
 1267 0149 3B       		.uleb128 0x3b
ARM GAS  C:\Users\Henry\AppData\Local\Temp\ccwMCqgd.s 			page 30


 1268 014a 05       		.uleb128 0x5
 1269 014b 49       		.uleb128 0x49
 1270 014c 13       		.uleb128 0x13
 1271 014d 38       		.uleb128 0x38
 1272 014e 0B       		.uleb128 0xb
 1273 014f 00       		.byte	0
 1274 0150 00       		.byte	0
 1275 0151 19       		.uleb128 0x19
 1276 0152 01       		.uleb128 0x1
 1277 0153 01       		.byte	0x1
 1278 0154 49       		.uleb128 0x49
 1279 0155 13       		.uleb128 0x13
 1280 0156 01       		.uleb128 0x1
 1281 0157 13       		.uleb128 0x13
 1282 0158 00       		.byte	0
 1283 0159 00       		.byte	0
 1284 015a 1A       		.uleb128 0x1a
 1285 015b 21       		.uleb128 0x21
 1286 015c 00       		.byte	0
 1287 015d 49       		.uleb128 0x49
 1288 015e 13       		.uleb128 0x13
 1289 015f 2F       		.uleb128 0x2f
 1290 0160 0B       		.uleb128 0xb
 1291 0161 00       		.byte	0
 1292 0162 00       		.byte	0
 1293 0163 1B       		.uleb128 0x1b
 1294 0164 26       		.uleb128 0x26
 1295 0165 00       		.byte	0
 1296 0166 49       		.uleb128 0x49
 1297 0167 13       		.uleb128 0x13
 1298 0168 00       		.byte	0
 1299 0169 00       		.byte	0
 1300 016a 1C       		.uleb128 0x1c
 1301 016b 34       		.uleb128 0x34
 1302 016c 00       		.byte	0
 1303 016d 03       		.uleb128 0x3
 1304 016e 08       		.uleb128 0x8
 1305 016f 3A       		.uleb128 0x3a
 1306 0170 0B       		.uleb128 0xb
 1307 0171 3B       		.uleb128 0x3b
 1308 0172 05       		.uleb128 0x5
 1309 0173 49       		.uleb128 0x49
 1310 0174 13       		.uleb128 0x13
 1311 0175 02       		.uleb128 0x2
 1312 0176 17       		.uleb128 0x17
 1313 0177 00       		.byte	0
 1314 0178 00       		.byte	0
 1315 0179 1D       		.uleb128 0x1d
 1316 017a 0B       		.uleb128 0xb
 1317 017b 01       		.byte	0x1
 1318 017c 11       		.uleb128 0x11
 1319 017d 01       		.uleb128 0x1
 1320 017e 12       		.uleb128 0x12
 1321 017f 06       		.uleb128 0x6
 1322 0180 00       		.byte	0
 1323 0181 00       		.byte	0
 1324 0182 1E       		.uleb128 0x1e
ARM GAS  C:\Users\Henry\AppData\Local\Temp\ccwMCqgd.s 			page 31


 1325 0183 898201   		.uleb128 0x4109
 1326 0186 00       		.byte	0
 1327 0187 11       		.uleb128 0x11
 1328 0188 01       		.uleb128 0x1
 1329 0189 31       		.uleb128 0x31
 1330 018a 13       		.uleb128 0x13
 1331 018b 00       		.byte	0
 1332 018c 00       		.byte	0
 1333 018d 1F       		.uleb128 0x1f
 1334 018e 2E       		.uleb128 0x2e
 1335 018f 00       		.byte	0
 1336 0190 3F       		.uleb128 0x3f
 1337 0191 19       		.uleb128 0x19
 1338 0192 3C       		.uleb128 0x3c
 1339 0193 19       		.uleb128 0x19
 1340 0194 6E       		.uleb128 0x6e
 1341 0195 0E       		.uleb128 0xe
 1342 0196 03       		.uleb128 0x3
 1343 0197 0E       		.uleb128 0xe
 1344 0198 00       		.byte	0
 1345 0199 00       		.byte	0
 1346 019a 20       		.uleb128 0x20
 1347 019b 2E       		.uleb128 0x2e
 1348 019c 00       		.byte	0
 1349 019d 3F       		.uleb128 0x3f
 1350 019e 19       		.uleb128 0x19
 1351 019f 3C       		.uleb128 0x3c
 1352 01a0 19       		.uleb128 0x19
 1353 01a1 6E       		.uleb128 0x6e
 1354 01a2 0E       		.uleb128 0xe
 1355 01a3 03       		.uleb128 0x3
 1356 01a4 0E       		.uleb128 0xe
 1357 01a5 3A       		.uleb128 0x3a
 1358 01a6 0B       		.uleb128 0xb
 1359 01a7 3B       		.uleb128 0x3b
 1360 01a8 0B       		.uleb128 0xb
 1361 01a9 00       		.byte	0
 1362 01aa 00       		.byte	0
 1363 01ab 00       		.byte	0
 1364              		.section	.debug_loc,"",%progbits
 1365              	.Ldebug_loc0:
 1366              	.LLST0:
 1367 0000 06000000 		.4byte	.LVL1
 1368 0004 10000000 		.4byte	.LVL2
 1369 0008 0100     		.2byte	0x1
 1370 000a 53       		.byte	0x53
 1371 000b 00000000 		.4byte	0
 1372 000f 00000000 		.4byte	0
 1373              	.LLST1:
 1374 0013 00000000 		.4byte	.LVL3
 1375 0017 09000000 		.4byte	.LVL5-1
 1376 001b 0100     		.2byte	0x1
 1377 001d 50       		.byte	0x50
 1378 001e 09000000 		.4byte	.LVL5-1
 1379 0022 0C000000 		.4byte	.LFE0
 1380 0026 0400     		.2byte	0x4
 1381 0028 F3       		.byte	0xf3
ARM GAS  C:\Users\Henry\AppData\Local\Temp\ccwMCqgd.s 			page 32


 1382 0029 01       		.uleb128 0x1
 1383 002a 50       		.byte	0x50
 1384 002b 9F       		.byte	0x9f
 1385 002c 00000000 		.4byte	0
 1386 0030 00000000 		.4byte	0
 1387              	.LLST2:
 1388 0034 00000000 		.4byte	.LVL3
 1389 0038 06000000 		.4byte	.LVL4
 1390 003c 0100     		.2byte	0x1
 1391 003e 51       		.byte	0x51
 1392 003f 06000000 		.4byte	.LVL4
 1393 0043 09000000 		.4byte	.LVL5-1
 1394 0047 0100     		.2byte	0x1
 1395 0049 52       		.byte	0x52
 1396 004a 09000000 		.4byte	.LVL5-1
 1397 004e 0C000000 		.4byte	.LFE0
 1398 0052 0400     		.2byte	0x4
 1399 0054 F3       		.byte	0xf3
 1400 0055 01       		.uleb128 0x1
 1401 0056 51       		.byte	0x51
 1402 0057 9F       		.byte	0x9f
 1403 0058 00000000 		.4byte	0
 1404 005c 00000000 		.4byte	0
 1405              	.LLST3:
 1406 0060 2E000000 		.4byte	.LVL6
 1407 0064 34000000 		.4byte	.LVL7
 1408 0068 0200     		.2byte	0x2
 1409 006a 49       		.byte	0x49
 1410 006b 9F       		.byte	0x9f
 1411 006c 34000000 		.4byte	.LVL7
 1412 0070 7E000000 		.4byte	.LVL13
 1413 0074 0100     		.2byte	0x1
 1414 0076 55       		.byte	0x55
 1415 0077 00000000 		.4byte	0
 1416 007b 00000000 		.4byte	0
 1417              	.LLST4:
 1418 007f 2E000000 		.4byte	.LVL6
 1419 0083 34000000 		.4byte	.LVL7
 1420 0087 0200     		.2byte	0x2
 1421 0089 30       		.byte	0x30
 1422 008a 9F       		.byte	0x9f
 1423 008b 34000000 		.4byte	.LVL7
 1424 008f 40000000 		.4byte	.LVL8
 1425 0093 0100     		.2byte	0x1
 1426 0095 54       		.byte	0x54
 1427 0096 44000000 		.4byte	.LVL9
 1428 009a 7E000000 		.4byte	.LVL13
 1429 009e 0100     		.2byte	0x1
 1430 00a0 54       		.byte	0x54
 1431 00a1 00000000 		.4byte	0
 1432 00a5 00000000 		.4byte	0
 1433              	.LLST5:
 1434 00a9 00000000 		.4byte	.LVL14
 1435 00ad 05000000 		.4byte	.LVL15-1
 1436 00b1 0100     		.2byte	0x1
 1437 00b3 50       		.byte	0x50
 1438 00b4 05000000 		.4byte	.LVL15-1
ARM GAS  C:\Users\Henry\AppData\Local\Temp\ccwMCqgd.s 			page 33


 1439 00b8 08000000 		.4byte	.LFE1
 1440 00bc 0400     		.2byte	0x4
 1441 00be F3       		.byte	0xf3
 1442 00bf 01       		.uleb128 0x1
 1443 00c0 50       		.byte	0x50
 1444 00c1 9F       		.byte	0x9f
 1445 00c2 00000000 		.4byte	0
 1446 00c6 00000000 		.4byte	0
 1447              	.LLST6:
 1448 00ca 00000000 		.4byte	.LVL14
 1449 00ce 05000000 		.4byte	.LVL15-1
 1450 00d2 0100     		.2byte	0x1
 1451 00d4 51       		.byte	0x51
 1452 00d5 05000000 		.4byte	.LVL15-1
 1453 00d9 08000000 		.4byte	.LFE1
 1454 00dd 0400     		.2byte	0x4
 1455 00df F3       		.byte	0xf3
 1456 00e0 01       		.uleb128 0x1
 1457 00e1 51       		.byte	0x51
 1458 00e2 9F       		.byte	0x9f
 1459 00e3 00000000 		.4byte	0
 1460 00e7 00000000 		.4byte	0
 1461              	.LLST7:
 1462 00eb 00000000 		.4byte	.LVL14
 1463 00ef 05000000 		.4byte	.LVL15-1
 1464 00f3 0100     		.2byte	0x1
 1465 00f5 52       		.byte	0x52
 1466 00f6 05000000 		.4byte	.LVL15-1
 1467 00fa 08000000 		.4byte	.LFE1
 1468 00fe 0400     		.2byte	0x4
 1469 0100 F3       		.byte	0xf3
 1470 0101 01       		.uleb128 0x1
 1471 0102 52       		.byte	0x52
 1472 0103 9F       		.byte	0x9f
 1473 0104 00000000 		.4byte	0
 1474 0108 00000000 		.4byte	0
 1475              	.LLST8:
 1476 010c 0E000000 		.4byte	.LVL20
 1477 0110 12000000 		.4byte	.LVL21
 1478 0114 0200     		.2byte	0x2
 1479 0116 30       		.byte	0x30
 1480 0117 9F       		.byte	0x9f
 1481 0118 12000000 		.4byte	.LVL21
 1482 011c 2A000000 		.4byte	.LVL23
 1483 0120 0100     		.2byte	0x1
 1484 0122 54       		.byte	0x54
 1485 0123 2C000000 		.4byte	.LVL24
 1486 0127 66000000 		.4byte	.LVL27
 1487 012b 0100     		.2byte	0x1
 1488 012d 54       		.byte	0x54
 1489 012e 00000000 		.4byte	0
 1490 0132 00000000 		.4byte	0
 1491              	.LLST9:
 1492 0136 12000000 		.4byte	.LVL21
 1493 013a 2A000000 		.4byte	.LVL23
 1494 013e 0B00     		.2byte	0xb
 1495 0140 74       		.byte	0x74
ARM GAS  C:\Users\Henry\AppData\Local\Temp\ccwMCqgd.s 			page 34


 1496 0141 00       		.sleb128 0
 1497 0142 36       		.byte	0x36
 1498 0143 1E       		.byte	0x1e
 1499 0144 03       		.byte	0x3
 1500 0145 00000000 		.4byte	cfg_memset_list.4992
 1501 0149 22       		.byte	0x22
 1502 014a 9F       		.byte	0x9f
 1503 014b 2A000000 		.4byte	.LVL23
 1504 014f 2C000000 		.4byte	.LVL24
 1505 0153 0B00     		.2byte	0xb
 1506 0155 74       		.byte	0x74
 1507 0156 7F       		.sleb128 -1
 1508 0157 36       		.byte	0x36
 1509 0158 1E       		.byte	0x1e
 1510 0159 03       		.byte	0x3
 1511 015a 00000000 		.4byte	cfg_memset_list.4992
 1512 015e 22       		.byte	0x22
 1513 015f 9F       		.byte	0x9f
 1514 0160 00000000 		.4byte	0
 1515 0164 00000000 		.4byte	0
 1516              		.section	.debug_aranges,"",%progbits
 1517 0000 4C000000 		.4byte	0x4c
 1518 0004 0200     		.2byte	0x2
 1519 0006 00000000 		.4byte	.Ldebug_info0
 1520 000a 04       		.byte	0x4
 1521 000b 00       		.byte	0
 1522 000c 0000     		.2byte	0
 1523 000e 0000     		.2byte	0
 1524 0010 00000000 		.4byte	.LFB3
 1525 0014 02000000 		.4byte	.LFE3-.LFB3
 1526 0018 00000000 		.4byte	.LFB5
 1527 001c 38000000 		.4byte	.LFE5-.LFB5
 1528 0020 00000000 		.4byte	.LFB0
 1529 0024 0C000000 		.4byte	.LFE0-.LFB0
 1530 0028 00000000 		.4byte	.LFB4
 1531 002c 9C000000 		.4byte	.LFE4-.LFB4
 1532 0030 00000000 		.4byte	.LFB1
 1533 0034 08000000 		.4byte	.LFE1-.LFB1
 1534 0038 00000000 		.4byte	.LFB6
 1535 003c 1C000000 		.4byte	.LFE6-.LFB6
 1536 0040 00000000 		.4byte	.LFB7
 1537 0044 B4000000 		.4byte	.LFE7-.LFB7
 1538 0048 00000000 		.4byte	0
 1539 004c 00000000 		.4byte	0
 1540              		.section	.debug_ranges,"",%progbits
 1541              	.Ldebug_ranges0:
 1542 0000 00000000 		.4byte	.LFB3
 1543 0004 02000000 		.4byte	.LFE3
 1544 0008 00000000 		.4byte	.LFB5
 1545 000c 38000000 		.4byte	.LFE5
 1546 0010 00000000 		.4byte	.LFB0
 1547 0014 0C000000 		.4byte	.LFE0
 1548 0018 00000000 		.4byte	.LFB4
 1549 001c 9C000000 		.4byte	.LFE4
 1550 0020 00000000 		.4byte	.LFB1
 1551 0024 08000000 		.4byte	.LFE1
 1552 0028 00000000 		.4byte	.LFB6
ARM GAS  C:\Users\Henry\AppData\Local\Temp\ccwMCqgd.s 			page 35


 1553 002c 1C000000 		.4byte	.LFE6
 1554 0030 00000000 		.4byte	.LFB7
 1555 0034 B4000000 		.4byte	.LFE7
 1556 0038 00000000 		.4byte	0
 1557 003c 00000000 		.4byte	0
 1558              		.section	.debug_line,"",%progbits
 1559              	.Ldebug_line0:
 1560 0000 A5010000 		.section	.debug_str,"MS",%progbits,1
 1560      0200D600 
 1560      00000201 
 1560      FB0E0D00 
 1560      01010101 
 1561              	.LASF19:
 1562 0000 72656731 		.ascii	"reg16\000"
 1562      3600
 1563              	.LASF43:
 1564 0006 43794465 		.ascii	"CyDelayCycles\000"
 1564      6C617943 
 1564      79636C65 
 1564      7300
 1565              	.LASF12:
 1566 0014 73697A65 		.ascii	"size_t\000"
 1566      5F7400
 1567              	.LASF20:
 1568 001b 416E616C 		.ascii	"AnalogSetDefault\000"
 1568      6F675365 
 1568      74446566 
 1568      61756C74 
 1568      00
 1569              	.LASF25:
 1570 002c 74696D65 		.ascii	"timeout\000"
 1570      6F757400 
 1571              	.LASF36:
 1572 0034 6366675F 		.ascii	"cfg_memset_list\000"
 1572      6D656D73 
 1572      65745F6C 
 1572      69737400 
 1573              	.LASF23:
 1574 0044 436C6F63 		.ascii	"ClockSetup\000"
 1574      6B536574 
 1574      757000
 1575              	.LASF6:
 1576 004f 73686F72 		.ascii	"short unsigned int\000"
 1576      7420756E 
 1576      7369676E 
 1576      65642069 
 1576      6E7400
 1577              	.LASF26:
 1578 0062 706C6C4C 		.ascii	"pllLock\000"
 1578      6F636B00 
 1579              	.LASF16:
 1580 006a 666C6F61 		.ascii	"float\000"
 1580      7400
 1581              	.LASF42:
 1582 0070 4379436C 		.ascii	"CyClockStartupError\000"
 1582      6F636B53 
 1582      74617274 
ARM GAS  C:\Users\Henry\AppData\Local\Temp\ccwMCqgd.s 			page 36


 1582      75704572 
 1582      726F7200 
 1583              	.LASF28:
 1584 0084 64657374 		.ascii	"dest\000"
 1584      00
 1585              	.LASF34:
 1586 0089 73697A65 		.ascii	"size\000"
 1586      00
 1587              	.LASF39:
 1588 008e 474E5520 		.ascii	"GNU C11 5.4.1 20160609 (release) [ARM/embedded-5-br"
 1588      43313120 
 1588      352E342E 
 1588      31203230 
 1588      31363036 
 1589 00c1 616E6368 		.ascii	"anch revision 237715] -mcpu=cortex-m3 -mthumb -g -O"
 1589      20726576 
 1589      6973696F 
 1589      6E203233 
 1589      37373135 
 1590 00f4 67202D66 		.ascii	"g -ffunction-sections -ffat-lto-objects\000"
 1590      66756E63 
 1590      74696F6E 
 1590      2D736563 
 1590      74696F6E 
 1591              	.LASF18:
 1592 011c 72656738 		.ascii	"reg8\000"
 1592      00
 1593              	.LASF8:
 1594 0121 6C6F6E67 		.ascii	"long unsigned int\000"
 1594      20756E73 
 1594      69676E65 
 1594      6420696E 
 1594      7400
 1595              	.LASF13:
 1596 0133 75696E74 		.ascii	"uint8\000"
 1596      3800
 1597              	.LASF21:
 1598 0139 43594D45 		.ascii	"CYMEMZERO\000"
 1598      4D5A4552 
 1598      4F00
 1599              	.LASF31:
 1600 0143 53657441 		.ascii	"SetAnalogRoutingPumps\000"
 1600      6E616C6F 
 1600      67526F75 
 1600      74696E67 
 1600      50756D70 
 1601              	.LASF4:
 1602 0159 756E7369 		.ascii	"unsigned char\000"
 1602      676E6564 
 1602      20636861 
 1602      7200
 1603              	.LASF37:
 1604 0167 6D656D73 		.ascii	"memset\000"
 1604      657400
 1605              	.LASF17:
 1606 016e 646F7562 		.ascii	"double\000"
 1606      6C6500
ARM GAS  C:\Users\Henry\AppData\Local\Temp\ccwMCqgd.s 			page 37


 1607              	.LASF32:
 1608 0175 63796669 		.ascii	"cyfitter_cfg\000"
 1608      74746572 
 1608      5F636667 
 1608      00
 1609              	.LASF14:
 1610 0182 75696E74 		.ascii	"uint16\000"
 1610      313600
 1611              	.LASF22:
 1612 0189 6572726F 		.ascii	"errorCode\000"
 1612      72436F64 
 1612      6500
 1613              	.LASF15:
 1614 0193 75696E74 		.ascii	"uint32\000"
 1614      333200
 1615              	.LASF0:
 1616 019a 756E7369 		.ascii	"unsigned int\000"
 1616      676E6564 
 1616      20696E74 
 1616      00
 1617              	.LASF33:
 1618 01a7 61646472 		.ascii	"address\000"
 1618      65737300 
 1619              	.LASF9:
 1620 01af 6C6F6E67 		.ascii	"long long unsigned int\000"
 1620      206C6F6E 
 1620      6720756E 
 1620      7369676E 
 1620      65642069 
 1621              	.LASF35:
 1622 01c6 6366675F 		.ascii	"cfg_memset_t\000"
 1622      6D656D73 
 1622      65745F74 
 1622      00
 1623              	.LASF10:
 1624 01d3 73697A65 		.ascii	"sizetype\000"
 1624      74797065 
 1624      00
 1625              	.LASF1:
 1626 01dc 6C6F6E67 		.ascii	"long long int\000"
 1626      206C6F6E 
 1626      6720696E 
 1626      7400
 1627              	.LASF40:
 1628 01ea 47656E65 		.ascii	"Generated_Source\\PSoC5\\cyfitter_cfg.c\000"
 1628      72617465 
 1628      645F536F 
 1628      75726365 
 1628      5C50536F 
 1629              	.LASF38:
 1630 0210 6D656D63 		.ascii	"memcpy\000"
 1630      707900
 1631              	.LASF5:
 1632 0217 73686F72 		.ascii	"short int\000"
 1632      7420696E 
 1632      7400
 1633              	.LASF29:
ARM GAS  C:\Users\Henry\AppData\Local\Temp\ccwMCqgd.s 			page 38


 1634 0221 656E6162 		.ascii	"enabled\000"
 1634      6C656400 
 1635              	.LASF7:
 1636 0229 6C6F6E67 		.ascii	"long int\000"
 1636      20696E74 
 1636      00
 1637              	.LASF11:
 1638 0232 63686172 		.ascii	"char\000"
 1638      00
 1639              	.LASF2:
 1640 0237 6C6F6E67 		.ascii	"long double\000"
 1640      20646F75 
 1640      626C6500 
 1641              	.LASF24:
 1642 0243 62675F78 		.ascii	"bg_xover_inl_trim\000"
 1642      6F766572 
 1642      5F696E6C 
 1642      5F747269 
 1642      6D00
 1643              	.LASF3:
 1644 0255 7369676E 		.ascii	"signed char\000"
 1644      65642063 
 1644      68617200 
 1645              	.LASF30:
 1646 0261 72656756 		.ascii	"regValue\000"
 1646      616C7565 
 1646      00
 1647              	.LASF27:
 1648 026a 4359434F 		.ascii	"CYCONFIGCPY\000"
 1648      4E464947 
 1648      43505900 
 1649              	.LASF41:
 1650 0276 433A5C55 		.ascii	"C:\\Users\\Henry\\Documents\\PSoC Creator\\Ej1\\Ej5"
 1650      73657273 
 1650      5C48656E 
 1650      72795C44 
 1650      6F63756D 
 1651 02a3 2E637964 		.ascii	".cydsn\000"
 1651      736E00
 1652              		.ident	"GCC: (GNU Tools for ARM Embedded Processors) 5.4.1 20160609 (release) [ARM/embedded-5-bran
