ARM GAS  C:\Users\Henry\AppData\Local\Temp\ccLSllVj.s 			page 1


   1              		.syntax unified
   2              		.cpu cortex-m3
   3              		.fpu softvfp
   4              		.eabi_attribute 20, 1
   5              		.eabi_attribute 21, 1
   6              		.eabi_attribute 23, 3
   7              		.eabi_attribute 24, 1
   8              		.eabi_attribute 25, 1
   9              		.eabi_attribute 26, 1
  10              		.eabi_attribute 30, 1
  11              		.eabi_attribute 34, 1
  12              		.eabi_attribute 18, 4
  13              		.thumb
  14              		.syntax unified
  15              		.file	"cymetadata.c"
  16              		.text
  17              	.Ltext0:
  18              		.cfi_sections	.debug_frame
  19              		.global	cy_metadata
  20              		.global	cy_meta_flashprotect
  21              		.global	cy_meta_wonvl
  22              		.global	cy_meta_custnvl
  23              		.global	cy_meta_configecc
  24              		.section	.cyconfigecc,"a",%progbits
  25              		.align	2
  26              		.type	cy_meta_configecc, %object
  27              		.size	cy_meta_configecc, 136
  28              	cy_meta_configecc:
  29 0000 01       		.byte	1
  30 0001 45       		.byte	69
  31 0002 00       		.byte	0
  32 0003 40       		.byte	64
  33 0004 01       		.byte	1
  34 0005 52       		.byte	82
  35 0006 00       		.byte	0
  36 0007 40       		.byte	64
  37 0008 02       		.byte	2
  38 0009 17       		.byte	23
  39 000a 01       		.byte	1
  40 000b 40       		.byte	64
  41 000c 02       		.byte	2
  42 000d 19       		.byte	25
  43 000e 01       		.byte	1
  44 000f 40       		.byte	64
  45 0010 03       		.byte	3
  46 0011 40       		.byte	64
  47 0012 01       		.byte	1
  48 0013 40       		.byte	64
  49 0014 03       		.byte	3
  50 0015 41       		.byte	65
  51 0016 01       		.byte	1
  52 0017 40       		.byte	64
  53 0018 03       		.byte	3
  54 0019 42       		.byte	66
  55 001a 01       		.byte	1
  56 001b 40       		.byte	64
  57 001c 03       		.byte	3
ARM GAS  C:\Users\Henry\AppData\Local\Temp\ccLSllVj.s 			page 2


  58 001d 43       		.byte	67
  59 001e 01       		.byte	1
  60 001f 40       		.byte	64
  61 0020 04       		.byte	4
  62 0021 47       		.byte	71
  63 0022 01       		.byte	1
  64 0023 40       		.byte	64
  65 0024 04       		.byte	4
  66 0025 48       		.byte	72
  67 0026 01       		.byte	1
  68 0027 40       		.byte	64
  69 0028 02       		.byte	2
  70 0029 4C       		.byte	76
  71 002a 01       		.byte	1
  72 002b 40       		.byte	64
  73 002c 01       		.byte	1
  74 002d 51       		.byte	81
  75 002e 01       		.byte	1
  76 002f 40       		.byte	64
  77 0030 7E       		.byte	126
  78 0031 02       		.byte	2
  79 0032 7C       		.byte	124
  80 0033 40       		.byte	64
  81 0034 EA       		.byte	-22
  82 0035 02       		.byte	2
  83 0036 EE       		.byte	-18
  84 0037 0A       		.byte	10
  85 0038 EA       		.byte	-22
  86 0039 02       		.byte	2
  87 003a EE       		.byte	-18
  88 003b 0A       		.byte	10
  89 003c 33       		.byte	51
  90 003d 81       		.byte	-127
  91 003e 36       		.byte	54
  92 003f 40       		.byte	64
  93 0040 CC       		.byte	-52
  94 0041 70       		.byte	112
  95 0042 9F       		.byte	-97
  96 0043 01       		.byte	1
  97 0044 A6       		.byte	-90
  98 0045 40       		.byte	64
  99 0046 A7       		.byte	-89
 100 0047 80       		.byte	-128
 101 0048 9F       		.byte	-97
 102 0049 01       		.byte	1
 103 004a A6       		.byte	-90
 104 004b 40       		.byte	64
 105 004c A7       		.byte	-89
 106 004d 80       		.byte	-128
 107 004e 9F       		.byte	-97
 108 004f 01       		.byte	1
 109 0050 A6       		.byte	-90
 110 0051 40       		.byte	64
 111 0052 A7       		.byte	-89
 112 0053 80       		.byte	-128
 113 0054 08       		.byte	8
 114 0055 08       		.byte	8
ARM GAS  C:\Users\Henry\AppData\Local\Temp\ccLSllVj.s 			page 3


 115 0056 0B       		.byte	11
 116 0057 04       		.byte	4
 117 0058 0F       		.byte	15
 118 0059 40       		.byte	64
 119 005a C2       		.byte	-62
 120 005b 0E       		.byte	14
 121 005c AE       		.byte	-82
 122 005d 40       		.byte	64
 123 005e AF       		.byte	-81
 124 005f 81       		.byte	-127
 125 0060 EA       		.byte	-22
 126 0061 40       		.byte	64
 127 0062 EE       		.byte	-18
 128 0063 50       		.byte	80
 129 0064 AC       		.byte	-84
 130 0065 08       		.byte	8
 131 0066 AF       		.byte	-81
 132 0067 44       		.byte	68
 133 0068 00       		.byte	0
 134 0069 2A       		.byte	42
 135 006a 00       		.byte	0
 136 006b 00       		.byte	0
 137 006c 40       		.byte	64
 138 006d 00       		.byte	0
 139 006e 00       		.byte	0
 140 006f 00       		.byte	0
 141 0070 00       		.byte	0
 142 0071 00       		.byte	0
 143 0072 00       		.byte	0
 144 0073 00       		.byte	0
 145 0074 C0       		.byte	-64
 146 0075 00       		.byte	0
 147 0076 00       		.byte	0
 148 0077 00       		.byte	0
 149 0078 00       		.byte	0
 150 0079 0B       		.byte	11
 151 007a 0B       		.byte	11
 152 007b 00       		.byte	0
 153 007c 00       		.byte	0
 154 007d 00       		.byte	0
 155 007e 00       		.byte	0
 156 007f 00       		.byte	0
 157 0080 00       		.byte	0
 158 0081 7F       		.byte	127
 159 0082 7F       		.byte	127
 160 0083 00       		.byte	0
 161 0084 00       		.byte	0
 162 0085 00       		.byte	0
 163 0086 00       		.byte	0
 164 0087 00       		.byte	0
 165              		.section	.cywolatch,"a",%progbits
 166              		.align	2
 167              		.type	cy_meta_wonvl, %object
 168              		.size	cy_meta_wonvl, 4
 169              	cy_meta_wonvl:
 170 0000 BC       		.byte	-68
 171 0001 90       		.byte	-112
ARM GAS  C:\Users\Henry\AppData\Local\Temp\ccLSllVj.s 			page 4


 172 0002 AC       		.byte	-84
 173 0003 AF       		.byte	-81
 174              		.section	.cycustnvl,"a",%progbits
 175              		.align	2
 176              		.type	cy_meta_custnvl, %object
 177              		.size	cy_meta_custnvl, 4
 178              	cy_meta_custnvl:
 179 0000 00       		.byte	0
 180 0001 00       		.byte	0
 181 0002 40       		.byte	64
 182 0003 05       		.byte	5
 183              		.section	.cymeta,"a",%progbits
 184              		.align	2
 185              		.type	cy_metadata, %object
 186              		.size	cy_metadata, 12
 187              	cy_metadata:
 188 0000 00       		.byte	0
 189 0001 01       		.byte	1
 190 0002 2E       		.byte	46
 191 0003 12       		.byte	18
 192 0004 30       		.byte	48
 193 0005 69       		.byte	105
 194 0006 00       		.byte	0
 195 0007 01       		.byte	1
 196 0008 00       		.byte	0
 197 0009 00       		.byte	0
 198 000a 00       		.byte	0
 199 000b 00       		.byte	0
 200              		.section	.cyflashprotect,"a",%progbits
 201              		.align	2
 202              		.type	cy_meta_flashprotect, %object
 203              		.size	cy_meta_flashprotect, 256
 204              	cy_meta_flashprotect:
 205 0000 00000000 		.space	256
 205      00000000 
 205      00000000 
 205      00000000 
 205      00000000 
 206              		.text
 207              	.Letext0:
 208              		.file 1 "c:\\program files (x86)\\cypress\\psoc creator\\4.4\\psoc creator\\import\\gnu\\arm\\5.4.
 209              		.file 2 "c:\\program files (x86)\\cypress\\psoc creator\\4.4\\psoc creator\\import\\gnu\\arm\\5.4.
 210              		.file 3 "Generated_Source\\PSoC5\\cymetadata.c"
 211              		.section	.debug_info,"",%progbits
 212              	.Ldebug_info0:
 213 0000 30010000 		.4byte	0x130
 214 0004 0400     		.2byte	0x4
 215 0006 00000000 		.4byte	.Ldebug_abbrev0
 216 000a 04       		.byte	0x4
 217 000b 01       		.uleb128 0x1
 218 000c 24000000 		.4byte	.LASF17
 219 0010 0C       		.byte	0xc
 220 0011 BB010000 		.4byte	.LASF18
 221 0015 72010000 		.4byte	.LASF19
 222 0019 00000000 		.4byte	.Ldebug_line0
 223 001d 02       		.uleb128 0x2
 224 001e 01       		.byte	0x1
ARM GAS  C:\Users\Henry\AppData\Local\Temp\ccLSllVj.s 			page 5


 225 001f 06       		.byte	0x6
 226 0020 AF010000 		.4byte	.LASF0
 227 0024 03       		.uleb128 0x3
 228 0025 00000000 		.4byte	.LASF9
 229 0029 01       		.byte	0x1
 230 002a 1D       		.byte	0x1d
 231 002b 2F000000 		.4byte	0x2f
 232 002f 02       		.uleb128 0x2
 233 0030 01       		.byte	0x1
 234 0031 08       		.byte	0x8
 235 0032 16000000 		.4byte	.LASF1
 236 0036 02       		.uleb128 0x2
 237 0037 02       		.byte	0x2
 238 0038 05       		.byte	0x5
 239 0039 5F010000 		.4byte	.LASF2
 240 003d 02       		.uleb128 0x2
 241 003e 02       		.byte	0x2
 242 003f 07       		.byte	0x7
 243 0040 C4000000 		.4byte	.LASF3
 244 0044 02       		.uleb128 0x2
 245 0045 04       		.byte	0x4
 246 0046 05       		.byte	0x5
 247 0047 69010000 		.4byte	.LASF4
 248 004b 02       		.uleb128 0x2
 249 004c 04       		.byte	0x4
 250 004d 07       		.byte	0x7
 251 004e B2000000 		.4byte	.LASF5
 252 0052 02       		.uleb128 0x2
 253 0053 08       		.byte	0x8
 254 0054 05       		.byte	0x5
 255 0055 51010000 		.4byte	.LASF6
 256 0059 02       		.uleb128 0x2
 257 005a 08       		.byte	0x8
 258 005b 07       		.byte	0x7
 259 005c 06010000 		.4byte	.LASF7
 260 0060 04       		.uleb128 0x4
 261 0061 04       		.byte	0x4
 262 0062 05       		.byte	0x5
 263 0063 696E7400 		.ascii	"int\000"
 264 0067 02       		.uleb128 0x2
 265 0068 04       		.byte	0x4
 266 0069 07       		.byte	0x7
 267 006a F9000000 		.4byte	.LASF8
 268 006e 03       		.uleb128 0x3
 269 006f 1D010000 		.4byte	.LASF10
 270 0073 02       		.byte	0x2
 271 0074 18       		.byte	0x18
 272 0075 24000000 		.4byte	0x24
 273 0079 05       		.uleb128 0x5
 274 007a 90000000 		.4byte	0x90
 275 007e 89000000 		.4byte	0x89
 276 0082 06       		.uleb128 0x6
 277 0083 89000000 		.4byte	0x89
 278 0087 87       		.byte	0x87
 279 0088 00       		.byte	0
 280 0089 02       		.uleb128 0x2
 281 008a 04       		.byte	0x4
ARM GAS  C:\Users\Henry\AppData\Local\Temp\ccLSllVj.s 			page 6


 282 008b 07       		.byte	0x7
 283 008c 48010000 		.4byte	.LASF11
 284 0090 07       		.uleb128 0x7
 285 0091 6E000000 		.4byte	0x6e
 286 0095 08       		.uleb128 0x8
 287 0096 E7000000 		.4byte	.LASF12
 288 009a 03       		.byte	0x3
 289 009b 1F       		.byte	0x1f
 290 009c A6000000 		.4byte	0xa6
 291 00a0 05       		.uleb128 0x5
 292 00a1 03       		.byte	0x3
 293 00a2 00000000 		.4byte	cy_meta_configecc
 294 00a6 07       		.uleb128 0x7
 295 00a7 79000000 		.4byte	0x79
 296 00ab 05       		.uleb128 0x5
 297 00ac 90000000 		.4byte	0x90
 298 00b0 BB000000 		.4byte	0xbb
 299 00b4 06       		.uleb128 0x6
 300 00b5 89000000 		.4byte	0x89
 301 00b9 03       		.byte	0x3
 302 00ba 00       		.byte	0
 303 00bb 08       		.uleb128 0x8
 304 00bc D7000000 		.4byte	.LASF13
 305 00c0 03       		.byte	0x3
 306 00c1 3D       		.byte	0x3d
 307 00c2 CC000000 		.4byte	0xcc
 308 00c6 05       		.uleb128 0x5
 309 00c7 03       		.byte	0x3
 310 00c8 00000000 		.4byte	cy_meta_custnvl
 311 00cc 07       		.uleb128 0x7
 312 00cd AB000000 		.4byte	0xab
 313 00d1 08       		.uleb128 0x8
 314 00d2 3A010000 		.4byte	.LASF14
 315 00d6 03       		.byte	0x3
 316 00d7 4B       		.byte	0x4b
 317 00d8 E2000000 		.4byte	0xe2
 318 00dc 05       		.uleb128 0x5
 319 00dd 03       		.byte	0x3
 320 00de 00000000 		.4byte	cy_meta_wonvl
 321 00e2 07       		.uleb128 0x7
 322 00e3 AB000000 		.4byte	0xab
 323 00e7 05       		.uleb128 0x5
 324 00e8 90000000 		.4byte	0x90
 325 00ec F7000000 		.4byte	0xf7
 326 00f0 06       		.uleb128 0x6
 327 00f1 89000000 		.4byte	0x89
 328 00f5 FF       		.byte	0xff
 329 00f6 00       		.byte	0
 330 00f7 08       		.uleb128 0x8
 331 00f8 25010000 		.4byte	.LASF15
 332 00fc 03       		.byte	0x3
 333 00fd 59       		.byte	0x59
 334 00fe 08010000 		.4byte	0x108
 335 0102 05       		.uleb128 0x5
 336 0103 03       		.byte	0x3
 337 0104 00000000 		.4byte	cy_meta_flashprotect
 338 0108 07       		.uleb128 0x7
ARM GAS  C:\Users\Henry\AppData\Local\Temp\ccLSllVj.s 			page 7


 339 0109 E7000000 		.4byte	0xe7
 340 010d 05       		.uleb128 0x5
 341 010e 90000000 		.4byte	0x90
 342 0112 1D010000 		.4byte	0x11d
 343 0116 06       		.uleb128 0x6
 344 0117 89000000 		.4byte	0x89
 345 011b 0B       		.byte	0xb
 346 011c 00       		.byte	0
 347 011d 08       		.uleb128 0x8
 348 011e 0A000000 		.4byte	.LASF16
 349 0122 03       		.byte	0x3
 350 0123 86       		.byte	0x86
 351 0124 2E010000 		.4byte	0x12e
 352 0128 05       		.uleb128 0x5
 353 0129 03       		.byte	0x3
 354 012a 00000000 		.4byte	cy_metadata
 355 012e 07       		.uleb128 0x7
 356 012f 0D010000 		.4byte	0x10d
 357 0133 00       		.byte	0
 358              		.section	.debug_abbrev,"",%progbits
 359              	.Ldebug_abbrev0:
 360 0000 01       		.uleb128 0x1
 361 0001 11       		.uleb128 0x11
 362 0002 01       		.byte	0x1
 363 0003 25       		.uleb128 0x25
 364 0004 0E       		.uleb128 0xe
 365 0005 13       		.uleb128 0x13
 366 0006 0B       		.uleb128 0xb
 367 0007 03       		.uleb128 0x3
 368 0008 0E       		.uleb128 0xe
 369 0009 1B       		.uleb128 0x1b
 370 000a 0E       		.uleb128 0xe
 371 000b 10       		.uleb128 0x10
 372 000c 17       		.uleb128 0x17
 373 000d 00       		.byte	0
 374 000e 00       		.byte	0
 375 000f 02       		.uleb128 0x2
 376 0010 24       		.uleb128 0x24
 377 0011 00       		.byte	0
 378 0012 0B       		.uleb128 0xb
 379 0013 0B       		.uleb128 0xb
 380 0014 3E       		.uleb128 0x3e
 381 0015 0B       		.uleb128 0xb
 382 0016 03       		.uleb128 0x3
 383 0017 0E       		.uleb128 0xe
 384 0018 00       		.byte	0
 385 0019 00       		.byte	0
 386 001a 03       		.uleb128 0x3
 387 001b 16       		.uleb128 0x16
 388 001c 00       		.byte	0
 389 001d 03       		.uleb128 0x3
 390 001e 0E       		.uleb128 0xe
 391 001f 3A       		.uleb128 0x3a
 392 0020 0B       		.uleb128 0xb
 393 0021 3B       		.uleb128 0x3b
 394 0022 0B       		.uleb128 0xb
 395 0023 49       		.uleb128 0x49
ARM GAS  C:\Users\Henry\AppData\Local\Temp\ccLSllVj.s 			page 8


 396 0024 13       		.uleb128 0x13
 397 0025 00       		.byte	0
 398 0026 00       		.byte	0
 399 0027 04       		.uleb128 0x4
 400 0028 24       		.uleb128 0x24
 401 0029 00       		.byte	0
 402 002a 0B       		.uleb128 0xb
 403 002b 0B       		.uleb128 0xb
 404 002c 3E       		.uleb128 0x3e
 405 002d 0B       		.uleb128 0xb
 406 002e 03       		.uleb128 0x3
 407 002f 08       		.uleb128 0x8
 408 0030 00       		.byte	0
 409 0031 00       		.byte	0
 410 0032 05       		.uleb128 0x5
 411 0033 01       		.uleb128 0x1
 412 0034 01       		.byte	0x1
 413 0035 49       		.uleb128 0x49
 414 0036 13       		.uleb128 0x13
 415 0037 01       		.uleb128 0x1
 416 0038 13       		.uleb128 0x13
 417 0039 00       		.byte	0
 418 003a 00       		.byte	0
 419 003b 06       		.uleb128 0x6
 420 003c 21       		.uleb128 0x21
 421 003d 00       		.byte	0
 422 003e 49       		.uleb128 0x49
 423 003f 13       		.uleb128 0x13
 424 0040 2F       		.uleb128 0x2f
 425 0041 0B       		.uleb128 0xb
 426 0042 00       		.byte	0
 427 0043 00       		.byte	0
 428 0044 07       		.uleb128 0x7
 429 0045 26       		.uleb128 0x26
 430 0046 00       		.byte	0
 431 0047 49       		.uleb128 0x49
 432 0048 13       		.uleb128 0x13
 433 0049 00       		.byte	0
 434 004a 00       		.byte	0
 435 004b 08       		.uleb128 0x8
 436 004c 34       		.uleb128 0x34
 437 004d 00       		.byte	0
 438 004e 03       		.uleb128 0x3
 439 004f 0E       		.uleb128 0xe
 440 0050 3A       		.uleb128 0x3a
 441 0051 0B       		.uleb128 0xb
 442 0052 3B       		.uleb128 0x3b
 443 0053 0B       		.uleb128 0xb
 444 0054 49       		.uleb128 0x49
 445 0055 13       		.uleb128 0x13
 446 0056 3F       		.uleb128 0x3f
 447 0057 19       		.uleb128 0x19
 448 0058 02       		.uleb128 0x2
 449 0059 18       		.uleb128 0x18
 450 005a 00       		.byte	0
 451 005b 00       		.byte	0
 452 005c 00       		.byte	0
ARM GAS  C:\Users\Henry\AppData\Local\Temp\ccLSllVj.s 			page 9


 453              		.section	.debug_aranges,"",%progbits
 454 0000 14000000 		.4byte	0x14
 455 0004 0200     		.2byte	0x2
 456 0006 00000000 		.4byte	.Ldebug_info0
 457 000a 04       		.byte	0x4
 458 000b 00       		.byte	0
 459 000c 0000     		.2byte	0
 460 000e 0000     		.2byte	0
 461 0010 00000000 		.4byte	0
 462 0014 00000000 		.4byte	0
 463              		.section	.debug_line,"",%progbits
 464              	.Ldebug_line0:
 465 0000 3D010000 		.section	.debug_str,"MS",%progbits,1
 465      02003701 
 465      00000201 
 465      FB0E0D00 
 465      01010101 
 466              	.LASF9:
 467 0000 5F5F7569 		.ascii	"__uint8_t\000"
 467      6E74385F 
 467      7400
 468              	.LASF16:
 469 000a 63795F6D 		.ascii	"cy_metadata\000"
 469      65746164 
 469      61746100 
 470              	.LASF1:
 471 0016 756E7369 		.ascii	"unsigned char\000"
 471      676E6564 
 471      20636861 
 471      7200
 472              	.LASF17:
 473 0024 474E5520 		.ascii	"GNU C11 5.4.1 20160609 (release) [ARM/embedded-5-br"
 473      43313120 
 473      352E342E 
 473      31203230 
 473      31363036 
 474 0057 616E6368 		.ascii	"anch revision 237715] -mcpu=cortex-m3 -mthumb -g -O"
 474      20726576 
 474      6973696F 
 474      6E203233 
 474      37373135 
 475 008a 67202D66 		.ascii	"g -ffunction-sections -ffat-lto-objects\000"
 475      66756E63 
 475      74696F6E 
 475      2D736563 
 475      74696F6E 
 476              	.LASF5:
 477 00b2 6C6F6E67 		.ascii	"long unsigned int\000"
 477      20756E73 
 477      69676E65 
 477      6420696E 
 477      7400
 478              	.LASF3:
 479 00c4 73686F72 		.ascii	"short unsigned int\000"
 479      7420756E 
 479      7369676E 
 479      65642069 
ARM GAS  C:\Users\Henry\AppData\Local\Temp\ccLSllVj.s 			page 10


 479      6E7400
 480              	.LASF13:
 481 00d7 63795F6D 		.ascii	"cy_meta_custnvl\000"
 481      6574615F 
 481      63757374 
 481      6E766C00 
 482              	.LASF12:
 483 00e7 63795F6D 		.ascii	"cy_meta_configecc\000"
 483      6574615F 
 483      636F6E66 
 483      69676563 
 483      6300
 484              	.LASF8:
 485 00f9 756E7369 		.ascii	"unsigned int\000"
 485      676E6564 
 485      20696E74 
 485      00
 486              	.LASF7:
 487 0106 6C6F6E67 		.ascii	"long long unsigned int\000"
 487      206C6F6E 
 487      6720756E 
 487      7369676E 
 487      65642069 
 488              	.LASF10:
 489 011d 75696E74 		.ascii	"uint8_t\000"
 489      385F7400 
 490              	.LASF15:
 491 0125 63795F6D 		.ascii	"cy_meta_flashprotect\000"
 491      6574615F 
 491      666C6173 
 491      6870726F 
 491      74656374 
 492              	.LASF14:
 493 013a 63795F6D 		.ascii	"cy_meta_wonvl\000"
 493      6574615F 
 493      776F6E76 
 493      6C00
 494              	.LASF11:
 495 0148 73697A65 		.ascii	"sizetype\000"
 495      74797065 
 495      00
 496              	.LASF6:
 497 0151 6C6F6E67 		.ascii	"long long int\000"
 497      206C6F6E 
 497      6720696E 
 497      7400
 498              	.LASF2:
 499 015f 73686F72 		.ascii	"short int\000"
 499      7420696E 
 499      7400
 500              	.LASF4:
 501 0169 6C6F6E67 		.ascii	"long int\000"
 501      20696E74 
 501      00
 502              	.LASF19:
 503 0172 433A5C55 		.ascii	"C:\\Users\\Henry\\Documents\\PSoC Creator\\Serial\\"
 503      73657273 
ARM GAS  C:\Users\Henry\AppData\Local\Temp\ccLSllVj.s 			page 11


 503      5C48656E 
 503      72795C44 
 503      6F63756D 
 504 019f 5553424D 		.ascii	"USBMATLAB.cydsn\000"
 504      41544C41 
 504      422E6379 
 504      64736E00 
 505              	.LASF0:
 506 01af 7369676E 		.ascii	"signed char\000"
 506      65642063 
 506      68617200 
 507              	.LASF18:
 508 01bb 47656E65 		.ascii	"Generated_Source\\PSoC5\\cymetadata.c\000"
 508      72617465 
 508      645F536F 
 508      75726365 
 508      5C50536F 
 509              		.ident	"GCC: (GNU Tools for ARM Embedded Processors) 5.4.1 20160609 (release) [ARM/embedded-5-bran
