ARM GAS  C:\Users\Henry\AppData\Local\Temp\cct3Demh.s 			page 1


   1              		.syntax unified
   2              		.cpu cortex-m3
   3              		.fpu softvfp
   4              		.eabi_attribute 20, 1
   5              		.eabi_attribute 21, 1
   6              		.eabi_attribute 23, 3
   7              		.eabi_attribute 24, 1
   8              		.eabi_attribute 25, 1
   9              		.eabi_attribute 26, 1
  10              		.eabi_attribute 30, 1
  11              		.eabi_attribute 34, 1
  12              		.eabi_attribute 18, 4
  13              		.thumb
  14              		.syntax unified
  15              		.file	"cymetadata.c"
  16              		.text
  17              	.Ltext0:
  18              		.cfi_sections	.debug_frame
  19              		.global	cy_metadata
  20              		.global	cy_meta_flashprotect
  21              		.global	cy_meta_wonvl
  22              		.global	cy_meta_custnvl
  23              		.global	cy_meta_configecc
  24              		.section	.cyconfigecc,"a",%progbits
  25              		.align	2
  26              		.type	cy_meta_configecc, %object
  27              		.size	cy_meta_configecc, 780
  28              	cy_meta_configecc:
  29 0000 03       		.byte	3
  30 0001 52       		.byte	82
  31 0002 00       		.byte	0
  32 0003 40       		.byte	64
  33 0004 03       		.byte	3
  34 0005 64       		.byte	100
  35 0006 00       		.byte	0
  36 0007 40       		.byte	64
  37 0008 13       		.byte	19
  38 0009 00       		.byte	0
  39 000a 01       		.byte	1
  40 000b 40       		.byte	64
  41 000c 3A       		.byte	58
  42 000d 01       		.byte	1
  43 000e 01       		.byte	1
  44 000f 40       		.byte	64
  45 0010 6C       		.byte	108
  46 0011 02       		.byte	2
  47 0012 01       		.byte	1
  48 0013 40       		.byte	64
  49 0014 4D       		.byte	77
  50 0015 03       		.byte	3
  51 0016 01       		.byte	1
  52 0017 40       		.byte	64
  53 0018 05       		.byte	5
  54 0019 05       		.byte	5
  55 001a 01       		.byte	1
  56 001b 40       		.byte	64
  57 001c 03       		.byte	3
ARM GAS  C:\Users\Henry\AppData\Local\Temp\cct3Demh.s 			page 2


  58 001d 40       		.byte	64
  59 001e 01       		.byte	1
  60 001f 40       		.byte	64
  61 0020 07       		.byte	7
  62 0021 41       		.byte	65
  63 0022 01       		.byte	1
  64 0023 40       		.byte	64
  65 0024 02       		.byte	2
  66 0025 42       		.byte	66
  67 0026 01       		.byte	1
  68 0027 40       		.byte	64
  69 0028 02       		.byte	2
  70 0029 50       		.byte	80
  71 002a 01       		.byte	1
  72 002b 40       		.byte	64
  73 002c 01       		.byte	1
  74 002d 51       		.byte	81
  75 002e 01       		.byte	1
  76 002f 40       		.byte	64
  77 0030 00       		.byte	0
  78 0031 02       		.byte	2
  79 0032 01       		.byte	1
  80 0033 02       		.byte	2
  81 0034 04       		.byte	4
  82 0035 01       		.byte	1
  83 0036 80       		.byte	-128
  84 0037 38       		.byte	56
  85 0038 81       		.byte	-127
  86 0039 72       		.byte	114
  87 003a 82       		.byte	-126
  88 003b 0F       		.byte	15
  89 003c 0A       		.byte	10
  90 003d 01       		.byte	1
  91 003e 14       		.byte	20
  92 003f 02       		.byte	2
  93 0040 22       		.byte	34
  94 0041 01       		.byte	1
  95 0042 24       		.byte	36
  96 0043 04       		.byte	4
  97 0044 28       		.byte	40
  98 0045 04       		.byte	4
  99 0046 29       		.byte	41
 100 0047 01       		.byte	1
 101 0048 2C       		.byte	44
 102 0049 04       		.byte	4
 103 004a 30       		.byte	48
 104 004b 01       		.byte	1
 105 004c 31       		.byte	49
 106 004d 01       		.byte	1
 107 004e 32       		.byte	50
 108 004f 02       		.byte	2
 109 0050 34       		.byte	52
 110 0051 04       		.byte	4
 111 0052 3A       		.byte	58
 112 0053 80       		.byte	-128
 113 0054 3E       		.byte	62
 114 0055 05       		.byte	5
ARM GAS  C:\Users\Henry\AppData\Local\Temp\cct3Demh.s 			page 3


 115 0056 3F       		.byte	63
 116 0057 01       		.byte	1
 117 0058 54       		.byte	84
 118 0059 18       		.byte	24
 119 005a 58       		.byte	88
 120 005b 04       		.byte	4
 121 005c 59       		.byte	89
 122 005d 04       		.byte	4
 123 005e 5B       		.byte	91
 124 005f 04       		.byte	4
 125 0060 5F       		.byte	95
 126 0061 01       		.byte	1
 127 0062 00       		.byte	0
 128 0063 10       		.byte	16
 129 0064 02       		.byte	2
 130 0065 04       		.byte	4
 131 0066 05       		.byte	5
 132 0067 52       		.byte	82
 133 0068 06       		.byte	6
 134 0069 20       		.byte	32
 135 006a 09       		.byte	9
 136 006b 04       		.byte	4
 137 006c 0C       		.byte	12
 138 006d 50       		.byte	80
 139 006e 0D       		.byte	13
 140 006f A0       		.byte	-96
 141 0070 0E       		.byte	14
 142 0071 50       		.byte	80
 143 0072 10       		.byte	16
 144 0073 8A       		.byte	-118
 145 0074 11       		.byte	17
 146 0075 04       		.byte	4
 147 0076 16       		.byte	22
 148 0077 01       		.byte	1
 149 0078 17       		.byte	23
 150 0079 18       		.byte	24
 151 007a 19       		.byte	25
 152 007b 58       		.byte	88
 153 007c 1A       		.byte	26
 154 007d 0E       		.byte	14
 155 007e 1B       		.byte	27
 156 007f 01       		.byte	1
 157 0080 1D       		.byte	29
 158 0081 80       		.byte	-128
 159 0082 1E       		.byte	30
 160 0083 68       		.byte	104
 161 0084 21       		.byte	33
 162 0085 01       		.byte	1
 163 0086 24       		.byte	36
 164 0087 10       		.byte	16
 165 0088 25       		.byte	37
 166 0089 20       		.byte	32
 167 008a 27       		.byte	39
 168 008b 01       		.byte	1
 169 008c 29       		.byte	41
 170 008d 20       		.byte	32
 171 008e 2C       		.byte	44
ARM GAS  C:\Users\Henry\AppData\Local\Temp\cct3Demh.s 			page 4


 172 008f 10       		.byte	16
 173 0090 2D       		.byte	45
 174 0091 10       		.byte	16
 175 0092 2E       		.byte	46
 176 0093 90       		.byte	-112
 177 0094 2F       		.byte	47
 178 0095 40       		.byte	64
 179 0096 35       		.byte	53
 180 0097 42       		.byte	66
 181 0098 36       		.byte	54
 182 0099 08       		.byte	8
 183 009a 37       		.byte	55
 184 009b 10       		.byte	16
 185 009c 3C       		.byte	60
 186 009d 20       		.byte	32
 187 009e 3E       		.byte	62
 188 009f 66       		.byte	102
 189 00a0 44       		.byte	68
 190 00a1 40       		.byte	64
 191 00a2 46       		.byte	70
 192 00a3 84       		.byte	-124
 193 00a4 47       		.byte	71
 194 00a5 40       		.byte	64
 195 00a6 4C       		.byte	76
 196 00a7 80       		.byte	-128
 197 00a8 4E       		.byte	78
 198 00a9 05       		.byte	5
 199 00aa 57       		.byte	87
 200 00ab 40       		.byte	64
 201 00ac 5B       		.byte	91
 202 00ad 01       		.byte	1
 203 00ae 5E       		.byte	94
 204 00af 08       		.byte	8
 205 00b0 60       		.byte	96
 206 00b1 04       		.byte	4
 207 00b2 63       		.byte	99
 208 00b3 02       		.byte	2
 209 00b4 6C       		.byte	108
 210 00b5 0A       		.byte	10
 211 00b6 6D       		.byte	109
 212 00b7 24       		.byte	36
 213 00b8 6F       		.byte	111
 214 00b9 04       		.byte	4
 215 00ba 76       		.byte	118
 216 00bb 03       		.byte	3
 217 00bc 77       		.byte	119
 218 00bd 18       		.byte	24
 219 00be 88       		.byte	-120
 220 00bf 40       		.byte	64
 221 00c0 C0       		.byte	-64
 222 00c1 F2       		.byte	-14
 223 00c2 C2       		.byte	-62
 224 00c3 F4       		.byte	-12
 225 00c4 C4       		.byte	-60
 226 00c5 EF       		.byte	-17
 227 00c6 CA       		.byte	-54
 228 00c7 F4       		.byte	-12
ARM GAS  C:\Users\Henry\AppData\Local\Temp\cct3Demh.s 			page 5


 229 00c8 CC       		.byte	-52
 230 00c9 F0       		.byte	-16
 231 00ca CE       		.byte	-50
 232 00cb F0       		.byte	-16
 233 00cc D0       		.byte	-48
 234 00cd B0       		.byte	-80
 235 00ce D2       		.byte	-46
 236 00cf 30       		.byte	48
 237 00d0 D6       		.byte	-42
 238 00d1 41       		.byte	65
 239 00d2 D8       		.byte	-40
 240 00d3 0C       		.byte	12
 241 00d4 E6       		.byte	-26
 242 00d5 20       		.byte	32
 243 00d6 00       		.byte	0
 244 00d7 40       		.byte	64
 245 00d8 02       		.byte	2
 246 00d9 20       		.byte	32
 247 00da 05       		.byte	5
 248 00db 18       		.byte	24
 249 00dc 06       		.byte	6
 250 00dd 15       		.byte	21
 251 00de 08       		.byte	8
 252 00df 13       		.byte	19
 253 00e0 09       		.byte	9
 254 00e1 18       		.byte	24
 255 00e2 0A       		.byte	10
 256 00e3 0C       		.byte	12
 257 00e4 0C       		.byte	12
 258 00e5 13       		.byte	19
 259 00e6 0E       		.byte	14
 260 00e7 04       		.byte	4
 261 00e8 0F       		.byte	15
 262 00e9 20       		.byte	32
 263 00ea 14       		.byte	20
 264 00eb 0A       		.byte	10
 265 00ec 16       		.byte	22
 266 00ed 14       		.byte	20
 267 00ee 1A       		.byte	26
 268 00ef 08       		.byte	8
 269 00f0 1B       		.byte	27
 270 00f1 20       		.byte	32
 271 00f2 1C       		.byte	28
 272 00f3 20       		.byte	32
 273 00f4 1D       		.byte	29
 274 00f5 10       		.byte	16
 275 00f6 1E       		.byte	30
 276 00f7 C0       		.byte	-64
 277 00f8 1F       		.byte	31
 278 00f9 0A       		.byte	10
 279 00fa 20       		.byte	32
 280 00fb 80       		.byte	-128
 281 00fc 22       		.byte	34
 282 00fd 20       		.byte	32
 283 00fe 24       		.byte	36
 284 00ff E0       		.byte	-32
 285 0100 25       		.byte	37
ARM GAS  C:\Users\Henry\AppData\Local\Temp\cct3Demh.s 			page 6


 286 0101 08       		.byte	8
 287 0102 27       		.byte	39
 288 0103 16       		.byte	22
 289 0104 28       		.byte	40
 290 0105 E0       		.byte	-32
 291 0106 2B       		.byte	43
 292 0107 01       		.byte	1
 293 0108 2C       		.byte	44
 294 0109 03       		.byte	3
 295 010a 2E       		.byte	46
 296 010b 14       		.byte	20
 297 010c 30       		.byte	48
 298 010d 10       		.byte	16
 299 010e 31       		.byte	49
 300 010f 03       		.byte	3
 301 0110 32       		.byte	50
 302 0111 E0       		.byte	-32
 303 0112 33       		.byte	51
 304 0113 04       		.byte	4
 305 0114 34       		.byte	52
 306 0115 0F       		.byte	15
 307 0116 35       		.byte	53
 308 0117 20       		.byte	32
 309 0118 37       		.byte	55
 310 0119 18       		.byte	24
 311 011a 3A       		.byte	58
 312 011b 20       		.byte	32
 313 011c 3E       		.byte	62
 314 011d 01       		.byte	1
 315 011e 3F       		.byte	63
 316 011f 11       		.byte	17
 317 0120 40       		.byte	64
 318 0121 32       		.byte	50
 319 0122 41       		.byte	65
 320 0123 05       		.byte	5
 321 0124 46       		.byte	70
 322 0125 B0       		.byte	-80
 323 0126 47       		.byte	71
 324 0127 CE       		.byte	-50
 325 0128 48       		.byte	72
 326 0129 38       		.byte	56
 327 012a 49       		.byte	73
 328 012b FF       		.byte	-1
 329 012c 4A       		.byte	74
 330 012d FF       		.byte	-1
 331 012e 4B       		.byte	75
 332 012f FF       		.byte	-1
 333 0130 4E       		.byte	78
 334 0131 F0       		.byte	-16
 335 0132 4F       		.byte	79
 336 0133 44       		.byte	68
 337 0134 50       		.byte	80
 338 0135 0C       		.byte	12
 339 0136 54       		.byte	84
 340 0137 01       		.byte	1
 341 0138 58       		.byte	88
 342 0139 04       		.byte	4
ARM GAS  C:\Users\Henry\AppData\Local\Temp\cct3Demh.s 			page 7


 343 013a 59       		.byte	89
 344 013b 04       		.byte	4
 345 013c 5A       		.byte	90
 346 013d 04       		.byte	4
 347 013e 5B       		.byte	91
 348 013f 04       		.byte	4
 349 0140 5F       		.byte	95
 350 0141 01       		.byte	1
 351 0142 66       		.byte	102
 352 0143 C0       		.byte	-64
 353 0144 6A       		.byte	106
 354 0145 40       		.byte	64
 355 0146 6B       		.byte	107
 356 0147 02       		.byte	2
 357 0148 84       		.byte	-124
 358 0149 10       		.byte	16
 359 014a 85       		.byte	-123
 360 014b 80       		.byte	-128
 361 014c 86       		.byte	-122
 362 014d AC       		.byte	-84
 363 014e 87       		.byte	-121
 364 014f 13       		.byte	19
 365 0150 8A       		.byte	-118
 366 0151 03       		.byte	3
 367 0152 8C       		.byte	-116
 368 0153 0C       		.byte	12
 369 0154 8E       		.byte	-114
 370 0155 71       		.byte	113
 371 0156 94       		.byte	-108
 372 0157 DC       		.byte	-36
 373 0158 95       		.byte	-107
 374 0159 2C       		.byte	44
 375 015a 96       		.byte	-106
 376 015b 22       		.byte	34
 377 015c 97       		.byte	-105
 378 015d 43       		.byte	67
 379 015e 98       		.byte	-104
 380 015f 09       		.byte	9
 381 0160 9A       		.byte	-102
 382 0161 D0       		.byte	-48
 383 0162 9B       		.byte	-101
 384 0163 0C       		.byte	12
 385 0164 9F       		.byte	-97
 386 0165 08       		.byte	8
 387 0166 A0       		.byte	-96
 388 0167 10       		.byte	16
 389 0168 A2       		.byte	-94
 390 0169 40       		.byte	64
 391 016a A4       		.byte	-92
 392 016b 14       		.byte	20
 393 016c A9       		.byte	-87
 394 016d 71       		.byte	113
 395 016e AA       		.byte	-86
 396 016f 20       		.byte	32
 397 0170 AB       		.byte	-85
 398 0171 06       		.byte	6
 399 0172 AD       		.byte	-83
ARM GAS  C:\Users\Henry\AppData\Local\Temp\cct3Demh.s 			page 8


 400 0173 71       		.byte	113
 401 0174 AF       		.byte	-81
 402 0175 0E       		.byte	14
 403 0176 B1       		.byte	-79
 404 0177 20       		.byte	32
 405 0178 B3       		.byte	-77
 406 0179 0F       		.byte	15
 407 017a B4       		.byte	-76
 408 017b 1F       		.byte	31
 409 017c B5       		.byte	-75
 410 017d C0       		.byte	-64
 411 017e B6       		.byte	-74
 412 017f E0       		.byte	-32
 413 0180 B7       		.byte	-73
 414 0181 30       		.byte	48
 415 0182 B9       		.byte	-71
 416 0183 A2       		.byte	-94
 417 0184 BA       		.byte	-70
 418 0185 80       		.byte	-128
 419 0186 BB       		.byte	-69
 420 0187 08       		.byte	8
 421 0188 BF       		.byte	-65
 422 0189 40       		.byte	64
 423 018a C0       		.byte	-64
 424 018b 01       		.byte	1
 425 018c C5       		.byte	-59
 426 018d 40       		.byte	64
 427 018e C9       		.byte	-55
 428 018f FF       		.byte	-1
 429 0190 CA       		.byte	-54
 430 0191 07       		.byte	7
 431 0192 CB       		.byte	-53
 432 0193 FF       		.byte	-1
 433 0194 CC       		.byte	-52
 434 0195 40       		.byte	64
 435 0196 CD       		.byte	-51
 436 0197 20       		.byte	32
 437 0198 CE       		.byte	-50
 438 0199 F0       		.byte	-16
 439 019a CF       		.byte	-49
 440 019b 05       		.byte	5
 441 019c D0       		.byte	-48
 442 019d 08       		.byte	8
 443 019e D8       		.byte	-40
 444 019f 04       		.byte	4
 445 01a0 D9       		.byte	-39
 446 01a1 04       		.byte	4
 447 01a2 DA       		.byte	-38
 448 01a3 04       		.byte	4
 449 01a4 DF       		.byte	-33
 450 01a5 01       		.byte	1
 451 01a6 E0       		.byte	-32
 452 01a7 40       		.byte	64
 453 01a8 E1       		.byte	-31
 454 01a9 A8       		.byte	-88
 455 01aa E2       		.byte	-30
 456 01ab 40       		.byte	64
ARM GAS  C:\Users\Henry\AppData\Local\Temp\cct3Demh.s 			page 9


 457 01ac E3       		.byte	-29
 458 01ad 20       		.byte	32
 459 01ae 00       		.byte	0
 460 01af 08       		.byte	8
 461 01b0 01       		.byte	1
 462 01b1 A0       		.byte	-96
 463 01b2 04       		.byte	4
 464 01b3 08       		.byte	8
 465 01b4 05       		.byte	5
 466 01b5 92       		.byte	-110
 467 01b6 09       		.byte	9
 468 01b7 08       		.byte	8
 469 01b8 0B       		.byte	11
 470 01b9 04       		.byte	4
 471 01ba 0D       		.byte	13
 472 01bb 08       		.byte	8
 473 01bc 0E       		.byte	14
 474 01bd 01       		.byte	1
 475 01be 0F       		.byte	15
 476 01bf 04       		.byte	4
 477 01c0 10       		.byte	16
 478 01c1 A0       		.byte	-96
 479 01c2 12       		.byte	18
 480 01c3 04       		.byte	4
 481 01c4 16       		.byte	22
 482 01c5 09       		.byte	9
 483 01c6 17       		.byte	23
 484 01c7 06       		.byte	6
 485 01c8 19       		.byte	25
 486 01c9 A0       		.byte	-96
 487 01ca 1C       		.byte	28
 488 01cb 28       		.byte	40
 489 01cc 1D       		.byte	29
 490 01cd 10       		.byte	16
 491 01ce 1E       		.byte	30
 492 01cf 40       		.byte	64
 493 01d0 1F       		.byte	31
 494 01d1 04       		.byte	4
 495 01d2 20       		.byte	32
 496 01d3 81       		.byte	-127
 497 01d4 21       		.byte	33
 498 01d5 08       		.byte	8
 499 01d6 22       		.byte	34
 500 01d7 10       		.byte	16
 501 01d8 23       		.byte	35
 502 01d9 04       		.byte	4
 503 01da 24       		.byte	36
 504 01db 04       		.byte	4
 505 01dc 26       		.byte	38
 506 01dd 88       		.byte	-120
 507 01de 27       		.byte	39
 508 01df 42       		.byte	66
 509 01e0 29       		.byte	41
 510 01e1 90       		.byte	-112
 511 01e2 2A       		.byte	42
 512 01e3 20       		.byte	32
 513 01e4 2F       		.byte	47
ARM GAS  C:\Users\Henry\AppData\Local\Temp\cct3Demh.s 			page 10


 514 01e5 24       		.byte	36
 515 01e6 30       		.byte	48
 516 01e7 80       		.byte	-128
 517 01e8 31       		.byte	49
 518 01e9 08       		.byte	8
 519 01ea 32       		.byte	50
 520 01eb 10       		.byte	16
 521 01ec 36       		.byte	54
 522 01ed 90       		.byte	-112
 523 01ee 38       		.byte	56
 524 01ef 08       		.byte	8
 525 01f0 3D       		.byte	61
 526 01f1 24       		.byte	36
 527 01f2 3E       		.byte	62
 528 01f3 08       		.byte	8
 529 01f4 3F       		.byte	63
 530 01f5 80       		.byte	-128
 531 01f6 40       		.byte	64
 532 01f7 01       		.byte	1
 533 01f8 46       		.byte	70
 534 01f9 24       		.byte	36
 535 01fa 48       		.byte	72
 536 01fb 80       		.byte	-128
 537 01fc 4D       		.byte	77
 538 01fd 80       		.byte	-128
 539 01fe 50       		.byte	80
 540 01ff 04       		.byte	4
 541 0200 52       		.byte	82
 542 0201 04       		.byte	4
 543 0202 54       		.byte	84
 544 0203 29       		.byte	41
 545 0204 55       		.byte	85
 546 0205 04       		.byte	4
 547 0206 56       		.byte	86
 548 0207 01       		.byte	1
 549 0208 5C       		.byte	92
 550 0209 20       		.byte	32
 551 020a 5D       		.byte	93
 552 020b 08       		.byte	8
 553 020c 5E       		.byte	94
 554 020d 40       		.byte	64
 555 020e 5F       		.byte	95
 556 020f 01       		.byte	1
 557 0210 84       		.byte	-124
 558 0211 10       		.byte	16
 559 0212 86       		.byte	-122
 560 0213 01       		.byte	1
 561 0214 89       		.byte	-119
 562 0215 10       		.byte	16
 563 0216 8A       		.byte	-118
 564 0217 80       		.byte	-128
 565 0218 91       		.byte	-111
 566 0219 04       		.byte	4
 567 021a 94       		.byte	-108
 568 021b 04       		.byte	4
 569 021c 95       		.byte	-107
 570 021d 10       		.byte	16
ARM GAS  C:\Users\Henry\AppData\Local\Temp\cct3Demh.s 			page 11


 571 021e 99       		.byte	-103
 572 021f 08       		.byte	8
 573 0220 9B       		.byte	-101
 574 0221 04       		.byte	4
 575 0222 9D       		.byte	-99
 576 0223 22       		.byte	34
 577 0224 9F       		.byte	-97
 578 0225 40       		.byte	64
 579 0226 A1       		.byte	-95
 580 0227 10       		.byte	16
 581 0228 A2       		.byte	-94
 582 0229 10       		.byte	16
 583 022a A3       		.byte	-93
 584 022b 40       		.byte	64
 585 022c A4       		.byte	-92
 586 022d 50       		.byte	80
 587 022e A5       		.byte	-91
 588 022f 04       		.byte	4
 589 0230 A6       		.byte	-90
 590 0231 08       		.byte	8
 591 0232 AD       		.byte	-83
 592 0233 01       		.byte	1
 593 0234 AF       		.byte	-81
 594 0235 48       		.byte	72
 595 0236 C0       		.byte	-64
 596 0237 F7       		.byte	-9
 597 0238 C2       		.byte	-62
 598 0239 E6       		.byte	-26
 599 023a C4       		.byte	-60
 600 023b FE       		.byte	-2
 601 023c CA       		.byte	-54
 602 023d 6C       		.byte	108
 603 023e CC       		.byte	-52
 604 023f 3E       		.byte	62
 605 0240 CE       		.byte	-50
 606 0241 72       		.byte	114
 607 0242 D0       		.byte	-48
 608 0243 68       		.byte	104
 609 0244 D2       		.byte	-46
 610 0245 10       		.byte	16
 611 0246 D6       		.byte	-42
 612 0247 F0       		.byte	-16
 613 0248 AD       		.byte	-83
 614 0249 02       		.byte	2
 615 024a AF       		.byte	-81
 616 024b 20       		.byte	32
 617 024c B0       		.byte	-80
 618 024d 21       		.byte	33
 619 024e B4       		.byte	-76
 620 024f 08       		.byte	8
 621 0250 B7       		.byte	-73
 622 0251 01       		.byte	1
 623 0252 30       		.byte	48
 624 0253 20       		.byte	32
 625 0254 88       		.byte	-120
 626 0255 20       		.byte	32
 627 0256 CC       		.byte	-52
ARM GAS  C:\Users\Henry\AppData\Local\Temp\cct3Demh.s 			page 12


 628 0257 10       		.byte	16
 629 0258 03       		.byte	3
 630 0259 80       		.byte	-128
 631 025a 5F       		.byte	95
 632 025b 40       		.byte	64
 633 025c 93       		.byte	-109
 634 025d 40       		.byte	64
 635 025e AF       		.byte	-81
 636 025f 40       		.byte	64
 637 0260 C0       		.byte	-64
 638 0261 10       		.byte	16
 639 0262 D6       		.byte	-42
 640 0263 20       		.byte	32
 641 0264 EE       		.byte	-18
 642 0265 40       		.byte	64
 643 0266 AF       		.byte	-81
 644 0267 80       		.byte	-128
 645 0268 EC       		.byte	-20
 646 0269 10       		.byte	16
 647 026a 00       		.byte	0
 648 026b 01       		.byte	1
 649 026c 08       		.byte	8
 650 026d 01       		.byte	1
 651 026e 00       		.byte	0
 652 026f 03       		.byte	3
 653 0270 01       		.byte	1
 654 0271 10       		.byte	16
 655 0272 00       		.byte	0
 656 0273 00       		.byte	0
 657 0274 03       		.byte	3
 658 0275 00       		.byte	0
 659 0276 00       		.byte	0
 660 0277 E3       		.byte	-29
 661 0278 00       		.byte	0
 662 0279 C0       		.byte	-64
 663 027a 23       		.byte	35
 664 027b 00       		.byte	0
 665 027c 7F       		.byte	127
 666 027d 1C       		.byte	28
 667 027e 00       		.byte	0
 668 027f E1       		.byte	-31
 669 0280 1F       		.byte	31
 670 0281 44       		.byte	68
 671 0282 60       		.byte	96
 672 0283 00       		.byte	0
 673 0284 02       		.byte	2
 674 0285 00       		.byte	0
 675 0286 00       		.byte	0
 676 0287 04       		.byte	4
 677 0288 1C       		.byte	28
 678 0289 18       		.byte	24
 679 028a 63       		.byte	99
 680 028b 00       		.byte	0
 681 028c 73       		.byte	115
 682 028d FF       		.byte	-1
 683 028e 0C       		.byte	12
 684 028f 00       		.byte	0
ARM GAS  C:\Users\Henry\AppData\Local\Temp\cct3Demh.s 			page 13


 685 0290 00       		.byte	0
 686 0291 08       		.byte	8
 687 0292 00       		.byte	0
 688 0293 00       		.byte	0
 689 0294 04       		.byte	4
 690 0295 3C       		.byte	60
 691 0296 00       		.byte	0
 692 0297 C2       		.byte	-62
 693 0298 0C       		.byte	12
 694 0299 80       		.byte	-128
 695 029a 00       		.byte	0
 696 029b 00       		.byte	0
 697 029c 08       		.byte	8
 698 029d E7       		.byte	-25
 699 029e 00       		.byte	0
 700 029f 18       		.byte	24
 701 02a0 2C       		.byte	44
 702 02a1 00       		.byte	0
 703 02a2 40       		.byte	64
 704 02a3 38       		.byte	56
 705 02a4 10       		.byte	16
 706 02a5 1F       		.byte	31
 707 02a6 0F       		.byte	15
 708 02a7 C0       		.byte	-64
 709 02a8 08       		.byte	8
 710 02a9 00       		.byte	0
 711 02aa 82       		.byte	-126
 712 02ab 20       		.byte	32
 713 02ac 00       		.byte	0
 714 02ad 00       		.byte	0
 715 02ae 10       		.byte	16
 716 02af 00       		.byte	0
 717 02b0 46       		.byte	70
 718 02b1 05       		.byte	5
 719 02b2 02       		.byte	2
 720 02b3 00       		.byte	0
 721 02b4 01       		.byte	1
 722 02b5 C0       		.byte	-64
 723 02b6 0E       		.byte	14
 724 02b7 00       		.byte	0
 725 02b8 06       		.byte	6
 726 02b9 FF       		.byte	-1
 727 02ba FF       		.byte	-1
 728 02bb FF       		.byte	-1
 729 02bc 62       		.byte	98
 730 02bd A0       		.byte	-96
 731 02be F0       		.byte	-16
 732 02bf 41       		.byte	65
 733 02c0 0C       		.byte	12
 734 02c1 00       		.byte	0
 735 02c2 00       		.byte	0
 736 02c3 00       		.byte	0
 737 02c4 00       		.byte	0
 738 02c5 00       		.byte	0
 739 02c6 02       		.byte	2
 740 02c7 12       		.byte	18
 741 02c8 04       		.byte	4
ARM GAS  C:\Users\Henry\AppData\Local\Temp\cct3Demh.s 			page 14


 742 02c9 04       		.byte	4
 743 02ca 04       		.byte	4
 744 02cb 04       		.byte	4
 745 02cc 00       		.byte	0
 746 02cd 00       		.byte	0
 747 02ce 00       		.byte	0
 748 02cf 01       		.byte	1
 749 02d0 00       		.byte	0
 750 02d1 00       		.byte	0
 751 02d2 00       		.byte	0
 752 02d3 00       		.byte	0
 753 02d4 00       		.byte	0
 754 02d5 00       		.byte	0
 755 02d6 40       		.byte	64
 756 02d7 02       		.byte	2
 757 02d8 00       		.byte	0
 758 02d9 10       		.byte	16
 759 02da 30       		.byte	48
 760 02db 10       		.byte	16
 761 02dc 00       		.byte	0
 762 02dd 10       		.byte	16
 763 02de 10       		.byte	16
 764 02df 12       		.byte	18
 765 02e0 00       		.byte	0
 766 02e1 00       		.byte	0
 767 02e2 00       		.byte	0
 768 02e3 00       		.byte	0
 769 02e4 00       		.byte	0
 770 02e5 00       		.byte	0
 771 02e6 00       		.byte	0
 772 02e7 00       		.byte	0
 773 02e8 00       		.byte	0
 774 02e9 00       		.byte	0
 775 02ea 00       		.byte	0
 776 02eb 00       		.byte	0
 777 02ec 00       		.byte	0
 778 02ed 00       		.byte	0
 779 02ee 00       		.byte	0
 780 02ef 00       		.byte	0
 781 02f0 02       		.byte	2
 782 02f1 00       		.byte	0
 783 02f2 01       		.byte	1
 784 02f3 02       		.byte	2
 785 02f4 02       		.byte	2
 786 02f5 00       		.byte	0
 787 02f6 02       		.byte	2
 788 02f7 00       		.byte	0
 789 02f8 00       		.byte	0
 790 02f9 00       		.byte	0
 791 02fa 00       		.byte	0
 792 02fb 00       		.byte	0
 793 02fc 00       		.byte	0
 794 02fd 0B       		.byte	11
 795 02fe 0B       		.byte	11
 796 02ff 00       		.byte	0
 797 0300 00       		.byte	0
 798 0301 00       		.byte	0
ARM GAS  C:\Users\Henry\AppData\Local\Temp\cct3Demh.s 			page 15


 799 0302 00       		.byte	0
 800 0303 00       		.byte	0
 801 0304 00       		.byte	0
 802 0305 7F       		.byte	127
 803 0306 7F       		.byte	127
 804 0307 00       		.byte	0
 805 0308 00       		.byte	0
 806 0309 00       		.byte	0
 807 030a 00       		.byte	0
 808 030b 00       		.byte	0
 809              		.section	.cywolatch,"a",%progbits
 810              		.align	2
 811              		.type	cy_meta_wonvl, %object
 812              		.size	cy_meta_wonvl, 4
 813              	cy_meta_wonvl:
 814 0000 BC       		.byte	-68
 815 0001 90       		.byte	-112
 816 0002 AC       		.byte	-84
 817 0003 AF       		.byte	-81
 818              		.section	.cycustnvl,"a",%progbits
 819              		.align	2
 820              		.type	cy_meta_custnvl, %object
 821              		.size	cy_meta_custnvl, 4
 822              	cy_meta_custnvl:
 823 0000 00       		.byte	0
 824 0001 00       		.byte	0
 825 0002 40       		.byte	64
 826 0003 05       		.byte	5
 827              		.section	.cymeta,"a",%progbits
 828              		.align	2
 829              		.type	cy_metadata, %object
 830              		.size	cy_metadata, 12
 831              	cy_metadata:
 832 0000 00       		.byte	0
 833 0001 01       		.byte	1
 834 0002 2E       		.byte	46
 835 0003 12       		.byte	18
 836 0004 30       		.byte	48
 837 0005 69       		.byte	105
 838 0006 00       		.byte	0
 839 0007 01       		.byte	1
 840 0008 00       		.byte	0
 841 0009 00       		.byte	0
 842 000a 00       		.byte	0
 843 000b 00       		.byte	0
 844              		.section	.cyflashprotect,"a",%progbits
 845              		.align	2
 846              		.type	cy_meta_flashprotect, %object
 847              		.size	cy_meta_flashprotect, 256
 848              	cy_meta_flashprotect:
 849 0000 00000000 		.space	256
 849      00000000 
 849      00000000 
 849      00000000 
 849      00000000 
 850              		.text
 851              	.Letext0:
ARM GAS  C:\Users\Henry\AppData\Local\Temp\cct3Demh.s 			page 16


 852              		.file 1 "c:\\program files (x86)\\cypress\\psoc creator\\4.4\\psoc creator\\import\\gnu\\arm\\5.4.
 853              		.file 2 "c:\\program files (x86)\\cypress\\psoc creator\\4.4\\psoc creator\\import\\gnu\\arm\\5.4.
 854              		.file 3 "Generated_Source\\PSoC5\\cymetadata.c"
 855              		.section	.debug_info,"",%progbits
 856              	.Ldebug_info0:
 857 0000 31010000 		.4byte	0x131
 858 0004 0400     		.2byte	0x4
 859 0006 00000000 		.4byte	.Ldebug_abbrev0
 860 000a 04       		.byte	0x4
 861 000b 01       		.uleb128 0x1
 862 000c 3B000000 		.4byte	.LASF17
 863 0010 0C       		.byte	0xc
 864 0011 BE010000 		.4byte	.LASF18
 865 0015 1D010000 		.4byte	.LASF19
 866 0019 00000000 		.4byte	.Ldebug_line0
 867 001d 02       		.uleb128 0x2
 868 001e 01       		.byte	0x1
 869 001f 06       		.byte	0x6
 870 0020 B2010000 		.4byte	.LASF0
 871 0024 03       		.uleb128 0x3
 872 0025 00000000 		.4byte	.LASF9
 873 0029 01       		.byte	0x1
 874 002a 1D       		.byte	0x1d
 875 002b 2F000000 		.4byte	0x2f
 876 002f 02       		.uleb128 0x2
 877 0030 01       		.byte	0x1
 878 0031 08       		.byte	0x8
 879 0032 2D000000 		.4byte	.LASF1
 880 0036 02       		.uleb128 0x2
 881 0037 02       		.byte	0x2
 882 0038 05       		.byte	0x5
 883 0039 9F010000 		.4byte	.LASF2
 884 003d 02       		.uleb128 0x2
 885 003e 02       		.byte	0x2
 886 003f 07       		.byte	0x7
 887 0040 DB000000 		.4byte	.LASF3
 888 0044 02       		.uleb128 0x2
 889 0045 04       		.byte	0x4
 890 0046 05       		.byte	0x5
 891 0047 A9010000 		.4byte	.LASF4
 892 004b 02       		.uleb128 0x2
 893 004c 04       		.byte	0x4
 894 004d 07       		.byte	0x7
 895 004e C9000000 		.4byte	.LASF5
 896 0052 02       		.uleb128 0x2
 897 0053 08       		.byte	0x8
 898 0054 05       		.byte	0x5
 899 0055 91010000 		.4byte	.LASF6
 900 0059 02       		.uleb128 0x2
 901 005a 08       		.byte	0x8
 902 005b 07       		.byte	0x7
 903 005c 16000000 		.4byte	.LASF7
 904 0060 04       		.uleb128 0x4
 905 0061 04       		.byte	0x4
 906 0062 05       		.byte	0x5
 907 0063 696E7400 		.ascii	"int\000"
 908 0067 02       		.uleb128 0x2
ARM GAS  C:\Users\Henry\AppData\Local\Temp\cct3Demh.s 			page 17


 909 0068 04       		.byte	0x4
 910 0069 07       		.byte	0x7
 911 006a 10010000 		.4byte	.LASF8
 912 006e 03       		.uleb128 0x3
 913 006f 5D010000 		.4byte	.LASF10
 914 0073 02       		.byte	0x2
 915 0074 18       		.byte	0x18
 916 0075 24000000 		.4byte	0x24
 917 0079 05       		.uleb128 0x5
 918 007a 91000000 		.4byte	0x91
 919 007e 8A000000 		.4byte	0x8a
 920 0082 06       		.uleb128 0x6
 921 0083 8A000000 		.4byte	0x8a
 922 0087 0B03     		.2byte	0x30b
 923 0089 00       		.byte	0
 924 008a 02       		.uleb128 0x2
 925 008b 04       		.byte	0x4
 926 008c 07       		.byte	0x7
 927 008d 88010000 		.4byte	.LASF11
 928 0091 07       		.uleb128 0x7
 929 0092 6E000000 		.4byte	0x6e
 930 0096 08       		.uleb128 0x8
 931 0097 FE000000 		.4byte	.LASF12
 932 009b 03       		.byte	0x3
 933 009c 1F       		.byte	0x1f
 934 009d A7000000 		.4byte	0xa7
 935 00a1 05       		.uleb128 0x5
 936 00a2 03       		.byte	0x3
 937 00a3 00000000 		.4byte	cy_meta_configecc
 938 00a7 07       		.uleb128 0x7
 939 00a8 79000000 		.4byte	0x79
 940 00ac 05       		.uleb128 0x5
 941 00ad 91000000 		.4byte	0x91
 942 00b1 BC000000 		.4byte	0xbc
 943 00b5 09       		.uleb128 0x9
 944 00b6 8A000000 		.4byte	0x8a
 945 00ba 03       		.byte	0x3
 946 00bb 00       		.byte	0
 947 00bc 08       		.uleb128 0x8
 948 00bd EE000000 		.4byte	.LASF13
 949 00c1 03       		.byte	0x3
 950 00c2 8E       		.byte	0x8e
 951 00c3 CD000000 		.4byte	0xcd
 952 00c7 05       		.uleb128 0x5
 953 00c8 03       		.byte	0x3
 954 00c9 00000000 		.4byte	cy_meta_custnvl
 955 00cd 07       		.uleb128 0x7
 956 00ce AC000000 		.4byte	0xac
 957 00d2 08       		.uleb128 0x8
 958 00d3 7A010000 		.4byte	.LASF14
 959 00d7 03       		.byte	0x3
 960 00d8 9C       		.byte	0x9c
 961 00d9 E3000000 		.4byte	0xe3
 962 00dd 05       		.uleb128 0x5
 963 00de 03       		.byte	0x3
 964 00df 00000000 		.4byte	cy_meta_wonvl
 965 00e3 07       		.uleb128 0x7
ARM GAS  C:\Users\Henry\AppData\Local\Temp\cct3Demh.s 			page 18


 966 00e4 AC000000 		.4byte	0xac
 967 00e8 05       		.uleb128 0x5
 968 00e9 91000000 		.4byte	0x91
 969 00ed F8000000 		.4byte	0xf8
 970 00f1 09       		.uleb128 0x9
 971 00f2 8A000000 		.4byte	0x8a
 972 00f6 FF       		.byte	0xff
 973 00f7 00       		.byte	0
 974 00f8 08       		.uleb128 0x8
 975 00f9 65010000 		.4byte	.LASF15
 976 00fd 03       		.byte	0x3
 977 00fe AA       		.byte	0xaa
 978 00ff 09010000 		.4byte	0x109
 979 0103 05       		.uleb128 0x5
 980 0104 03       		.byte	0x3
 981 0105 00000000 		.4byte	cy_meta_flashprotect
 982 0109 07       		.uleb128 0x7
 983 010a E8000000 		.4byte	0xe8
 984 010e 05       		.uleb128 0x5
 985 010f 91000000 		.4byte	0x91
 986 0113 1E010000 		.4byte	0x11e
 987 0117 09       		.uleb128 0x9
 988 0118 8A000000 		.4byte	0x8a
 989 011c 0B       		.byte	0xb
 990 011d 00       		.byte	0
 991 011e 08       		.uleb128 0x8
 992 011f 0A000000 		.4byte	.LASF16
 993 0123 03       		.byte	0x3
 994 0124 D7       		.byte	0xd7
 995 0125 2F010000 		.4byte	0x12f
 996 0129 05       		.uleb128 0x5
 997 012a 03       		.byte	0x3
 998 012b 00000000 		.4byte	cy_metadata
 999 012f 07       		.uleb128 0x7
 1000 0130 0E010000 		.4byte	0x10e
 1001 0134 00       		.byte	0
 1002              		.section	.debug_abbrev,"",%progbits
 1003              	.Ldebug_abbrev0:
 1004 0000 01       		.uleb128 0x1
 1005 0001 11       		.uleb128 0x11
 1006 0002 01       		.byte	0x1
 1007 0003 25       		.uleb128 0x25
 1008 0004 0E       		.uleb128 0xe
 1009 0005 13       		.uleb128 0x13
 1010 0006 0B       		.uleb128 0xb
 1011 0007 03       		.uleb128 0x3
 1012 0008 0E       		.uleb128 0xe
 1013 0009 1B       		.uleb128 0x1b
 1014 000a 0E       		.uleb128 0xe
 1015 000b 10       		.uleb128 0x10
 1016 000c 17       		.uleb128 0x17
 1017 000d 00       		.byte	0
 1018 000e 00       		.byte	0
 1019 000f 02       		.uleb128 0x2
 1020 0010 24       		.uleb128 0x24
 1021 0011 00       		.byte	0
 1022 0012 0B       		.uleb128 0xb
ARM GAS  C:\Users\Henry\AppData\Local\Temp\cct3Demh.s 			page 19


 1023 0013 0B       		.uleb128 0xb
 1024 0014 3E       		.uleb128 0x3e
 1025 0015 0B       		.uleb128 0xb
 1026 0016 03       		.uleb128 0x3
 1027 0017 0E       		.uleb128 0xe
 1028 0018 00       		.byte	0
 1029 0019 00       		.byte	0
 1030 001a 03       		.uleb128 0x3
 1031 001b 16       		.uleb128 0x16
 1032 001c 00       		.byte	0
 1033 001d 03       		.uleb128 0x3
 1034 001e 0E       		.uleb128 0xe
 1035 001f 3A       		.uleb128 0x3a
 1036 0020 0B       		.uleb128 0xb
 1037 0021 3B       		.uleb128 0x3b
 1038 0022 0B       		.uleb128 0xb
 1039 0023 49       		.uleb128 0x49
 1040 0024 13       		.uleb128 0x13
 1041 0025 00       		.byte	0
 1042 0026 00       		.byte	0
 1043 0027 04       		.uleb128 0x4
 1044 0028 24       		.uleb128 0x24
 1045 0029 00       		.byte	0
 1046 002a 0B       		.uleb128 0xb
 1047 002b 0B       		.uleb128 0xb
 1048 002c 3E       		.uleb128 0x3e
 1049 002d 0B       		.uleb128 0xb
 1050 002e 03       		.uleb128 0x3
 1051 002f 08       		.uleb128 0x8
 1052 0030 00       		.byte	0
 1053 0031 00       		.byte	0
 1054 0032 05       		.uleb128 0x5
 1055 0033 01       		.uleb128 0x1
 1056 0034 01       		.byte	0x1
 1057 0035 49       		.uleb128 0x49
 1058 0036 13       		.uleb128 0x13
 1059 0037 01       		.uleb128 0x1
 1060 0038 13       		.uleb128 0x13
 1061 0039 00       		.byte	0
 1062 003a 00       		.byte	0
 1063 003b 06       		.uleb128 0x6
 1064 003c 21       		.uleb128 0x21
 1065 003d 00       		.byte	0
 1066 003e 49       		.uleb128 0x49
 1067 003f 13       		.uleb128 0x13
 1068 0040 2F       		.uleb128 0x2f
 1069 0041 05       		.uleb128 0x5
 1070 0042 00       		.byte	0
 1071 0043 00       		.byte	0
 1072 0044 07       		.uleb128 0x7
 1073 0045 26       		.uleb128 0x26
 1074 0046 00       		.byte	0
 1075 0047 49       		.uleb128 0x49
 1076 0048 13       		.uleb128 0x13
 1077 0049 00       		.byte	0
 1078 004a 00       		.byte	0
 1079 004b 08       		.uleb128 0x8
ARM GAS  C:\Users\Henry\AppData\Local\Temp\cct3Demh.s 			page 20


 1080 004c 34       		.uleb128 0x34
 1081 004d 00       		.byte	0
 1082 004e 03       		.uleb128 0x3
 1083 004f 0E       		.uleb128 0xe
 1084 0050 3A       		.uleb128 0x3a
 1085 0051 0B       		.uleb128 0xb
 1086 0052 3B       		.uleb128 0x3b
 1087 0053 0B       		.uleb128 0xb
 1088 0054 49       		.uleb128 0x49
 1089 0055 13       		.uleb128 0x13
 1090 0056 3F       		.uleb128 0x3f
 1091 0057 19       		.uleb128 0x19
 1092 0058 02       		.uleb128 0x2
 1093 0059 18       		.uleb128 0x18
 1094 005a 00       		.byte	0
 1095 005b 00       		.byte	0
 1096 005c 09       		.uleb128 0x9
 1097 005d 21       		.uleb128 0x21
 1098 005e 00       		.byte	0
 1099 005f 49       		.uleb128 0x49
 1100 0060 13       		.uleb128 0x13
 1101 0061 2F       		.uleb128 0x2f
 1102 0062 0B       		.uleb128 0xb
 1103 0063 00       		.byte	0
 1104 0064 00       		.byte	0
 1105 0065 00       		.byte	0
 1106              		.section	.debug_aranges,"",%progbits
 1107 0000 14000000 		.4byte	0x14
 1108 0004 0200     		.2byte	0x2
 1109 0006 00000000 		.4byte	.Ldebug_info0
 1110 000a 04       		.byte	0x4
 1111 000b 00       		.byte	0
 1112 000c 0000     		.2byte	0
 1113 000e 0000     		.2byte	0
 1114 0010 00000000 		.4byte	0
 1115 0014 00000000 		.4byte	0
 1116              		.section	.debug_line,"",%progbits
 1117              	.Ldebug_line0:
 1118 0000 3D010000 		.section	.debug_str,"MS",%progbits,1
 1118      02003701 
 1118      00000201 
 1118      FB0E0D00 
 1118      01010101 
 1119              	.LASF9:
 1120 0000 5F5F7569 		.ascii	"__uint8_t\000"
 1120      6E74385F 
 1120      7400
 1121              	.LASF16:
 1122 000a 63795F6D 		.ascii	"cy_metadata\000"
 1122      65746164 
 1122      61746100 
 1123              	.LASF7:
 1124 0016 6C6F6E67 		.ascii	"long long unsigned int\000"
 1124      206C6F6E 
 1124      6720756E 
 1124      7369676E 
 1124      65642069 
ARM GAS  C:\Users\Henry\AppData\Local\Temp\cct3Demh.s 			page 21


 1125              	.LASF1:
 1126 002d 756E7369 		.ascii	"unsigned char\000"
 1126      676E6564 
 1126      20636861 
 1126      7200
 1127              	.LASF17:
 1128 003b 474E5520 		.ascii	"GNU C11 5.4.1 20160609 (release) [ARM/embedded-5-br"
 1128      43313120 
 1128      352E342E 
 1128      31203230 
 1128      31363036 
 1129 006e 616E6368 		.ascii	"anch revision 237715] -mcpu=cortex-m3 -mthumb -g -O"
 1129      20726576 
 1129      6973696F 
 1129      6E203233 
 1129      37373135 
 1130 00a1 67202D66 		.ascii	"g -ffunction-sections -ffat-lto-objects\000"
 1130      66756E63 
 1130      74696F6E 
 1130      2D736563 
 1130      74696F6E 
 1131              	.LASF5:
 1132 00c9 6C6F6E67 		.ascii	"long unsigned int\000"
 1132      20756E73 
 1132      69676E65 
 1132      6420696E 
 1132      7400
 1133              	.LASF3:
 1134 00db 73686F72 		.ascii	"short unsigned int\000"
 1134      7420756E 
 1134      7369676E 
 1134      65642069 
 1134      6E7400
 1135              	.LASF13:
 1136 00ee 63795F6D 		.ascii	"cy_meta_custnvl\000"
 1136      6574615F 
 1136      63757374 
 1136      6E766C00 
 1137              	.LASF12:
 1138 00fe 63795F6D 		.ascii	"cy_meta_configecc\000"
 1138      6574615F 
 1138      636F6E66 
 1138      69676563 
 1138      6300
 1139              	.LASF8:
 1140 0110 756E7369 		.ascii	"unsigned int\000"
 1140      676E6564 
 1140      20696E74 
 1140      00
 1141              	.LASF19:
 1142 011d 433A5C55 		.ascii	"C:\\Users\\Henry\\Documents\\PSoC Creator\\Serial\\"
 1142      73657273 
 1142      5C48656E 
 1142      72795C44 
 1142      6F63756D 
 1143 014a 52656365 		.ascii	"Receptor_Int.cydsn\000"
 1143      70746F72 
ARM GAS  C:\Users\Henry\AppData\Local\Temp\cct3Demh.s 			page 22


 1143      5F496E74 
 1143      2E637964 
 1143      736E00
 1144              	.LASF10:
 1145 015d 75696E74 		.ascii	"uint8_t\000"
 1145      385F7400 
 1146              	.LASF15:
 1147 0165 63795F6D 		.ascii	"cy_meta_flashprotect\000"
 1147      6574615F 
 1147      666C6173 
 1147      6870726F 
 1147      74656374 
 1148              	.LASF14:
 1149 017a 63795F6D 		.ascii	"cy_meta_wonvl\000"
 1149      6574615F 
 1149      776F6E76 
 1149      6C00
 1150              	.LASF11:
 1151 0188 73697A65 		.ascii	"sizetype\000"
 1151      74797065 
 1151      00
 1152              	.LASF6:
 1153 0191 6C6F6E67 		.ascii	"long long int\000"
 1153      206C6F6E 
 1153      6720696E 
 1153      7400
 1154              	.LASF2:
 1155 019f 73686F72 		.ascii	"short int\000"
 1155      7420696E 
 1155      7400
 1156              	.LASF4:
 1157 01a9 6C6F6E67 		.ascii	"long int\000"
 1157      20696E74 
 1157      00
 1158              	.LASF0:
 1159 01b2 7369676E 		.ascii	"signed char\000"
 1159      65642063 
 1159      68617200 
 1160              	.LASF18:
 1161 01be 47656E65 		.ascii	"Generated_Source\\PSoC5\\cymetadata.c\000"
 1161      72617465 
 1161      645F536F 
 1161      75726365 
 1161      5C50536F 
 1162              		.ident	"GCC: (GNU Tools for ARM Embedded Processors) 5.4.1 20160609 (release) [ARM/embedded-5-bran
