ARM GAS  C:\Users\Henry\AppData\Local\Temp\ccNXtDiY.s 			page 1


   1              		.syntax unified
   2              		.cpu cortex-m3
   3              		.fpu softvfp
   4              		.eabi_attribute 20, 1
   5              		.eabi_attribute 21, 1
   6              		.eabi_attribute 23, 3
   7              		.eabi_attribute 24, 1
   8              		.eabi_attribute 25, 1
   9              		.eabi_attribute 26, 1
  10              		.eabi_attribute 30, 1
  11              		.eabi_attribute 34, 1
  12              		.eabi_attribute 18, 4
  13              		.thumb
  14              		.syntax unified
  15              		.file	"main.c"
  16              		.text
  17              	.Ltext0:
  18              		.cfi_sections	.debug_frame
  19              		.section	.text.Interrupcion,"ax",%progbits
  20              		.align	2
  21              		.global	Interrupcion
  22              		.thumb
  23              		.thumb_func
  24              		.type	Interrupcion, %function
  25              	Interrupcion:
  26              	.LFB63:
  27              		.file 1 "main.c"
   1:main.c        **** #include "project.h"
   2:main.c        **** 
   3:main.c        **** //Funcion Interrupcion
   4:main.c        **** CY_ISR(Interrupcion){
  28              		.loc 1 4 0
  29              		.cfi_startproc
  30              		@ args = 0, pretend = 0, frame = 0
  31              		@ frame_needed = 0, uses_anonymous_args = 0
  32 0000 08B5     		push	{r3, lr}
  33              		.cfi_def_cfa_offset 8
  34              		.cfi_offset 3, -8
  35              		.cfi_offset 14, -4
   5:main.c        ****     LCD_Position(1,0);
  36              		.loc 1 5 0
  37 0002 0021     		movs	r1, #0
  38 0004 0120     		movs	r0, #1
  39 0006 FFF7FEFF 		bl	LCD_Position
  40              	.LVL0:
   6:main.c        ****     LCD_PutChar(Receptor_GetChar());
  41              		.loc 1 6 0
  42 000a FFF7FEFF 		bl	Receptor_GetChar
  43              	.LVL1:
  44 000e FFF7FEFF 		bl	LCD_PutChar
  45              	.LVL2:
  46 0012 08BD     		pop	{r3, pc}
  47              		.cfi_endproc
  48              	.LFE63:
  49              		.size	Interrupcion, .-Interrupcion
  50              		.section	.text.main,"ax",%progbits
  51              		.align	2
ARM GAS  C:\Users\Henry\AppData\Local\Temp\ccNXtDiY.s 			page 2


  52              		.global	main
  53              		.thumb
  54              		.thumb_func
  55              		.type	main, %function
  56              	main:
  57              	.LFB64:
   7:main.c        **** }
   8:main.c        **** 
   9:main.c        **** int main(void)
  10:main.c        **** {
  58              		.loc 1 10 0
  59              		.cfi_startproc
  60              		@ Volatile: function does not return.
  61              		@ args = 0, pretend = 0, frame = 0
  62              		@ frame_needed = 0, uses_anonymous_args = 0
  63 0000 08B5     		push	{r3, lr}
  64              		.cfi_def_cfa_offset 8
  65              		.cfi_offset 3, -8
  66              		.cfi_offset 14, -4
  11:main.c        ****     CyGlobalIntEnable;
  67              		.loc 1 11 0
  68              		.syntax unified
  69              	@ 11 "main.c" 1
  70 0002 62B6     		CPSIE   i
  71              	@ 0 "" 2
  12:main.c        **** 
  13:main.c        ****     //Iniciar Puerto Serial
  14:main.c        ****     Receptor_Start();
  72              		.loc 1 14 0
  73              		.thumb
  74              		.syntax unified
  75 0004 FFF7FEFF 		bl	Receptor_Start
  76              	.LVL3:
  15:main.c        ****     LCD_Start();
  77              		.loc 1 15 0
  78 0008 FFF7FEFF 		bl	LCD_Start
  79              	.LVL4:
  16:main.c        ****     LCD_Position(0,0);
  80              		.loc 1 16 0
  81 000c 0021     		movs	r1, #0
  82 000e 0846     		mov	r0, r1
  83 0010 FFF7FEFF 		bl	LCD_Position
  84              	.LVL5:
  17:main.c        ****     LCD_PrintString("Valor Recibido");
  85              		.loc 1 17 0
  86 0014 0248     		ldr	r0, .L6
  87 0016 FFF7FEFF 		bl	LCD_PrintString
  88              	.LVL6:
  18:main.c        **** 
  19:main.c        ****     //Inicie la interrupción
  20:main.c        ****     Interrupcion_Start();
  89              		.loc 1 20 0
  90 001a FFF7FEFF 		bl	Interrupcion_Start
  91              	.LVL7:
  92              	.L4:
  93 001e FEE7     		b	.L4
  94              	.L7:
ARM GAS  C:\Users\Henry\AppData\Local\Temp\ccNXtDiY.s 			page 3


  95              		.align	2
  96              	.L6:
  97 0020 00000000 		.word	.LC0
  98              		.cfi_endproc
  99              	.LFE64:
 100              		.size	main, .-main
 101              		.section	.rodata.str1.4,"aMS",%progbits,1
 102              		.align	2
 103              	.LC0:
 104 0000 56616C6F 		.ascii	"Valor Recibido\000"
 104      72205265 
 104      63696269 
 104      646F00
 105              		.text
 106              	.Letext0:
 107              		.file 2 "c:\\program files (x86)\\cypress\\psoc creator\\4.4\\psoc creator\\import\\gnu\\arm\\5.4.
 108              		.file 3 "c:\\program files (x86)\\cypress\\psoc creator\\4.4\\psoc creator\\import\\gnu\\arm\\5.4.
 109              		.file 4 "Generated_Source\\PSoC5/LCD.h"
 110              		.file 5 "Generated_Source\\PSoC5/Receptor.h"
 111              		.file 6 "Generated_Source\\PSoC5/Interrupcion.h"
 112              		.file 7 "Generated_Source\\PSoC5/core_cm3.h"
 113              		.section	.debug_info,"",%progbits
 114              	.Ldebug_info0:
 115 0000 A3010000 		.4byte	0x1a3
 116 0004 0400     		.2byte	0x4
 117 0006 00000000 		.4byte	.Ldebug_abbrev0
 118 000a 04       		.byte	0x4
 119 000b 01       		.uleb128 0x1
 120 000c 4B000000 		.4byte	.LASF23
 121 0010 0C       		.byte	0xc
 122 0011 32000000 		.4byte	.LASF24
 123 0015 72010000 		.4byte	.LASF25
 124 0019 00000000 		.4byte	.Ldebug_ranges0+0
 125 001d 00000000 		.4byte	0
 126 0021 00000000 		.4byte	.Ldebug_line0
 127 0025 02       		.uleb128 0x2
 128 0026 01       		.byte	0x1
 129 0027 06       		.byte	0x6
 130 0028 BF010000 		.4byte	.LASF0
 131 002c 02       		.uleb128 0x2
 132 002d 01       		.byte	0x1
 133 002e 08       		.byte	0x8
 134 002f 23010000 		.4byte	.LASF1
 135 0033 02       		.uleb128 0x2
 136 0034 02       		.byte	0x2
 137 0035 05       		.byte	0x5
 138 0036 E7010000 		.4byte	.LASF2
 139 003a 02       		.uleb128 0x2
 140 003b 02       		.byte	0x2
 141 003c 07       		.byte	0x7
 142 003d 0E000000 		.4byte	.LASF3
 143 0041 03       		.uleb128 0x3
 144 0042 D7010000 		.4byte	.LASF9
 145 0046 02       		.byte	0x2
 146 0047 3F       		.byte	0x3f
 147 0048 4C000000 		.4byte	0x4c
 148 004c 02       		.uleb128 0x2
ARM GAS  C:\Users\Henry\AppData\Local\Temp\ccNXtDiY.s 			page 4


 149 004d 04       		.byte	0x4
 150 004e 05       		.byte	0x5
 151 004f 42010000 		.4byte	.LASF4
 152 0053 02       		.uleb128 0x2
 153 0054 04       		.byte	0x4
 154 0055 07       		.byte	0x7
 155 0056 E1000000 		.4byte	.LASF5
 156 005a 02       		.uleb128 0x2
 157 005b 08       		.byte	0x8
 158 005c 05       		.byte	0x5
 159 005d 00000000 		.4byte	.LASF6
 160 0061 02       		.uleb128 0x2
 161 0062 08       		.byte	0x8
 162 0063 07       		.byte	0x7
 163 0064 F3000000 		.4byte	.LASF7
 164 0068 04       		.uleb128 0x4
 165 0069 04       		.byte	0x4
 166 006a 05       		.byte	0x5
 167 006b 696E7400 		.ascii	"int\000"
 168 006f 02       		.uleb128 0x2
 169 0070 04       		.byte	0x4
 170 0071 07       		.byte	0x7
 171 0072 F1010000 		.4byte	.LASF8
 172 0076 03       		.uleb128 0x3
 173 0077 D9000000 		.4byte	.LASF10
 174 007b 03       		.byte	0x3
 175 007c 2C       		.byte	0x2c
 176 007d 41000000 		.4byte	0x41
 177 0081 02       		.uleb128 0x2
 178 0082 04       		.byte	0x4
 179 0083 04       		.byte	0x4
 180 0084 E1010000 		.4byte	.LASF11
 181 0088 02       		.uleb128 0x2
 182 0089 08       		.byte	0x8
 183 008a 04       		.byte	0x4
 184 008b 5E010000 		.4byte	.LASF12
 185 008f 02       		.uleb128 0x2
 186 0090 01       		.byte	0x1
 187 0091 08       		.byte	0x8
 188 0092 3D010000 		.4byte	.LASF13
 189 0096 02       		.uleb128 0x2
 190 0097 08       		.byte	0x8
 191 0098 04       		.byte	0x4
 192 0099 CB010000 		.4byte	.LASF14
 193 009d 02       		.uleb128 0x2
 194 009e 04       		.byte	0x4
 195 009f 07       		.byte	0x7
 196 00a0 FE010000 		.4byte	.LASF15
 197 00a4 05       		.uleb128 0x5
 198 00a5 3E000000 		.4byte	.LASF26
 199 00a9 01       		.byte	0x1
 200 00aa 04       		.byte	0x4
 201 00ab 00000000 		.4byte	.LFB63
 202 00af 14000000 		.4byte	.LFE63-.LFB63
 203 00b3 01       		.uleb128 0x1
 204 00b4 9C       		.byte	0x9c
 205 00b5 E4000000 		.4byte	0xe4
ARM GAS  C:\Users\Henry\AppData\Local\Temp\ccNXtDiY.s 			page 5


 206 00b9 06       		.uleb128 0x6
 207 00ba 0A000000 		.4byte	.LVL0
 208 00be 59010000 		.4byte	0x159
 209 00c2 D1000000 		.4byte	0xd1
 210 00c6 07       		.uleb128 0x7
 211 00c7 01       		.uleb128 0x1
 212 00c8 50       		.byte	0x50
 213 00c9 01       		.uleb128 0x1
 214 00ca 31       		.byte	0x31
 215 00cb 07       		.uleb128 0x7
 216 00cc 01       		.uleb128 0x1
 217 00cd 51       		.byte	0x51
 218 00ce 01       		.uleb128 0x1
 219 00cf 30       		.byte	0x30
 220 00d0 00       		.byte	0
 221 00d1 08       		.uleb128 0x8
 222 00d2 0E000000 		.4byte	.LVL1
 223 00d6 64010000 		.4byte	0x164
 224 00da 08       		.uleb128 0x8
 225 00db 12000000 		.4byte	.LVL2
 226 00df 6F010000 		.4byte	0x16f
 227 00e3 00       		.byte	0
 228 00e4 09       		.uleb128 0x9
 229 00e5 39000000 		.4byte	.LASF27
 230 00e9 01       		.byte	0x1
 231 00ea 09       		.byte	0x9
 232 00eb 68000000 		.4byte	0x68
 233 00ef 00000000 		.4byte	.LFB64
 234 00f3 24000000 		.4byte	.LFE64-.LFB64
 235 00f7 01       		.uleb128 0x1
 236 00f8 9C       		.byte	0x9c
 237 00f9 48010000 		.4byte	0x148
 238 00fd 08       		.uleb128 0x8
 239 00fe 08000000 		.4byte	.LVL3
 240 0102 7A010000 		.4byte	0x17a
 241 0106 08       		.uleb128 0x8
 242 0107 0C000000 		.4byte	.LVL4
 243 010b 85010000 		.4byte	0x185
 244 010f 06       		.uleb128 0x6
 245 0110 14000000 		.4byte	.LVL5
 246 0114 59010000 		.4byte	0x159
 247 0118 27010000 		.4byte	0x127
 248 011c 07       		.uleb128 0x7
 249 011d 01       		.uleb128 0x1
 250 011e 50       		.byte	0x50
 251 011f 01       		.uleb128 0x1
 252 0120 30       		.byte	0x30
 253 0121 07       		.uleb128 0x7
 254 0122 01       		.uleb128 0x1
 255 0123 51       		.byte	0x51
 256 0124 01       		.uleb128 0x1
 257 0125 30       		.byte	0x30
 258 0126 00       		.byte	0
 259 0127 06       		.uleb128 0x6
 260 0128 1A000000 		.4byte	.LVL6
 261 012c 90010000 		.4byte	0x190
 262 0130 3E010000 		.4byte	0x13e
ARM GAS  C:\Users\Henry\AppData\Local\Temp\ccNXtDiY.s 			page 6


 263 0134 07       		.uleb128 0x7
 264 0135 01       		.uleb128 0x1
 265 0136 50       		.byte	0x50
 266 0137 05       		.uleb128 0x5
 267 0138 03       		.byte	0x3
 268 0139 00000000 		.4byte	.LC0
 269 013d 00       		.byte	0
 270 013e 08       		.uleb128 0x8
 271 013f 1E000000 		.4byte	.LVL7
 272 0143 9B010000 		.4byte	0x19b
 273 0147 00       		.byte	0
 274 0148 0A       		.uleb128 0xa
 275 0149 B2010000 		.4byte	.LASF28
 276 014d 07       		.byte	0x7
 277 014e 1207     		.2byte	0x712
 278 0150 54010000 		.4byte	0x154
 279 0154 0B       		.uleb128 0xb
 280 0155 76000000 		.4byte	0x76
 281 0159 0C       		.uleb128 0xc
 282 015a 65010000 		.4byte	.LASF16
 283 015e 65010000 		.4byte	.LASF16
 284 0162 04       		.byte	0x4
 285 0163 3D       		.byte	0x3d
 286 0164 0C       		.uleb128 0xc
 287 0165 21000000 		.4byte	.LASF17
 288 0169 21000000 		.4byte	.LASF17
 289 016d 05       		.byte	0x5
 290 016e 71       		.byte	0x71
 291 016f 0C       		.uleb128 0xc
 292 0170 31010000 		.4byte	.LASF18
 293 0174 31010000 		.4byte	.LASF18
 294 0178 04       		.byte	0x4
 295 0179 3E       		.byte	0x3e
 296 017a 0C       		.uleb128 0xc
 297 017b 14010000 		.4byte	.LASF19
 298 017f 14010000 		.4byte	.LASF19
 299 0183 05       		.byte	0x5
 300 0184 54       		.byte	0x54
 301 0185 0C       		.uleb128 0xc
 302 0186 0A010000 		.4byte	.LASF20
 303 018a 0A010000 		.4byte	.LASF20
 304 018e 04       		.byte	0x4
 305 018f 38       		.byte	0x38
 306 0190 0C       		.uleb128 0xc
 307 0191 07020000 		.4byte	.LASF21
 308 0195 07020000 		.4byte	.LASF21
 309 0199 04       		.byte	0x4
 310 019a 3C       		.byte	0x3c
 311 019b 0C       		.uleb128 0xc
 312 019c 4B010000 		.4byte	.LASF22
 313 01a0 4B010000 		.4byte	.LASF22
 314 01a4 06       		.byte	0x6
 315 01a5 17       		.byte	0x17
 316 01a6 00       		.byte	0
 317              		.section	.debug_abbrev,"",%progbits
 318              	.Ldebug_abbrev0:
 319 0000 01       		.uleb128 0x1
ARM GAS  C:\Users\Henry\AppData\Local\Temp\ccNXtDiY.s 			page 7


 320 0001 11       		.uleb128 0x11
 321 0002 01       		.byte	0x1
 322 0003 25       		.uleb128 0x25
 323 0004 0E       		.uleb128 0xe
 324 0005 13       		.uleb128 0x13
 325 0006 0B       		.uleb128 0xb
 326 0007 03       		.uleb128 0x3
 327 0008 0E       		.uleb128 0xe
 328 0009 1B       		.uleb128 0x1b
 329 000a 0E       		.uleb128 0xe
 330 000b 55       		.uleb128 0x55
 331 000c 17       		.uleb128 0x17
 332 000d 11       		.uleb128 0x11
 333 000e 01       		.uleb128 0x1
 334 000f 10       		.uleb128 0x10
 335 0010 17       		.uleb128 0x17
 336 0011 00       		.byte	0
 337 0012 00       		.byte	0
 338 0013 02       		.uleb128 0x2
 339 0014 24       		.uleb128 0x24
 340 0015 00       		.byte	0
 341 0016 0B       		.uleb128 0xb
 342 0017 0B       		.uleb128 0xb
 343 0018 3E       		.uleb128 0x3e
 344 0019 0B       		.uleb128 0xb
 345 001a 03       		.uleb128 0x3
 346 001b 0E       		.uleb128 0xe
 347 001c 00       		.byte	0
 348 001d 00       		.byte	0
 349 001e 03       		.uleb128 0x3
 350 001f 16       		.uleb128 0x16
 351 0020 00       		.byte	0
 352 0021 03       		.uleb128 0x3
 353 0022 0E       		.uleb128 0xe
 354 0023 3A       		.uleb128 0x3a
 355 0024 0B       		.uleb128 0xb
 356 0025 3B       		.uleb128 0x3b
 357 0026 0B       		.uleb128 0xb
 358 0027 49       		.uleb128 0x49
 359 0028 13       		.uleb128 0x13
 360 0029 00       		.byte	0
 361 002a 00       		.byte	0
 362 002b 04       		.uleb128 0x4
 363 002c 24       		.uleb128 0x24
 364 002d 00       		.byte	0
 365 002e 0B       		.uleb128 0xb
 366 002f 0B       		.uleb128 0xb
 367 0030 3E       		.uleb128 0x3e
 368 0031 0B       		.uleb128 0xb
 369 0032 03       		.uleb128 0x3
 370 0033 08       		.uleb128 0x8
 371 0034 00       		.byte	0
 372 0035 00       		.byte	0
 373 0036 05       		.uleb128 0x5
 374 0037 2E       		.uleb128 0x2e
 375 0038 01       		.byte	0x1
 376 0039 3F       		.uleb128 0x3f
ARM GAS  C:\Users\Henry\AppData\Local\Temp\ccNXtDiY.s 			page 8


 377 003a 19       		.uleb128 0x19
 378 003b 03       		.uleb128 0x3
 379 003c 0E       		.uleb128 0xe
 380 003d 3A       		.uleb128 0x3a
 381 003e 0B       		.uleb128 0xb
 382 003f 3B       		.uleb128 0x3b
 383 0040 0B       		.uleb128 0xb
 384 0041 27       		.uleb128 0x27
 385 0042 19       		.uleb128 0x19
 386 0043 11       		.uleb128 0x11
 387 0044 01       		.uleb128 0x1
 388 0045 12       		.uleb128 0x12
 389 0046 06       		.uleb128 0x6
 390 0047 40       		.uleb128 0x40
 391 0048 18       		.uleb128 0x18
 392 0049 9742     		.uleb128 0x2117
 393 004b 19       		.uleb128 0x19
 394 004c 01       		.uleb128 0x1
 395 004d 13       		.uleb128 0x13
 396 004e 00       		.byte	0
 397 004f 00       		.byte	0
 398 0050 06       		.uleb128 0x6
 399 0051 898201   		.uleb128 0x4109
 400 0054 01       		.byte	0x1
 401 0055 11       		.uleb128 0x11
 402 0056 01       		.uleb128 0x1
 403 0057 31       		.uleb128 0x31
 404 0058 13       		.uleb128 0x13
 405 0059 01       		.uleb128 0x1
 406 005a 13       		.uleb128 0x13
 407 005b 00       		.byte	0
 408 005c 00       		.byte	0
 409 005d 07       		.uleb128 0x7
 410 005e 8A8201   		.uleb128 0x410a
 411 0061 00       		.byte	0
 412 0062 02       		.uleb128 0x2
 413 0063 18       		.uleb128 0x18
 414 0064 9142     		.uleb128 0x2111
 415 0066 18       		.uleb128 0x18
 416 0067 00       		.byte	0
 417 0068 00       		.byte	0
 418 0069 08       		.uleb128 0x8
 419 006a 898201   		.uleb128 0x4109
 420 006d 00       		.byte	0
 421 006e 11       		.uleb128 0x11
 422 006f 01       		.uleb128 0x1
 423 0070 31       		.uleb128 0x31
 424 0071 13       		.uleb128 0x13
 425 0072 00       		.byte	0
 426 0073 00       		.byte	0
 427 0074 09       		.uleb128 0x9
 428 0075 2E       		.uleb128 0x2e
 429 0076 01       		.byte	0x1
 430 0077 3F       		.uleb128 0x3f
 431 0078 19       		.uleb128 0x19
 432 0079 03       		.uleb128 0x3
 433 007a 0E       		.uleb128 0xe
ARM GAS  C:\Users\Henry\AppData\Local\Temp\ccNXtDiY.s 			page 9


 434 007b 3A       		.uleb128 0x3a
 435 007c 0B       		.uleb128 0xb
 436 007d 3B       		.uleb128 0x3b
 437 007e 0B       		.uleb128 0xb
 438 007f 27       		.uleb128 0x27
 439 0080 19       		.uleb128 0x19
 440 0081 49       		.uleb128 0x49
 441 0082 13       		.uleb128 0x13
 442 0083 8701     		.uleb128 0x87
 443 0085 19       		.uleb128 0x19
 444 0086 11       		.uleb128 0x11
 445 0087 01       		.uleb128 0x1
 446 0088 12       		.uleb128 0x12
 447 0089 06       		.uleb128 0x6
 448 008a 40       		.uleb128 0x40
 449 008b 18       		.uleb128 0x18
 450 008c 9742     		.uleb128 0x2117
 451 008e 19       		.uleb128 0x19
 452 008f 01       		.uleb128 0x1
 453 0090 13       		.uleb128 0x13
 454 0091 00       		.byte	0
 455 0092 00       		.byte	0
 456 0093 0A       		.uleb128 0xa
 457 0094 34       		.uleb128 0x34
 458 0095 00       		.byte	0
 459 0096 03       		.uleb128 0x3
 460 0097 0E       		.uleb128 0xe
 461 0098 3A       		.uleb128 0x3a
 462 0099 0B       		.uleb128 0xb
 463 009a 3B       		.uleb128 0x3b
 464 009b 05       		.uleb128 0x5
 465 009c 49       		.uleb128 0x49
 466 009d 13       		.uleb128 0x13
 467 009e 3F       		.uleb128 0x3f
 468 009f 19       		.uleb128 0x19
 469 00a0 3C       		.uleb128 0x3c
 470 00a1 19       		.uleb128 0x19
 471 00a2 00       		.byte	0
 472 00a3 00       		.byte	0
 473 00a4 0B       		.uleb128 0xb
 474 00a5 35       		.uleb128 0x35
 475 00a6 00       		.byte	0
 476 00a7 49       		.uleb128 0x49
 477 00a8 13       		.uleb128 0x13
 478 00a9 00       		.byte	0
 479 00aa 00       		.byte	0
 480 00ab 0C       		.uleb128 0xc
 481 00ac 2E       		.uleb128 0x2e
 482 00ad 00       		.byte	0
 483 00ae 3F       		.uleb128 0x3f
 484 00af 19       		.uleb128 0x19
 485 00b0 3C       		.uleb128 0x3c
 486 00b1 19       		.uleb128 0x19
 487 00b2 6E       		.uleb128 0x6e
 488 00b3 0E       		.uleb128 0xe
 489 00b4 03       		.uleb128 0x3
 490 00b5 0E       		.uleb128 0xe
ARM GAS  C:\Users\Henry\AppData\Local\Temp\ccNXtDiY.s 			page 10


 491 00b6 3A       		.uleb128 0x3a
 492 00b7 0B       		.uleb128 0xb
 493 00b8 3B       		.uleb128 0x3b
 494 00b9 0B       		.uleb128 0xb
 495 00ba 00       		.byte	0
 496 00bb 00       		.byte	0
 497 00bc 00       		.byte	0
 498              		.section	.debug_aranges,"",%progbits
 499 0000 24000000 		.4byte	0x24
 500 0004 0200     		.2byte	0x2
 501 0006 00000000 		.4byte	.Ldebug_info0
 502 000a 04       		.byte	0x4
 503 000b 00       		.byte	0
 504 000c 0000     		.2byte	0
 505 000e 0000     		.2byte	0
 506 0010 00000000 		.4byte	.LFB63
 507 0014 14000000 		.4byte	.LFE63-.LFB63
 508 0018 00000000 		.4byte	.LFB64
 509 001c 24000000 		.4byte	.LFE64-.LFB64
 510 0020 00000000 		.4byte	0
 511 0024 00000000 		.4byte	0
 512              		.section	.debug_ranges,"",%progbits
 513              	.Ldebug_ranges0:
 514 0000 00000000 		.4byte	.LFB63
 515 0004 14000000 		.4byte	.LFE63
 516 0008 00000000 		.4byte	.LFB64
 517 000c 24000000 		.4byte	.LFE64
 518 0010 00000000 		.4byte	0
 519 0014 00000000 		.4byte	0
 520              		.section	.debug_line,"",%progbits
 521              	.Ldebug_line0:
 522 0000 92010000 		.section	.debug_str,"MS",%progbits,1
 522      02006801 
 522      00000201 
 522      FB0E0D00 
 522      01010101 
 523              	.LASF6:
 524 0000 6C6F6E67 		.ascii	"long long int\000"
 524      206C6F6E 
 524      6720696E 
 524      7400
 525              	.LASF3:
 526 000e 73686F72 		.ascii	"short unsigned int\000"
 526      7420756E 
 526      7369676E 
 526      65642069 
 526      6E7400
 527              	.LASF17:
 528 0021 52656365 		.ascii	"Receptor_GetChar\000"
 528      70746F72 
 528      5F476574 
 528      43686172 
 528      00
 529              	.LASF24:
 530 0032 6D61696E 		.ascii	"main.c\000"
 530      2E6300
 531              	.LASF27:
ARM GAS  C:\Users\Henry\AppData\Local\Temp\ccNXtDiY.s 			page 11


 532 0039 6D61696E 		.ascii	"main\000"
 532      00
 533              	.LASF26:
 534 003e 496E7465 		.ascii	"Interrupcion\000"
 534      72727570 
 534      63696F6E 
 534      00
 535              	.LASF23:
 536 004b 474E5520 		.ascii	"GNU C11 5.4.1 20160609 (release) [ARM/embedded-5-br"
 536      43313120 
 536      352E342E 
 536      31203230 
 536      31363036 
 537 007e 616E6368 		.ascii	"anch revision 237715] -mcpu=cortex-m3 -mthumb -g -O"
 537      20726576 
 537      6973696F 
 537      6E203233 
 537      37373135 
 538 00b1 67202D66 		.ascii	"g -ffunction-sections -ffat-lto-objects\000"
 538      66756E63 
 538      74696F6E 
 538      2D736563 
 538      74696F6E 
 539              	.LASF10:
 540 00d9 696E7433 		.ascii	"int32_t\000"
 540      325F7400 
 541              	.LASF5:
 542 00e1 6C6F6E67 		.ascii	"long unsigned int\000"
 542      20756E73 
 542      69676E65 
 542      6420696E 
 542      7400
 543              	.LASF7:
 544 00f3 6C6F6E67 		.ascii	"long long unsigned int\000"
 544      206C6F6E 
 544      6720756E 
 544      7369676E 
 544      65642069 
 545              	.LASF20:
 546 010a 4C43445F 		.ascii	"LCD_Start\000"
 546      53746172 
 546      7400
 547              	.LASF19:
 548 0114 52656365 		.ascii	"Receptor_Start\000"
 548      70746F72 
 548      5F537461 
 548      727400
 549              	.LASF1:
 550 0123 756E7369 		.ascii	"unsigned char\000"
 550      676E6564 
 550      20636861 
 550      7200
 551              	.LASF18:
 552 0131 4C43445F 		.ascii	"LCD_PutChar\000"
 552      50757443 
 552      68617200 
 553              	.LASF13:
ARM GAS  C:\Users\Henry\AppData\Local\Temp\ccNXtDiY.s 			page 12


 554 013d 63686172 		.ascii	"char\000"
 554      00
 555              	.LASF4:
 556 0142 6C6F6E67 		.ascii	"long int\000"
 556      20696E74 
 556      00
 557              	.LASF22:
 558 014b 496E7465 		.ascii	"Interrupcion_Start\000"
 558      72727570 
 558      63696F6E 
 558      5F537461 
 558      727400
 559              	.LASF12:
 560 015e 646F7562 		.ascii	"double\000"
 560      6C6500
 561              	.LASF16:
 562 0165 4C43445F 		.ascii	"LCD_Position\000"
 562      506F7369 
 562      74696F6E 
 562      00
 563              	.LASF25:
 564 0172 433A5C55 		.ascii	"C:\\Users\\Henry\\Documents\\PSoC Creator\\Serial\\"
 564      73657273 
 564      5C48656E 
 564      72795C44 
 564      6F63756D 
 565 019f 52656365 		.ascii	"Receptor_Int.cydsn\000"
 565      70746F72 
 565      5F496E74 
 565      2E637964 
 565      736E00
 566              	.LASF28:
 567 01b2 49544D5F 		.ascii	"ITM_RxBuffer\000"
 567      52784275 
 567      66666572 
 567      00
 568              	.LASF0:
 569 01bf 7369676E 		.ascii	"signed char\000"
 569      65642063 
 569      68617200 
 570              	.LASF14:
 571 01cb 6C6F6E67 		.ascii	"long double\000"
 571      20646F75 
 571      626C6500 
 572              	.LASF9:
 573 01d7 5F5F696E 		.ascii	"__int32_t\000"
 573      7433325F 
 573      7400
 574              	.LASF11:
 575 01e1 666C6F61 		.ascii	"float\000"
 575      7400
 576              	.LASF2:
 577 01e7 73686F72 		.ascii	"short int\000"
 577      7420696E 
 577      7400
 578              	.LASF8:
 579 01f1 756E7369 		.ascii	"unsigned int\000"
ARM GAS  C:\Users\Henry\AppData\Local\Temp\ccNXtDiY.s 			page 13


 579      676E6564 
 579      20696E74 
 579      00
 580              	.LASF15:
 581 01fe 73697A65 		.ascii	"sizetype\000"
 581      74797065 
 581      00
 582              	.LASF21:
 583 0207 4C43445F 		.ascii	"LCD_PrintString\000"
 583      5072696E 
 583      74537472 
 583      696E6700 
 584              		.ident	"GCC: (GNU Tools for ARM Embedded Processors) 5.4.1 20160609 (release) [ARM/embedded-5-bran
