ARM GAS  C:\Users\Henry\AppData\Local\Temp\ccU7qvQf.s 			page 1


   1              		.syntax unified
   2              		.cpu cortex-m3
   3              		.fpu softvfp
   4              		.eabi_attribute 20, 1
   5              		.eabi_attribute 21, 1
   6              		.eabi_attribute 23, 3
   7              		.eabi_attribute 24, 1
   8              		.eabi_attribute 25, 1
   9              		.eabi_attribute 26, 1
  10              		.eabi_attribute 30, 1
  11              		.eabi_attribute 34, 1
  12              		.eabi_attribute 18, 4
  13              		.thumb
  14              		.syntax unified
  15              		.file	"ADC_PM.c"
  16              		.text
  17              	.Ltext0:
  18              		.cfi_sections	.debug_frame
  19              		.section	.text.ADC_SaveConfig,"ax",%progbits
  20              		.align	2
  21              		.global	ADC_SaveConfig
  22              		.thumb
  23              		.thumb_func
  24              		.type	ADC_SaveConfig, %function
  25              	ADC_SaveConfig:
  26              	.LFB0:
  27              		.file 1 "Generated_Source\\PSoC5\\ADC_PM.c"
   1:Generated_Source\PSoC5/ADC_PM.c **** /*******************************************************************************
   2:Generated_Source\PSoC5/ADC_PM.c **** * File Name: ADC_PM.c
   3:Generated_Source\PSoC5/ADC_PM.c **** * Version 3.10
   4:Generated_Source\PSoC5/ADC_PM.c **** *
   5:Generated_Source\PSoC5/ADC_PM.c **** * Description:
   6:Generated_Source\PSoC5/ADC_PM.c **** *  This file provides Sleep/WakeUp APIs functionality.
   7:Generated_Source\PSoC5/ADC_PM.c **** *
   8:Generated_Source\PSoC5/ADC_PM.c **** * Note:
   9:Generated_Source\PSoC5/ADC_PM.c **** *
  10:Generated_Source\PSoC5/ADC_PM.c **** ********************************************************************************
  11:Generated_Source\PSoC5/ADC_PM.c **** * Copyright 2008-2015, Cypress Semiconductor Corporation.  All rights reserved.
  12:Generated_Source\PSoC5/ADC_PM.c **** * You may use this file only in accordance with the license, terms, conditions,
  13:Generated_Source\PSoC5/ADC_PM.c **** * disclaimers, and limitations in the end user license agreement accompanying
  14:Generated_Source\PSoC5/ADC_PM.c **** * the software package with which this file was provided.
  15:Generated_Source\PSoC5/ADC_PM.c **** *******************************************************************************/
  16:Generated_Source\PSoC5/ADC_PM.c **** 
  17:Generated_Source\PSoC5/ADC_PM.c **** #include "ADC.h"
  18:Generated_Source\PSoC5/ADC_PM.c **** 
  19:Generated_Source\PSoC5/ADC_PM.c **** 
  20:Generated_Source\PSoC5/ADC_PM.c **** /***************************************
  21:Generated_Source\PSoC5/ADC_PM.c **** * Local data allocation
  22:Generated_Source\PSoC5/ADC_PM.c **** ***************************************/
  23:Generated_Source\PSoC5/ADC_PM.c **** 
  24:Generated_Source\PSoC5/ADC_PM.c **** static ADC_BACKUP_STRUCT  ADC_backup =
  25:Generated_Source\PSoC5/ADC_PM.c **** {
  26:Generated_Source\PSoC5/ADC_PM.c ****     ADC_DISABLED
  27:Generated_Source\PSoC5/ADC_PM.c **** };
  28:Generated_Source\PSoC5/ADC_PM.c **** 
  29:Generated_Source\PSoC5/ADC_PM.c **** 
  30:Generated_Source\PSoC5/ADC_PM.c **** /*******************************************************************************
ARM GAS  C:\Users\Henry\AppData\Local\Temp\ccU7qvQf.s 			page 2


  31:Generated_Source\PSoC5/ADC_PM.c **** * Function Name: ADC_SaveConfig
  32:Generated_Source\PSoC5/ADC_PM.c **** ********************************************************************************
  33:Generated_Source\PSoC5/ADC_PM.c **** *
  34:Generated_Source\PSoC5/ADC_PM.c **** * Summary:
  35:Generated_Source\PSoC5/ADC_PM.c **** *  Saves the current user configuration.
  36:Generated_Source\PSoC5/ADC_PM.c **** *
  37:Generated_Source\PSoC5/ADC_PM.c **** * Parameters:
  38:Generated_Source\PSoC5/ADC_PM.c **** *  None.
  39:Generated_Source\PSoC5/ADC_PM.c **** *
  40:Generated_Source\PSoC5/ADC_PM.c **** * Return:
  41:Generated_Source\PSoC5/ADC_PM.c **** *  None.
  42:Generated_Source\PSoC5/ADC_PM.c **** *
  43:Generated_Source\PSoC5/ADC_PM.c **** *******************************************************************************/
  44:Generated_Source\PSoC5/ADC_PM.c **** void ADC_SaveConfig(void)
  45:Generated_Source\PSoC5/ADC_PM.c **** {
  28              		.loc 1 45 0
  29              		.cfi_startproc
  30              		@ args = 0, pretend = 0, frame = 0
  31              		@ frame_needed = 0, uses_anonymous_args = 0
  32              		@ link register save eliminated.
  33 0000 7047     		bx	lr
  34              		.cfi_endproc
  35              	.LFE0:
  36              		.size	ADC_SaveConfig, .-ADC_SaveConfig
  37 0002 00BF     		.section	.text.ADC_RestoreConfig,"ax",%progbits
  38              		.align	2
  39              		.global	ADC_RestoreConfig
  40              		.thumb
  41              		.thumb_func
  42              		.type	ADC_RestoreConfig, %function
  43              	ADC_RestoreConfig:
  44              	.LFB1:
  46:Generated_Source\PSoC5/ADC_PM.c ****     /* All configuration registers are marked as [reset_all_retention] */
  47:Generated_Source\PSoC5/ADC_PM.c **** }
  48:Generated_Source\PSoC5/ADC_PM.c **** 
  49:Generated_Source\PSoC5/ADC_PM.c **** 
  50:Generated_Source\PSoC5/ADC_PM.c **** /*******************************************************************************
  51:Generated_Source\PSoC5/ADC_PM.c **** * Function Name: ADC_RestoreConfig
  52:Generated_Source\PSoC5/ADC_PM.c **** ********************************************************************************
  53:Generated_Source\PSoC5/ADC_PM.c **** *
  54:Generated_Source\PSoC5/ADC_PM.c **** * Summary:
  55:Generated_Source\PSoC5/ADC_PM.c **** *  Restores the current user configuration.
  56:Generated_Source\PSoC5/ADC_PM.c **** *
  57:Generated_Source\PSoC5/ADC_PM.c **** * Parameters:
  58:Generated_Source\PSoC5/ADC_PM.c **** *  None.
  59:Generated_Source\PSoC5/ADC_PM.c **** *
  60:Generated_Source\PSoC5/ADC_PM.c **** * Return:
  61:Generated_Source\PSoC5/ADC_PM.c **** *  None.
  62:Generated_Source\PSoC5/ADC_PM.c **** *
  63:Generated_Source\PSoC5/ADC_PM.c **** *******************************************************************************/
  64:Generated_Source\PSoC5/ADC_PM.c **** void ADC_RestoreConfig(void)
  65:Generated_Source\PSoC5/ADC_PM.c **** {
  45              		.loc 1 65 0
  46              		.cfi_startproc
  47              		@ args = 0, pretend = 0, frame = 0
  48              		@ frame_needed = 0, uses_anonymous_args = 0
  49              		@ link register save eliminated.
ARM GAS  C:\Users\Henry\AppData\Local\Temp\ccU7qvQf.s 			page 3


  50 0000 7047     		bx	lr
  51              		.cfi_endproc
  52              	.LFE1:
  53              		.size	ADC_RestoreConfig, .-ADC_RestoreConfig
  54 0002 00BF     		.section	.text.ADC_Sleep,"ax",%progbits
  55              		.align	2
  56              		.global	ADC_Sleep
  57              		.thumb
  58              		.thumb_func
  59              		.type	ADC_Sleep, %function
  60              	ADC_Sleep:
  61              	.LFB2:
  66:Generated_Source\PSoC5/ADC_PM.c ****     /* All congiguration registers are marked as [reset_all_retention] */
  67:Generated_Source\PSoC5/ADC_PM.c **** }
  68:Generated_Source\PSoC5/ADC_PM.c **** 
  69:Generated_Source\PSoC5/ADC_PM.c **** 
  70:Generated_Source\PSoC5/ADC_PM.c **** /*******************************************************************************
  71:Generated_Source\PSoC5/ADC_PM.c **** * Function Name: ADC_Sleep
  72:Generated_Source\PSoC5/ADC_PM.c **** ********************************************************************************
  73:Generated_Source\PSoC5/ADC_PM.c **** *
  74:Generated_Source\PSoC5/ADC_PM.c **** * Summary:
  75:Generated_Source\PSoC5/ADC_PM.c **** *  This is the preferred routine to prepare the component for sleep.
  76:Generated_Source\PSoC5/ADC_PM.c **** *  The ADC_Sleep() routine saves the current component state,
  77:Generated_Source\PSoC5/ADC_PM.c **** *  then it calls the ADC_Stop() function.
  78:Generated_Source\PSoC5/ADC_PM.c **** *
  79:Generated_Source\PSoC5/ADC_PM.c **** * Parameters:
  80:Generated_Source\PSoC5/ADC_PM.c **** *  None.
  81:Generated_Source\PSoC5/ADC_PM.c **** *
  82:Generated_Source\PSoC5/ADC_PM.c **** * Return:
  83:Generated_Source\PSoC5/ADC_PM.c **** *  None.
  84:Generated_Source\PSoC5/ADC_PM.c **** *
  85:Generated_Source\PSoC5/ADC_PM.c **** * Global Variables:
  86:Generated_Source\PSoC5/ADC_PM.c **** *  ADC_backup - The structure field 'enableState' is modified
  87:Generated_Source\PSoC5/ADC_PM.c **** *  depending on the enable state of the block before entering to sleep mode.
  88:Generated_Source\PSoC5/ADC_PM.c **** *
  89:Generated_Source\PSoC5/ADC_PM.c **** *******************************************************************************/
  90:Generated_Source\PSoC5/ADC_PM.c **** void ADC_Sleep(void)
  91:Generated_Source\PSoC5/ADC_PM.c **** {
  62              		.loc 1 91 0
  63              		.cfi_startproc
  64              		@ args = 0, pretend = 0, frame = 0
  65              		@ frame_needed = 0, uses_anonymous_args = 0
  66              		.loc 1 91 0
  67 0000 08B5     		push	{r3, lr}
  68              		.cfi_def_cfa_offset 8
  69              		.cfi_offset 3, -8
  70              		.cfi_offset 14, -4
  92:Generated_Source\PSoC5/ADC_PM.c ****     if((ADC_PWRMGR_SAR_REG  & ADC_ACT_PWR_SAR_EN) != 0u)
  71              		.loc 1 92 0
  72 0002 0C4B     		ldr	r3, .L9
  73 0004 1B78     		ldrb	r3, [r3]	@ zero_extendqisi2
  74 0006 13F0010F 		tst	r3, #1
  75 000a 0ED0     		beq	.L4
  93:Generated_Source\PSoC5/ADC_PM.c ****     {
  94:Generated_Source\PSoC5/ADC_PM.c ****         if((ADC_SAR_CSR0_REG & ADC_SAR_SOF_START_CONV) != 0u)
  76              		.loc 1 94 0
  77 000c 0A4B     		ldr	r3, .L9+4
ARM GAS  C:\Users\Henry\AppData\Local\Temp\ccU7qvQf.s 			page 4


  78 000e 1B78     		ldrb	r3, [r3]	@ zero_extendqisi2
  79 0010 13F0010F 		tst	r3, #1
  80 0014 03D0     		beq	.L5
  95:Generated_Source\PSoC5/ADC_PM.c ****         {
  96:Generated_Source\PSoC5/ADC_PM.c ****             ADC_backup.enableState = ADC_ENABLED | ADC_STARTED;
  81              		.loc 1 96 0
  82 0016 0322     		movs	r2, #3
  83 0018 084B     		ldr	r3, .L9+8
  84 001a 1A70     		strb	r2, [r3]
  85 001c 02E0     		b	.L6
  86              	.L5:
  97:Generated_Source\PSoC5/ADC_PM.c ****         }
  98:Generated_Source\PSoC5/ADC_PM.c ****         else
  99:Generated_Source\PSoC5/ADC_PM.c ****         {
 100:Generated_Source\PSoC5/ADC_PM.c ****             ADC_backup.enableState = ADC_ENABLED;
  87              		.loc 1 100 0
  88 001e 0122     		movs	r2, #1
  89 0020 064B     		ldr	r3, .L9+8
  90 0022 1A70     		strb	r2, [r3]
  91              	.L6:
 101:Generated_Source\PSoC5/ADC_PM.c ****         }
 102:Generated_Source\PSoC5/ADC_PM.c ****         ADC_Stop();
  92              		.loc 1 102 0
  93 0024 FFF7FEFF 		bl	ADC_Stop
  94              	.LVL0:
  95 0028 08BD     		pop	{r3, pc}
  96              	.L4:
 103:Generated_Source\PSoC5/ADC_PM.c ****     }
 104:Generated_Source\PSoC5/ADC_PM.c ****     else
 105:Generated_Source\PSoC5/ADC_PM.c ****     {
 106:Generated_Source\PSoC5/ADC_PM.c ****         ADC_backup.enableState = ADC_DISABLED;
  97              		.loc 1 106 0
  98 002a 0022     		movs	r2, #0
  99 002c 034B     		ldr	r3, .L9+8
 100 002e 1A70     		strb	r2, [r3]
 101 0030 08BD     		pop	{r3, pc}
 102              	.L10:
 103 0032 00BF     		.align	2
 104              	.L9:
 105 0034 AB430040 		.word	1073759147
 106 0038 00590040 		.word	1073764608
 107 003c 00000000 		.word	.LANCHOR0
 108              		.cfi_endproc
 109              	.LFE2:
 110              		.size	ADC_Sleep, .-ADC_Sleep
 111              		.section	.text.ADC_Wakeup,"ax",%progbits
 112              		.align	2
 113              		.global	ADC_Wakeup
 114              		.thumb
 115              		.thumb_func
 116              		.type	ADC_Wakeup, %function
 117              	ADC_Wakeup:
 118              	.LFB3:
 107:Generated_Source\PSoC5/ADC_PM.c ****     }
 108:Generated_Source\PSoC5/ADC_PM.c **** }
 109:Generated_Source\PSoC5/ADC_PM.c **** 
 110:Generated_Source\PSoC5/ADC_PM.c **** 
ARM GAS  C:\Users\Henry\AppData\Local\Temp\ccU7qvQf.s 			page 5


 111:Generated_Source\PSoC5/ADC_PM.c **** /*******************************************************************************
 112:Generated_Source\PSoC5/ADC_PM.c **** * Function Name: ADC_Wakeup
 113:Generated_Source\PSoC5/ADC_PM.c **** ********************************************************************************
 114:Generated_Source\PSoC5/ADC_PM.c **** *
 115:Generated_Source\PSoC5/ADC_PM.c **** * Summary:
 116:Generated_Source\PSoC5/ADC_PM.c **** *  This is the preferred routine to restore the component to the state when
 117:Generated_Source\PSoC5/ADC_PM.c **** *  ADC_Sleep() was called. If the component was enabled before the
 118:Generated_Source\PSoC5/ADC_PM.c **** *  ADC_Sleep() function was called, the
 119:Generated_Source\PSoC5/ADC_PM.c **** *  ADC_Wakeup() function also re-enables the component.
 120:Generated_Source\PSoC5/ADC_PM.c **** *
 121:Generated_Source\PSoC5/ADC_PM.c **** * Parameters:
 122:Generated_Source\PSoC5/ADC_PM.c **** *  None.
 123:Generated_Source\PSoC5/ADC_PM.c **** *
 124:Generated_Source\PSoC5/ADC_PM.c **** * Return:
 125:Generated_Source\PSoC5/ADC_PM.c **** *  None.
 126:Generated_Source\PSoC5/ADC_PM.c **** *
 127:Generated_Source\PSoC5/ADC_PM.c **** * Global Variables:
 128:Generated_Source\PSoC5/ADC_PM.c **** *  ADC_backup - The structure field 'enableState' is used to
 129:Generated_Source\PSoC5/ADC_PM.c **** *  restore the enable state of block after wakeup from sleep mode.
 130:Generated_Source\PSoC5/ADC_PM.c **** *
 131:Generated_Source\PSoC5/ADC_PM.c **** *******************************************************************************/
 132:Generated_Source\PSoC5/ADC_PM.c **** void ADC_Wakeup(void)
 133:Generated_Source\PSoC5/ADC_PM.c **** {
 119              		.loc 1 133 0
 120              		.cfi_startproc
 121              		@ args = 0, pretend = 0, frame = 0
 122              		@ frame_needed = 0, uses_anonymous_args = 0
 123 0000 08B5     		push	{r3, lr}
 124              		.cfi_def_cfa_offset 8
 125              		.cfi_offset 3, -8
 126              		.cfi_offset 14, -4
 134:Generated_Source\PSoC5/ADC_PM.c ****     if(ADC_backup.enableState != ADC_DISABLED)
 127              		.loc 1 134 0
 128 0002 064B     		ldr	r3, .L14
 129 0004 1B78     		ldrb	r3, [r3]	@ zero_extendqisi2
 130 0006 43B1     		cbz	r3, .L11
 135:Generated_Source\PSoC5/ADC_PM.c ****     {
 136:Generated_Source\PSoC5/ADC_PM.c ****         ADC_Enable();
 131              		.loc 1 136 0
 132 0008 FFF7FEFF 		bl	ADC_Enable
 133              	.LVL1:
 137:Generated_Source\PSoC5/ADC_PM.c ****         #if(ADC_DEFAULT_CONV_MODE != ADC__HARDWARE_TRIGGER)
 138:Generated_Source\PSoC5/ADC_PM.c ****             if((ADC_backup.enableState & ADC_STARTED) != 0u)
 134              		.loc 1 138 0
 135 000c 034B     		ldr	r3, .L14
 136 000e 1B78     		ldrb	r3, [r3]	@ zero_extendqisi2
 137 0010 13F0020F 		tst	r3, #2
 138 0014 01D0     		beq	.L11
 139:Generated_Source\PSoC5/ADC_PM.c ****             {
 140:Generated_Source\PSoC5/ADC_PM.c ****                 ADC_StartConvert();
 139              		.loc 1 140 0
 140 0016 FFF7FEFF 		bl	ADC_StartConvert
 141              	.LVL2:
 142              	.L11:
 143 001a 08BD     		pop	{r3, pc}
 144              	.L15:
 145              		.align	2
ARM GAS  C:\Users\Henry\AppData\Local\Temp\ccU7qvQf.s 			page 6


 146              	.L14:
 147 001c 00000000 		.word	.LANCHOR0
 148              		.cfi_endproc
 149              	.LFE3:
 150              		.size	ADC_Wakeup, .-ADC_Wakeup
 151              		.bss
 152              		.align	2
 153              		.set	.LANCHOR0,. + 0
 154              		.type	ADC_backup, %object
 155              		.size	ADC_backup, 1
 156              	ADC_backup:
 157 0000 00       		.space	1
 158              		.text
 159              	.Letext0:
 160              		.file 2 "Generated_Source\\PSoC5\\cytypes.h"
 161              		.file 3 "Generated_Source\\PSoC5\\ADC.h"
 162              		.section	.debug_info,"",%progbits
 163              	.Ldebug_info0:
 164 0000 55010000 		.4byte	0x155
 165 0004 0400     		.2byte	0x4
 166 0006 00000000 		.4byte	.Ldebug_abbrev0
 167 000a 04       		.byte	0x4
 168 000b 01       		.uleb128 0x1
 169 000c 2E000000 		.4byte	.LASF22
 170 0010 0C       		.byte	0xc
 171 0011 DE010000 		.4byte	.LASF23
 172 0015 93010000 		.4byte	.LASF24
 173 0019 00000000 		.4byte	.Ldebug_ranges0+0
 174 001d 00000000 		.4byte	0
 175 0021 00000000 		.4byte	.Ldebug_line0
 176 0025 02       		.uleb128 0x2
 177 0026 01       		.byte	0x1
 178 0027 06       		.byte	0x6
 179 0028 C7010000 		.4byte	.LASF0
 180 002c 02       		.uleb128 0x2
 181 002d 01       		.byte	0x1
 182 002e 08       		.byte	0x8
 183 002f 20000000 		.4byte	.LASF1
 184 0033 02       		.uleb128 0x2
 185 0034 02       		.byte	0x2
 186 0035 05       		.byte	0x5
 187 0036 6E010000 		.4byte	.LASF2
 188 003a 02       		.uleb128 0x2
 189 003b 02       		.byte	0x2
 190 003c 07       		.byte	0x7
 191 003d E4000000 		.4byte	.LASF3
 192 0041 02       		.uleb128 0x2
 193 0042 04       		.byte	0x4
 194 0043 05       		.byte	0x5
 195 0044 7E010000 		.4byte	.LASF4
 196 0048 02       		.uleb128 0x2
 197 0049 04       		.byte	0x4
 198 004a 07       		.byte	0x7
 199 004b D2000000 		.4byte	.LASF5
 200 004f 02       		.uleb128 0x2
 201 0050 08       		.byte	0x8
 202 0051 05       		.byte	0x5
ARM GAS  C:\Users\Henry\AppData\Local\Temp\ccU7qvQf.s 			page 7


 203 0052 37010000 		.4byte	.LASF6
 204 0056 02       		.uleb128 0x2
 205 0057 08       		.byte	0x8
 206 0058 07       		.byte	0x7
 207 0059 20010000 		.4byte	.LASF7
 208 005d 03       		.uleb128 0x3
 209 005e 04       		.byte	0x4
 210 005f 05       		.byte	0x5
 211 0060 696E7400 		.ascii	"int\000"
 212 0064 02       		.uleb128 0x2
 213 0065 04       		.byte	0x4
 214 0066 07       		.byte	0x7
 215 0067 08010000 		.4byte	.LASF8
 216 006b 04       		.uleb128 0x4
 217 006c 78010000 		.4byte	.LASF12
 218 0070 02       		.byte	0x2
 219 0071 E801     		.2byte	0x1e8
 220 0073 2C000000 		.4byte	0x2c
 221 0077 02       		.uleb128 0x2
 222 0078 04       		.byte	0x4
 223 0079 04       		.byte	0x4
 224 007a 1A000000 		.4byte	.LASF9
 225 007e 02       		.uleb128 0x2
 226 007f 08       		.byte	0x8
 227 0080 04       		.byte	0x4
 228 0081 01010000 		.4byte	.LASF10
 229 0085 02       		.uleb128 0x2
 230 0086 01       		.byte	0x1
 231 0087 08       		.byte	0x8
 232 0088 57010000 		.4byte	.LASF11
 233 008c 04       		.uleb128 0x4
 234 008d CD000000 		.4byte	.LASF13
 235 0091 02       		.byte	0x2
 236 0092 9202     		.2byte	0x292
 237 0094 98000000 		.4byte	0x98
 238 0098 05       		.uleb128 0x5
 239 0099 6B000000 		.4byte	0x6b
 240 009d 06       		.uleb128 0x6
 241 009e 01       		.byte	0x1
 242 009f 03       		.byte	0x3
 243 00a0 2A       		.byte	0x2a
 244 00a1 B2000000 		.4byte	0xb2
 245 00a5 07       		.uleb128 0x7
 246 00a6 87010000 		.4byte	.LASF25
 247 00aa 03       		.byte	0x3
 248 00ab 2C       		.byte	0x2c
 249 00ac 6B000000 		.4byte	0x6b
 250 00b0 00       		.byte	0
 251 00b1 00       		.byte	0
 252 00b2 08       		.uleb128 0x8
 253 00b3 45010000 		.4byte	.LASF14
 254 00b7 03       		.byte	0x3
 255 00b8 2D       		.byte	0x2d
 256 00b9 9D000000 		.4byte	0x9d
 257 00bd 09       		.uleb128 0x9
 258 00be 0B000000 		.4byte	.LASF15
 259 00c2 01       		.byte	0x1
ARM GAS  C:\Users\Henry\AppData\Local\Temp\ccU7qvQf.s 			page 8


 260 00c3 2C       		.byte	0x2c
 261 00c4 00000000 		.4byte	.LFB0
 262 00c8 02000000 		.4byte	.LFE0-.LFB0
 263 00cc 01       		.uleb128 0x1
 264 00cd 9C       		.byte	0x9c
 265 00ce 09       		.uleb128 0x9
 266 00cf 5C010000 		.4byte	.LASF16
 267 00d3 01       		.byte	0x1
 268 00d4 40       		.byte	0x40
 269 00d5 00000000 		.4byte	.LFB1
 270 00d9 02000000 		.4byte	.LFE1-.LFB1
 271 00dd 01       		.uleb128 0x1
 272 00de 9C       		.byte	0x9c
 273 00df 0A       		.uleb128 0xa
 274 00e0 F7000000 		.4byte	.LASF17
 275 00e4 01       		.byte	0x1
 276 00e5 5A       		.byte	0x5a
 277 00e6 00000000 		.4byte	.LFB2
 278 00ea 40000000 		.4byte	.LFE2-.LFB2
 279 00ee 01       		.uleb128 0x1
 280 00ef 9C       		.byte	0x9c
 281 00f0 FE000000 		.4byte	0xfe
 282 00f4 0B       		.uleb128 0xb
 283 00f5 28000000 		.4byte	.LVL0
 284 00f9 37010000 		.4byte	0x137
 285 00fd 00       		.byte	0
 286 00fe 0A       		.uleb128 0xa
 287 00ff 00000000 		.4byte	.LASF18
 288 0103 01       		.byte	0x1
 289 0104 84       		.byte	0x84
 290 0105 00000000 		.4byte	.LFB3
 291 0109 20000000 		.4byte	.LFE3-.LFB3
 292 010d 01       		.uleb128 0x1
 293 010e 9C       		.byte	0x9c
 294 010f 26010000 		.4byte	0x126
 295 0113 0B       		.uleb128 0xb
 296 0114 0C000000 		.4byte	.LVL1
 297 0118 42010000 		.4byte	0x142
 298 011c 0B       		.uleb128 0xb
 299 011d 1A000000 		.4byte	.LVL2
 300 0121 4D010000 		.4byte	0x14d
 301 0125 00       		.byte	0
 302 0126 0C       		.uleb128 0xc
 303 0127 D3010000 		.4byte	.LASF26
 304 012b 01       		.byte	0x1
 305 012c 18       		.byte	0x18
 306 012d B2000000 		.4byte	0xb2
 307 0131 05       		.uleb128 0x5
 308 0132 03       		.byte	0x3
 309 0133 00000000 		.4byte	ADC_backup
 310 0137 0D       		.uleb128 0xd
 311 0138 FE010000 		.4byte	.LASF19
 312 013c FE010000 		.4byte	.LASF19
 313 0140 03       		.byte	0x3
 314 0141 35       		.byte	0x35
 315 0142 0D       		.uleb128 0xd
 316 0143 15010000 		.4byte	.LASF20
ARM GAS  C:\Users\Henry\AppData\Local\Temp\ccU7qvQf.s 			page 9


 317 0147 15010000 		.4byte	.LASF20
 318 014b 03       		.byte	0x3
 319 014c 44       		.byte	0x44
 320 014d 0D       		.uleb128 0xd
 321 014e BC000000 		.4byte	.LASF21
 322 0152 BC000000 		.4byte	.LASF21
 323 0156 03       		.byte	0x3
 324 0157 D1       		.byte	0xd1
 325 0158 00       		.byte	0
 326              		.section	.debug_abbrev,"",%progbits
 327              	.Ldebug_abbrev0:
 328 0000 01       		.uleb128 0x1
 329 0001 11       		.uleb128 0x11
 330 0002 01       		.byte	0x1
 331 0003 25       		.uleb128 0x25
 332 0004 0E       		.uleb128 0xe
 333 0005 13       		.uleb128 0x13
 334 0006 0B       		.uleb128 0xb
 335 0007 03       		.uleb128 0x3
 336 0008 0E       		.uleb128 0xe
 337 0009 1B       		.uleb128 0x1b
 338 000a 0E       		.uleb128 0xe
 339 000b 55       		.uleb128 0x55
 340 000c 17       		.uleb128 0x17
 341 000d 11       		.uleb128 0x11
 342 000e 01       		.uleb128 0x1
 343 000f 10       		.uleb128 0x10
 344 0010 17       		.uleb128 0x17
 345 0011 00       		.byte	0
 346 0012 00       		.byte	0
 347 0013 02       		.uleb128 0x2
 348 0014 24       		.uleb128 0x24
 349 0015 00       		.byte	0
 350 0016 0B       		.uleb128 0xb
 351 0017 0B       		.uleb128 0xb
 352 0018 3E       		.uleb128 0x3e
 353 0019 0B       		.uleb128 0xb
 354 001a 03       		.uleb128 0x3
 355 001b 0E       		.uleb128 0xe
 356 001c 00       		.byte	0
 357 001d 00       		.byte	0
 358 001e 03       		.uleb128 0x3
 359 001f 24       		.uleb128 0x24
 360 0020 00       		.byte	0
 361 0021 0B       		.uleb128 0xb
 362 0022 0B       		.uleb128 0xb
 363 0023 3E       		.uleb128 0x3e
 364 0024 0B       		.uleb128 0xb
 365 0025 03       		.uleb128 0x3
 366 0026 08       		.uleb128 0x8
 367 0027 00       		.byte	0
 368 0028 00       		.byte	0
 369 0029 04       		.uleb128 0x4
 370 002a 16       		.uleb128 0x16
 371 002b 00       		.byte	0
 372 002c 03       		.uleb128 0x3
 373 002d 0E       		.uleb128 0xe
ARM GAS  C:\Users\Henry\AppData\Local\Temp\ccU7qvQf.s 			page 10


 374 002e 3A       		.uleb128 0x3a
 375 002f 0B       		.uleb128 0xb
 376 0030 3B       		.uleb128 0x3b
 377 0031 05       		.uleb128 0x5
 378 0032 49       		.uleb128 0x49
 379 0033 13       		.uleb128 0x13
 380 0034 00       		.byte	0
 381 0035 00       		.byte	0
 382 0036 05       		.uleb128 0x5
 383 0037 35       		.uleb128 0x35
 384 0038 00       		.byte	0
 385 0039 49       		.uleb128 0x49
 386 003a 13       		.uleb128 0x13
 387 003b 00       		.byte	0
 388 003c 00       		.byte	0
 389 003d 06       		.uleb128 0x6
 390 003e 13       		.uleb128 0x13
 391 003f 01       		.byte	0x1
 392 0040 0B       		.uleb128 0xb
 393 0041 0B       		.uleb128 0xb
 394 0042 3A       		.uleb128 0x3a
 395 0043 0B       		.uleb128 0xb
 396 0044 3B       		.uleb128 0x3b
 397 0045 0B       		.uleb128 0xb
 398 0046 01       		.uleb128 0x1
 399 0047 13       		.uleb128 0x13
 400 0048 00       		.byte	0
 401 0049 00       		.byte	0
 402 004a 07       		.uleb128 0x7
 403 004b 0D       		.uleb128 0xd
 404 004c 00       		.byte	0
 405 004d 03       		.uleb128 0x3
 406 004e 0E       		.uleb128 0xe
 407 004f 3A       		.uleb128 0x3a
 408 0050 0B       		.uleb128 0xb
 409 0051 3B       		.uleb128 0x3b
 410 0052 0B       		.uleb128 0xb
 411 0053 49       		.uleb128 0x49
 412 0054 13       		.uleb128 0x13
 413 0055 38       		.uleb128 0x38
 414 0056 0B       		.uleb128 0xb
 415 0057 00       		.byte	0
 416 0058 00       		.byte	0
 417 0059 08       		.uleb128 0x8
 418 005a 16       		.uleb128 0x16
 419 005b 00       		.byte	0
 420 005c 03       		.uleb128 0x3
 421 005d 0E       		.uleb128 0xe
 422 005e 3A       		.uleb128 0x3a
 423 005f 0B       		.uleb128 0xb
 424 0060 3B       		.uleb128 0x3b
 425 0061 0B       		.uleb128 0xb
 426 0062 49       		.uleb128 0x49
 427 0063 13       		.uleb128 0x13
 428 0064 00       		.byte	0
 429 0065 00       		.byte	0
 430 0066 09       		.uleb128 0x9
ARM GAS  C:\Users\Henry\AppData\Local\Temp\ccU7qvQf.s 			page 11


 431 0067 2E       		.uleb128 0x2e
 432 0068 00       		.byte	0
 433 0069 3F       		.uleb128 0x3f
 434 006a 19       		.uleb128 0x19
 435 006b 03       		.uleb128 0x3
 436 006c 0E       		.uleb128 0xe
 437 006d 3A       		.uleb128 0x3a
 438 006e 0B       		.uleb128 0xb
 439 006f 3B       		.uleb128 0x3b
 440 0070 0B       		.uleb128 0xb
 441 0071 27       		.uleb128 0x27
 442 0072 19       		.uleb128 0x19
 443 0073 11       		.uleb128 0x11
 444 0074 01       		.uleb128 0x1
 445 0075 12       		.uleb128 0x12
 446 0076 06       		.uleb128 0x6
 447 0077 40       		.uleb128 0x40
 448 0078 18       		.uleb128 0x18
 449 0079 9742     		.uleb128 0x2117
 450 007b 19       		.uleb128 0x19
 451 007c 00       		.byte	0
 452 007d 00       		.byte	0
 453 007e 0A       		.uleb128 0xa
 454 007f 2E       		.uleb128 0x2e
 455 0080 01       		.byte	0x1
 456 0081 3F       		.uleb128 0x3f
 457 0082 19       		.uleb128 0x19
 458 0083 03       		.uleb128 0x3
 459 0084 0E       		.uleb128 0xe
 460 0085 3A       		.uleb128 0x3a
 461 0086 0B       		.uleb128 0xb
 462 0087 3B       		.uleb128 0x3b
 463 0088 0B       		.uleb128 0xb
 464 0089 27       		.uleb128 0x27
 465 008a 19       		.uleb128 0x19
 466 008b 11       		.uleb128 0x11
 467 008c 01       		.uleb128 0x1
 468 008d 12       		.uleb128 0x12
 469 008e 06       		.uleb128 0x6
 470 008f 40       		.uleb128 0x40
 471 0090 18       		.uleb128 0x18
 472 0091 9742     		.uleb128 0x2117
 473 0093 19       		.uleb128 0x19
 474 0094 01       		.uleb128 0x1
 475 0095 13       		.uleb128 0x13
 476 0096 00       		.byte	0
 477 0097 00       		.byte	0
 478 0098 0B       		.uleb128 0xb
 479 0099 898201   		.uleb128 0x4109
 480 009c 00       		.byte	0
 481 009d 11       		.uleb128 0x11
 482 009e 01       		.uleb128 0x1
 483 009f 31       		.uleb128 0x31
 484 00a0 13       		.uleb128 0x13
 485 00a1 00       		.byte	0
 486 00a2 00       		.byte	0
 487 00a3 0C       		.uleb128 0xc
ARM GAS  C:\Users\Henry\AppData\Local\Temp\ccU7qvQf.s 			page 12


 488 00a4 34       		.uleb128 0x34
 489 00a5 00       		.byte	0
 490 00a6 03       		.uleb128 0x3
 491 00a7 0E       		.uleb128 0xe
 492 00a8 3A       		.uleb128 0x3a
 493 00a9 0B       		.uleb128 0xb
 494 00aa 3B       		.uleb128 0x3b
 495 00ab 0B       		.uleb128 0xb
 496 00ac 49       		.uleb128 0x49
 497 00ad 13       		.uleb128 0x13
 498 00ae 02       		.uleb128 0x2
 499 00af 18       		.uleb128 0x18
 500 00b0 00       		.byte	0
 501 00b1 00       		.byte	0
 502 00b2 0D       		.uleb128 0xd
 503 00b3 2E       		.uleb128 0x2e
 504 00b4 00       		.byte	0
 505 00b5 3F       		.uleb128 0x3f
 506 00b6 19       		.uleb128 0x19
 507 00b7 3C       		.uleb128 0x3c
 508 00b8 19       		.uleb128 0x19
 509 00b9 6E       		.uleb128 0x6e
 510 00ba 0E       		.uleb128 0xe
 511 00bb 03       		.uleb128 0x3
 512 00bc 0E       		.uleb128 0xe
 513 00bd 3A       		.uleb128 0x3a
 514 00be 0B       		.uleb128 0xb
 515 00bf 3B       		.uleb128 0x3b
 516 00c0 0B       		.uleb128 0xb
 517 00c1 00       		.byte	0
 518 00c2 00       		.byte	0
 519 00c3 00       		.byte	0
 520              		.section	.debug_aranges,"",%progbits
 521 0000 34000000 		.4byte	0x34
 522 0004 0200     		.2byte	0x2
 523 0006 00000000 		.4byte	.Ldebug_info0
 524 000a 04       		.byte	0x4
 525 000b 00       		.byte	0
 526 000c 0000     		.2byte	0
 527 000e 0000     		.2byte	0
 528 0010 00000000 		.4byte	.LFB0
 529 0014 02000000 		.4byte	.LFE0-.LFB0
 530 0018 00000000 		.4byte	.LFB1
 531 001c 02000000 		.4byte	.LFE1-.LFB1
 532 0020 00000000 		.4byte	.LFB2
 533 0024 40000000 		.4byte	.LFE2-.LFB2
 534 0028 00000000 		.4byte	.LFB3
 535 002c 20000000 		.4byte	.LFE3-.LFB3
 536 0030 00000000 		.4byte	0
 537 0034 00000000 		.4byte	0
 538              		.section	.debug_ranges,"",%progbits
 539              	.Ldebug_ranges0:
 540 0000 00000000 		.4byte	.LFB0
 541 0004 02000000 		.4byte	.LFE0
 542 0008 00000000 		.4byte	.LFB1
 543 000c 02000000 		.4byte	.LFE1
 544 0010 00000000 		.4byte	.LFB2
ARM GAS  C:\Users\Henry\AppData\Local\Temp\ccU7qvQf.s 			page 13


 545 0014 40000000 		.4byte	.LFE2
 546 0018 00000000 		.4byte	.LFB3
 547 001c 20000000 		.4byte	.LFE3
 548 0020 00000000 		.4byte	0
 549 0024 00000000 		.4byte	0
 550              		.section	.debug_line,"",%progbits
 551              	.Ldebug_line0:
 552 0000 9C000000 		.section	.debug_str,"MS",%progbits,1
 552      02004C00 
 552      00000201 
 552      FB0E0D00 
 552      01010101 
 553              	.LASF18:
 554 0000 4144435F 		.ascii	"ADC_Wakeup\000"
 554      57616B65 
 554      757000
 555              	.LASF15:
 556 000b 4144435F 		.ascii	"ADC_SaveConfig\000"
 556      53617665 
 556      436F6E66 
 556      696700
 557              	.LASF9:
 558 001a 666C6F61 		.ascii	"float\000"
 558      7400
 559              	.LASF1:
 560 0020 756E7369 		.ascii	"unsigned char\000"
 560      676E6564 
 560      20636861 
 560      7200
 561              	.LASF22:
 562 002e 474E5520 		.ascii	"GNU C11 5.4.1 20160609 (release) [ARM/embedded-5-br"
 562      43313120 
 562      352E342E 
 562      31203230 
 562      31363036 
 563 0061 616E6368 		.ascii	"anch revision 237715] -mcpu=cortex-m3 -mthumb -g -O"
 563      20726576 
 563      6973696F 
 563      6E203233 
 563      37373135 
 564 0094 67202D66 		.ascii	"g -ffunction-sections -ffat-lto-objects\000"
 564      66756E63 
 564      74696F6E 
 564      2D736563 
 564      74696F6E 
 565              	.LASF21:
 566 00bc 4144435F 		.ascii	"ADC_StartConvert\000"
 566      53746172 
 566      74436F6E 
 566      76657274 
 566      00
 567              	.LASF13:
 568 00cd 72656738 		.ascii	"reg8\000"
 568      00
 569              	.LASF5:
 570 00d2 6C6F6E67 		.ascii	"long unsigned int\000"
 570      20756E73 
ARM GAS  C:\Users\Henry\AppData\Local\Temp\ccU7qvQf.s 			page 14


 570      69676E65 
 570      6420696E 
 570      7400
 571              	.LASF3:
 572 00e4 73686F72 		.ascii	"short unsigned int\000"
 572      7420756E 
 572      7369676E 
 572      65642069 
 572      6E7400
 573              	.LASF17:
 574 00f7 4144435F 		.ascii	"ADC_Sleep\000"
 574      536C6565 
 574      7000
 575              	.LASF10:
 576 0101 646F7562 		.ascii	"double\000"
 576      6C6500
 577              	.LASF8:
 578 0108 756E7369 		.ascii	"unsigned int\000"
 578      676E6564 
 578      20696E74 
 578      00
 579              	.LASF20:
 580 0115 4144435F 		.ascii	"ADC_Enable\000"
 580      456E6162 
 580      6C6500
 581              	.LASF7:
 582 0120 6C6F6E67 		.ascii	"long long unsigned int\000"
 582      206C6F6E 
 582      6720756E 
 582      7369676E 
 582      65642069 
 583              	.LASF6:
 584 0137 6C6F6E67 		.ascii	"long long int\000"
 584      206C6F6E 
 584      6720696E 
 584      7400
 585              	.LASF14:
 586 0145 4144435F 		.ascii	"ADC_BACKUP_STRUCT\000"
 586      4241434B 
 586      55505F53 
 586      54525543 
 586      5400
 587              	.LASF11:
 588 0157 63686172 		.ascii	"char\000"
 588      00
 589              	.LASF16:
 590 015c 4144435F 		.ascii	"ADC_RestoreConfig\000"
 590      52657374 
 590      6F726543 
 590      6F6E6669 
 590      6700
 591              	.LASF2:
 592 016e 73686F72 		.ascii	"short int\000"
 592      7420696E 
 592      7400
 593              	.LASF12:
 594 0178 75696E74 		.ascii	"uint8\000"
ARM GAS  C:\Users\Henry\AppData\Local\Temp\ccU7qvQf.s 			page 15


 594      3800
 595              	.LASF4:
 596 017e 6C6F6E67 		.ascii	"long int\000"
 596      20696E74 
 596      00
 597              	.LASF25:
 598 0187 656E6162 		.ascii	"enableState\000"
 598      6C655374 
 598      61746500 
 599              	.LASF24:
 600 0193 433A5C55 		.ascii	"C:\\Users\\Henry\\Documents\\PSoC Creator\\Ej1\\Ej4"
 600      73657273 
 600      5C48656E 
 600      72795C44 
 600      6F63756D 
 601 01c0 2E637964 		.ascii	".cydsn\000"
 601      736E00
 602              	.LASF0:
 603 01c7 7369676E 		.ascii	"signed char\000"
 603      65642063 
 603      68617200 
 604              	.LASF26:
 605 01d3 4144435F 		.ascii	"ADC_backup\000"
 605      6261636B 
 605      757000
 606              	.LASF23:
 607 01de 47656E65 		.ascii	"Generated_Source\\PSoC5\\ADC_PM.c\000"
 607      72617465 
 607      645F536F 
 607      75726365 
 607      5C50536F 
 608              	.LASF19:
 609 01fe 4144435F 		.ascii	"ADC_Stop\000"
 609      53746F70 
 609      00
 610              		.ident	"GCC: (GNU Tools for ARM Embedded Processors) 5.4.1 20160609 (release) [ARM/embedded-5-bran
