ARM GAS  C:\Users\Henry\AppData\Local\Temp\cccdUa67.s 			page 1


   1              		.syntax unified
   2              		.cpu cortex-m3
   3              		.fpu softvfp
   4              		.eabi_attribute 20, 1
   5              		.eabi_attribute 21, 1
   6              		.eabi_attribute 23, 3
   7              		.eabi_attribute 24, 1
   8              		.eabi_attribute 25, 1
   9              		.eabi_attribute 26, 1
  10              		.eabi_attribute 30, 1
  11              		.eabi_attribute 34, 1
  12              		.eabi_attribute 18, 4
  13              		.thumb
  14              		.syntax unified
  15              		.file	"main.c"
  16              		.text
  17              	.Ltext0:
  18              		.cfi_sections	.debug_frame
  19              		.section	.text.main,"ax",%progbits
  20              		.align	2
  21              		.global	main
  22              		.thumb
  23              		.thumb_func
  24              		.type	main, %function
  25              	main:
  26              	.LFB63:
  27              		.file 1 "main.c"
   1:main.c        **** #include "project.h"    
   2:main.c        **** 
   3:main.c        **** 
   4:main.c        **** int main(void)
   5:main.c        **** {
  28              		.loc 1 5 0
  29              		.cfi_startproc
  30              		@ Volatile: function does not return.
  31              		@ args = 0, pretend = 0, frame = 0
  32              		@ frame_needed = 0, uses_anonymous_args = 0
  33 0000 08B5     		push	{r3, lr}
  34              		.cfi_def_cfa_offset 8
  35              		.cfi_offset 3, -8
  36              		.cfi_offset 14, -4
   6:main.c        ****     CyGlobalIntEnable;
  37              		.loc 1 6 0
  38              		.syntax unified
  39              	@ 6 "main.c" 1
  40 0002 62B6     		CPSIE   i
  41              	@ 0 "" 2
   7:main.c        **** 
   8:main.c        ****     //Iniciar Puerto Serial
   9:main.c        ****     Receptor_Start();
  42              		.loc 1 9 0
  43              		.thumb
  44              		.syntax unified
  45 0004 FFF7FEFF 		bl	Receptor_Start
  46              	.LVL0:
  10:main.c        ****     LCD_Start();
  47              		.loc 1 10 0
ARM GAS  C:\Users\Henry\AppData\Local\Temp\cccdUa67.s 			page 2


  48 0008 FFF7FEFF 		bl	LCD_Start
  49              	.LVL1:
  11:main.c        ****     LCD_Position(0,0);
  50              		.loc 1 11 0
  51 000c 0021     		movs	r1, #0
  52 000e 0846     		mov	r0, r1
  53 0010 FFF7FEFF 		bl	LCD_Position
  54              	.LVL2:
  12:main.c        ****     LCD_PrintString("Valor Recibido");
  55              		.loc 1 12 0
  56 0014 0548     		ldr	r0, .L4
  57 0016 FFF7FEFF 		bl	LCD_PrintString
  58              	.LVL3:
  59              	.L2:
  13:main.c        **** 
  14:main.c        ****     for(;;)
  15:main.c        ****     {
  16:main.c        ****         LCD_Position(1,0);
  60              		.loc 1 16 0 discriminator 1
  61 001a 0021     		movs	r1, #0
  62 001c 0120     		movs	r0, #1
  63 001e FFF7FEFF 		bl	LCD_Position
  64              	.LVL4:
  17:main.c        ****         LCD_PutChar(Receptor_GetChar());
  65              		.loc 1 17 0 discriminator 1
  66 0022 FFF7FEFF 		bl	Receptor_GetChar
  67              	.LVL5:
  68 0026 FFF7FEFF 		bl	LCD_PutChar
  69              	.LVL6:
  70 002a F6E7     		b	.L2
  71              	.L5:
  72              		.align	2
  73              	.L4:
  74 002c 00000000 		.word	.LC0
  75              		.cfi_endproc
  76              	.LFE63:
  77              		.size	main, .-main
  78              		.section	.rodata.str1.4,"aMS",%progbits,1
  79              		.align	2
  80              	.LC0:
  81 0000 56616C6F 		.ascii	"Valor Recibido\000"
  81      72205265 
  81      63696269 
  81      646F00
  82              		.text
  83              	.Letext0:
  84              		.file 2 "c:\\program files (x86)\\cypress\\psoc creator\\4.4\\psoc creator\\import\\gnu\\arm\\5.4.
  85              		.file 3 "c:\\program files (x86)\\cypress\\psoc creator\\4.4\\psoc creator\\import\\gnu\\arm\\5.4.
  86              		.file 4 "Generated_Source\\PSoC5/Receptor.h"
  87              		.file 5 "Generated_Source\\PSoC5/LCD.h"
  88              		.file 6 "Generated_Source\\PSoC5/core_cm3.h"
  89              		.section	.debug_info,"",%progbits
  90              	.Ldebug_info0:
  91 0000 79010000 		.4byte	0x179
  92 0004 0400     		.2byte	0x4
  93 0006 00000000 		.4byte	.Ldebug_abbrev0
  94 000a 04       		.byte	0x4
ARM GAS  C:\Users\Henry\AppData\Local\Temp\cccdUa67.s 			page 3


  95 000b 01       		.uleb128 0x1
  96 000c 3E000000 		.4byte	.LASF22
  97 0010 0C       		.byte	0xc
  98 0011 32000000 		.4byte	.LASF23
  99 0015 16010000 		.4byte	.LASF24
 100 0019 00000000 		.4byte	.Ldebug_ranges0+0
 101 001d 00000000 		.4byte	0
 102 0021 00000000 		.4byte	.Ldebug_line0
 103 0025 02       		.uleb128 0x2
 104 0026 01       		.byte	0x1
 105 0027 06       		.byte	0x6
 106 0028 9B010000 		.4byte	.LASF0
 107 002c 02       		.uleb128 0x2
 108 002d 01       		.byte	0x1
 109 002e 08       		.byte	0x8
 110 002f 52010000 		.4byte	.LASF1
 111 0033 02       		.uleb128 0x2
 112 0034 02       		.byte	0x2
 113 0035 05       		.byte	0x5
 114 0036 C3010000 		.4byte	.LASF2
 115 003a 02       		.uleb128 0x2
 116 003b 02       		.byte	0x2
 117 003c 07       		.byte	0x7
 118 003d 0E000000 		.4byte	.LASF3
 119 0041 03       		.uleb128 0x3
 120 0042 B3010000 		.4byte	.LASF9
 121 0046 02       		.byte	0x2
 122 0047 3F       		.byte	0x3f
 123 0048 4C000000 		.4byte	0x4c
 124 004c 02       		.uleb128 0x2
 125 004d 04       		.byte	0x4
 126 004e 05       		.byte	0x5
 127 004f 71010000 		.4byte	.LASF4
 128 0053 02       		.uleb128 0x2
 129 0054 04       		.byte	0x4
 130 0055 07       		.byte	0x7
 131 0056 D4000000 		.4byte	.LASF5
 132 005a 02       		.uleb128 0x2
 133 005b 08       		.byte	0x8
 134 005c 05       		.byte	0x5
 135 005d 00000000 		.4byte	.LASF6
 136 0061 02       		.uleb128 0x2
 137 0062 08       		.byte	0x8
 138 0063 07       		.byte	0x7
 139 0064 E6000000 		.4byte	.LASF7
 140 0068 04       		.uleb128 0x4
 141 0069 04       		.byte	0x4
 142 006a 05       		.byte	0x5
 143 006b 696E7400 		.ascii	"int\000"
 144 006f 02       		.uleb128 0x2
 145 0070 04       		.byte	0x4
 146 0071 07       		.byte	0x7
 147 0072 CD010000 		.4byte	.LASF8
 148 0076 03       		.uleb128 0x3
 149 0077 CC000000 		.4byte	.LASF10
 150 007b 03       		.byte	0x3
 151 007c 2C       		.byte	0x2c
ARM GAS  C:\Users\Henry\AppData\Local\Temp\cccdUa67.s 			page 4


 152 007d 41000000 		.4byte	0x41
 153 0081 02       		.uleb128 0x2
 154 0082 04       		.byte	0x4
 155 0083 04       		.byte	0x4
 156 0084 BD010000 		.4byte	.LASF11
 157 0088 02       		.uleb128 0x2
 158 0089 08       		.byte	0x8
 159 008a 04       		.byte	0x4
 160 008b 7A010000 		.4byte	.LASF12
 161 008f 02       		.uleb128 0x2
 162 0090 01       		.byte	0x1
 163 0091 08       		.byte	0x8
 164 0092 6C010000 		.4byte	.LASF13
 165 0096 02       		.uleb128 0x2
 166 0097 08       		.byte	0x8
 167 0098 04       		.byte	0x4
 168 0099 A7010000 		.4byte	.LASF14
 169 009d 02       		.uleb128 0x2
 170 009e 04       		.byte	0x4
 171 009f 07       		.byte	0x7
 172 00a0 DA010000 		.4byte	.LASF15
 173 00a4 05       		.uleb128 0x5
 174 00a5 39000000 		.4byte	.LASF25
 175 00a9 01       		.byte	0x1
 176 00aa 04       		.byte	0x4
 177 00ab 68000000 		.4byte	0x68
 178 00af 00000000 		.4byte	.LFB63
 179 00b3 30000000 		.4byte	.LFE63-.LFB63
 180 00b7 01       		.uleb128 0x1
 181 00b8 9C       		.byte	0x9c
 182 00b9 29010000 		.4byte	0x129
 183 00bd 06       		.uleb128 0x6
 184 00be 08000000 		.4byte	.LVL0
 185 00c2 3A010000 		.4byte	0x13a
 186 00c6 06       		.uleb128 0x6
 187 00c7 0C000000 		.4byte	.LVL1
 188 00cb 45010000 		.4byte	0x145
 189 00cf 07       		.uleb128 0x7
 190 00d0 14000000 		.4byte	.LVL2
 191 00d4 50010000 		.4byte	0x150
 192 00d8 E7000000 		.4byte	0xe7
 193 00dc 08       		.uleb128 0x8
 194 00dd 01       		.uleb128 0x1
 195 00de 50       		.byte	0x50
 196 00df 01       		.uleb128 0x1
 197 00e0 30       		.byte	0x30
 198 00e1 08       		.uleb128 0x8
 199 00e2 01       		.uleb128 0x1
 200 00e3 51       		.byte	0x51
 201 00e4 01       		.uleb128 0x1
 202 00e5 30       		.byte	0x30
 203 00e6 00       		.byte	0
 204 00e7 07       		.uleb128 0x7
 205 00e8 1A000000 		.4byte	.LVL3
 206 00ec 5B010000 		.4byte	0x15b
 207 00f0 FE000000 		.4byte	0xfe
 208 00f4 08       		.uleb128 0x8
ARM GAS  C:\Users\Henry\AppData\Local\Temp\cccdUa67.s 			page 5


 209 00f5 01       		.uleb128 0x1
 210 00f6 50       		.byte	0x50
 211 00f7 05       		.uleb128 0x5
 212 00f8 03       		.byte	0x3
 213 00f9 00000000 		.4byte	.LC0
 214 00fd 00       		.byte	0
 215 00fe 07       		.uleb128 0x7
 216 00ff 22000000 		.4byte	.LVL4
 217 0103 50010000 		.4byte	0x150
 218 0107 16010000 		.4byte	0x116
 219 010b 08       		.uleb128 0x8
 220 010c 01       		.uleb128 0x1
 221 010d 50       		.byte	0x50
 222 010e 01       		.uleb128 0x1
 223 010f 31       		.byte	0x31
 224 0110 08       		.uleb128 0x8
 225 0111 01       		.uleb128 0x1
 226 0112 51       		.byte	0x51
 227 0113 01       		.uleb128 0x1
 228 0114 30       		.byte	0x30
 229 0115 00       		.byte	0
 230 0116 06       		.uleb128 0x6
 231 0117 26000000 		.4byte	.LVL5
 232 011b 66010000 		.4byte	0x166
 233 011f 06       		.uleb128 0x6
 234 0120 2A000000 		.4byte	.LVL6
 235 0124 71010000 		.4byte	0x171
 236 0128 00       		.byte	0
 237 0129 09       		.uleb128 0x9
 238 012a 8E010000 		.4byte	.LASF26
 239 012e 06       		.byte	0x6
 240 012f 1207     		.2byte	0x712
 241 0131 35010000 		.4byte	0x135
 242 0135 0A       		.uleb128 0xa
 243 0136 76000000 		.4byte	0x76
 244 013a 0B       		.uleb128 0xb
 245 013b 07010000 		.4byte	.LASF16
 246 013f 07010000 		.4byte	.LASF16
 247 0143 04       		.byte	0x4
 248 0144 54       		.byte	0x54
 249 0145 0B       		.uleb128 0xb
 250 0146 FD000000 		.4byte	.LASF17
 251 014a FD000000 		.4byte	.LASF17
 252 014e 05       		.byte	0x5
 253 014f 38       		.byte	0x38
 254 0150 0B       		.uleb128 0xb
 255 0151 81010000 		.4byte	.LASF18
 256 0155 81010000 		.4byte	.LASF18
 257 0159 05       		.byte	0x5
 258 015a 3D       		.byte	0x3d
 259 015b 0B       		.uleb128 0xb
 260 015c E3010000 		.4byte	.LASF19
 261 0160 E3010000 		.4byte	.LASF19
 262 0164 05       		.byte	0x5
 263 0165 3C       		.byte	0x3c
 264 0166 0B       		.uleb128 0xb
 265 0167 21000000 		.4byte	.LASF20
ARM GAS  C:\Users\Henry\AppData\Local\Temp\cccdUa67.s 			page 6


 266 016b 21000000 		.4byte	.LASF20
 267 016f 04       		.byte	0x4
 268 0170 71       		.byte	0x71
 269 0171 0B       		.uleb128 0xb
 270 0172 60010000 		.4byte	.LASF21
 271 0176 60010000 		.4byte	.LASF21
 272 017a 05       		.byte	0x5
 273 017b 3E       		.byte	0x3e
 274 017c 00       		.byte	0
 275              		.section	.debug_abbrev,"",%progbits
 276              	.Ldebug_abbrev0:
 277 0000 01       		.uleb128 0x1
 278 0001 11       		.uleb128 0x11
 279 0002 01       		.byte	0x1
 280 0003 25       		.uleb128 0x25
 281 0004 0E       		.uleb128 0xe
 282 0005 13       		.uleb128 0x13
 283 0006 0B       		.uleb128 0xb
 284 0007 03       		.uleb128 0x3
 285 0008 0E       		.uleb128 0xe
 286 0009 1B       		.uleb128 0x1b
 287 000a 0E       		.uleb128 0xe
 288 000b 55       		.uleb128 0x55
 289 000c 17       		.uleb128 0x17
 290 000d 11       		.uleb128 0x11
 291 000e 01       		.uleb128 0x1
 292 000f 10       		.uleb128 0x10
 293 0010 17       		.uleb128 0x17
 294 0011 00       		.byte	0
 295 0012 00       		.byte	0
 296 0013 02       		.uleb128 0x2
 297 0014 24       		.uleb128 0x24
 298 0015 00       		.byte	0
 299 0016 0B       		.uleb128 0xb
 300 0017 0B       		.uleb128 0xb
 301 0018 3E       		.uleb128 0x3e
 302 0019 0B       		.uleb128 0xb
 303 001a 03       		.uleb128 0x3
 304 001b 0E       		.uleb128 0xe
 305 001c 00       		.byte	0
 306 001d 00       		.byte	0
 307 001e 03       		.uleb128 0x3
 308 001f 16       		.uleb128 0x16
 309 0020 00       		.byte	0
 310 0021 03       		.uleb128 0x3
 311 0022 0E       		.uleb128 0xe
 312 0023 3A       		.uleb128 0x3a
 313 0024 0B       		.uleb128 0xb
 314 0025 3B       		.uleb128 0x3b
 315 0026 0B       		.uleb128 0xb
 316 0027 49       		.uleb128 0x49
 317 0028 13       		.uleb128 0x13
 318 0029 00       		.byte	0
 319 002a 00       		.byte	0
 320 002b 04       		.uleb128 0x4
 321 002c 24       		.uleb128 0x24
 322 002d 00       		.byte	0
ARM GAS  C:\Users\Henry\AppData\Local\Temp\cccdUa67.s 			page 7


 323 002e 0B       		.uleb128 0xb
 324 002f 0B       		.uleb128 0xb
 325 0030 3E       		.uleb128 0x3e
 326 0031 0B       		.uleb128 0xb
 327 0032 03       		.uleb128 0x3
 328 0033 08       		.uleb128 0x8
 329 0034 00       		.byte	0
 330 0035 00       		.byte	0
 331 0036 05       		.uleb128 0x5
 332 0037 2E       		.uleb128 0x2e
 333 0038 01       		.byte	0x1
 334 0039 3F       		.uleb128 0x3f
 335 003a 19       		.uleb128 0x19
 336 003b 03       		.uleb128 0x3
 337 003c 0E       		.uleb128 0xe
 338 003d 3A       		.uleb128 0x3a
 339 003e 0B       		.uleb128 0xb
 340 003f 3B       		.uleb128 0x3b
 341 0040 0B       		.uleb128 0xb
 342 0041 27       		.uleb128 0x27
 343 0042 19       		.uleb128 0x19
 344 0043 49       		.uleb128 0x49
 345 0044 13       		.uleb128 0x13
 346 0045 8701     		.uleb128 0x87
 347 0047 19       		.uleb128 0x19
 348 0048 11       		.uleb128 0x11
 349 0049 01       		.uleb128 0x1
 350 004a 12       		.uleb128 0x12
 351 004b 06       		.uleb128 0x6
 352 004c 40       		.uleb128 0x40
 353 004d 18       		.uleb128 0x18
 354 004e 9742     		.uleb128 0x2117
 355 0050 19       		.uleb128 0x19
 356 0051 01       		.uleb128 0x1
 357 0052 13       		.uleb128 0x13
 358 0053 00       		.byte	0
 359 0054 00       		.byte	0
 360 0055 06       		.uleb128 0x6
 361 0056 898201   		.uleb128 0x4109
 362 0059 00       		.byte	0
 363 005a 11       		.uleb128 0x11
 364 005b 01       		.uleb128 0x1
 365 005c 31       		.uleb128 0x31
 366 005d 13       		.uleb128 0x13
 367 005e 00       		.byte	0
 368 005f 00       		.byte	0
 369 0060 07       		.uleb128 0x7
 370 0061 898201   		.uleb128 0x4109
 371 0064 01       		.byte	0x1
 372 0065 11       		.uleb128 0x11
 373 0066 01       		.uleb128 0x1
 374 0067 31       		.uleb128 0x31
 375 0068 13       		.uleb128 0x13
 376 0069 01       		.uleb128 0x1
 377 006a 13       		.uleb128 0x13
 378 006b 00       		.byte	0
 379 006c 00       		.byte	0
ARM GAS  C:\Users\Henry\AppData\Local\Temp\cccdUa67.s 			page 8


 380 006d 08       		.uleb128 0x8
 381 006e 8A8201   		.uleb128 0x410a
 382 0071 00       		.byte	0
 383 0072 02       		.uleb128 0x2
 384 0073 18       		.uleb128 0x18
 385 0074 9142     		.uleb128 0x2111
 386 0076 18       		.uleb128 0x18
 387 0077 00       		.byte	0
 388 0078 00       		.byte	0
 389 0079 09       		.uleb128 0x9
 390 007a 34       		.uleb128 0x34
 391 007b 00       		.byte	0
 392 007c 03       		.uleb128 0x3
 393 007d 0E       		.uleb128 0xe
 394 007e 3A       		.uleb128 0x3a
 395 007f 0B       		.uleb128 0xb
 396 0080 3B       		.uleb128 0x3b
 397 0081 05       		.uleb128 0x5
 398 0082 49       		.uleb128 0x49
 399 0083 13       		.uleb128 0x13
 400 0084 3F       		.uleb128 0x3f
 401 0085 19       		.uleb128 0x19
 402 0086 3C       		.uleb128 0x3c
 403 0087 19       		.uleb128 0x19
 404 0088 00       		.byte	0
 405 0089 00       		.byte	0
 406 008a 0A       		.uleb128 0xa
 407 008b 35       		.uleb128 0x35
 408 008c 00       		.byte	0
 409 008d 49       		.uleb128 0x49
 410 008e 13       		.uleb128 0x13
 411 008f 00       		.byte	0
 412 0090 00       		.byte	0
 413 0091 0B       		.uleb128 0xb
 414 0092 2E       		.uleb128 0x2e
 415 0093 00       		.byte	0
 416 0094 3F       		.uleb128 0x3f
 417 0095 19       		.uleb128 0x19
 418 0096 3C       		.uleb128 0x3c
 419 0097 19       		.uleb128 0x19
 420 0098 6E       		.uleb128 0x6e
 421 0099 0E       		.uleb128 0xe
 422 009a 03       		.uleb128 0x3
 423 009b 0E       		.uleb128 0xe
 424 009c 3A       		.uleb128 0x3a
 425 009d 0B       		.uleb128 0xb
 426 009e 3B       		.uleb128 0x3b
 427 009f 0B       		.uleb128 0xb
 428 00a0 00       		.byte	0
 429 00a1 00       		.byte	0
 430 00a2 00       		.byte	0
 431              		.section	.debug_aranges,"",%progbits
 432 0000 1C000000 		.4byte	0x1c
 433 0004 0200     		.2byte	0x2
 434 0006 00000000 		.4byte	.Ldebug_info0
 435 000a 04       		.byte	0x4
 436 000b 00       		.byte	0
ARM GAS  C:\Users\Henry\AppData\Local\Temp\cccdUa67.s 			page 9


 437 000c 0000     		.2byte	0
 438 000e 0000     		.2byte	0
 439 0010 00000000 		.4byte	.LFB63
 440 0014 30000000 		.4byte	.LFE63-.LFB63
 441 0018 00000000 		.4byte	0
 442 001c 00000000 		.4byte	0
 443              		.section	.debug_ranges,"",%progbits
 444              	.Ldebug_ranges0:
 445 0000 00000000 		.4byte	.LFB63
 446 0004 30000000 		.4byte	.LFE63
 447 0008 00000000 		.4byte	0
 448 000c 00000000 		.4byte	0
 449              		.section	.debug_line,"",%progbits
 450              	.Ldebug_line0:
 451 0000 78010000 		.section	.debug_str,"MS",%progbits,1
 451      02005601 
 451      00000201 
 451      FB0E0D00 
 451      01010101 
 452              	.LASF6:
 453 0000 6C6F6E67 		.ascii	"long long int\000"
 453      206C6F6E 
 453      6720696E 
 453      7400
 454              	.LASF3:
 455 000e 73686F72 		.ascii	"short unsigned int\000"
 455      7420756E 
 455      7369676E 
 455      65642069 
 455      6E7400
 456              	.LASF20:
 457 0021 52656365 		.ascii	"Receptor_GetChar\000"
 457      70746F72 
 457      5F476574 
 457      43686172 
 457      00
 458              	.LASF23:
 459 0032 6D61696E 		.ascii	"main.c\000"
 459      2E6300
 460              	.LASF25:
 461 0039 6D61696E 		.ascii	"main\000"
 461      00
 462              	.LASF22:
 463 003e 474E5520 		.ascii	"GNU C11 5.4.1 20160609 (release) [ARM/embedded-5-br"
 463      43313120 
 463      352E342E 
 463      31203230 
 463      31363036 
 464 0071 616E6368 		.ascii	"anch revision 237715] -mcpu=cortex-m3 -mthumb -g -O"
 464      20726576 
 464      6973696F 
 464      6E203233 
 464      37373135 
 465 00a4 67202D66 		.ascii	"g -ffunction-sections -ffat-lto-objects\000"
 465      66756E63 
 465      74696F6E 
 465      2D736563 
ARM GAS  C:\Users\Henry\AppData\Local\Temp\cccdUa67.s 			page 10


 465      74696F6E 
 466              	.LASF10:
 467 00cc 696E7433 		.ascii	"int32_t\000"
 467      325F7400 
 468              	.LASF5:
 469 00d4 6C6F6E67 		.ascii	"long unsigned int\000"
 469      20756E73 
 469      69676E65 
 469      6420696E 
 469      7400
 470              	.LASF7:
 471 00e6 6C6F6E67 		.ascii	"long long unsigned int\000"
 471      206C6F6E 
 471      6720756E 
 471      7369676E 
 471      65642069 
 472              	.LASF17:
 473 00fd 4C43445F 		.ascii	"LCD_Start\000"
 473      53746172 
 473      7400
 474              	.LASF16:
 475 0107 52656365 		.ascii	"Receptor_Start\000"
 475      70746F72 
 475      5F537461 
 475      727400
 476              	.LASF24:
 477 0116 433A5C55 		.ascii	"C:\\Users\\Henry\\Documents\\PSoC Creator\\Serial\\"
 477      73657273 
 477      5C48656E 
 477      72795C44 
 477      6F63756D 
 478 0143 52656365 		.ascii	"Receptor.cydsn\000"
 478      70746F72 
 478      2E637964 
 478      736E00
 479              	.LASF1:
 480 0152 756E7369 		.ascii	"unsigned char\000"
 480      676E6564 
 480      20636861 
 480      7200
 481              	.LASF21:
 482 0160 4C43445F 		.ascii	"LCD_PutChar\000"
 482      50757443 
 482      68617200 
 483              	.LASF13:
 484 016c 63686172 		.ascii	"char\000"
 484      00
 485              	.LASF4:
 486 0171 6C6F6E67 		.ascii	"long int\000"
 486      20696E74 
 486      00
 487              	.LASF12:
 488 017a 646F7562 		.ascii	"double\000"
 488      6C6500
 489              	.LASF18:
 490 0181 4C43445F 		.ascii	"LCD_Position\000"
 490      506F7369 
ARM GAS  C:\Users\Henry\AppData\Local\Temp\cccdUa67.s 			page 11


 490      74696F6E 
 490      00
 491              	.LASF26:
 492 018e 49544D5F 		.ascii	"ITM_RxBuffer\000"
 492      52784275 
 492      66666572 
 492      00
 493              	.LASF0:
 494 019b 7369676E 		.ascii	"signed char\000"
 494      65642063 
 494      68617200 
 495              	.LASF14:
 496 01a7 6C6F6E67 		.ascii	"long double\000"
 496      20646F75 
 496      626C6500 
 497              	.LASF9:
 498 01b3 5F5F696E 		.ascii	"__int32_t\000"
 498      7433325F 
 498      7400
 499              	.LASF11:
 500 01bd 666C6F61 		.ascii	"float\000"
 500      7400
 501              	.LASF2:
 502 01c3 73686F72 		.ascii	"short int\000"
 502      7420696E 
 502      7400
 503              	.LASF8:
 504 01cd 756E7369 		.ascii	"unsigned int\000"
 504      676E6564 
 504      20696E74 
 504      00
 505              	.LASF15:
 506 01da 73697A65 		.ascii	"sizetype\000"
 506      74797065 
 506      00
 507              	.LASF19:
 508 01e3 4C43445F 		.ascii	"LCD_PrintString\000"
 508      5072696E 
 508      74537472 
 508      696E6700 
 509              		.ident	"GCC: (GNU Tools for ARM Embedded Processors) 5.4.1 20160609 (release) [ARM/embedded-5-bran
