ARM GAS  C:\Users\Henry\AppData\Local\Temp\ccN0tcJF.s 			page 1


   1              		.syntax unified
   2              		.cpu cortex-m3
   3              		.fpu softvfp
   4              		.eabi_attribute 20, 1
   5              		.eabi_attribute 21, 1
   6              		.eabi_attribute 23, 3
   7              		.eabi_attribute 24, 1
   8              		.eabi_attribute 25, 1
   9              		.eabi_attribute 26, 1
  10              		.eabi_attribute 30, 1
  11              		.eabi_attribute 34, 1
  12              		.eabi_attribute 18, 4
  13              		.thumb
  14              		.syntax unified
  15              		.file	"main.c"
  16              		.text
  17              	.Ltext0:
  18              		.cfi_sections	.debug_frame
  19              		.section	.text.main,"ax",%progbits
  20              		.align	2
  21              		.global	main
  22              		.thumb
  23              		.thumb_func
  24              		.type	main, %function
  25              	main:
  26              	.LFB64:
  27              		.file 1 "main.c"
   1:main.c        **** //Define Librerias
   2:main.c        **** #include "project.h"
   3:main.c        **** #include "stdio.h"
   4:main.c        **** //Tamaño del buffer
   5:main.c        **** #define BUFFER_LEN     64u 
   6:main.c        **** 
   7:main.c        **** int main(void)
   8:main.c        **** {
  28              		.loc 1 8 0
  29              		.cfi_startproc
  30              		@ args = 0, pretend = 0, frame = 88
  31              		@ frame_needed = 0, uses_anonymous_args = 0
  32 0000 00B5     		push	{lr}
  33              		.cfi_def_cfa_offset 4
  34              		.cfi_offset 14, -4
  35 0002 97B0     		sub	sp, sp, #92
  36              		.cfi_def_cfa_offset 96
   9:main.c        ****     //Variables para manejar el Buffer
  10:main.c        ****     uint16 Cuenta;
  11:main.c        ****     uint8 buffer[BUFFER_LEN];
  12:main.c        ****     char8 Texto[20];
  13:main.c        **** 
  14:main.c        ****     //Habilita las interrupciones
  15:main.c        ****     CyGlobalIntEnable;
  37              		.loc 1 15 0
  38              		.syntax unified
  39              	@ 15 "main.c" 1
  40 0004 62B6     		CPSIE   i
  41              	@ 0 "" 2
  16:main.c        **** 
ARM GAS  C:\Users\Henry\AppData\Local\Temp\ccN0tcJF.s 			page 2


  17:main.c        ****     //Estos tres parámetros van en grupo
  18:main.c        ****     //Se encargan de que el computador detecte el USB-Serial
  19:main.c        ****     USB_Start(0u, USB_3V_OPERATION);
  42              		.loc 1 19 0
  43              		.thumb
  44              		.syntax unified
  45 0006 0021     		movs	r1, #0
  46 0008 0846     		mov	r0, r1
  47 000a FFF7FEFF 		bl	USB_Start
  48              	.LVL0:
  49              	.L2:
  20:main.c        ****     while(!USB_GetConfiguration());
  50              		.loc 1 20 0 discriminator 1
  51 000e FFF7FEFF 		bl	USB_GetConfiguration
  52              	.LVL1:
  53 0012 0028     		cmp	r0, #0
  54 0014 FBD0     		beq	.L2
  21:main.c        ****     USB_CDC_Init();
  55              		.loc 1 21 0
  56 0016 FFF7FEFF 		bl	USB_CDC_Init
  57              	.LVL2:
  22:main.c        **** 
  23:main.c        ****     /* Iniciar LCD */
  24:main.c        ****     LCD_Start();
  58              		.loc 1 24 0
  59 001a FFF7FEFF 		bl	LCD_Start
  60              	.LVL3:
  25:main.c        ****     LCD_Position(0,0);
  61              		.loc 1 25 0
  62 001e 0021     		movs	r1, #0
  63 0020 0846     		mov	r0, r1
  64 0022 FFF7FEFF 		bl	LCD_Position
  65              	.LVL4:
  26:main.c        ****     LCD_PrintString("Ejemplo USB");
  66              		.loc 1 26 0
  67 0026 1148     		ldr	r0, .L6
  68 0028 FFF7FEFF 		bl	LCD_PrintString
  69              	.LVL5:
  70              	.L4:
  27:main.c        **** 
  28:main.c        ****     for(;;)
  29:main.c        ****     {
  30:main.c        **** 
  31:main.c        ****         //Recibe Algo
  32:main.c        ****         if(USB_DataIsReady() != 0u){
  71              		.loc 1 32 0
  72 002c FFF7FEFF 		bl	USB_DataIsReady
  73              	.LVL6:
  74 0030 98B1     		cbz	r0, .L3
  33:main.c        ****             Cuenta = USB_GetAll(buffer);
  75              		.loc 1 33 0
  76 0032 06A8     		add	r0, sp, #24
  77 0034 FFF7FEFF 		bl	USB_GetAll
  78              	.LVL7:
  34:main.c        ****             sprintf(Texto,"%c Hecho",buffer[0]);
  79              		.loc 1 34 0
  80 0038 9DF81820 		ldrb	r2, [sp, #24]	@ zero_extendqisi2
ARM GAS  C:\Users\Henry\AppData\Local\Temp\ccN0tcJF.s 			page 3


  81 003c 0C49     		ldr	r1, .L6+4
  82 003e 01A8     		add	r0, sp, #4
  83 0040 FFF7FEFF 		bl	sprintf
  84              	.LVL8:
  35:main.c        ****             USB_PutString(Texto);
  85              		.loc 1 35 0
  86 0044 01A8     		add	r0, sp, #4
  87 0046 FFF7FEFF 		bl	USB_PutString
  88              	.LVL9:
  36:main.c        **** 
  37:main.c        ****             //Escribe en la LCD lo que se envia
  38:main.c        ****             LCD_Position(1,0);
  89              		.loc 1 38 0
  90 004a 0021     		movs	r1, #0
  91 004c 0120     		movs	r0, #1
  92 004e FFF7FEFF 		bl	LCD_Position
  93              	.LVL10:
  39:main.c        ****             LCD_PutChar(buffer[0]);
  94              		.loc 1 39 0
  95 0052 9DF81800 		ldrb	r0, [sp, #24]	@ zero_extendqisi2
  96 0056 FFF7FEFF 		bl	LCD_PutChar
  97              	.LVL11:
  98              	.L3:
  40:main.c        ****         }
  41:main.c        **** 
  42:main.c        ****         //Envia algo al Destino
  43:main.c        ****         USB_PutString("Prueba");
  99              		.loc 1 43 0
 100 005a 0648     		ldr	r0, .L6+8
 101 005c FFF7FEFF 		bl	USB_PutString
 102              	.LVL12:
  44:main.c        ****         CyDelay(1000);
 103              		.loc 1 44 0
 104 0060 4FF47A70 		mov	r0, #1000
 105 0064 FFF7FEFF 		bl	CyDelay
 106              	.LVL13:
  45:main.c        ****     }
 107              		.loc 1 45 0
 108 0068 E0E7     		b	.L4
 109              	.L7:
 110 006a 00BF     		.align	2
 111              	.L6:
 112 006c 00000000 		.word	.LC0
 113 0070 0C000000 		.word	.LC1
 114 0074 18000000 		.word	.LC2
 115              		.cfi_endproc
 116              	.LFE64:
 117              		.size	main, .-main
 118              		.section	.rodata.str1.4,"aMS",%progbits,1
 119              		.align	2
 120              	.LC0:
 121 0000 456A656D 		.ascii	"Ejemplo USB\000"
 121      706C6F20 
 121      55534200 
 122              	.LC1:
 123 000c 25632048 		.ascii	"%c Hecho\000"
 123      6563686F 
ARM GAS  C:\Users\Henry\AppData\Local\Temp\ccN0tcJF.s 			page 4


 123      00
 124 0015 000000   		.space	3
 125              	.LC2:
 126 0018 50727565 		.ascii	"Prueba\000"
 126      626100
 127              		.text
 128              	.Letext0:
 129              		.file 2 "c:\\program files (x86)\\cypress\\psoc creator\\4.4\\psoc creator\\import\\gnu\\arm\\5.4.
 130              		.file 3 "c:\\program files (x86)\\cypress\\psoc creator\\4.4\\psoc creator\\import\\gnu\\arm\\5.4.
 131              		.file 4 "Generated_Source\\PSoC5/cytypes.h"
 132              		.file 5 "Generated_Source\\PSoC5/USB.h"
 133              		.file 6 "Generated_Source\\PSoC5/USB_cdc.h"
 134              		.file 7 "Generated_Source\\PSoC5/LCD.h"
 135              		.file 8 "c:\\program files (x86)\\cypress\\psoc creator\\4.4\\psoc creator\\import\\gnu\\arm\\5.4.
 136              		.file 9 "Generated_Source\\PSoC5/CyLib.h"
 137              		.file 10 "Generated_Source\\PSoC5/core_cm3.h"
 138              		.section	.debug_info,"",%progbits
 139              	.Ldebug_info0:
 140 0000 BB020000 		.4byte	0x2bb
 141 0004 0400     		.2byte	0x4
 142 0006 00000000 		.4byte	.Ldebug_abbrev0
 143 000a 04       		.byte	0x4
 144 000b 01       		.uleb128 0x1
 145 000c 36000000 		.4byte	.LASF33
 146 0010 0C       		.byte	0xc
 147 0011 DF010000 		.4byte	.LASF34
 148 0015 09010000 		.4byte	.LASF35
 149 0019 00000000 		.4byte	.Ldebug_ranges0+0
 150 001d 00000000 		.4byte	0
 151 0021 00000000 		.4byte	.Ldebug_line0
 152 0025 02       		.uleb128 0x2
 153 0026 01       		.byte	0x1
 154 0027 06       		.byte	0x6
 155 0028 47020000 		.4byte	.LASF0
 156 002c 02       		.uleb128 0x2
 157 002d 01       		.byte	0x1
 158 002e 08       		.byte	0x8
 159 002f 28000000 		.4byte	.LASF1
 160 0033 02       		.uleb128 0x2
 161 0034 02       		.byte	0x2
 162 0035 05       		.byte	0x5
 163 0036 0B020000 		.4byte	.LASF2
 164 003a 02       		.uleb128 0x2
 165 003b 02       		.byte	0x2
 166 003c 07       		.byte	0x7
 167 003d E9000000 		.4byte	.LASF3
 168 0041 03       		.uleb128 0x3
 169 0042 00000000 		.4byte	.LASF9
 170 0046 02       		.byte	0x2
 171 0047 3F       		.byte	0x3f
 172 0048 4C000000 		.4byte	0x4c
 173 004c 02       		.uleb128 0x2
 174 004d 04       		.byte	0x4
 175 004e 05       		.byte	0x5
 176 004f 2D020000 		.4byte	.LASF4
 177 0053 02       		.uleb128 0x2
 178 0054 04       		.byte	0x4
ARM GAS  C:\Users\Henry\AppData\Local\Temp\ccN0tcJF.s 			page 5


 179 0055 07       		.byte	0x7
 180 0056 D7000000 		.4byte	.LASF5
 181 005a 02       		.uleb128 0x2
 182 005b 08       		.byte	0x8
 183 005c 05       		.byte	0x5
 184 005d D1010000 		.4byte	.LASF6
 185 0061 02       		.uleb128 0x2
 186 0062 08       		.byte	0x8
 187 0063 07       		.byte	0x7
 188 0064 90010000 		.4byte	.LASF7
 189 0068 04       		.uleb128 0x4
 190 0069 04       		.byte	0x4
 191 006a 05       		.byte	0x5
 192 006b 696E7400 		.ascii	"int\000"
 193 006f 02       		.uleb128 0x2
 194 0070 04       		.byte	0x4
 195 0071 07       		.byte	0x7
 196 0072 83010000 		.4byte	.LASF8
 197 0076 03       		.uleb128 0x3
 198 0077 C0010000 		.4byte	.LASF10
 199 007b 03       		.byte	0x3
 200 007c 2C       		.byte	0x2c
 201 007d 41000000 		.4byte	0x41
 202 0081 05       		.uleb128 0x5
 203 0082 1C020000 		.4byte	.LASF11
 204 0086 04       		.byte	0x4
 205 0087 E801     		.2byte	0x1e8
 206 0089 2C000000 		.4byte	0x2c
 207 008d 05       		.uleb128 0x5
 208 008e 6D010000 		.4byte	.LASF12
 209 0092 04       		.byte	0x4
 210 0093 E901     		.2byte	0x1e9
 211 0095 3A000000 		.4byte	0x3a
 212 0099 02       		.uleb128 0x2
 213 009a 04       		.byte	0x4
 214 009b 04       		.byte	0x4
 215 009c 18000000 		.4byte	.LASF13
 216 00a0 02       		.uleb128 0x2
 217 00a1 08       		.byte	0x8
 218 00a2 04       		.byte	0x4
 219 00a3 50010000 		.4byte	.LASF14
 220 00a7 05       		.uleb128 0x5
 221 00a8 C4000000 		.4byte	.LASF15
 222 00ac 04       		.byte	0x4
 223 00ad F901     		.2byte	0x1f9
 224 00af B3000000 		.4byte	0xb3
 225 00b3 02       		.uleb128 0x2
 226 00b4 01       		.byte	0x1
 227 00b5 08       		.byte	0x8
 228 00b6 36020000 		.4byte	.LASF16
 229 00ba 02       		.uleb128 0x2
 230 00bb 08       		.byte	0x8
 231 00bc 04       		.byte	0x4
 232 00bd 3B020000 		.4byte	.LASF17
 233 00c1 02       		.uleb128 0x2
 234 00c2 04       		.byte	0x4
 235 00c3 07       		.byte	0x7
ARM GAS  C:\Users\Henry\AppData\Local\Temp\ccN0tcJF.s 			page 6


 236 00c4 C8010000 		.4byte	.LASF18
 237 00c8 06       		.uleb128 0x6
 238 00c9 7E010000 		.4byte	.LASF36
 239 00cd 01       		.byte	0x1
 240 00ce 07       		.byte	0x7
 241 00cf 68000000 		.4byte	0x68
 242 00d3 00000000 		.4byte	.LFB64
 243 00d7 78000000 		.4byte	.LFE64-.LFB64
 244 00db 01       		.uleb128 0x1
 245 00dc 9C       		.byte	0x9c
 246 00dd 07020000 		.4byte	0x207
 247 00e1 07       		.uleb128 0x7
 248 00e2 49010000 		.4byte	.LASF37
 249 00e6 01       		.byte	0x1
 250 00e7 0A       		.byte	0xa
 251 00e8 8D000000 		.4byte	0x8d
 252 00ec 08       		.uleb128 0x8
 253 00ed 15020000 		.4byte	.LASF19
 254 00f1 01       		.byte	0x1
 255 00f2 0B       		.byte	0xb
 256 00f3 07020000 		.4byte	0x207
 257 00f7 03       		.uleb128 0x3
 258 00f8 91       		.byte	0x91
 259 00f9 B87F     		.sleb128 -72
 260 00fb 08       		.uleb128 0x8
 261 00fc 57010000 		.4byte	.LASF20
 262 0100 01       		.byte	0x1
 263 0101 0C       		.byte	0xc
 264 0102 17020000 		.4byte	0x217
 265 0106 03       		.uleb128 0x3
 266 0107 91       		.byte	0x91
 267 0108 A47F     		.sleb128 -92
 268 010a 09       		.uleb128 0x9
 269 010b 0E000000 		.4byte	.LVL0
 270 010f 38020000 		.4byte	0x238
 271 0113 22010000 		.4byte	0x122
 272 0117 0A       		.uleb128 0xa
 273 0118 01       		.uleb128 0x1
 274 0119 50       		.byte	0x50
 275 011a 01       		.uleb128 0x1
 276 011b 30       		.byte	0x30
 277 011c 0A       		.uleb128 0xa
 278 011d 01       		.uleb128 0x1
 279 011e 51       		.byte	0x51
 280 011f 01       		.uleb128 0x1
 281 0120 30       		.byte	0x30
 282 0121 00       		.byte	0
 283 0122 0B       		.uleb128 0xb
 284 0123 12000000 		.4byte	.LVL1
 285 0127 44020000 		.4byte	0x244
 286 012b 0B       		.uleb128 0xb
 287 012c 1A000000 		.4byte	.LVL2
 288 0130 50020000 		.4byte	0x250
 289 0134 0B       		.uleb128 0xb
 290 0135 1E000000 		.4byte	.LVL3
 291 0139 5B020000 		.4byte	0x25b
 292 013d 09       		.uleb128 0x9
ARM GAS  C:\Users\Henry\AppData\Local\Temp\ccN0tcJF.s 			page 7


 293 013e 26000000 		.4byte	.LVL4
 294 0142 66020000 		.4byte	0x266
 295 0146 55010000 		.4byte	0x155
 296 014a 0A       		.uleb128 0xa
 297 014b 01       		.uleb128 0x1
 298 014c 50       		.byte	0x50
 299 014d 01       		.uleb128 0x1
 300 014e 30       		.byte	0x30
 301 014f 0A       		.uleb128 0xa
 302 0150 01       		.uleb128 0x1
 303 0151 51       		.byte	0x51
 304 0152 01       		.uleb128 0x1
 305 0153 30       		.byte	0x30
 306 0154 00       		.byte	0
 307 0155 09       		.uleb128 0x9
 308 0156 2C000000 		.4byte	.LVL5
 309 015a 71020000 		.4byte	0x271
 310 015e 6C010000 		.4byte	0x16c
 311 0162 0A       		.uleb128 0xa
 312 0163 01       		.uleb128 0x1
 313 0164 50       		.byte	0x50
 314 0165 05       		.uleb128 0x5
 315 0166 03       		.byte	0x3
 316 0167 00000000 		.4byte	.LC0
 317 016b 00       		.byte	0
 318 016c 0B       		.uleb128 0xb
 319 016d 30000000 		.4byte	.LVL6
 320 0171 7C020000 		.4byte	0x27c
 321 0175 09       		.uleb128 0x9
 322 0176 38000000 		.4byte	.LVL7
 323 017a 87020000 		.4byte	0x287
 324 017e 8A010000 		.4byte	0x18a
 325 0182 0A       		.uleb128 0xa
 326 0183 01       		.uleb128 0x1
 327 0184 50       		.byte	0x50
 328 0185 03       		.uleb128 0x3
 329 0186 91       		.byte	0x91
 330 0187 B87F     		.sleb128 -72
 331 0189 00       		.byte	0
 332 018a 09       		.uleb128 0x9
 333 018b 44000000 		.4byte	.LVL8
 334 018f 92020000 		.4byte	0x292
 335 0193 A8010000 		.4byte	0x1a8
 336 0197 0A       		.uleb128 0xa
 337 0198 01       		.uleb128 0x1
 338 0199 50       		.byte	0x50
 339 019a 03       		.uleb128 0x3
 340 019b 91       		.byte	0x91
 341 019c A47F     		.sleb128 -92
 342 019e 0A       		.uleb128 0xa
 343 019f 01       		.uleb128 0x1
 344 01a0 51       		.byte	0x51
 345 01a1 05       		.uleb128 0x5
 346 01a2 03       		.byte	0x3
 347 01a3 0C000000 		.4byte	.LC1
 348 01a7 00       		.byte	0
 349 01a8 09       		.uleb128 0x9
ARM GAS  C:\Users\Henry\AppData\Local\Temp\ccN0tcJF.s 			page 8


 350 01a9 4A000000 		.4byte	.LVL9
 351 01ad 9D020000 		.4byte	0x29d
 352 01b1 BD010000 		.4byte	0x1bd
 353 01b5 0A       		.uleb128 0xa
 354 01b6 01       		.uleb128 0x1
 355 01b7 50       		.byte	0x50
 356 01b8 03       		.uleb128 0x3
 357 01b9 91       		.byte	0x91
 358 01ba A47F     		.sleb128 -92
 359 01bc 00       		.byte	0
 360 01bd 09       		.uleb128 0x9
 361 01be 52000000 		.4byte	.LVL10
 362 01c2 66020000 		.4byte	0x266
 363 01c6 D5010000 		.4byte	0x1d5
 364 01ca 0A       		.uleb128 0xa
 365 01cb 01       		.uleb128 0x1
 366 01cc 50       		.byte	0x50
 367 01cd 01       		.uleb128 0x1
 368 01ce 31       		.byte	0x31
 369 01cf 0A       		.uleb128 0xa
 370 01d0 01       		.uleb128 0x1
 371 01d1 51       		.byte	0x51
 372 01d2 01       		.uleb128 0x1
 373 01d3 30       		.byte	0x30
 374 01d4 00       		.byte	0
 375 01d5 0B       		.uleb128 0xb
 376 01d6 5A000000 		.4byte	.LVL11
 377 01da A8020000 		.4byte	0x2a8
 378 01de 09       		.uleb128 0x9
 379 01df 60000000 		.4byte	.LVL12
 380 01e3 9D020000 		.4byte	0x29d
 381 01e7 F5010000 		.4byte	0x1f5
 382 01eb 0A       		.uleb128 0xa
 383 01ec 01       		.uleb128 0x1
 384 01ed 50       		.byte	0x50
 385 01ee 05       		.uleb128 0x5
 386 01ef 03       		.byte	0x3
 387 01f0 18000000 		.4byte	.LC2
 388 01f4 00       		.byte	0
 389 01f5 0C       		.uleb128 0xc
 390 01f6 68000000 		.4byte	.LVL13
 391 01fa B3020000 		.4byte	0x2b3
 392 01fe 0A       		.uleb128 0xa
 393 01ff 01       		.uleb128 0x1
 394 0200 50       		.byte	0x50
 395 0201 03       		.uleb128 0x3
 396 0202 0A       		.byte	0xa
 397 0203 E803     		.2byte	0x3e8
 398 0205 00       		.byte	0
 399 0206 00       		.byte	0
 400 0207 0D       		.uleb128 0xd
 401 0208 81000000 		.4byte	0x81
 402 020c 17020000 		.4byte	0x217
 403 0210 0E       		.uleb128 0xe
 404 0211 C1000000 		.4byte	0xc1
 405 0215 3F       		.byte	0x3f
 406 0216 00       		.byte	0
ARM GAS  C:\Users\Henry\AppData\Local\Temp\ccN0tcJF.s 			page 9


 407 0217 0D       		.uleb128 0xd
 408 0218 A7000000 		.4byte	0xa7
 409 021c 27020000 		.4byte	0x227
 410 0220 0E       		.uleb128 0xe
 411 0221 C1000000 		.4byte	0xc1
 412 0225 13       		.byte	0x13
 413 0226 00       		.byte	0
 414 0227 0F       		.uleb128 0xf
 415 0228 FC000000 		.4byte	.LASF38
 416 022c 0A       		.byte	0xa
 417 022d 1207     		.2byte	0x712
 418 022f 33020000 		.4byte	0x233
 419 0233 10       		.uleb128 0x10
 420 0234 76000000 		.4byte	0x76
 421 0238 11       		.uleb128 0x11
 422 0239 74010000 		.4byte	.LASF21
 423 023d 74010000 		.4byte	.LASF21
 424 0241 05       		.byte	0x5
 425 0242 2A01     		.2byte	0x12a
 426 0244 11       		.uleb128 0x11
 427 0245 E6010000 		.4byte	.LASF22
 428 0249 E6010000 		.4byte	.LASF22
 429 024d 05       		.byte	0x5
 430 024e 2D01     		.2byte	0x12d
 431 0250 12       		.uleb128 0x12
 432 0251 CA000000 		.4byte	.LASF23
 433 0255 CA000000 		.4byte	.LASF23
 434 0259 06       		.byte	0x6
 435 025a 22       		.byte	0x22
 436 025b 12       		.uleb128 0x12
 437 025c 1E000000 		.4byte	.LASF24
 438 0260 1E000000 		.4byte	.LASF24
 439 0264 07       		.byte	0x7
 440 0265 38       		.byte	0x38
 441 0266 12       		.uleb128 0x12
 442 0267 A7010000 		.4byte	.LASF25
 443 026b A7010000 		.4byte	.LASF25
 444 026f 07       		.byte	0x7
 445 0270 3D       		.byte	0x3d
 446 0271 12       		.uleb128 0x12
 447 0272 5D010000 		.4byte	.LASF26
 448 0276 5D010000 		.4byte	.LASF26
 449 027a 07       		.byte	0x7
 450 027b 3C       		.byte	0x3c
 451 027c 12       		.uleb128 0x12
 452 027d FB010000 		.4byte	.LASF27
 453 0281 FB010000 		.4byte	.LASF27
 454 0285 06       		.byte	0x6
 455 0286 29       		.byte	0x29
 456 0287 12       		.uleb128 0x12
 457 0288 22020000 		.4byte	.LASF28
 458 028c 22020000 		.4byte	.LASF28
 459 0290 06       		.byte	0x6
 460 0291 2B       		.byte	0x2b
 461 0292 12       		.uleb128 0x12
 462 0293 53020000 		.4byte	.LASF29
 463 0297 53020000 		.4byte	.LASF29
ARM GAS  C:\Users\Henry\AppData\Local\Temp\ccN0tcJF.s 			page 10


 464 029b 08       		.byte	0x8
 465 029c E7       		.byte	0xe7
 466 029d 12       		.uleb128 0x12
 467 029e 0A000000 		.4byte	.LASF30
 468 02a2 0A000000 		.4byte	.LASF30
 469 02a6 06       		.byte	0x6
 470 02a7 24       		.byte	0x24
 471 02a8 12       		.uleb128 0x12
 472 02a9 B4010000 		.4byte	.LASF31
 473 02ad B4010000 		.4byte	.LASF31
 474 02b1 07       		.byte	0x7
 475 02b2 3E       		.byte	0x3e
 476 02b3 12       		.uleb128 0x12
 477 02b4 5B020000 		.4byte	.LASF32
 478 02b8 5B020000 		.4byte	.LASF32
 479 02bc 09       		.byte	0x9
 480 02bd 76       		.byte	0x76
 481 02be 00       		.byte	0
 482              		.section	.debug_abbrev,"",%progbits
 483              	.Ldebug_abbrev0:
 484 0000 01       		.uleb128 0x1
 485 0001 11       		.uleb128 0x11
 486 0002 01       		.byte	0x1
 487 0003 25       		.uleb128 0x25
 488 0004 0E       		.uleb128 0xe
 489 0005 13       		.uleb128 0x13
 490 0006 0B       		.uleb128 0xb
 491 0007 03       		.uleb128 0x3
 492 0008 0E       		.uleb128 0xe
 493 0009 1B       		.uleb128 0x1b
 494 000a 0E       		.uleb128 0xe
 495 000b 55       		.uleb128 0x55
 496 000c 17       		.uleb128 0x17
 497 000d 11       		.uleb128 0x11
 498 000e 01       		.uleb128 0x1
 499 000f 10       		.uleb128 0x10
 500 0010 17       		.uleb128 0x17
 501 0011 00       		.byte	0
 502 0012 00       		.byte	0
 503 0013 02       		.uleb128 0x2
 504 0014 24       		.uleb128 0x24
 505 0015 00       		.byte	0
 506 0016 0B       		.uleb128 0xb
 507 0017 0B       		.uleb128 0xb
 508 0018 3E       		.uleb128 0x3e
 509 0019 0B       		.uleb128 0xb
 510 001a 03       		.uleb128 0x3
 511 001b 0E       		.uleb128 0xe
 512 001c 00       		.byte	0
 513 001d 00       		.byte	0
 514 001e 03       		.uleb128 0x3
 515 001f 16       		.uleb128 0x16
 516 0020 00       		.byte	0
 517 0021 03       		.uleb128 0x3
 518 0022 0E       		.uleb128 0xe
 519 0023 3A       		.uleb128 0x3a
 520 0024 0B       		.uleb128 0xb
ARM GAS  C:\Users\Henry\AppData\Local\Temp\ccN0tcJF.s 			page 11


 521 0025 3B       		.uleb128 0x3b
 522 0026 0B       		.uleb128 0xb
 523 0027 49       		.uleb128 0x49
 524 0028 13       		.uleb128 0x13
 525 0029 00       		.byte	0
 526 002a 00       		.byte	0
 527 002b 04       		.uleb128 0x4
 528 002c 24       		.uleb128 0x24
 529 002d 00       		.byte	0
 530 002e 0B       		.uleb128 0xb
 531 002f 0B       		.uleb128 0xb
 532 0030 3E       		.uleb128 0x3e
 533 0031 0B       		.uleb128 0xb
 534 0032 03       		.uleb128 0x3
 535 0033 08       		.uleb128 0x8
 536 0034 00       		.byte	0
 537 0035 00       		.byte	0
 538 0036 05       		.uleb128 0x5
 539 0037 16       		.uleb128 0x16
 540 0038 00       		.byte	0
 541 0039 03       		.uleb128 0x3
 542 003a 0E       		.uleb128 0xe
 543 003b 3A       		.uleb128 0x3a
 544 003c 0B       		.uleb128 0xb
 545 003d 3B       		.uleb128 0x3b
 546 003e 05       		.uleb128 0x5
 547 003f 49       		.uleb128 0x49
 548 0040 13       		.uleb128 0x13
 549 0041 00       		.byte	0
 550 0042 00       		.byte	0
 551 0043 06       		.uleb128 0x6
 552 0044 2E       		.uleb128 0x2e
 553 0045 01       		.byte	0x1
 554 0046 3F       		.uleb128 0x3f
 555 0047 19       		.uleb128 0x19
 556 0048 03       		.uleb128 0x3
 557 0049 0E       		.uleb128 0xe
 558 004a 3A       		.uleb128 0x3a
 559 004b 0B       		.uleb128 0xb
 560 004c 3B       		.uleb128 0x3b
 561 004d 0B       		.uleb128 0xb
 562 004e 27       		.uleb128 0x27
 563 004f 19       		.uleb128 0x19
 564 0050 49       		.uleb128 0x49
 565 0051 13       		.uleb128 0x13
 566 0052 8701     		.uleb128 0x87
 567 0054 19       		.uleb128 0x19
 568 0055 11       		.uleb128 0x11
 569 0056 01       		.uleb128 0x1
 570 0057 12       		.uleb128 0x12
 571 0058 06       		.uleb128 0x6
 572 0059 40       		.uleb128 0x40
 573 005a 18       		.uleb128 0x18
 574 005b 9742     		.uleb128 0x2117
 575 005d 19       		.uleb128 0x19
 576 005e 01       		.uleb128 0x1
 577 005f 13       		.uleb128 0x13
ARM GAS  C:\Users\Henry\AppData\Local\Temp\ccN0tcJF.s 			page 12


 578 0060 00       		.byte	0
 579 0061 00       		.byte	0
 580 0062 07       		.uleb128 0x7
 581 0063 34       		.uleb128 0x34
 582 0064 00       		.byte	0
 583 0065 03       		.uleb128 0x3
 584 0066 0E       		.uleb128 0xe
 585 0067 3A       		.uleb128 0x3a
 586 0068 0B       		.uleb128 0xb
 587 0069 3B       		.uleb128 0x3b
 588 006a 0B       		.uleb128 0xb
 589 006b 49       		.uleb128 0x49
 590 006c 13       		.uleb128 0x13
 591 006d 00       		.byte	0
 592 006e 00       		.byte	0
 593 006f 08       		.uleb128 0x8
 594 0070 34       		.uleb128 0x34
 595 0071 00       		.byte	0
 596 0072 03       		.uleb128 0x3
 597 0073 0E       		.uleb128 0xe
 598 0074 3A       		.uleb128 0x3a
 599 0075 0B       		.uleb128 0xb
 600 0076 3B       		.uleb128 0x3b
 601 0077 0B       		.uleb128 0xb
 602 0078 49       		.uleb128 0x49
 603 0079 13       		.uleb128 0x13
 604 007a 02       		.uleb128 0x2
 605 007b 18       		.uleb128 0x18
 606 007c 00       		.byte	0
 607 007d 00       		.byte	0
 608 007e 09       		.uleb128 0x9
 609 007f 898201   		.uleb128 0x4109
 610 0082 01       		.byte	0x1
 611 0083 11       		.uleb128 0x11
 612 0084 01       		.uleb128 0x1
 613 0085 31       		.uleb128 0x31
 614 0086 13       		.uleb128 0x13
 615 0087 01       		.uleb128 0x1
 616 0088 13       		.uleb128 0x13
 617 0089 00       		.byte	0
 618 008a 00       		.byte	0
 619 008b 0A       		.uleb128 0xa
 620 008c 8A8201   		.uleb128 0x410a
 621 008f 00       		.byte	0
 622 0090 02       		.uleb128 0x2
 623 0091 18       		.uleb128 0x18
 624 0092 9142     		.uleb128 0x2111
 625 0094 18       		.uleb128 0x18
 626 0095 00       		.byte	0
 627 0096 00       		.byte	0
 628 0097 0B       		.uleb128 0xb
 629 0098 898201   		.uleb128 0x4109
 630 009b 00       		.byte	0
 631 009c 11       		.uleb128 0x11
 632 009d 01       		.uleb128 0x1
 633 009e 31       		.uleb128 0x31
 634 009f 13       		.uleb128 0x13
ARM GAS  C:\Users\Henry\AppData\Local\Temp\ccN0tcJF.s 			page 13


 635 00a0 00       		.byte	0
 636 00a1 00       		.byte	0
 637 00a2 0C       		.uleb128 0xc
 638 00a3 898201   		.uleb128 0x4109
 639 00a6 01       		.byte	0x1
 640 00a7 11       		.uleb128 0x11
 641 00a8 01       		.uleb128 0x1
 642 00a9 31       		.uleb128 0x31
 643 00aa 13       		.uleb128 0x13
 644 00ab 00       		.byte	0
 645 00ac 00       		.byte	0
 646 00ad 0D       		.uleb128 0xd
 647 00ae 01       		.uleb128 0x1
 648 00af 01       		.byte	0x1
 649 00b0 49       		.uleb128 0x49
 650 00b1 13       		.uleb128 0x13
 651 00b2 01       		.uleb128 0x1
 652 00b3 13       		.uleb128 0x13
 653 00b4 00       		.byte	0
 654 00b5 00       		.byte	0
 655 00b6 0E       		.uleb128 0xe
 656 00b7 21       		.uleb128 0x21
 657 00b8 00       		.byte	0
 658 00b9 49       		.uleb128 0x49
 659 00ba 13       		.uleb128 0x13
 660 00bb 2F       		.uleb128 0x2f
 661 00bc 0B       		.uleb128 0xb
 662 00bd 00       		.byte	0
 663 00be 00       		.byte	0
 664 00bf 0F       		.uleb128 0xf
 665 00c0 34       		.uleb128 0x34
 666 00c1 00       		.byte	0
 667 00c2 03       		.uleb128 0x3
 668 00c3 0E       		.uleb128 0xe
 669 00c4 3A       		.uleb128 0x3a
 670 00c5 0B       		.uleb128 0xb
 671 00c6 3B       		.uleb128 0x3b
 672 00c7 05       		.uleb128 0x5
 673 00c8 49       		.uleb128 0x49
 674 00c9 13       		.uleb128 0x13
 675 00ca 3F       		.uleb128 0x3f
 676 00cb 19       		.uleb128 0x19
 677 00cc 3C       		.uleb128 0x3c
 678 00cd 19       		.uleb128 0x19
 679 00ce 00       		.byte	0
 680 00cf 00       		.byte	0
 681 00d0 10       		.uleb128 0x10
 682 00d1 35       		.uleb128 0x35
 683 00d2 00       		.byte	0
 684 00d3 49       		.uleb128 0x49
 685 00d4 13       		.uleb128 0x13
 686 00d5 00       		.byte	0
 687 00d6 00       		.byte	0
 688 00d7 11       		.uleb128 0x11
 689 00d8 2E       		.uleb128 0x2e
 690 00d9 00       		.byte	0
 691 00da 3F       		.uleb128 0x3f
ARM GAS  C:\Users\Henry\AppData\Local\Temp\ccN0tcJF.s 			page 14


 692 00db 19       		.uleb128 0x19
 693 00dc 3C       		.uleb128 0x3c
 694 00dd 19       		.uleb128 0x19
 695 00de 6E       		.uleb128 0x6e
 696 00df 0E       		.uleb128 0xe
 697 00e0 03       		.uleb128 0x3
 698 00e1 0E       		.uleb128 0xe
 699 00e2 3A       		.uleb128 0x3a
 700 00e3 0B       		.uleb128 0xb
 701 00e4 3B       		.uleb128 0x3b
 702 00e5 05       		.uleb128 0x5
 703 00e6 00       		.byte	0
 704 00e7 00       		.byte	0
 705 00e8 12       		.uleb128 0x12
 706 00e9 2E       		.uleb128 0x2e
 707 00ea 00       		.byte	0
 708 00eb 3F       		.uleb128 0x3f
 709 00ec 19       		.uleb128 0x19
 710 00ed 3C       		.uleb128 0x3c
 711 00ee 19       		.uleb128 0x19
 712 00ef 6E       		.uleb128 0x6e
 713 00f0 0E       		.uleb128 0xe
 714 00f1 03       		.uleb128 0x3
 715 00f2 0E       		.uleb128 0xe
 716 00f3 3A       		.uleb128 0x3a
 717 00f4 0B       		.uleb128 0xb
 718 00f5 3B       		.uleb128 0x3b
 719 00f6 0B       		.uleb128 0xb
 720 00f7 00       		.byte	0
 721 00f8 00       		.byte	0
 722 00f9 00       		.byte	0
 723              		.section	.debug_aranges,"",%progbits
 724 0000 1C000000 		.4byte	0x1c
 725 0004 0200     		.2byte	0x2
 726 0006 00000000 		.4byte	.Ldebug_info0
 727 000a 04       		.byte	0x4
 728 000b 00       		.byte	0
 729 000c 0000     		.2byte	0
 730 000e 0000     		.2byte	0
 731 0010 00000000 		.4byte	.LFB64
 732 0014 78000000 		.4byte	.LFE64-.LFB64
 733 0018 00000000 		.4byte	0
 734 001c 00000000 		.4byte	0
 735              		.section	.debug_ranges,"",%progbits
 736              	.Ldebug_ranges0:
 737 0000 00000000 		.4byte	.LFB64
 738 0004 78000000 		.4byte	.LFE64
 739 0008 00000000 		.4byte	0
 740 000c 00000000 		.4byte	0
 741              		.section	.debug_line,"",%progbits
 742              	.Ldebug_line0:
 743 0000 10020000 		.section	.debug_str,"MS",%progbits,1
 743      0200E901 
 743      00000201 
 743      FB0E0D00 
 743      01010101 
 744              	.LASF9:
ARM GAS  C:\Users\Henry\AppData\Local\Temp\ccN0tcJF.s 			page 15


 745 0000 5F5F696E 		.ascii	"__int32_t\000"
 745      7433325F 
 745      7400
 746              	.LASF30:
 747 000a 5553425F 		.ascii	"USB_PutString\000"
 747      50757453 
 747      7472696E 
 747      6700
 748              	.LASF13:
 749 0018 666C6F61 		.ascii	"float\000"
 749      7400
 750              	.LASF24:
 751 001e 4C43445F 		.ascii	"LCD_Start\000"
 751      53746172 
 751      7400
 752              	.LASF1:
 753 0028 756E7369 		.ascii	"unsigned char\000"
 753      676E6564 
 753      20636861 
 753      7200
 754              	.LASF33:
 755 0036 474E5520 		.ascii	"GNU C11 5.4.1 20160609 (release) [ARM/embedded-5-br"
 755      43313120 
 755      352E342E 
 755      31203230 
 755      31363036 
 756 0069 616E6368 		.ascii	"anch revision 237715] -mcpu=cortex-m3 -mthumb -g -O"
 756      20726576 
 756      6973696F 
 756      6E203233 
 756      37373135 
 757 009c 67202D66 		.ascii	"g -ffunction-sections -ffat-lto-objects\000"
 757      66756E63 
 757      74696F6E 
 757      2D736563 
 757      74696F6E 
 758              	.LASF15:
 759 00c4 63686172 		.ascii	"char8\000"
 759      3800
 760              	.LASF23:
 761 00ca 5553425F 		.ascii	"USB_CDC_Init\000"
 761      4344435F 
 761      496E6974 
 761      00
 762              	.LASF5:
 763 00d7 6C6F6E67 		.ascii	"long unsigned int\000"
 763      20756E73 
 763      69676E65 
 763      6420696E 
 763      7400
 764              	.LASF3:
 765 00e9 73686F72 		.ascii	"short unsigned int\000"
 765      7420756E 
 765      7369676E 
 765      65642069 
 765      6E7400
 766              	.LASF38:
ARM GAS  C:\Users\Henry\AppData\Local\Temp\ccN0tcJF.s 			page 16


 767 00fc 49544D5F 		.ascii	"ITM_RxBuffer\000"
 767      52784275 
 767      66666572 
 767      00
 768              	.LASF35:
 769 0109 433A5C55 		.ascii	"C:\\Users\\Henry\\Documents\\PSoC Creator\\Serial\\"
 769      73657273 
 769      5C48656E 
 769      72795C44 
 769      6F63756D 
 770 0136 5553425F 		.ascii	"USB_Emulador.cydsn\000"
 770      456D756C 
 770      61646F72 
 770      2E637964 
 770      736E00
 771              	.LASF37:
 772 0149 4375656E 		.ascii	"Cuenta\000"
 772      746100
 773              	.LASF14:
 774 0150 646F7562 		.ascii	"double\000"
 774      6C6500
 775              	.LASF20:
 776 0157 54657874 		.ascii	"Texto\000"
 776      6F00
 777              	.LASF26:
 778 015d 4C43445F 		.ascii	"LCD_PrintString\000"
 778      5072696E 
 778      74537472 
 778      696E6700 
 779              	.LASF12:
 780 016d 75696E74 		.ascii	"uint16\000"
 780      313600
 781              	.LASF21:
 782 0174 5553425F 		.ascii	"USB_Start\000"
 782      53746172 
 782      7400
 783              	.LASF36:
 784 017e 6D61696E 		.ascii	"main\000"
 784      00
 785              	.LASF8:
 786 0183 756E7369 		.ascii	"unsigned int\000"
 786      676E6564 
 786      20696E74 
 786      00
 787              	.LASF7:
 788 0190 6C6F6E67 		.ascii	"long long unsigned int\000"
 788      206C6F6E 
 788      6720756E 
 788      7369676E 
 788      65642069 
 789              	.LASF25:
 790 01a7 4C43445F 		.ascii	"LCD_Position\000"
 790      506F7369 
 790      74696F6E 
 790      00
 791              	.LASF31:
 792 01b4 4C43445F 		.ascii	"LCD_PutChar\000"
ARM GAS  C:\Users\Henry\AppData\Local\Temp\ccN0tcJF.s 			page 17


 792      50757443 
 792      68617200 
 793              	.LASF10:
 794 01c0 696E7433 		.ascii	"int32_t\000"
 794      325F7400 
 795              	.LASF18:
 796 01c8 73697A65 		.ascii	"sizetype\000"
 796      74797065 
 796      00
 797              	.LASF6:
 798 01d1 6C6F6E67 		.ascii	"long long int\000"
 798      206C6F6E 
 798      6720696E 
 798      7400
 799              	.LASF34:
 800 01df 6D61696E 		.ascii	"main.c\000"
 800      2E6300
 801              	.LASF22:
 802 01e6 5553425F 		.ascii	"USB_GetConfiguration\000"
 802      47657443 
 802      6F6E6669 
 802      67757261 
 802      74696F6E 
 803              	.LASF27:
 804 01fb 5553425F 		.ascii	"USB_DataIsReady\000"
 804      44617461 
 804      49735265 
 804      61647900 
 805              	.LASF2:
 806 020b 73686F72 		.ascii	"short int\000"
 806      7420696E 
 806      7400
 807              	.LASF19:
 808 0215 62756666 		.ascii	"buffer\000"
 808      657200
 809              	.LASF11:
 810 021c 75696E74 		.ascii	"uint8\000"
 810      3800
 811              	.LASF28:
 812 0222 5553425F 		.ascii	"USB_GetAll\000"
 812      47657441 
 812      6C6C00
 813              	.LASF4:
 814 022d 6C6F6E67 		.ascii	"long int\000"
 814      20696E74 
 814      00
 815              	.LASF16:
 816 0236 63686172 		.ascii	"char\000"
 816      00
 817              	.LASF17:
 818 023b 6C6F6E67 		.ascii	"long double\000"
 818      20646F75 
 818      626C6500 
 819              	.LASF0:
 820 0247 7369676E 		.ascii	"signed char\000"
 820      65642063 
 820      68617200 
ARM GAS  C:\Users\Henry\AppData\Local\Temp\ccN0tcJF.s 			page 18


 821              	.LASF29:
 822 0253 73707269 		.ascii	"sprintf\000"
 822      6E746600 
 823              	.LASF32:
 824 025b 43794465 		.ascii	"CyDelay\000"
 824      6C617900 
 825              		.ident	"GCC: (GNU Tools for ARM Embedded Processors) 5.4.1 20160609 (release) [ARM/embedded-5-bran
