Archive member included to satisfy reference by file (symbol)

.\CortexM3\ARM_GCC_541\Debug\Termistor.a(ADC.o)
                              .\CortexM3\ARM_GCC_541\Debug\main.o (ADC_Start)
.\CortexM3\ARM_GCC_541\Debug\Termistor.a(ADC_INT.o)
                              .\CortexM3\ARM_GCC_541\Debug\Termistor.a(ADC.o) (ADC_ISR1)
.\CortexM3\ARM_GCC_541\Debug\Termistor.a(AMux_1.o)
                              .\CortexM3\ARM_GCC_541\Debug\main.o (AMux_1_Start)
.\CortexM3\ARM_GCC_541\Debug\Termistor.a(LCD.o)
                              .\CortexM3\ARM_GCC_541\Debug\main.o (LCD_PrintString)
.\CortexM3\ARM_GCC_541\Debug\Termistor.a(Termistor.o)
                              .\CortexM3\ARM_GCC_541\Debug\main.o (Termistor_GetResistance)
.\CortexM3\ARM_GCC_541\Debug\Termistor.a(ADC_Ext_CP_Clk.o)
                              .\CortexM3\ARM_GCC_541\Debug\Termistor.a(ADC.o) (ADC_Ext_CP_Clk_SetModeRegister)
.\CortexM3\ARM_GCC_541\Debug\Termistor.a(ADC_theACLK.o)
                              .\CortexM3\ARM_GCC_541\Debug\Termistor.a(ADC.o) (ADC_theACLK_SetModeRegister)
.\CortexM3\ARM_GCC_541\Debug\Termistor.a(CyLib.o)
                              .\CortexM3\ARM_GCC_541\Debug\Cm3Start.o (CyHalt)
.\CortexM3\ARM_GCC_541\Debug\Termistor.a(cyPm.o)
                              .\CortexM3\ARM_GCC_541\Debug\Termistor.a(CyLib.o) (CyPmReadStatus)
.\CortexM3\ARM_GCC_541\Debug\Termistor.a(CyBootAsmGnu.o)
                              .\CortexM3\ARM_GCC_541\Debug\cyfitter_cfg.o (CyDelayCycles)
.\CortexM3\ARM_GCC_541\Debug\Termistor.a(CyFlash.o)
                              .\CortexM3\ARM_GCC_541\Debug\Termistor.a(cyPm.o) (CyFlash_SetWaitCycles)
.\CortexM3\ARM_GCC_541\Debug\Termistor.a(CySpc.o)
                              .\CortexM3\ARM_GCC_541\Debug\Termistor.a(CyFlash.o) (CySpcStart)
c:/program files (x86)/cypress/psoc creator/4.4/psoc creator/import/gnu/arm/5.4.1/bin/../lib/gcc/arm-none-eabi/5.4.1/../../../../arm-none-eabi/lib/armv7-m\libm.a(lib_a-w_log.o)
                              .\CortexM3\ARM_GCC_541\Debug\Termistor.a(Termistor.o) (log)
c:/program files (x86)/cypress/psoc creator/4.4/psoc creator/import/gnu/arm/5.4.1/bin/../lib/gcc/arm-none-eabi/5.4.1/../../../../arm-none-eabi/lib/armv7-m\libm.a(lib_a-w_pow.o)
                              .\CortexM3\ARM_GCC_541\Debug\Termistor.a(Termistor.o) (pow)
c:/program files (x86)/cypress/psoc creator/4.4/psoc creator/import/gnu/arm/5.4.1/bin/../lib/gcc/arm-none-eabi/5.4.1/../../../../arm-none-eabi/lib/armv7-m\libm.a(lib_a-e_log.o)
                              c:/program files (x86)/cypress/psoc creator/4.4/psoc creator/import/gnu/arm/5.4.1/bin/../lib/gcc/arm-none-eabi/5.4.1/../../../../arm-none-eabi/lib/armv7-m\libm.a(lib_a-w_log.o) (__ieee754_log)
c:/program files (x86)/cypress/psoc creator/4.4/psoc creator/import/gnu/arm/5.4.1/bin/../lib/gcc/arm-none-eabi/5.4.1/../../../../arm-none-eabi/lib/armv7-m\libm.a(lib_a-e_pow.o)
                              c:/program files (x86)/cypress/psoc creator/4.4/psoc creator/import/gnu/arm/5.4.1/bin/../lib/gcc/arm-none-eabi/5.4.1/../../../../arm-none-eabi/lib/armv7-m\libm.a(lib_a-w_pow.o) (__ieee754_pow)
c:/program files (x86)/cypress/psoc creator/4.4/psoc creator/import/gnu/arm/5.4.1/bin/../lib/gcc/arm-none-eabi/5.4.1/../../../../arm-none-eabi/lib/armv7-m\libm.a(lib_a-e_sqrt.o)
                              c:/program files (x86)/cypress/psoc creator/4.4/psoc creator/import/gnu/arm/5.4.1/bin/../lib/gcc/arm-none-eabi/5.4.1/../../../../arm-none-eabi/lib/armv7-m\libm.a(lib_a-e_pow.o) (__ieee754_sqrt)
c:/program files (x86)/cypress/psoc creator/4.4/psoc creator/import/gnu/arm/5.4.1/bin/../lib/gcc/arm-none-eabi/5.4.1/../../../../arm-none-eabi/lib/armv7-m\libm.a(lib_a-s_fabs.o)
                              c:/program files (x86)/cypress/psoc creator/4.4/psoc creator/import/gnu/arm/5.4.1/bin/../lib/gcc/arm-none-eabi/5.4.1/../../../../arm-none-eabi/lib/armv7-m\libm.a(lib_a-e_pow.o) (fabs)
c:/program files (x86)/cypress/psoc creator/4.4/psoc creator/import/gnu/arm/5.4.1/bin/../lib/gcc/arm-none-eabi/5.4.1/../../../../arm-none-eabi/lib/armv7-m\libm.a(lib_a-s_finite.o)
                              c:/program files (x86)/cypress/psoc creator/4.4/psoc creator/import/gnu/arm/5.4.1/bin/../lib/gcc/arm-none-eabi/5.4.1/../../../../arm-none-eabi/lib/armv7-m\libm.a(lib_a-w_pow.o) (finite)
c:/program files (x86)/cypress/psoc creator/4.4/psoc creator/import/gnu/arm/5.4.1/bin/../lib/gcc/arm-none-eabi/5.4.1/../../../../arm-none-eabi/lib/armv7-m\libm.a(lib_a-s_lib_ver.o)
                              c:/program files (x86)/cypress/psoc creator/4.4/psoc creator/import/gnu/arm/5.4.1/bin/../lib/gcc/arm-none-eabi/5.4.1/../../../../arm-none-eabi/lib/armv7-m\libm.a(lib_a-w_log.o) (__fdlib_version)
c:/program files (x86)/cypress/psoc creator/4.4/psoc creator/import/gnu/arm/5.4.1/bin/../lib/gcc/arm-none-eabi/5.4.1/../../../../arm-none-eabi/lib/armv7-m\libm.a(lib_a-s_matherr.o)
[...]
Memory Configuration

Name             Origin             Length             Attributes
rom              0x00000000         0x00040000         xr
ram              0x1fff8000         0x00010000         xrw
*default*        0x00000000         0xffffffff

Linker script and memory map

LOAD c:/program files (x86)/cypress/psoc creator/4.4/psoc creator/import/gnu/arm/5.4.1/bin/../lib/gcc/arm-none-eabi/5.4.1/armv7-m/crti.o
LOAD c:/program files (x86)/cypress/psoc creator/4.4/psoc creator/import/gnu/arm/5.4.1/bin/../lib/gcc/arm-none-eabi/5.4.1/armv7-m/crtbegin.o
LOAD c:/program files (x86)/cypress/psoc creator/4.4/psoc creator/import/gnu/arm/5.4.1/bin/../lib/gcc/arm-none-eabi/5.4.1/../../../../arm-none-eabi/lib/armv7-m/crt0.o
START GROUP
LOAD .\CortexM3\ARM_GCC_541\Debug\main.o
LOAD .\CortexM3\ARM_GCC_541\Debug\cyfitter_cfg.o
LOAD .\CortexM3\ARM_GCC_541\Debug\cymetadata.o
LOAD .\CortexM3\ARM_GCC_541\Debug\Cm3Start.o
LOAD .\CortexM3\ARM_GCC_541\Debug\Termistor.a
LOAD C:\Program Files (x86)\Cypress\PSoC Creator\4.4\PSoC Creator\psoc\content\cycomponentlibrary\CyComponentLibrary.cylib\CortexM3\ARM_GCC_541\Debug\CyComponentLibrary.a
LOAD c:/program files (x86)/cypress/psoc creator/4.4/psoc creator/import/gnu/arm/5.4.1/bin/../lib/gcc/arm-none-eabi/5.4.1/../../../../arm-none-eabi/lib/armv7-m\libm.a
END GROUP
START GROUP
LOAD c:/program files (x86)/cypress/psoc creator/4.4/psoc creator/import/gnu/arm/5.4.1/bin/../lib/gcc/arm-none-eabi/5.4.1/armv7-m\libgcc.a
LOAD c:/program files (x86)/cypress/psoc creator/4.4/psoc creator/import/gnu/arm/5.4.1/bin/../lib/gcc/arm-none-eabi/5.4.1/../../../../arm-none-eabi/lib/armv7-m\libg_nano.a
LOAD c:/program files (x86)/cypress/psoc creator/4.4/psoc creator/import/gnu/arm/5.4.1/bin/../lib/gcc/arm-none-eabi/5.4.1/../../../../arm-none-eabi/lib/armv7-m\libc_nano.a
END GROUP
START GROUP
LOAD c:/program files (x86)/cypress/psoc creator/4.4/psoc creator/import/gnu/arm/5.4.1/bin/../lib/gcc/arm-none-eabi/5.4.1/armv7-m\libgcc.a
LOAD c:/program files (x86)/cypress/psoc creator/4.4/psoc creator/import/gnu/arm/5.4.1/bin/../lib/gcc/arm-none-eabi/5.4.1/../../../../arm-none-eabi/lib/armv7-m\libc_nano.a
END GROUP
LOAD c:/program files (x86)/cypress/psoc creator/4.4/psoc creator/import/gnu/arm/5.4.1/bin/../lib/gcc/arm-none-eabi/5.4.1/armv7-m/crtend.o
LOAD c:/program files (x86)/cypress/psoc creator/4.4/psoc creator/import/gnu/arm/5.4.1/bin/../lib/gcc/arm-none-eabi/5.4.1/armv7-m/crtn.o
START GROUP
LOAD c:/program files (x86)/cypress/psoc creator/4.4/psoc creator/import/gnu/arm/5.4.1/bin/../lib/gcc/arm-none-eabi/5.4.1/armv7-m\libgcc.a
LOAD c:/program files (x86)/cypress/psoc creator/4.4/psoc creator/import/gnu/arm/5.4.1/bin/../lib/gcc/arm-none-eabi/5.4.1/../../../../arm-none-eabi/lib/armv7-m\libc.a
LOAD c:/program files (x86)/cypress/psoc creator/4.4/psoc creator/import/gnu/arm/5.4.1/bin/../lib/gcc/arm-none-eabi/5.4.1/../../../../arm-none-eabi/lib/armv7-m\libnosys.a
END GROUP
                0x00000000                CY_APPL_ORIGIN = 0x0
                0x00000100                CY_FLASH_ROW_SIZE = 0x100
                0x00000020                CY_ECC_ROW_SIZE = 0x20
                0x00000000                CY_EE_IN_BTLDR = 0x0
                0x00000000                CY_APPL_LOADABLE = 0x0
                0x00000800                CY_EE_SIZE = 0x800
                0x00000001                CY_APPL_NUM = 0x1
                0x00000001                CY_APPL_MAX = 0x1
                0x00000040                CY_METADATA_SIZE = 0x40
                0x00000000                CY_APPL_LOADABLE = 0x0
                0x00000000                CY_CHECKSUM_EXCLUDE_SIZE = ALIGN (0x0, CY_FLASH_ROW_SIZE)
                [!provide]                PROVIDE (__cy_heap_start, _end)
                0x00000001                PROVIDE (__cy_region_num, ((__cy_regions_end - __cy_regions) / 0x10))
                0x20008000                PROVIDE (__cy_stack, (ORIGIN (ram) + LENGTH (ram)))
                [!provide]                PROVIDE (__cy_heap_end, (__cy_stack - 0x800))

.cybootloader   0x00000000        0x0
 *(.cybootloader)
                0x00000000                appl1_start = CY_APPL_ORIGIN?CY_APPL_ORIGIN:ALIGN (CY_FLASH_ROW_SIZE)
                0x0001ff00                appl2_start = (appl1_start + ALIGN ((((LENGTH (rom) - appl1_start) - (0x2 * CY_FLASH_ROW_SIZE)) / 0x2), CY_FLASH_ROW_SIZE))
                0x00000000                appl_start = (CY_APPL_NUM == 0x1)?appl1_start:appl2_start
                0x00000000                ecc_offset = ((appl_start / CY_FLASH_ROW_SIZE) * CY_ECC_ROW_SIZE)
                0x00000000                ee_offset = (CY_APPL_LOADABLE && ! (CY_EE_IN_BTLDR))?((CY_EE_SIZE / CY_APPL_MAX) * (CY_APPL_NUM - 0x1)):0x0
                0x00000800                ee_size = (CY_APPL_LOADABLE && ! (CY_EE_IN_BTLDR))?(CY_EE_SIZE / CY_APPL_MAX):CY_EE_SIZE
                [!provide]                PROVIDE (CY_ECC_OFFSET, ecc_offset)

.text           0x00000000     0x3ba8
 CREATE_OBJECT_SYMBOLS
                0x00000000                PROVIDE (__cy_interrupt_vector, RomVectors)
 *(.romvectors)
 .romvectors    0x00000000       0x10 .\CortexM3\ARM_GCC_541\Debug\Cm3Start.o
                0x00000000                RomVectors
                0x00000001                ASSERT ((. != __cy_interrupt_vector), No interrupt vector)
                0x00000001                ASSERT (CY_APPL_ORIGIN?(SIZEOF (.cybootloader) <= CY_APPL_ORIGIN):0x1, Wrong image location)
                0x00000010                PROVIDE (__cy_reset, Reset)
 *(.text.Reset)
 .text.Reset    0x00000010       0x18 .\CortexM3\ARM_GCC_541\Debug\Cm3Start.o
                0x00000010                Reset
                0x00000001                ASSERT ((. != __cy_reset), No reset code)
 *(.dma_init)
                0x00000001                ASSERT ((((appl_start + .) <= 0x10000) || 0x1), DMA Init must be within the first 64k of flash)
 *(.text .text.* .gnu.linkonce.t.*)
 .text          0x00000028       0x5c c:/program files (x86)/cypress/psoc creator/4.4/psoc creator/import/gnu/arm/5.4.1/bin/../lib/gcc/arm-none-eabi/5.4.1/armv7-m/crtbegin.o
 .text.main     0x00000084       0xb8 .\CortexM3\ARM_GCC_541\Debug\main.o
                0x00000084                main
 .text.CyClockStartupError
                0x0000013c        0x4 .\CortexM3\ARM_GCC_541\Debug\cyfitter_cfg.o
 .text.cfg_write_bytes32
                0x00000140       0x34 .\CortexM3\ARM_GCC_541\Debug\cyfitter_cfg.o
 .text.AnalogSetDefault
                0x00000174       0x38 .\CortexM3\ARM_GCC_541\Debug\cyfitter_cfg.o
 .text.CYMEMZERO
                0x000001ac        0xc .\CortexM3\ARM_GCC_541\Debug\cyfitter_cfg.o
 .text.CYCONFIGCPY
                0x000001b8        0x8 .\CortexM3\ARM_GCC_541\Debug\cyfitter_cfg.o
 .text.ClockSetup
                0x000001c0       0xe4 .\CortexM3\ARM_GCC_541\Debug\cyfitter_cfg.o
 .text.AMux_1_CYAMUXSIDE_A_Set
                0x000002a4       0x34 .\CortexM3\ARM_GCC_541\Debug\cyfitter_cfg.o
                0x000002a4                AMux_1_CYAMUXSIDE_A_Set
 .text.AMux_1_CYAMUXSIDE_A_Unset
                0x000002d8       0x38 .\CortexM3\ARM_GCC_541\Debug\cyfitter_cfg.o
                0x000002d8                AMux_1_CYAMUXSIDE_A_Unset
 .text.AMux_1_CYAMUXSIDE_B_Set
                0x00000310       0x3c .\CortexM3\ARM_GCC_541\Debug\cyfitter_cfg.o
                0x00000310                AMux_1_CYAMUXSIDE_B_Set
 .text.AMux_1_CYAMUXSIDE_B_Unset
                0x0000034c       0x40 .\CortexM3\ARM_GCC_541\Debug\cyfitter_cfg.o
                0x0000034c                AMux_1_CYAMUXSIDE_B_Unset
 .text.cyfitter_cfg
                0x0000038c       0xf8 .\CortexM3\ARM_GCC_541\Debug\cyfitter_cfg.o
                0x0000038c                cyfitter_cfg
 .text.IntDefaultHandler
                0x00000484       0x10 .\CortexM3\ARM_GCC_541\Debug\Cm3Start.o
                0x00000484                IntDefaultHandler
 .text._sbrk    0x00000494       0x30 .\CortexM3\ARM_GCC_541\Debug\Cm3Start.o
                0x00000494                _sbrk
 .text.Start_c  0x000004c4       0x4c .\CortexM3\ARM_GCC_541\Debug\Cm3Start.o
                0x000004c4                Start_c
 .text.initialize_psoc
                0x00000510       0x68 .\CortexM3\ARM_GCC_541\Debug\Cm3Start.o
                0x00000510                initialize_psoc
 .text.ADC_GainCompensation
                0x00000578       0xe0 .\CortexM3\ARM_GCC_541\Debug\Termistor.a(ADC.o)
 .text.ADC_SetDSMRef0Reg
                0x00000658       0x4c .\CortexM3\ARM_GCC_541\Debug\Termistor.a(ADC.o)
 .text.ADC_InitConfig
                0x000006a4      0x314 .\CortexM3\ARM_GCC_541\Debug\Termistor.a(ADC.o)
 .text.ADC_Init
                0x000009b8      0x108 .\CortexM3\ARM_GCC_541\Debug\Termistor.a(ADC.o)
                0x000009b8                ADC_Init
 .text.ADC_Enable
                0x00000ac0       0xd8 .\CortexM3\ARM_GCC_541\Debug\Termistor.a(ADC.o)
                0x00000ac0                ADC_Enable
 .text.ADC_Start
                0x00000b98       0x28 .\CortexM3\ARM_GCC_541\Debug\Termistor.a(ADC.o)
                0x00000b98                ADC_Start
 .text.ADC_StartConvert
                0x00000bc0       0x10 .\CortexM3\ARM_GCC_541\Debug\Termistor.a(ADC.o)
                0x00000bc0                ADC_StartConvert
 .text.ADC_StopConvert
                0x00000bd0       0x10 .\CortexM3\ARM_GCC_541\Debug\Termistor.a(ADC.o)
                0x00000bd0                ADC_StopConvert
 .text.ADC_IsEndConversion
                0x00000be0       0x30 .\CortexM3\ARM_GCC_541\Debug\Termistor.a(ADC.o)
                0x00000be0                ADC_IsEndConversion
 .text.ADC_GetResult32
                0x00000c10       0x6c .\CortexM3\ARM_GCC_541\Debug\Termistor.a(ADC.o)
                0x00000c10                ADC_GetResult32
 .text.ADC_ISR1
                0x00000c7c        0x4 .\CortexM3\ARM_GCC_541\Debug\Termistor.a(ADC_INT.o)
                0x00000c7c                ADC_ISR1
 .text.ADC_ISR2
                0x00000c80        0x4 .\CortexM3\ARM_GCC_541\Debug\Termistor.a(ADC_INT.o)
                0x00000c80                ADC_ISR2
 .text.ADC_ISR3
                0x00000c84        0x4 .\CortexM3\ARM_GCC_541\Debug\Termistor.a(ADC_INT.o)
                0x00000c84                ADC_ISR3
 .text.ADC_ISR4
                0x00000c88        0x4 .\CortexM3\ARM_GCC_541\Debug\Termistor.a(ADC_INT.o)
                0x00000c88                ADC_ISR4
 .text.AMux_1_Start
                0x00000c8c       0x28 .\CortexM3\ARM_GCC_541\Debug\Termistor.a(AMux_1.o)
                0x00000c8c                AMux_1_Start
 .text.AMux_1_Disconnect
                0x00000cb4       0x10 .\CortexM3\ARM_GCC_541\Debug\Termistor.a(AMux_1.o)
                0x00000cb4                AMux_1_Disconnect
 .text.AMux_1_FastSelect
                0x00000cc4       0x28 .\CortexM3\ARM_GCC_541\Debug\Termistor.a(AMux_1.o)
                0x00000cc4                AMux_1_FastSelect
 .text.LCD_WrCntrlNib
                0x00000cec       0x34 .\CortexM3\ARM_GCC_541\Debug\Termistor.a(LCD.o)
 .text.LCD_WrDatNib
                0x00000d20       0x44 .\CortexM3\ARM_GCC_541\Debug\Termistor.a(LCD.o)
 .text.LCD_IsReady
                0x00000d64       0xe4 .\CortexM3\ARM_GCC_541\Debug\Termistor.a(LCD.o)
                0x00000d64                LCD_IsReady
 .text.LCD_WriteData
                0x00000e48       0x18 .\CortexM3\ARM_GCC_541\Debug\Termistor.a(LCD.o)
                0x00000e48                LCD_WriteData
 .text.LCD_PrintString
                0x00000e60       0x1c .\CortexM3\ARM_GCC_541\Debug\Termistor.a(LCD.o)
                0x00000e60                LCD_PrintString
 .text.LCD_WriteControl
                0x00000e7c       0x18 .\CortexM3\ARM_GCC_541\Debug\Termistor.a(LCD.o)
                0x00000e7c                LCD_WriteControl
 .text.LCD_Position
                0x00000e94       0x3c .\CortexM3\ARM_GCC_541\Debug\Termistor.a(LCD.o)
                0x00000e94                LCD_Position
 .text.Termistor_GetResistance
                0x00000ed0       0x24 .\CortexM3\ARM_GCC_541\Debug\Termistor.a(Termistor.o)
                0x00000ed0                Termistor_GetResistance
 *fill*         0x00000ef4        0x4 
 .text.Termistor_GetTemperature
                0x00000ef8       0xc0 .\CortexM3\ARM_GCC_541\Debug\Termistor.a(Termistor.o)
                0x00000ef8                Termistor_GetTemperature
 .text.ADC_Ext_CP_Clk_GetDividerRegister
                0x00000fb8        0xc .\CortexM3\ARM_GCC_541\Debug\Termistor.a(ADC_Ext_CP_Clk.o)
                0x00000fb8                ADC_Ext_CP_Clk_GetDividerRegister
 .text.ADC_Ext_CP_Clk_SetModeRegister
                0x00000fc4       0x14 .\CortexM3\ARM_GCC_541\Debug\Termistor.a(ADC_Ext_CP_Clk.o)
                0x00000fc4                ADC_Ext_CP_Clk_SetModeRegister
 .text.ADC_Ext_CP_Clk_GetSourceRegister
                0x00000fd8       0x10 .\CortexM3\ARM_GCC_541\Debug\Termistor.a(ADC_Ext_CP_Clk.o)
                0x00000fd8                ADC_Ext_CP_Clk_GetSourceRegister
 .text.ADC_Ext_CP_Clk_SetDividerRegister
                0x00000fe8       0xd8 .\CortexM3\ARM_GCC_541\Debug\Termistor.a(ADC_Ext_CP_Clk.o)
                0x00000fe8                ADC_Ext_CP_Clk_SetDividerRegister
 .text.ADC_theACLK_GetDividerRegister
                0x000010c0        0xc .\CortexM3\ARM_GCC_541\Debug\Termistor.a(ADC_theACLK.o)
                0x000010c0                ADC_theACLK_GetDividerRegister
 .text.ADC_theACLK_SetModeRegister
                0x000010cc       0x14 .\CortexM3\ARM_GCC_541\Debug\Termistor.a(ADC_theACLK.o)
                0x000010cc                ADC_theACLK_SetModeRegister
 .text.ADC_theACLK_GetSourceRegister
                0x000010e0       0x10 .\CortexM3\ARM_GCC_541\Debug\Termistor.a(ADC_theACLK.o)
                0x000010e0                ADC_theACLK_GetSourceRegister
 .text.ADC_theACLK_SetDividerRegister
                0x000010f0       0xd8 .\CortexM3\ARM_GCC_541\Debug\Termistor.a(ADC_theACLK.o)
                0x000010f0                ADC_theACLK_SetDividerRegister
 .text.CyHalt   0x000011c8        0x4 .\CortexM3\ARM_GCC_541\Debug\Termistor.a(CyLib.o)
                0x000011c8                CyHalt
 .text.CyDelay  0x000011cc       0x2c .\CortexM3\ARM_GCC_541\Debug\Termistor.a(CyLib.o)
                0x000011cc                CyDelay
 .text.CyDelayUs
                0x000011f8       0x14 .\CortexM3\ARM_GCC_541\Debug\Termistor.a(CyLib.o)
                0x000011f8                CyDelayUs
 .text.CyIntSetVector
                0x0000120c       0x28 .\CortexM3\ARM_GCC_541\Debug\Termistor.a(CyLib.o)
                0x0000120c                CyIntSetVector
 .text.CyIntSetPriority
                0x00001234       0x30 .\CortexM3\ARM_GCC_541\Debug\Termistor.a(CyLib.o)
                0x00001234                CyIntSetPriority
 *fill*         0x00001264        0x4 
 .text          0x00001268       0x20 .\CortexM3\ARM_GCC_541\Debug\Termistor.a(CyBootAsmGnu.o)
                0x00001268                CyDelayCycles
                0x00001278                CyEnterCriticalSection
                0x00001280                CyExitCriticalSection
 .text.log      0x00001288      0x100 c:/program files (x86)/cypress/psoc creator/4.4/psoc creator/import/gnu/arm/5.4.1/bin/../lib/gcc/arm-none-eabi/5.4.1/../../../../arm-none-eabi/lib/armv7-m\libm.a(lib_a-w_log.o)
                0x00001288                log
 .text.pow      0x00001388      0x330 c:/program files (x86)/cypress/psoc creator/4.4/psoc creator/import/gnu/arm/5.4.1/bin/../lib/gcc/arm-none-eabi/5.4.1/../../../../arm-none-eabi/lib/armv7-m\libm.a(lib_a-w_pow.o)
                0x00001388                pow
 .text.__ieee754_log
                0x000016b8      0x3e8 c:/program files (x86)/cypress/psoc creator/4.4/psoc creator/import/gnu/arm/5.4.1/bin/../lib/gcc/arm-none-eabi/5.4.1/../../../../arm-none-eabi/lib/armv7-m\libm.a(lib_a-e_log.o)
                0x000016b8                __ieee754_log
 .text.__ieee754_pow
                0x00001aa0      0xac4 c:/program files (x86)/cypress/psoc creator/4.4/psoc creator/import/gnu/arm/5.4.1/bin/../lib/gcc/arm-none-eabi/5.4.1/../../../../arm-none-eabi/lib/armv7-m\libm.a(lib_a-e_pow.o)
                0x00001aa0                __ieee754_pow
 .text.__ieee754_sqrt
                0x00002564      0x188 c:/program files (x86)/cypress/psoc creator/4.4/psoc creator/import/gnu/arm/5.4.1/bin/../lib/gcc/arm-none-eabi/5.4.1/../../../../arm-none-eabi/lib/armv7-m\libm.a(lib_a-e_sqrt.o)
                0x00002564                __ieee754_sqrt
 .text.fabs     0x000026ec        0x8 c:/program files (x86)/cypress/psoc creator/4.4/psoc creator/import/gnu/arm/5.4.1/bin/../lib/gcc/arm-none-eabi/5.4.1/../../../../arm-none-eabi/lib/armv7-m\libm.a(lib_a-s_fabs.o)
                0x000026ec                fabs
 .text.finite   0x000026f4        0xc c:/program files (x86)/cypress/psoc creator/4.4/psoc creator/import/gnu/arm/5.4.1/bin/../lib/gcc/arm-none-eabi/5.4.1/../../../../arm-none-eabi/lib/armv7-m\libm.a(lib_a-s_finite.o)
                0x000026f4                finite
 .text.matherr  0x00002700        0x4 c:/program files (x86)/cypress/psoc creator/4.4/psoc creator/import/gnu/arm/5.4.1/bin/../lib/gcc/arm-none-eabi/5.4.1/../../../../arm-none-eabi/lib/armv7-m\libm.a(lib_a-s_matherr.o)
                0x00002700                matherr
 .text.nan      0x00002704        0xc c:/program files (x86)/cypress/psoc creator/4.4/psoc creator/import/gnu/arm/5.4.1/bin/../lib/gcc/arm-none-eabi/5.4.1/../../../../arm-none-eabi/lib/armv7-m\libm.a(lib_a-s_nan.o)
                0x00002704                nan
 .text.rint     0x00002710      0x120 c:/program files (x86)/cypress/psoc creator/4.4/psoc creator/import/gnu/arm/5.4.1/bin/../lib/gcc/arm-none-eabi/5.4.1/../../../../arm-none-eabi/lib/armv7-m\libm.a(lib_a-s_rint.o)
                0x00002710                rint
 .text.scalbn   0x00002830       0xe4 c:/program files (x86)/cypress/psoc creator/4.4/psoc creator/import/gnu/arm/5.4.1/bin/../lib/gcc/arm-none-eabi/5.4.1/../../../../arm-none-eabi/lib/armv7-m\libm.a(lib_a-s_scalbn.o)
                0x00002830                scalbn
 .text.copysign
                0x00002914       0x10 c:/program files (x86)/cypress/psoc creator/4.4/psoc creator/import/gnu/arm/5.4.1/bin/../lib/gcc/arm-none-eabi/5.4.1/../../../../arm-none-eabi/lib/armv7-m\libm.a(lib_a-s_copysign.o)
                0x00002914                copysign
 .text          0x00002924      0x370 c:/program files (x86)/cypress/psoc creator/4.4/psoc creator/import/gnu/arm/5.4.1/bin/../lib/gcc/arm-none-eabi/5.4.1/armv7-m\libgcc.a(_arm_addsubdf3.o)
                0x00002924                __aeabi_drsub
                0x0000292c                __aeabi_dsub
                0x0000292c                __subdf3
                0x00002930                __aeabi_dadd
                0x00002930                __adddf3
                0x00002ba8                __floatunsidf
                0x00002ba8                __aeabi_ui2d
                0x00002bc8                __floatsidf
                0x00002bc8                __aeabi_i2d
                0x00002bec                __aeabi_f2d
                0x00002bec                __extendsfdf2
                0x00002c28                __floatundidf
                0x00002c28                __aeabi_ul2d
                0x00002c38                __floatdidf
                0x00002c38                __aeabi_l2d
 .text          0x00002c94      0x424 c:/program files (x86)/cypress/psoc creator/4.4/psoc creator/import/gnu/arm/5.4.1/bin/../lib/gcc/arm-none-eabi/5.4.1/armv7-m\libgcc.a(_arm_muldivdf3.o)
                0x00002c94                __aeabi_dmul
                0x00002c94                __muldf3
                0x00002ee8                __divdf3
                0x00002ee8                __aeabi_ddiv
 .text          0x000030b8      0x110 c:/program files (x86)/cypress/psoc creator/4.4/psoc creator/import/gnu/arm/5.4.1/bin/../lib/gcc/arm-none-eabi/5.4.1/armv7-m\libgcc.a(_arm_cmpdf2.o)
                0x000030b8                __gtdf2
                0x000030b8                __gedf2
                0x000030c0                __ltdf2
                0x000030c0                __ledf2
                0x000030c8                __nedf2
                0x000030c8                __eqdf2
                0x000030c8                __cmpdf2
                0x00003144                __aeabi_cdrcmple
                0x00003154                __aeabi_cdcmpeq
                0x00003154                __aeabi_cdcmple
                0x00003164                __aeabi_dcmpeq
                0x00003178                __aeabi_dcmplt
                0x0000318c                __aeabi_dcmple
                0x000031a0                __aeabi_dcmpge
                0x000031b4                __aeabi_dcmpgt
 .text          0x000031c8       0x2c c:/program files (x86)/cypress/psoc creator/4.4/psoc creator/import/gnu/arm/5.4.1/bin/../lib/gcc/arm-none-eabi/5.4.1/armv7-m\libgcc.a(_arm_unorddf2.o)
                0x000031c8                __unorddf2
                0x000031c8                __aeabi_dcmpun
 .text          0x000031f4       0xa0 c:/program files (x86)/cypress/psoc creator/4.4/psoc creator/import/gnu/arm/5.4.1/bin/../lib/gcc/arm-none-eabi/5.4.1/armv7-m\libgcc.a(_arm_truncdfsf2.o)
                0x000031f4                __truncdfsf2
                0x000031f4                __aeabi_d2f
 .text          0x00003294       0x4c c:/program files (x86)/cypress/psoc creator/4.4/psoc creator/import/gnu/arm/5.4.1/bin/../lib/gcc/arm-none-eabi/5.4.1/armv7-m\libgcc.a(_arm_fixsfsi.o)
                0x00003294                __aeabi_f2iz
                0x00003294                __fixsfsi
 .text.__errno  0x000032e0        0xc c:/program files (x86)/cypress/psoc creator/4.4/psoc creator/import/gnu/arm/5.4.1/bin/../lib/gcc/arm-none-eabi/5.4.1/../../../../arm-none-eabi/lib/armv7-m\libg_nano.a(lib_a-errno.o)
                0x000032e0                __errno
 .text.__libc_init_array
                0x000032ec       0x4c c:/program files (x86)/cypress/psoc creator/4.4/psoc creator/import/gnu/arm/5.4.1/bin/../lib/gcc/arm-none-eabi/5.4.1/../../../../arm-none-eabi/lib/armv7-m\libg_nano.a(lib_a-init.o)
                0x000032ec                __libc_init_array
 .text.memcpy   0x00003338       0x16 c:/program files (x86)/cypress/psoc creator/4.4/psoc creator/import/gnu/arm/5.4.1/bin/../lib/gcc/arm-none-eabi/5.4.1/../../../../arm-none-eabi/lib/armv7-m\libg_nano.a(lib_a-memcpy-stub.o)
                0x00003338                memcpy
 .text.memset   0x0000334e       0x10 c:/program files (x86)/cypress/psoc creator/4.4/psoc creator/import/gnu/arm/5.4.1/bin/../lib/gcc/arm-none-eabi/5.4.1/../../../../arm-none-eabi/lib/armv7-m\libg_nano.a(lib_a-memset.o)
                0x0000334e                memset
 *fill*         0x0000335e        0x2 
 .text.sprintf  0x00003360       0x48 c:/program files (x86)/cypress/psoc creator/4.4/psoc creator/import/gnu/arm/5.4.1/bin/../lib/gcc/arm-none-eabi/5.4.1/../../../../arm-none-eabi/lib/armv7-m\libg_nano.a(lib_a-sprintf.o)
                0x00003360                siprintf
                0x00003360                sprintf
 .text.__ssputs_r
                0x000033a8       0xb2 c:/program files (x86)/cypress/psoc creator/4.4/psoc creator/import/gnu/arm/5.4.1/bin/../lib/gcc/arm-none-eabi/5.4.1/../../../../arm-none-eabi/lib/armv7-m\libg_nano.a(lib_a-nano-svfprintf.o)
                0x000033a8                __ssputs_r
 *fill*         0x0000345a        0x2 
 .text._svfprintf_r
                0x0000345c      0x1e8 c:/program files (x86)/cypress/psoc creator/4.4/psoc creator/import/gnu/arm/5.4.1/bin/../lib/gcc/arm-none-eabi/5.4.1/../../../../arm-none-eabi/lib/armv7-m\libg_nano.a(lib_a-nano-svfprintf.o)
                0x0000345c                _svfiprintf_r
                0x0000345c                _svfprintf_r
 .text._printf_common
                0x00003644       0xec c:/program files (x86)/cypress/psoc creator/4.4/psoc creator/import/gnu/arm/5.4.1/bin/../lib/gcc/arm-none-eabi/5.4.1/../../../../arm-none-eabi/lib/armv7-m\libg_nano.a(lib_a-nano-vfprintf_i.o)
                0x00003644                _printf_common
 .text._printf_i
                0x00003730      0x24c c:/program files (x86)/cypress/psoc creator/4.4/psoc creator/import/gnu/arm/5.4.1/bin/../lib/gcc/arm-none-eabi/5.4.1/../../../../arm-none-eabi/lib/armv7-m\libg_nano.a(lib_a-nano-vfprintf_i.o)
                0x00003730                _printf_i
 .text.memchr   0x0000397c       0x1c c:/program files (x86)/cypress/psoc creator/4.4/psoc creator/import/gnu/arm/5.4.1/bin/../lib/gcc/arm-none-eabi/5.4.1/../../../../arm-none-eabi/lib/armv7-m\libg_nano.a(lib_a-memchr-stub.o)
                0x0000397c                memchr
 .text.memmove  0x00003998       0x36 c:/program files (x86)/cypress/psoc creator/4.4/psoc creator/import/gnu/arm/5.4.1/bin/../lib/gcc/arm-none-eabi/5.4.1/../../../../arm-none-eabi/lib/armv7-m\libg_nano.a(lib_a-memmove.o)
                0x00003998                memmove
 *fill*         0x000039ce        0x2 
 .text._free_r  0x000039d0       0x98 c:/program files (x86)/cypress/psoc creator/4.4/psoc creator/import/gnu/arm/5.4.1/bin/../lib/gcc/arm-none-eabi/5.4.1/../../../../arm-none-eabi/lib/armv7-m\libg_nano.a(lib_a-nano-freer.o)
                0x000039d0                _free_r
 .text._malloc_r
                0x00003a68       0xbc c:/program files (x86)/cypress/psoc creator/4.4/psoc creator/import/gnu/arm/5.4.1/bin/../lib/gcc/arm-none-eabi/5.4.1/../../../../arm-none-eabi/lib/armv7-m\libg_nano.a(lib_a-nano-mallocr.o)
                0x00003a68                _malloc_r
 .text._realloc_r
                0x00003b24       0x4c c:/program files (x86)/cypress/psoc creator/4.4/psoc creator/import/gnu/arm/5.4.1/bin/../lib/gcc/arm-none-eabi/5.4.1/../../../../arm-none-eabi/lib/armv7-m\libg_nano.a(lib_a-nano-reallocr.o)
                0x00003b24                _realloc_r
 .text._sbrk_r  0x00003b70       0x20 c:/program files (x86)/cypress/psoc creator/4.4/psoc creator/import/gnu/arm/5.4.1/bin/../lib/gcc/arm-none-eabi/5.4.1/../../../../arm-none-eabi/lib/armv7-m\libg_nano.a(lib_a-sbrkr.o)
                0x00003b70                _sbrk_r
 .text.__malloc_lock
                0x00003b90        0x2 c:/program files (x86)/cypress/psoc creator/4.4/psoc creator/import/gnu/arm/5.4.1/bin/../lib/gcc/arm-none-eabi/5.4.1/../../../../arm-none-eabi/lib/armv7-m\libg_nano.a(lib_a-mlock.o)
                0x00003b90                __malloc_lock
 .text.__malloc_unlock
                0x00003b92        0x2 c:/program files (x86)/cypress/psoc creator/4.4/psoc creator/import/gnu/arm/5.4.1/bin/../lib/gcc/arm-none-eabi/5.4.1/../../../../arm-none-eabi/lib/armv7-m\libg_nano.a(lib_a-mlock.o)
                0x00003b92                __malloc_unlock
 .text._malloc_usable_size_r
                0x00003b94       0x14 c:/program files (x86)/cypress/psoc creator/4.4/psoc creator/import/gnu/arm/5.4.1/bin/../lib/gcc/arm-none-eabi/5.4.1/../../../../arm-none-eabi/lib/armv7-m\libg_nano.a(lib_a-nano-msizer.o)
                0x00003b94                _malloc_usable_size_r
 *(.plt)
 *(.gnu.warning)
 *(.glue_7t)
 .glue_7t       0x00003ba8        0x0 linker stubs
 *(.glue_7)
 .glue_7        0x00003ba8        0x0 linker stubs
 *(.vfp11_veneer)
 .vfp11_veneer  0x00003ba8        0x0 linker stubs
 *(.bootloader)
 *(.ARM.extab* .gnu.linkonce.armextab.*)
 *(.gcc_except_table)

.v4_bx          0x00003ba8        0x0
 .v4_bx         0x00003ba8        0x0 linker stubs

.iplt           0x00003ba8        0x0
 .iplt          0x00003ba8        0x0 c:/program files (x86)/cypress/psoc creator/4.4/psoc creator/import/gnu/arm/5.4.1/bin/../lib/gcc/arm-none-eabi/5.4.1/armv7-m/crtbegin.o

.eh_frame_hdr
 *(.eh_frame_hdr)

.eh_frame       0x00003ba8        0x4
 *(.eh_frame)
 .eh_frame      0x00003ba8        0x0 c:/program files (x86)/cypress/psoc creator/4.4/psoc creator/import/gnu/arm/5.4.1/bin/../lib/gcc/arm-none-eabi/5.4.1/armv7-m/crtbegin.o
 .eh_frame      0x00003ba8        0x4 c:/program files (x86)/cypress/psoc creator/4.4/psoc creator/import/gnu/arm/5.4.1/bin/../lib/gcc/arm-none-eabi/5.4.1/armv7-m/crtend.o
                [!provide]                PROVIDE (__exidx_start, .)

.ARM.exidx
 *(.ARM.exidx* .gnu.linkonce.armexidx.*)
                0x00003bac                __exidx_end = .

.rodata         0x00003bb0      0x120
 *(.rodata .rodata.* .gnu.linkonce.r.*)
 .rodata.str1.4
                0x00003bb0       0x3b .\CortexM3\ARM_GCC_541\Debug\main.o
 *fill*         0x00003beb        0x1 
 .rodata        0x00003bec       0x58 .\CortexM3\ARM_GCC_541\Debug\cyfitter_cfg.o
                0x00003bec                AMux_1_CYAMUXSIDE_A__addrTable
                0x00003bfc                AMux_1_CYAMUXSIDE_A__maskTable
                0x00003c00                AMux_1_CYAMUXSIDE_B__addrTable
                0x00003c10                AMux_1_CYAMUXSIDE_B__maskTable
 .rodata.str1.4
                0x00003c44        0x4 c:/program files (x86)/cypress/psoc creator/4.4/psoc creator/import/gnu/arm/5.4.1/bin/../lib/gcc/arm-none-eabi/5.4.1/../../../../arm-none-eabi/lib/armv7-m\libm.a(lib_a-w_log.o)
                                  0x5 (size before relaxing)
 .rodata.str1.4
                0x00003c48        0x4 c:/program files (x86)/cypress/psoc creator/4.4/psoc creator/import/gnu/arm/5.4.1/bin/../lib/gcc/arm-none-eabi/5.4.1/../../../../arm-none-eabi/lib/armv7-m\libm.a(lib_a-w_pow.o)
 .rodata.str1.4
                0x00003c4c        0x1 c:/program files (x86)/cypress/psoc creator/4.4/psoc creator/import/gnu/arm/5.4.1/bin/../lib/gcc/arm-none-eabi/5.4.1/../../../../arm-none-eabi/lib/armv7-m\libm.a(lib_a-e_pow.o)
 *fill*         0x00003c4c        0x4 
 .rodata.TWO52  0x00003c50       0x10 c:/program files (x86)/cypress/psoc creator/4.4/psoc creator/import/gnu/arm/5.4.1/bin/../lib/gcc/arm-none-eabi/5.4.1/../../../../arm-none-eabi/lib/armv7-m\libm.a(lib_a-s_rint.o)
 .rodata.str1.1
                0x00003c60        0x2 c:/program files (x86)/cypress/psoc creator/4.4/psoc creator/import/gnu/arm/5.4.1/bin/../lib/gcc/arm-none-eabi/5.4.1/../../../../arm-none-eabi/lib/armv7-m\libg_nano.a(lib_a-impure.o)
 .rodata.str1.1
                0x00003c62       0x11 c:/program files (x86)/cypress/psoc creator/4.4/psoc creator/import/gnu/arm/5.4.1/bin/../lib/gcc/arm-none-eabi/5.4.1/../../../../arm-none-eabi/lib/armv7-m\libg_nano.a(lib_a-nano-svfprintf.o)
 .rodata.str1.1
                0x00003c73       0x22 c:/program files (x86)/cypress/psoc creator/4.4/psoc creator/import/gnu/arm/5.4.1/bin/../lib/gcc/arm-none-eabi/5.4.1/../../../../arm-none-eabi/lib/armv7-m\libg_nano.a(lib_a-nano-vfprintf_i.o)
                0x00003c98                . = ALIGN (0x4)
 *fill*         0x00003c95        0x3 
 *(.init)
 .init          0x00003c98        0x4 c:/program files (x86)/cypress/psoc creator/4.4/psoc creator/import/gnu/arm/5.4.1/bin/../lib/gcc/arm-none-eabi/5.4.1/armv7-m/crti.o
                0x00003c98                _init
 .init          0x00003c9c        0x8 c:/program files (x86)/cypress/psoc creator/4.4/psoc creator/import/gnu/arm/5.4.1/bin/../lib/gcc/arm-none-eabi/5.4.1/armv7-m/crtn.o
                0x00003ca4                . = ALIGN (0x4)
                0x00003ca4                __preinit_array_start = .
 *(.preinit_array)
                0x00003ca4                __preinit_array_end = .
                0x00003ca4                . = ALIGN (0x4)
                0x00003ca4                __init_array_start = .
 *(SORT(.init_array.*))
 *(.init_array)
 .init_array    0x00003ca4        0x4 c:/program files (x86)/cypress/psoc creator/4.4/psoc creator/import/gnu/arm/5.4.1/bin/../lib/gcc/arm-none-eabi/5.4.1/armv7-m/crtbegin.o
 .init_array    0x00003ca8        0x4 .\CortexM3\ARM_GCC_541\Debug\Cm3Start.o
                0x00003cac                __init_array_end = .
                0x00003cac                . = ALIGN (0x4)
 *(.fini)
 .fini          0x00003cac        0x4 c:/program files (x86)/cypress/psoc creator/4.4/psoc creator/import/gnu/arm/5.4.1/bin/../lib/gcc/arm-none-eabi/5.4.1/armv7-m/crti.o
                0x00003cac                _fini
 .fini          0x00003cb0        0x8 c:/program files (x86)/cypress/psoc creator/4.4/psoc creator/import/gnu/arm/5.4.1/bin/../lib/gcc/arm-none-eabi/5.4.1/armv7-m/crtn.o
                0x00003cb8                . = ALIGN (0x4)
                0x00003cb8                __fini_array_start = .
 *(.fini_array)
 .fini_array    0x00003cb8        0x4 c:/program files (x86)/cypress/psoc creator/4.4/psoc creator/import/gnu/arm/5.4.1/bin/../lib/gcc/arm-none-eabi/5.4.1/armv7-m/crtbegin.o
 *(SORT(.fini_array.*))
                0x00003cbc                __fini_array_end = .
                0x00003cbc                . = ALIGN (0x4)
 *crtbegin.o(.ctors)
 *(EXCLUDE_FILE(*crtend.o) .ctors)
 *(SORT(.ctors.*))
 *crtend.o(.ctors)
                0x00003cbc                . = ALIGN (0x4)
 *crtbegin.o(.dtors)
 *(EXCLUDE_FILE(*crtend.o) .dtors)
 *(SORT(.dtors.*))
 *crtend.o(.dtors)
                0x00003cbc                . = ALIGN (0x4)
                0x00003cbc                __cy_regions = .
                0x00003cbc        0x4 LONG 0x3cd0 __cy_region_init_ram
                0x00003cc0        0x4 LONG 0x1fff80c8 __cy_region_start_data
                0x00003cc4        0x4 LONG 0x88 __cy_region_init_size_ram
                0x00003cc8        0x4 LONG 0x50 __cy_region_zero_size_ram
                0x00003ccc                __cy_regions_end = .
                0x00003cd0                . = ALIGN (0x8)
 *fill*         0x00003ccc        0x4 
                0x00003cd0                _etext = .

.cy_checksum_exclude
                0x00003cd0        0x0
 *(.cy_checksum_exclude)

.ramvectors     0x1fff8000       0xc0
                0x1fff8000                __cy_region_start_ram = .
 *(.ramvectors)
 .ramvectors    0x1fff8000       0xc0 .\CortexM3\ARM_GCC_541\Debug\Cm3Start.o
                0x1fff8000                CyRamVectors

.noinit         0x1fff80c0        0x1
 *(.noinit)
 .noinit        0x1fff80c0        0x1 .\CortexM3\ARM_GCC_541\Debug\Termistor.a(CyLib.o)
                0x1fff80c0                CyResetStatus

.data           0x1fff80c8       0x88 load address 0x00003cd0
                0x1fff80c8                __cy_region_start_data = .
 *(.jcr)
 .jcr           0x1fff80c8        0x0 c:/program files (x86)/cypress/psoc creator/4.4/psoc creator/import/gnu/arm/5.4.1/bin/../lib/gcc/arm-none-eabi/5.4.1/armv7-m/crtbegin.o
 .jcr           0x1fff80c8        0x4 c:/program files (x86)/cypress/psoc creator/4.4/psoc creator/import/gnu/arm/5.4.1/bin/../lib/gcc/arm-none-eabi/5.4.1/armv7-m/crtend.o
 *(.got.plt)
 *(.got)
 *(.shdata)
 *(.data .data.* .gnu.linkonce.d.*)
 .data          0x1fff80cc        0x4 .\CortexM3\ARM_GCC_541\Debug\Cm3Start.o
 .data          0x1fff80d0        0x1 .\CortexM3\ARM_GCC_541\Debug\Termistor.a(ADC.o)
                0x1fff80d0                ADC_Config
 .data          0x1fff80d1        0x1 .\CortexM3\ARM_GCC_541\Debug\Termistor.a(AMux_1.o)
 *fill*         0x1fff80d2        0x2 
 .data          0x1fff80d4       0x10 .\CortexM3\ARM_GCC_541\Debug\Termistor.a(CyLib.o)
                0x1fff80d4                cydelay_32k_ms
                0x1fff80d8                cydelay_freq_khz
                0x1fff80dc                cydelay_freq_mhz
                0x1fff80e0                cydelay_freq_hz
 .data.__fdlib_version
                0x1fff80e4        0x1 c:/program files (x86)/cypress/psoc creator/4.4/psoc creator/import/gnu/arm/5.4.1/bin/../lib/gcc/arm-none-eabi/5.4.1/../../../../arm-none-eabi/lib/armv7-m\libm.a(lib_a-s_lib_ver.o)
                0x1fff80e4                __fdlib_version
 *fill*         0x1fff80e5        0x3 
 .data.impure_data
                0x1fff80e8       0x60 c:/program files (x86)/cypress/psoc creator/4.4/psoc creator/import/gnu/arm/5.4.1/bin/../lib/gcc/arm-none-eabi/5.4.1/../../../../arm-none-eabi/lib/armv7-m\libg_nano.a(lib_a-impure.o)
 .data._impure_ptr
                0x1fff8148        0x4 c:/program files (x86)/cypress/psoc creator/4.4/psoc creator/import/gnu/arm/5.4.1/bin/../lib/gcc/arm-none-eabi/5.4.1/../../../../arm-none-eabi/lib/armv7-m\libg_nano.a(lib_a-impure.o)
                0x1fff8148                _impure_ptr
                0x1fff8150                . = ALIGN (0x8)
 *fill*         0x1fff814c        0x4 
 *(.ram)
                0x1fff8150                _edata = .

.igot.plt       0x1fff8150        0x0 load address 0x00003d58
 .igot.plt      0x1fff8150        0x0 c:/program files (x86)/cypress/psoc creator/4.4/psoc creator/import/gnu/arm/5.4.1/bin/../lib/gcc/arm-none-eabi/5.4.1/armv7-m/crtbegin.o

.bss            0x1fff8150       0x50 load address 0x00003d58
                0x1fff8150                PROVIDE (__bss_start__, .)
 *(.shbss)
 *(.bss .bss.* .gnu.linkonce.b.*)
 .bss           0x1fff8150       0x1c c:/program files (x86)/cypress/psoc creator/4.4/psoc creator/import/gnu/arm/5.4.1/bin/../lib/gcc/arm-none-eabi/5.4.1/armv7-m/crtbegin.o
 .bss           0x1fff816c        0xc .\CortexM3\ARM_GCC_541\Debug\main.o
                0x1fff816c                palabra
 .bss           0x1fff8178       0x18 .\CortexM3\ARM_GCC_541\Debug\Termistor.a(ADC.o)
                0x1fff8188                ADC_stopConversion
                0x1fff8189                ADC_convDone
                0x1fff818a                ADC_initVar
                0x1fff818b                ADC_started
                0x1fff818c                ADC_Offset
 .bss.__malloc_sbrk_start
                0x1fff8190        0x4 c:/program files (x86)/cypress/psoc creator/4.4/psoc creator/import/gnu/arm/5.4.1/bin/../lib/gcc/arm-none-eabi/5.4.1/../../../../arm-none-eabi/lib/armv7-m\libg_nano.a(lib_a-nano-mallocr.o)
                0x1fff8190                __malloc_sbrk_start
 .bss.__malloc_free_list
                0x1fff8194        0x4 c:/program files (x86)/cypress/psoc creator/4.4/psoc creator/import/gnu/arm/5.4.1/bin/../lib/gcc/arm-none-eabi/5.4.1/../../../../arm-none-eabi/lib/armv7-m\libg_nano.a(lib_a-nano-mallocr.o)
                0x1fff8194                __malloc_free_list
 *(COMMON)
 COMMON         0x1fff8198        0x4 .\CortexM3\ARM_GCC_541\Debug\Termistor.a(ADC.o)
                0x1fff8198                ADC_CountsPerVolt
 COMMON         0x1fff819c        0x4 c:/program files (x86)/cypress/psoc creator/4.4/psoc creator/import/gnu/arm/5.4.1/bin/../lib/gcc/arm-none-eabi/5.4.1/../../../../arm-none-eabi/lib/armv7-m\libg_nano.a(lib_a-reent.o)
                0x1fff819c                errno
                0x1fff81a0                . = ALIGN (0x8)
 *(.ram.b)
                0x1fff81a0                _end = .
                0x1fff81a0                __end = .
                0x1fff81a0                PROVIDE (end, .)
                0x1fff81a0                PROVIDE (__bss_end__, .)
                0x00003cd0                __cy_region_init_ram = LOADADDR (.data)
                0x00000088                __cy_region_init_size_ram = (_edata - ADDR (.data))
                0x00000050                __cy_region_zero_size_ram = (_end - _edata)

.heap           0x1fff81a0       0x80 load address 0x00003d58
                0x1fff81a0                . = _end
                0x1fff8220                . = (. + 0x80)
 *fill*         0x1fff81a0       0x80 
                0x1fff8220                __cy_heap_limit = .

.stack          0x20007800      0x800
                0x20007800                __cy_stack_limit = .
                0x20008000                . = (. + 0x800)
 *fill*         0x20007800      0x800 
                0x00000001                ASSERT ((__cy_stack_limit >= __cy_heap_limit), region RAM overflowed with stack)
                0x00000000                cy_checksum_exclude_size = (CY_APPL_LOADABLE == 0x1)?SIZEOF (.cy_checksum_exclude):0x0
                0x00000001                ASSERT ((cy_checksum_exclude_size <= CY_CHECKSUM_EXCLUDE_SIZE), CY_BOOT: Section .cy_checksum_exclude size exceedes specified limit.)

.cyloadermeta
 *(.cyloadermeta)

.cyloadablemeta
 *(.cyloadablemeta)

.cyconfigecc    0x80000000       0x80
 *(.cyconfigecc)
 .cyconfigecc   0x80000000       0x80 .\CortexM3\ARM_GCC_541\Debug\cymetadata.o
                0x80000000                cy_meta_configecc

.cycustnvl      0x90000000        0x4
 *(.cycustnvl)
 .cycustnvl     0x90000000        0x4 .\CortexM3\ARM_GCC_541\Debug\cymetadata.o
                0x90000000                cy_meta_custnvl

.cywolatch      0x90100000        0x4
 *(.cywolatch)
 .cywolatch     0x90100000        0x4 .\CortexM3\ARM_GCC_541\Debug\cymetadata.o
                0x90100000                cy_meta_wonvl

.cyeeprom       0x90200000        0x0
 *(.cyeeprom)
                0x00000001                ASSERT ((. <= ((0x90200000 + ee_offset) + ee_size)), .cyeeprom data will not fit in EEPROM)

.cyflashprotect
                0x90400000      0x100
 *(.cyflashprotect)
 .cyflashprotect
                0x90400000      0x100 .\CortexM3\ARM_GCC_541\Debug\cymetadata.o
                0x90400000                cy_meta_flashprotect

.cymeta         0x90500000        0xc
 *(.cymeta)
 .cymeta        0x90500000        0xc .\CortexM3\ARM_GCC_541\Debug\cymetadata.o
                0x90500000                cy_metadata

.rel.dyn        0x00003d58        0x0 load address 0x9050000c
 .rel.iplt      0x00003d58        0x0 c:/program files (x86)/cypress/psoc creator/4.4/psoc creator/import/gnu/arm/5.4.1/bin/../lib/gcc/arm-none-eabi/5.4.1/armv7-m/crtbegin.o

.stab
 *(.stab)

.stabstr
 *(.stabstr)

.debug
 *(.debug)

.line
 *(.line)

.debug_srcinfo
 *(.debug_srcinfo)

.debug_sfnames
 *(.debug_sfnames)

.debug_aranges  0x00000000      0x868
 *(.debug_aranges)
 .debug_aranges
                0x00000000       0x20 .\CortexM3\ARM_GCC_541\Debug\main.o
 .debug_aranges
                0x00000020       0x78 .\CortexM3\ARM_GCC_541\Debug\cyfitter_cfg.o
 .debug_aranges
                0x00000098       0x18 .\CortexM3\ARM_GCC_541\Debug\cymetadata.o
 .debug_aranges
                0x000000b0       0x48 .\CortexM3\ARM_GCC_541\Debug\Cm3Start.o
 .debug_aranges
                0x000000f8       0xe8 .\CortexM3\ARM_GCC_541\Debug\Termistor.a(ADC.o)
 .debug_aranges
                0x000001e0       0x38 .\CortexM3\ARM_GCC_541\Debug\Termistor.a(ADC_INT.o)
 .debug_aranges
                0x00000218       0x40 .\CortexM3\ARM_GCC_541\Debug\Termistor.a(AMux_1.o)
 .debug_aranges
                0x00000258       0x98 .\CortexM3\ARM_GCC_541\Debug\Termistor.a(LCD.o)
 .debug_aranges
                0x000002f0       0x28 .\CortexM3\ARM_GCC_541\Debug\Termistor.a(Termistor.o)
 .debug_aranges
                0x00000318       0x70 .\CortexM3\ARM_GCC_541\Debug\Termistor.a(ADC_Ext_CP_Clk.o)
 .debug_aranges
                0x00000388       0x80 .\CortexM3\ARM_GCC_541\Debug\Termistor.a(ADC_theACLK.o)
 .debug_aranges
                0x00000408      0x2a0 .\CortexM3\ARM_GCC_541\Debug\Termistor.a(CyLib.o)
 .debug_aranges
                0x000006a8       0x98 .\CortexM3\ARM_GCC_541\Debug\Termistor.a(cyPm.o)
 .debug_aranges
                0x00000740       0x20 .\CortexM3\ARM_GCC_541\Debug\Termistor.a(CyBootAsmGnu.o)
 .debug_aranges
                0x00000760       0x88 .\CortexM3\ARM_GCC_541\Debug\Termistor.a(CyFlash.o)
 .debug_aranges
                0x000007e8       0x80 .\CortexM3\ARM_GCC_541\Debug\Termistor.a(CySpc.o)

.debug_pubnames
 *(.debug_pubnames)

.debug_info     0x00000000     0x54ed
 *(.debug_info .gnu.linkonce.wi.*)
 .debug_info    0x00000000      0x368 .\CortexM3\ARM_GCC_541\Debug\main.o
 .debug_info    0x00000368      0x617 .\CortexM3\ARM_GCC_541\Debug\cyfitter_cfg.o
 .debug_info    0x0000097f      0x134 .\CortexM3\ARM_GCC_541\Debug\cymetadata.o
 .debug_info    0x00000ab3      0x3bb .\CortexM3\ARM_GCC_541\Debug\Cm3Start.o
 .debug_info    0x00000e6e      0xb94 .\CortexM3\ARM_GCC_541\Debug\Termistor.a(ADC.o)
 .debug_info    0x00001a02       0xd3 .\CortexM3\ARM_GCC_541\Debug\Termistor.a(ADC_INT.o)
 .debug_info    0x00001ad5      0x235 .\CortexM3\ARM_GCC_541\Debug\Termistor.a(AMux_1.o)
 .debug_info    0x00001d0a      0x715 .\CortexM3\ARM_GCC_541\Debug\Termistor.a(LCD.o)
 .debug_info    0x0000241f      0x1a9 .\CortexM3\ARM_GCC_541\Debug\Termistor.a(Termistor.o)
 .debug_info    0x000025c8      0x283 .\CortexM3\ARM_GCC_541\Debug\Termistor.a(ADC_Ext_CP_Clk.o)
 .debug_info    0x0000284b      0x2c4 .\CortexM3\ARM_GCC_541\Debug\Termistor.a(ADC_theACLK.o)
 .debug_info    0x00002b0f     0x1374 .\CortexM3\ARM_GCC_541\Debug\Termistor.a(CyLib.o)
 .debug_info    0x00003e83      0xa2a .\CortexM3\ARM_GCC_541\Debug\Termistor.a(cyPm.o)
 .debug_info    0x000048ad       0xa3 .\CortexM3\ARM_GCC_541\Debug\Termistor.a(CyBootAsmGnu.o)
 .debug_info    0x00004950      0x64d .\CortexM3\ARM_GCC_541\Debug\Termistor.a(CyFlash.o)
 .debug_info    0x00004f9d      0x550 .\CortexM3\ARM_GCC_541\Debug\Termistor.a(CySpc.o)

.debug_abbrev   0x00000000     0x13fd
 *(.debug_abbrev)
 .debug_abbrev  0x00000000       0xf8 .\CortexM3\ARM_GCC_541\Debug\main.o
 .debug_abbrev  0x000000f8      0x21e .\CortexM3\ARM_GCC_541\Debug\cyfitter_cfg.o
 .debug_abbrev  0x00000316       0x5d .\CortexM3\ARM_GCC_541\Debug\cymetadata.o
 .debug_abbrev  0x00000373      0x1e8 .\CortexM3\ARM_GCC_541\Debug\Cm3Start.o
 .debug_abbrev  0x0000055b      0x1eb .\CortexM3\ARM_GCC_541\Debug\Termistor.a(ADC.o)
 .debug_abbrev  0x00000746       0x42 .\CortexM3\ARM_GCC_541\Debug\Termistor.a(ADC_INT.o)
 .debug_abbrev  0x00000788       0xbe .\CortexM3\ARM_GCC_541\Debug\Termistor.a(AMux_1.o)
 .debug_abbrev  0x00000846      0x157 .\CortexM3\ARM_GCC_541\Debug\Termistor.a(LCD.o)
 .debug_abbrev  0x0000099d       0xb8 .\CortexM3\ARM_GCC_541\Debug\Termistor.a(Termistor.o)
 .debug_abbrev  0x00000a55      0x139 .\CortexM3\ARM_GCC_541\Debug\Termistor.a(ADC_Ext_CP_Clk.o)
 .debug_abbrev  0x00000b8e      0x121 .\CortexM3\ARM_GCC_541\Debug\Termistor.a(ADC_theACLK.o)
 .debug_abbrev  0x00000caf      0x254 .\CortexM3\ARM_GCC_541\Debug\Termistor.a(CyLib.o)
 .debug_abbrev  0x00000f03      0x1ab .\CortexM3\ARM_GCC_541\Debug\Termistor.a(cyPm.o)
 .debug_abbrev  0x000010ae       0x14 .\CortexM3\ARM_GCC_541\Debug\Termistor.a(CyBootAsmGnu.o)
 .debug_abbrev  0x000010c2      0x1a7 .\CortexM3\ARM_GCC_541\Debug\Termistor.a(CyFlash.o)
 .debug_abbrev  0x00001269      0x194 .\CortexM3\ARM_GCC_541\Debug\Termistor.a(CySpc.o)

.debug_line     0x00000000     0x231e
 *(.debug_line)
 .debug_line    0x00000000      0x22b .\CortexM3\ARM_GCC_541\Debug\main.o
 .debug_line    0x0000022b      0x23a .\CortexM3\ARM_GCC_541\Debug\cyfitter_cfg.o
 .debug_line    0x00000465      0x141 .\CortexM3\ARM_GCC_541\Debug\cymetadata.o
 .debug_line    0x000005a6      0x234 .\CortexM3\ARM_GCC_541\Debug\Cm3Start.o
 .debug_line    0x000007da      0x3a7 .\CortexM3\ARM_GCC_541\Debug\Termistor.a(ADC.o)
 .debug_line    0x00000b81       0x80 .\CortexM3\ARM_GCC_541\Debug\Termistor.a(ADC_INT.o)
 .debug_line    0x00000c01       0xd6 .\CortexM3\ARM_GCC_541\Debug\Termistor.a(AMux_1.o)
 .debug_line    0x00000cd7      0x1dc .\CortexM3\ARM_GCC_541\Debug\Termistor.a(LCD.o)
 .debug_line    0x00000eb3       0xf4 .\CortexM3\ARM_GCC_541\Debug\Termistor.a(Termistor.o)
 .debug_line    0x00000fa7      0x17d .\CortexM3\ARM_GCC_541\Debug\Termistor.a(ADC_Ext_CP_Clk.o)
 .debug_line    0x00001124      0x19d .\CortexM3\ARM_GCC_541\Debug\Termistor.a(ADC_theACLK.o)
 .debug_line    0x000012c1      0x816 .\CortexM3\ARM_GCC_541\Debug\Termistor.a(CyLib.o)
 .debug_line    0x00001ad7      0x367 .\CortexM3\ARM_GCC_541\Debug\Termistor.a(cyPm.o)
 .debug_line    0x00001e3e       0x66 .\CortexM3\ARM_GCC_541\Debug\Termistor.a(CyBootAsmGnu.o)
 .debug_line    0x00001ea4      0x21a .\CortexM3\ARM_GCC_541\Debug\Termistor.a(CyFlash.o)
 .debug_line    0x000020be      0x260 .\CortexM3\ARM_GCC_541\Debug\Termistor.a(CySpc.o)

.debug_frame    0x00000000     0x1c64
 *(.debug_frame)
 .debug_frame   0x00000000       0x2c .\CortexM3\ARM_GCC_541\Debug\main.o
 .debug_frame   0x0000002c      0x154 .\CortexM3\ARM_GCC_541\Debug\cyfitter_cfg.o
 .debug_frame   0x00000180       0xb8 .\CortexM3\ARM_GCC_541\Debug\Cm3Start.o
 .debug_frame   0x00000238      0x284 .\CortexM3\ARM_GCC_541\Debug\Termistor.a(ADC.o)
 .debug_frame   0x000004bc       0x50 .\CortexM3\ARM_GCC_541\Debug\Termistor.a(ADC_INT.o)
 .debug_frame   0x0000050c       0x9c .\CortexM3\ARM_GCC_541\Debug\Termistor.a(AMux_1.o)
 .debug_frame   0x000005a8      0x1e8 .\CortexM3\ARM_GCC_541\Debug\Termistor.a(LCD.o)
 .debug_frame   0x00000790       0x48 .\CortexM3\ARM_GCC_541\Debug\Termistor.a(Termistor.o)
 .debug_frame   0x000007d8       0xe0 .\CortexM3\ARM_GCC_541\Debug\Termistor.a(ADC_Ext_CP_Clk.o)
 .debug_frame   0x000008b8      0x100 .\CortexM3\ARM_GCC_541\Debug\Termistor.a(ADC_theACLK.o)
 .debug_frame   0x000009b8      0x738 .\CortexM3\ARM_GCC_541\Debug\Termistor.a(CyLib.o)
 .debug_frame   0x000010f0      0x1f8 .\CortexM3\ARM_GCC_541\Debug\Termistor.a(cyPm.o)
 .debug_frame   0x000012e8      0x194 .\CortexM3\ARM_GCC_541\Debug\Termistor.a(CyFlash.o)
 .debug_frame   0x0000147c      0x180 .\CortexM3\ARM_GCC_541\Debug\Termistor.a(CySpc.o)
 .debug_frame   0x000015fc       0x40 c:/program files (x86)/cypress/psoc creator/4.4/psoc creator/import/gnu/arm/5.4.1/bin/../lib/gcc/arm-none-eabi/5.4.1/../../../../arm-none-eabi/lib/armv7-m\libm.a(lib_a-w_log.o)
 .debug_frame   0x0000163c       0x4c c:/program files (x86)/cypress/psoc creator/4.4/psoc creator/import/gnu/arm/5.4.1/bin/../lib/gcc/arm-none-eabi/5.4.1/../../../../arm-none-eabi/lib/armv7-m\libm.a(lib_a-w_pow.o)
 .debug_frame   0x00001688       0x54 c:/program files (x86)/cypress/psoc creator/4.4/psoc creator/import/gnu/arm/5.4.1/bin/../lib/gcc/arm-none-eabi/5.4.1/../../../../arm-none-eabi/lib/armv7-m\libm.a(lib_a-e_log.o)
 .debug_frame   0x000016dc       0x68 c:/program files (x86)/cypress/psoc creator/4.4/psoc creator/import/gnu/arm/5.4.1/bin/../lib/gcc/arm-none-eabi/5.4.1/../../../../arm-none-eabi/lib/armv7-m\libm.a(lib_a-e_pow.o)
 .debug_frame   0x00001744       0x30 c:/program files (x86)/cypress/psoc creator/4.4/psoc creator/import/gnu/arm/5.4.1/bin/../lib/gcc/arm-none-eabi/5.4.1/../../../../arm-none-eabi/lib/armv7-m\libm.a(lib_a-e_sqrt.o)
 .debug_frame   0x00001774       0x20 c:/program files (x86)/cypress/psoc creator/4.4/psoc creator/import/gnu/arm/5.4.1/bin/../lib/gcc/arm-none-eabi/5.4.1/../../../../arm-none-eabi/lib/armv7-m\libm.a(lib_a-s_fabs.o)
 .debug_frame   0x00001794       0x20 c:/program files (x86)/cypress/psoc creator/4.4/psoc creator/import/gnu/arm/5.4.1/bin/../lib/gcc/arm-none-eabi/5.4.1/../../../../arm-none-eabi/lib/armv7-m\libm.a(lib_a-s_finite.o)
 .debug_frame   0x000017b4       0x20 c:/program files (x86)/cypress/psoc creator/4.4/psoc creator/import/gnu/arm/5.4.1/bin/../lib/gcc/arm-none-eabi/5.4.1/../../../../arm-none-eabi/lib/armv7-m\libm.a(lib_a-s_matherr.o)
 .debug_frame   0x000017d4       0x20 c:/program files (x86)/cypress/psoc creator/4.4/psoc creator/import/gnu/arm/5.4.1/bin/../lib/gcc/arm-none-eabi/5.4.1/../../../../arm-none-eabi/lib/armv7-m\libm.a(lib_a-s_nan.o)
 .debug_frame   0x000017f4       0x3c c:/program files (x86)/cypress/psoc creator/4.4/psoc creator/import/gnu/arm/5.4.1/bin/../lib/gcc/arm-none-eabi/5.4.1/../../../../arm-none-eabi/lib/armv7-m\libm.a(lib_a-s_rint.o)
 .debug_frame   0x00001830       0x30 c:/program files (x86)/cypress/psoc creator/4.4/psoc creator/import/gnu/arm/5.4.1/bin/../lib/gcc/arm-none-eabi/5.4.1/../../../../arm-none-eabi/lib/armv7-m\libm.a(lib_a-s_scalbn.o)
 .debug_frame   0x00001860       0x20 c:/program files (x86)/cypress/psoc creator/4.4/psoc creator/import/gnu/arm/5.4.1/bin/../lib/gcc/arm-none-eabi/5.4.1/../../../../arm-none-eabi/lib/armv7-m\libm.a(lib_a-s_copysign.o)
 .debug_frame   0x00001880       0x20 c:/program files (x86)/cypress/psoc creator/4.4/psoc creator/import/gnu/arm/5.4.1/bin/../lib/gcc/arm-none-eabi/5.4.1/../../../../arm-none-eabi/lib/armv7-m\libg_nano.a(lib_a-errno.o)
 .debug_frame   0x000018a0       0x28 c:/program files (x86)/cypress/psoc creator/4.4/psoc creator/import/gnu/arm/5.4.1/bin/../lib/gcc/arm-none-eabi/5.4.1/../../../../arm-none-eabi/lib/armv7-m\libg_nano.a(lib_a-exit.o)
 .debug_frame   0x000018c8       0x2c c:/program files (x86)/cypress/psoc creator/4.4/psoc creator/import/gnu/arm/5.4.1/bin/../lib/gcc/arm-none-eabi/5.4.1/../../../../arm-none-eabi/lib/armv7-m\libg_nano.a(lib_a-init.o)
 .debug_frame   0x000018f4       0x28 c:/program files (x86)/cypress/psoc creator/4.4/psoc creator/import/gnu/arm/5.4.1/bin/../lib/gcc/arm-none-eabi/5.4.1/../../../../arm-none-eabi/lib/armv7-m\libg_nano.a(lib_a-memcpy-stub.o)
 .debug_frame   0x0000191c       0x20 c:/program files (x86)/cypress/psoc creator/4.4/psoc creator/import/gnu/arm/5.4.1/bin/../lib/gcc/arm-none-eabi/5.4.1/../../../../arm-none-eabi/lib/armv7-m\libg_nano.a(lib_a-memset.o)
 .debug_frame   0x0000193c       0x70 c:/program files (x86)/cypress/psoc creator/4.4/psoc creator/import/gnu/arm/5.4.1/bin/../lib/gcc/arm-none-eabi/5.4.1/../../../../arm-none-eabi/lib/armv7-m\libg_nano.a(lib_a-sprintf.o)
 .debug_frame   0x000019ac       0x90 c:/program files (x86)/cypress/psoc creator/4.4/psoc creator/import/gnu/arm/5.4.1/bin/../lib/gcc/arm-none-eabi/5.4.1/../../../../arm-none-eabi/lib/armv7-m\libg_nano.a(lib_a-nano-svfprintf.o)
 .debug_frame   0x00001a3c       0x60 c:/program files (x86)/cypress/psoc creator/4.4/psoc creator/import/gnu/arm/5.4.1/bin/../lib/gcc/arm-none-eabi/5.4.1/../../../../arm-none-eabi/lib/armv7-m\libg_nano.a(lib_a-nano-vfprintf_i.o)
 .debug_frame   0x00001a9c       0x28 c:/program files (x86)/cypress/psoc creator/4.4/psoc creator/import/gnu/arm/5.4.1/bin/../lib/gcc/arm-none-eabi/5.4.1/../../../../arm-none-eabi/lib/armv7-m\libg_nano.a(lib_a-memchr-stub.o)
 .debug_frame   0x00001ac4       0x28 c:/program files (x86)/cypress/psoc creator/4.4/psoc creator/import/gnu/arm/5.4.1/bin/../lib/gcc/arm-none-eabi/5.4.1/../../../../arm-none-eabi/lib/armv7-m\libg_nano.a(lib_a-memmove.o)
 .debug_frame   0x00001aec       0x38 c:/program files (x86)/cypress/psoc creator/4.4/psoc creator/import/gnu/arm/5.4.1/bin/../lib/gcc/arm-none-eabi/5.4.1/../../../../arm-none-eabi/lib/armv7-m\libg_nano.a(lib_a-nano-freer.o)
 .debug_frame   0x00001b24       0x2c c:/program files (x86)/cypress/psoc creator/4.4/psoc creator/import/gnu/arm/5.4.1/bin/../lib/gcc/arm-none-eabi/5.4.1/../../../../arm-none-eabi/lib/armv7-m\libg_nano.a(lib_a-nano-mallocr.o)
 .debug_frame   0x00001b50       0x3c c:/program files (x86)/cypress/psoc creator/4.4/psoc creator/import/gnu/arm/5.4.1/bin/../lib/gcc/arm-none-eabi/5.4.1/../../../../arm-none-eabi/lib/armv7-m\libg_nano.a(lib_a-nano-reallocr.o)
 .debug_frame   0x00001b8c       0x2c c:/program files (x86)/cypress/psoc creator/4.4/psoc creator/import/gnu/arm/5.4.1/bin/../lib/gcc/arm-none-eabi/5.4.1/../../../../arm-none-eabi/lib/armv7-m\libg_nano.a(lib_a-sbrkr.o)
 .debug_frame   0x00001bb8       0x30 c:/program files (x86)/cypress/psoc creator/4.4/psoc creator/import/gnu/arm/5.4.1/bin/../lib/gcc/arm-none-eabi/5.4.1/../../../../arm-none-eabi/lib/armv7-m\libg_nano.a(lib_a-mlock.o)
 .debug_frame   0x00001be8       0x20 c:/program files (x86)/cypress/psoc creator/4.4/psoc creator/import/gnu/arm/5.4.1/bin/../lib/gcc/arm-none-eabi/5.4.1/../../../../arm-none-eabi/lib/armv7-m\libg_nano.a(lib_a-nano-msizer.o)
 .debug_frame   0x00001c08       0x5c c:/program files (x86)/cypress/psoc creator/4.4/psoc creator/import/gnu/arm/5.4.1/bin/../lib/gcc/arm-none-eabi/5.4.1/../../../../arm-none-eabi/lib/armv7-m\libg_nano.a(lib_a-reent.o)

.debug_str      0x00000000     0x1d06
 *(.debug_str)
 .debug_str     0x00000000      0x283 .\CortexM3\ARM_GCC_541\Debug\main.o
                                0x2d7 (size before relaxing)
 .debug_str     0x00000283      0x26f .\CortexM3\ARM_GCC_541\Debug\cyfitter_cfg.o
                                0x40a (size before relaxing)
 .debug_str     0x000004f2       0x7f .\CortexM3\ARM_GCC_541\Debug\cymetadata.o
                                0x1f7 (size before relaxing)
 .debug_str     0x00000571      0x144 .\CortexM3\ARM_GCC_541\Debug\Cm3Start.o
                                0x31d (size before relaxing)
 .debug_str     0x000006b5      0x37e .\CortexM3\ARM_GCC_541\Debug\Termistor.a(ADC.o)
                                0x5cc (size before relaxing)
 .debug_str     0x00000a33       0x45 .\CortexM3\ARM_GCC_541\Debug\Termistor.a(ADC_INT.o)
                                0x1d3 (size before relaxing)
 .debug_str     0x00000a78       0x67 .\CortexM3\ARM_GCC_541\Debug\Termistor.a(AMux_1.o)
                                0x271 (size before relaxing)
 .debug_str     0x00000adf      0x15a .\CortexM3\ARM_GCC_541\Debug\Termistor.a(LCD.o)
                                0x33e (size before relaxing)
 .debug_str     0x00000c39       0x5f .\CortexM3\ARM_GCC_541\Debug\Termistor.a(Termistor.o)
                                0x240 (size before relaxing)
 .debug_str     0x00000c98      0x173 .\CortexM3\ARM_GCC_541\Debug\Termistor.a(ADC_Ext_CP_Clk.o)
                                0x355 (size before relaxing)
 .debug_str     0x00000e0b      0x14f .\CortexM3\ARM_GCC_541\Debug\Termistor.a(ADC_theACLK.o)
                                0x374 (size before relaxing)
 .debug_str     0x00000f5a      0x7e0 .\CortexM3\ARM_GCC_541\Debug\Termistor.a(CyLib.o)
                                0xa5a (size before relaxing)
 .debug_str     0x0000173a      0x365 .\CortexM3\ARM_GCC_541\Debug\Termistor.a(cyPm.o)
                                0x746 (size before relaxing)
 .debug_str     0x00001a9f      0x1bb .\CortexM3\ARM_GCC_541\Debug\Termistor.a(CyFlash.o)
                                0x3d3 (size before relaxing)
 .debug_str     0x00001c5a       0xac .\CortexM3\ARM_GCC_541\Debug\Termistor.a(CySpc.o)
                                0x34b (size before relaxing)

.debug_loc      0x00000000     0x29fc
 *(.debug_loc)
 .debug_loc     0x00000000       0x7d .\CortexM3\ARM_GCC_541\Debug\main.o
 .debug_loc     0x0000007d      0x333 .\CortexM3\ARM_GCC_541\Debug\cyfitter_cfg.o
 .debug_loc     0x000003b0      0x144 .\CortexM3\ARM_GCC_541\Debug\Cm3Start.o
 .debug_loc     0x000004f4      0x681 .\CortexM3\ARM_GCC_541\Debug\Termistor.a(ADC.o)
 .debug_loc     0x00000b75       0xae .\CortexM3\ARM_GCC_541\Debug\Termistor.a(AMux_1.o)
 .debug_loc     0x00000c23      0x3c6 .\CortexM3\ARM_GCC_541\Debug\Termistor.a(LCD.o)
 .debug_loc     0x00000fe9       0xee .\CortexM3\ARM_GCC_541\Debug\Termistor.a(Termistor.o)
 .debug_loc     0x000010d7      0x12c .\CortexM3\ARM_GCC_541\Debug\Termistor.a(ADC_Ext_CP_Clk.o)
 .debug_loc     0x00001203      0x14d .\CortexM3\ARM_GCC_541\Debug\Termistor.a(ADC_theACLK.o)
 .debug_loc     0x00001350      0xa11 .\CortexM3\ARM_GCC_541\Debug\Termistor.a(CyLib.o)
 .debug_loc     0x00001d61      0x1e4 .\CortexM3\ARM_GCC_541\Debug\Termistor.a(cyPm.o)
 .debug_loc     0x00001f45      0x3b2 .\CortexM3\ARM_GCC_541\Debug\Termistor.a(CyFlash.o)
 .debug_loc     0x000022f7      0x705 .\CortexM3\ARM_GCC_541\Debug\Termistor.a(CySpc.o)

.debug_macinfo
 *(.debug_macinfo)

.debug_ranges   0x00000000      0x750
 *(.debug_ranges)
 .debug_ranges  0x00000000       0x10 .\CortexM3\ARM_GCC_541\Debug\main.o
 .debug_ranges  0x00000010       0x68 .\CortexM3\ARM_GCC_541\Debug\cyfitter_cfg.o
 .debug_ranges  0x00000078       0x38 .\CortexM3\ARM_GCC_541\Debug\Cm3Start.o
 .debug_ranges  0x000000b0       0xd8 .\CortexM3\ARM_GCC_541\Debug\Termistor.a(ADC.o)
 .debug_ranges  0x00000188       0x28 .\CortexM3\ARM_GCC_541\Debug\Termistor.a(ADC_INT.o)
 .debug_ranges  0x000001b0       0x30 .\CortexM3\ARM_GCC_541\Debug\Termistor.a(AMux_1.o)
 .debug_ranges  0x000001e0       0x88 .\CortexM3\ARM_GCC_541\Debug\Termistor.a(LCD.o)
 .debug_ranges  0x00000268       0x18 .\CortexM3\ARM_GCC_541\Debug\Termistor.a(Termistor.o)
 .debug_ranges  0x00000280       0x60 .\CortexM3\ARM_GCC_541\Debug\Termistor.a(ADC_Ext_CP_Clk.o)
 .debug_ranges  0x000002e0       0x70 .\CortexM3\ARM_GCC_541\Debug\Termistor.a(ADC_theACLK.o)
 .debug_ranges  0x00000350      0x290 .\CortexM3\ARM_GCC_541\Debug\Termistor.a(CyLib.o)
 .debug_ranges  0x000005e0       0x88 .\CortexM3\ARM_GCC_541\Debug\Termistor.a(cyPm.o)
 .debug_ranges  0x00000668       0x78 .\CortexM3\ARM_GCC_541\Debug\Termistor.a(CyFlash.o)
 .debug_ranges  0x000006e0       0x70 .\CortexM3\ARM_GCC_541\Debug\Termistor.a(CySpc.o)

.comment        0x00000000       0x6e
 .comment       0x00000000       0x6e .\CortexM3\ARM_GCC_541\Debug\main.o
                                 0x6f (size before relaxing)
 .comment       0x0000006e       0x6f .\CortexM3\ARM_GCC_541\Debug\cyfitter_cfg.o
 .comment       0x0000006e       0x6f .\CortexM3\ARM_GCC_541\Debug\cymetadata.o
 .comment       0x0000006e       0x6f .\CortexM3\ARM_GCC_541\Debug\Cm3Start.o
 .comment       0x0000006e       0x6f .\CortexM3\ARM_GCC_541\Debug\Termistor.a(ADC.o)
 .comment       0x0000006e       0x6f .\CortexM3\ARM_GCC_541\Debug\Termistor.a(ADC_INT.o)
 .comment       0x0000006e       0x6f .\CortexM3\ARM_GCC_541\Debug\Termistor.a(AMux_1.o)
 .comment       0x0000006e       0x6f .\CortexM3\ARM_GCC_541\Debug\Termistor.a(LCD.o)
 .comment       0x0000006e       0x6f .\CortexM3\ARM_GCC_541\Debug\Termistor.a(Termistor.o)
 .comment       0x0000006e       0x6f .\CortexM3\ARM_GCC_541\Debug\Termistor.a(ADC_Ext_CP_Clk.o)
 .comment       0x0000006e       0x6f .\CortexM3\ARM_GCC_541\Debug\Termistor.a(ADC_theACLK.o)
 .comment       0x0000006e       0x6f .\CortexM3\ARM_GCC_541\Debug\Termistor.a(CyLib.o)
 .comment       0x0000006e       0x6f .\CortexM3\ARM_GCC_541\Debug\Termistor.a(cyPm.o)
 .comment       0x0000006e       0x6f .\CortexM3\ARM_GCC_541\Debug\Termistor.a(CyFlash.o)
 .comment       0x0000006e       0x6f .\CortexM3\ARM_GCC_541\Debug\Termistor.a(CySpc.o)

.debug_weaknames
 *(.debug_weaknames)

.debug_funcnames
 *(.debug_funcnames)

.debug_typenames
 *(.debug_typenames)

.debug_varnames
 *(.debug_varnames)

.note.gnu.arm.ident
 *(.note.gnu.arm.ident)

.ARM.attributes
                0x00000000       0x29
 *(.ARM.attributes)
 .ARM.attributes
                0x00000000       0x1d c:/program files (x86)/cypress/psoc creator/4.4/psoc creator/import/gnu/arm/5.4.1/bin/../lib/gcc/arm-none-eabi/5.4.1/armv7-m/crti.o
 .ARM.attributes
                0x0000001d       0x2d c:/program files (x86)/cypress/psoc creator/4.4/psoc creator/import/gnu/arm/5.4.1/bin/../lib/gcc/arm-none-eabi/5.4.1/armv7-m/crtbegin.o
 .ARM.attributes
                0x0000004a       0x1b c:/program files (x86)/cypress/psoc creator/4.4/psoc creator/import/gnu/arm/5.4.1/bin/../lib/gcc/arm-none-eabi/5.4.1/../../../../arm-none-eabi/lib/armv7-m/crt0.o
 .ARM.attributes
                0x00000065       0x33 .\CortexM3\ARM_GCC_541\Debug\main.o
 .ARM.attributes
                0x00000098       0x33 .\CortexM3\ARM_GCC_541\Debug\cyfitter_cfg.o
 .ARM.attributes
                0x000000cb       0x33 .\CortexM3\ARM_GCC_541\Debug\cymetadata.o
 .ARM.attributes
                0x000000fe       0x33 .\CortexM3\ARM_GCC_541\Debug\Cm3Start.o
 .ARM.attributes
                0x00000131       0x33 .\CortexM3\ARM_GCC_541\Debug\Termistor.a(ADC.o)
 .ARM.attributes
                0x00000164       0x33 .\CortexM3\ARM_GCC_541\Debug\Termistor.a(ADC_INT.o)
 .ARM.attributes
                0x00000197       0x33 .\CortexM3\ARM_GCC_541\Debug\Termistor.a(AMux_1.o)
 .ARM.attributes
                0x000001ca       0x33 .\CortexM3\ARM_GCC_541\Debug\Termistor.a(LCD.o)
 .ARM.attributes
                0x000001fd       0x33 .\CortexM3\ARM_GCC_541\Debug\Termistor.a(Termistor.o)
 .ARM.attributes
                0x00000230       0x33 .\CortexM3\ARM_GCC_541\Debug\Termistor.a(ADC_Ext_CP_Clk.o)
 .ARM.attributes
                0x00000263       0x33 .\CortexM3\ARM_GCC_541\Debug\Termistor.a(ADC_theACLK.o)
 .ARM.attributes
                0x00000296       0x33 .\CortexM3\ARM_GCC_541\Debug\Termistor.a(CyLib.o)
 .ARM.attributes
                0x000002c9       0x33 .\CortexM3\ARM_GCC_541\Debug\Termistor.a(cyPm.o)
 .ARM.attributes
                0x000002fc       0x21 .\CortexM3\ARM_GCC_541\Debug\Termistor.a(CyBootAsmGnu.o)
 .ARM.attributes
                0x0000031d       0x33 .\CortexM3\ARM_GCC_541\Debug\Termistor.a(CyFlash.o)
 .ARM.attributes
                0x00000350       0x33 .\CortexM3\ARM_GCC_541\Debug\Termistor.a(CySpc.o)
 .ARM.attributes
                0x00000383       0x2d c:/program files (x86)/cypress/psoc creator/4.4/psoc creator/import/gnu/arm/5.4.1/bin/../lib/gcc/arm-none-eabi/5.4.1/../../../../arm-none-eabi/lib/armv7-m\libm.a(lib_a-w_log.o)
 .ARM.attributes
                0x000003b0       0x2d c:/program files (x86)/cypress/psoc creator/4.4/psoc creator/import/gnu/arm/5.4.1/bin/../lib/gcc/arm-none-eabi/5.4.1/../../../../arm-none-eabi/lib/armv7-m\libm.a(lib_a-w_pow.o)
 .ARM.attributes
                0x000003dd       0x2d c:/program files (x86)/cypress/psoc creator/4.4/psoc creator/import/gnu/arm/5.4.1/bin/../lib/gcc/arm-none-eabi/5.4.1/../../../../arm-none-eabi/lib/armv7-m\libm.a(lib_a-e_log.o)
 .ARM.attributes
                0x0000040a       0x2d c:/program files (x86)/cypress/psoc creator/4.4/psoc creator/import/gnu/arm/5.4.1/bin/../lib/gcc/arm-none-eabi/5.4.1/../../../../arm-none-eabi/lib/armv7-m\libm.a(lib_a-e_pow.o)
 .ARM.attributes
                0x00000437       0x2d c:/program files (x86)/cypress/psoc creator/4.4/psoc creator/import/gnu/arm/5.4.1/bin/../lib/gcc/arm-none-eabi/5.4.1/../../../../arm-none-eabi/lib/armv7-m\libm.a(lib_a-e_sqrt.o)
 .ARM.attributes
                0x00000464       0x2d c:/program files (x86)/cypress/psoc creator/4.4/psoc creator/import/gnu/arm/5.4.1/bin/../lib/gcc/arm-none-eabi/5.4.1/../../../../arm-none-eabi/lib/armv7-m\libm.a(lib_a-s_fabs.o)
 .ARM.attributes
                0x00000491       0x2d c:/program files (x86)/cypress/psoc creator/4.4/psoc creator/import/gnu/arm/5.4.1/bin/../lib/gcc/arm-none-eabi/5.4.1/../../../../arm-none-eabi/lib/armv7-m\libm.a(lib_a-s_finite.o)
 .ARM.attributes
                0x000004be       0x2d c:/program files (x86)/cypress/psoc creator/4.4/psoc creator/import/gnu/arm/5.4.1/bin/../lib/gcc/arm-none-eabi/5.4.1/../../../../arm-none-eabi/lib/armv7-m\libm.a(lib_a-s_lib_ver.o)
 .ARM.attributes
                0x000004eb       0x2d c:/program files (x86)/cypress/psoc creator/4.4/psoc creator/import/gnu/arm/5.4.1/bin/../lib/gcc/arm-none-eabi/5.4.1/../../../../arm-none-eabi/lib/armv7-m\libm.a(lib_a-s_matherr.o)
 .ARM.attributes
                0x00000518       0x2d c:/program files (x86)/cypress/psoc creator/4.4/psoc creator/import/gnu/arm/5.4.1/bin/../lib/gcc/arm-none-eabi/5.4.1/../../../../arm-none-eabi/lib/armv7-m\libm.a(lib_a-s_nan.o)
 .ARM.attributes
                0x00000545       0x2d c:/program files (x86)/cypress/psoc creator/4.4/psoc creator/import/gnu/arm/5.4.1/bin/../lib/gcc/arm-none-eabi/5.4.1/../../../../arm-none-eabi/lib/armv7-m\libm.a(lib_a-s_rint.o)
 .ARM.attributes
                0x00000572       0x2d c:/program files (x86)/cypress/psoc creator/4.4/psoc creator/import/gnu/arm/5.4.1/bin/../lib/gcc/arm-none-eabi/5.4.1/../../../../arm-none-eabi/lib/armv7-m\libm.a(lib_a-s_scalbn.o)
 .ARM.attributes
                0x0000059f       0x2d c:/program files (x86)/cypress/psoc creator/4.4/psoc creator/import/gnu/arm/5.4.1/bin/../lib/gcc/arm-none-eabi/5.4.1/../../../../arm-none-eabi/lib/armv7-m\libm.a(lib_a-s_copysign.o)
 .ARM.attributes
                0x000005cc       0x1d c:/program files (x86)/cypress/psoc creator/4.4/psoc creator/import/gnu/arm/5.4.1/bin/../lib/gcc/arm-none-eabi/5.4.1/armv7-m\libgcc.a(_arm_addsubdf3.o)
 .ARM.attributes
                0x000005e9       0x1d c:/program files (x86)/cypress/psoc creator/4.4/psoc creator/import/gnu/arm/5.4.1/bin/../lib/gcc/arm-none-eabi/5.4.1/armv7-m\libgcc.a(_arm_muldivdf3.o)
 .ARM.attributes
                0x00000606       0x1d c:/program files (x86)/cypress/psoc creator/4.4/psoc creator/import/gnu/arm/5.4.1/bin/../lib/gcc/arm-none-eabi/5.4.1/armv7-m\libgcc.a(_arm_cmpdf2.o)
 .ARM.attributes
                0x00000623       0x1d c:/program files (x86)/cypress/psoc creator/4.4/psoc creator/import/gnu/arm/5.4.1/bin/../lib/gcc/arm-none-eabi/5.4.1/armv7-m\libgcc.a(_arm_unorddf2.o)
 .ARM.attributes
                0x00000640       0x1d c:/program files (x86)/cypress/psoc creator/4.4/psoc creator/import/gnu/arm/5.4.1/bin/../lib/gcc/arm-none-eabi/5.4.1/armv7-m\libgcc.a(_arm_truncdfsf2.o)
 .ARM.attributes
                0x0000065d       0x1d c:/program files (x86)/cypress/psoc creator/4.4/psoc creator/import/gnu/arm/5.4.1/bin/../lib/gcc/arm-none-eabi/5.4.1/armv7-m\libgcc.a(_arm_addsubsf3.o)
 .ARM.attributes
                0x0000067a       0x1d c:/program files (x86)/cypress/psoc creator/4.4/psoc creator/import/gnu/arm/5.4.1/bin/../lib/gcc/arm-none-eabi/5.4.1/armv7-m\libgcc.a(_arm_muldivsf3.o)
 .ARM.attributes
                0x00000697       0x1d c:/program files (x86)/cypress/psoc creator/4.4/psoc creator/import/gnu/arm/5.4.1/bin/../lib/gcc/arm-none-eabi/5.4.1/armv7-m\libgcc.a(_arm_fixsfsi.o)
 .ARM.attributes
                0x000006b4       0x1d c:/program files (x86)/cypress/psoc creator/4.4/psoc creator/import/gnu/arm/5.4.1/bin/../lib/gcc/arm-none-eabi/5.4.1/armv7-m\libgcc.a(_arm_fixunssfsi.o)
 .ARM.attributes
                0x000006d1       0x2d c:/program files (x86)/cypress/psoc creator/4.4/psoc creator/import/gnu/arm/5.4.1/bin/../lib/gcc/arm-none-eabi/5.4.1/../../../../arm-none-eabi/lib/armv7-m\libg_nano.a(lib_a-errno.o)
 .ARM.attributes
                0x000006fe       0x2d c:/program files (x86)/cypress/psoc creator/4.4/psoc creator/import/gnu/arm/5.4.1/bin/../lib/gcc/arm-none-eabi/5.4.1/../../../../arm-none-eabi/lib/armv7-m\libg_nano.a(lib_a-exit.o)
 .ARM.attributes
                0x0000072b       0x2d c:/program files (x86)/cypress/psoc creator/4.4/psoc creator/import/gnu/arm/5.4.1/bin/../lib/gcc/arm-none-eabi/5.4.1/../../../../arm-none-eabi/lib/armv7-m\libg_nano.a(lib_a-impure.o)
 .ARM.attributes
                0x00000758       0x2d c:/program files (x86)/cypress/psoc creator/4.4/psoc creator/import/gnu/arm/5.4.1/bin/../lib/gcc/arm-none-eabi/5.4.1/../../../../arm-none-eabi/lib/armv7-m\libg_nano.a(lib_a-init.o)
 .ARM.attributes
                0x00000785       0x2d c:/program files (x86)/cypress/psoc creator/4.4/psoc creator/import/gnu/arm/5.4.1/bin/../lib/gcc/arm-none-eabi/5.4.1/../../../../arm-none-eabi/lib/armv7-m\libg_nano.a(lib_a-memcpy-stub.o)
 .ARM.attributes
                0x000007b2       0x2d c:/program files (x86)/cypress/psoc creator/4.4/psoc creator/import/gnu/arm/5.4.1/bin/../lib/gcc/arm-none-eabi/5.4.1/../../../../arm-none-eabi/lib/armv7-m\libg_nano.a(lib_a-memset.o)
 .ARM.attributes
                0x000007df       0x2d c:/program files (x86)/cypress/psoc creator/4.4/psoc creator/import/gnu/arm/5.4.1/bin/../lib/gcc/arm-none-eabi/5.4.1/../../../../arm-none-eabi/lib/armv7-m\libg_nano.a(lib_a-sprintf.o)
 .ARM.attributes
                0x0000080c       0x2d c:/program files (x86)/cypress/psoc creator/4.4/psoc creator/import/gnu/arm/5.4.1/bin/../lib/gcc/arm-none-eabi/5.4.1/../../../../arm-none-eabi/lib/armv7-m\libg_nano.a(lib_a-nano-svfprintf.o)
 .ARM.attributes
                0x00000839       0x2d c:/program files (x86)/cypress/psoc creator/4.4/psoc creator/import/gnu/arm/5.4.1/bin/../lib/gcc/arm-none-eabi/5.4.1/../../../../arm-none-eabi/lib/armv7-m\libg_nano.a(lib_a-nano-vfprintf_i.o)
 .ARM.attributes
                0x00000866       0x2d c:/program files (x86)/cypress/psoc creator/4.4/psoc creator/import/gnu/arm/5.4.1/bin/../lib/gcc/arm-none-eabi/5.4.1/../../../../arm-none-eabi/lib/armv7-m\libg_nano.a(lib_a-memchr-stub.o)
 .ARM.attributes
                0x00000893       0x2d c:/program files (x86)/cypress/psoc creator/4.4/psoc creator/import/gnu/arm/5.4.1/bin/../lib/gcc/arm-none-eabi/5.4.1/../../../../arm-none-eabi/lib/armv7-m\libg_nano.a(lib_a-memmove.o)
 .ARM.attributes
                0x000008c0       0x2d c:/program files (x86)/cypress/psoc creator/4.4/psoc creator/import/gnu/arm/5.4.1/bin/../lib/gcc/arm-none-eabi/5.4.1/../../../../arm-none-eabi/lib/armv7-m\libg_nano.a(lib_a-nano-freer.o)
 .ARM.attributes
                0x000008ed       0x2d c:/program files (x86)/cypress/psoc creator/4.4/psoc creator/import/gnu/arm/5.4.1/bin/../lib/gcc/arm-none-eabi/5.4.1/../../../../arm-none-eabi/lib/armv7-m\libg_nano.a(lib_a-nano-mallocr.o)
 .ARM.attributes
                0x0000091a       0x2d c:/program files (x86)/cypress/psoc creator/4.4/psoc creator/import/gnu/arm/5.4.1/bin/../lib/gcc/arm-none-eabi/5.4.1/../../../../arm-none-eabi/lib/armv7-m\libg_nano.a(lib_a-nano-reallocr.o)
 .ARM.attributes
                0x00000947       0x2d c:/program files (x86)/cypress/psoc creator/4.4/psoc creator/import/gnu/arm/5.4.1/bin/../lib/gcc/arm-none-eabi/5.4.1/../../../../arm-none-eabi/lib/armv7-m\libg_nano.a(lib_a-sbrkr.o)
 .ARM.attributes
                0x00000974       0x2d c:/program files (x86)/cypress/psoc creator/4.4/psoc creator/import/gnu/arm/5.4.1/bin/../lib/gcc/arm-none-eabi/5.4.1/../../../../arm-none-eabi/lib/armv7-m\libg_nano.a(lib_a-mlock.o)
 .ARM.attributes
                0x000009a1       0x2d c:/program files (x86)/cypress/psoc creator/4.4/psoc creator/import/gnu/arm/5.4.1/bin/../lib/gcc/arm-none-eabi/5.4.1/../../../../arm-none-eabi/lib/armv7-m\libg_nano.a(lib_a-nano-msizer.o)
 .ARM.attributes
                0x000009ce       0x2d c:/program files (x86)/cypress/psoc creator/4.4/psoc creator/import/gnu/arm/5.4.1/bin/../lib/gcc/arm-none-eabi/5.4.1/../../../../arm-none-eabi/lib/armv7-m\libg_nano.a(lib_a-reent.o)
 .ARM.attributes
                0x000009fb       0x2d c:/program files (x86)/cypress/psoc creator/4.4/psoc creator/import/gnu/arm/5.4.1/bin/../lib/gcc/arm-none-eabi/5.4.1/armv7-m/crtend.o
 .ARM.attributes
                0x00000a28       0x1d c:/program files (x86)/cypress/psoc creator/4.4/psoc creator/import/gnu/arm/5.4.1/bin/../lib/gcc/arm-none-eabi/5.4.1/armv7-m/crtn.o

/DISCARD/
 *(.note.GNU-stack)
OUTPUT(D:\GitHub\Alumnos\Sensores-actuadores\Clase_4_Trasmisores\1_Termopar\Termistor.cydsn\CortexM3\ARM_GCC_541\Debug\Termistor.elf elf32-littlearm)
